对比 100 阵 × ['merge3', 'Auto'] + Ocean + HSMU → compare/method_cmp_20260723_124350/methods_cmp.csv

[1/100] 1138_bus       n=1138     Auto→merge3 m3=  0.111 Auto=   0.11 Ocean=  0.221 HSMU=  0.304 (3.3s)
[2/100] 494_bus        n=494      Auto→merge3 m3=  0.109 Auto=  0.089 Ocean=  0.204 HSMU=  0.287 (3.2s)
[3/100] 662_bus        n=662      Auto→merge3 m3=  0.113 Auto=  0.093 Ocean=  0.242 HSMU=  0.307 (3.1s)
[4/100] 685_bus        n=685      Auto→merge3 m3=  0.121 Auto=  0.109 Ocean=  0.219 HSMU=  0.302 (3.2s)
[5/100] arc130         n=130      Auto→merge3 m3=  0.165 Auto=  0.153 Ocean=  0.374 HSMU=  0.413 (3.2s)
[6/100] ash292         n=292      Auto→merge3 m3=  0.103 Auto=  0.118 Ocean=   0.22 HSMU=  0.302 (3.1s)
[7/100] ash85          n=85       Auto→merge3 m3=  0.092 Auto=  0.106 Ocean=  0.209 HSMU=  0.299 (3.1s)
[8/100] bcspwr01       n=39       Auto→merge3 m3=  0.085 Auto=   0.08 Ocean=  0.194 HSMU=  0.287 (3.2s)
[9/100] bcspwr02       n=49       Auto→merge3 m3=  0.087 Auto=  0.096 Ocean=  0.201 HSMU=  0.292 (3.2s)
[10/100] bcspwr03       n=118      Auto→merge3 m3=  0.103 Auto=  0.091 Ocean=  0.214 HSMU=  0.294 (3.1s)
[11/100] bcspwr04       n=274      Auto→merge3 m3=  0.102 Auto=  0.117 Ocean=  0.208 HSMU=  0.298 (3.2s)
[12/100] bcspwr05       n=443      Auto→merge3 m3=  0.087 Auto=  0.089 Ocean=  0.219 HSMU=  0.311 (3.2s)
[13/100] bcspwr06       n=1454     Auto→merge3 m3=  0.124 Auto=  0.124 Ocean=  0.218 HSMU=  0.308 (3.2s)
[14/100] bcspwr07       n=1612     Auto→merge3 m3=  0.127 Auto=  0.143 Ocean=  0.223 HSMU=  0.315 (3.1s)
[15/100] bcspwr08       n=1624     Auto→merge3 m3=  0.131 Auto=   0.14 Ocean=  0.219 HSMU=  0.307 (3.1s)
[16/100] bcspwr09       n=1723     Auto→merge3 m3=  0.109 Auto=  0.112 Ocean=  0.227 HSMU=  0.318 (3.2s)
[17/100] bcspwr10       n=5300     Auto→merge3 m3=  0.158 Auto=  0.146 Ocean=  0.234 HSMU=  0.959 (3.1s)
[18/100] bcsstk01       n=48       Auto→merge3 m3=  0.088 Auto=  0.111 Ocean=  0.296 HSMU=  0.287 (3.1s)
[19/100] bcsstk02       n=66       Auto→merge3 m3=  0.107 Auto=  0.111 Ocean=   0.81 HSMU=  0.686 (3.1s)
[20/100] bcsstk03       n=112      Auto→merge3 m3=  0.085 Auto=  0.081 Ocean=   0.16 HSMU=  0.282 (3.2s)
[21/100] bcsstk04       n=132      Auto→merge3 m3=  0.142 Auto=  0.127 Ocean=  0.464 HSMU=  0.376 (3.2s)
[22/100] bcsstk05       n=153      Auto→merge3 m3=  0.121 Auto=  0.111 Ocean=  0.346 HSMU=  0.344 (3.2s)
[23/100] bcsstk06       n=420      Auto→merge3 m3=  0.132 Auto=  0.137 Ocean=  0.341 HSMU=  0.355 (3.2s)
[24/100] bcsstk07       n=420      Auto→merge3 m3=  0.129 Auto=  0.131 Ocean=  0.347 HSMU=  0.335 (3.2s)
[25/100] bcsstk08       n=1074     Auto→hash   m3=  0.912 Auto=  0.517 Ocean=  0.428 HSMU=    0.8 (3.2s)
[26/100] bcsstk09       n=1083     Auto→merge3 m3=  0.156 Auto=  0.177 Ocean=  0.343 HSMU=  0.374 (3.2s)
[27/100] bcsstk10       n=1086     Auto→merge3 m3=  0.162 Auto=  0.164 Ocean=  0.455 HSMU=  0.345 (3.2s)
[28/100] bcsstk11       n=1473     Auto→merge3 m3=  0.181 Auto=  0.187 Ocean=  0.543 HSMU=  0.531 (3.2s)
[29/100] bcsstk12       n=1473     Auto→merge3 m3=  0.184 Auto=  0.186 Ocean=  0.538 HSMU=  0.528 (3.2s)
[30/100] bcsstk13       n=2003     Auto→merge3 m3=  0.755 Auto=  0.776 Ocean=  0.656 HSMU=  0.885 (3.3s)
[31/100] bcsstk14       n=1806     Auto→merge3 m3=  0.342 Auto=  0.645 Ocean=  0.549 HSMU=  0.526 (3.2s)
[32/100] bcsstk15       n=3948     Auto→merge3 m3=  0.504 Auto=  0.502 Ocean=   0.41 HSMU=  0.685 (3.4s)
[33/100] bcsstk16       n=4884     Auto→merge3 m3=  1.556 Auto=  1.544 Ocean=  0.824 HSMU=  1.424 (3.5s)
[34/100] bcsstk17       n=10974    Auto→hash   m3=  1.541 Auto=   0.56 Ocean=  0.689 HSMU=  1.743 (3.7s)
[35/100] bcsstk18       n=11948    Auto→hash   m3=  0.606 Auto=  0.428 Ocean=  0.454 HSMU=  1.279 (3.4s)
[36/100] bcsstk19       n=817      Auto→merge3 m3=  0.102 Auto=  0.094 Ocean=   0.31 HSMU=  0.309 (3.1s)
[37/100] bcsstk20       n=485      Auto→merge3 m3=  0.096 Auto=  0.097 Ocean=  0.217 HSMU=  0.328 (3.2s)
[38/100] bcsstk21       n=3600     Auto→merge3 m3=  0.155 Auto=  0.152 Ocean=  0.217 HSMU=  0.419 (3.3s)
[39/100] bcsstk22       n=138      Auto→merge3 m3=  0.091 Auto=  0.107 Ocean=  0.205 HSMU=  0.303 (3.3s)
[40/100] bcsstk23       n=3134     Auto→merge3 m3=  0.249 Auto=  0.271 Ocean=  0.371 HSMU=  0.523 (3.2s)
[41/100] bcsstk24       n=3562     Auto→merge3 m3=  0.534 Auto=  0.533 Ocean=  0.584 HSMU=  0.939 (3.5s)
[42/100] bcsstk25       n=15439    Auto→hash   m3=   0.93 Auto=  0.512 Ocean=  0.505 HSMU=  1.461 (3.6s)
[43/100] bcsstk26       n=1922     Auto→merge3 m3=  0.168 Auto=  0.171 Ocean=  0.384 HSMU=  0.494 (3.3s)
[44/100] bcsstk27       n=1224     Auto→merge3 m3=  0.338 Auto=  0.352 Ocean=  0.441 HSMU=  0.671 (3.3s)
[45/100] bcsstk28       n=4410     Auto→merge3 m3=  0.811 Auto=  0.813 Ocean=  0.692 HSMU=  1.374 (3.4s)
[46/100] bcsstk29       n=13992    Auto→hash   m3=  1.749 Auto=   0.69 Ocean=  0.921 HSMU=   1.72 (3.6s)
[47/100] bcsstk30       n=28924    Auto→hash   m3= 15.697 Auto=  2.524 Ocean=  2.356 HSMU=  4.757 (4.8s)
[48/100] bcsstk31       n=35588    Auto→hash   m3=  4.109 Auto=  1.175 Ocean=  1.294 HSMU=  2.779 (4.1s)
[49/100] bcsstk32       n=44609    Auto→hash   m3=  6.856 Auto=   1.74 Ocean=  1.791 HSMU=  3.788 (4.7s)
[50/100] bcsstk33       n=8738     Auto→hash   m3=  3.662 Auto=  0.829 Ocean=  1.571 HSMU=  1.959 (3.7s)
[51/100] bcsstm01       n=48       Auto→merge3 m3=  0.076 Auto=  0.182 Ocean=  0.154 HSMU=  0.283 (3.2s)
[52/100] bcsstm02       n=66       Auto→merge3 m3=  0.102 Auto=  0.079 Ocean=  0.172 HSMU=  0.297 (3.2s)
[53/100] bcsstm03       n=112      Auto→merge3 m3=  0.085 Auto=  0.076 Ocean=  0.137 HSMU=  0.278 (3.2s)
[54/100] bcsstm04       n=132      Auto→merge3 m3=  0.082 Auto=  0.071 Ocean=  0.157 HSMU=  0.265 (3.1s)
[55/100] bcsstm05       n=153      Auto→merge3 m3=  0.104 Auto=  0.075 Ocean=  0.176 HSMU=  0.275 (3.2s)
[56/100] bcsstm06       n=420      Auto→merge3 m3=  0.081 Auto=  0.092 Ocean=  0.172 HSMU=  0.294 (3.2s)
[57/100] bcsstm07       n=420      Auto→merge3 m3=  0.127 Auto=  0.145 Ocean=  0.343 HSMU=  0.347 (3.2s)
[58/100] bcsstm08       n=1074     Auto→merge3 m3=  0.086 Auto=  0.092 Ocean=  0.175 HSMU=  0.299 (3.1s)
[59/100] bcsstm09       n=1083     Auto→merge3 m3=  0.085 Auto=  0.086 Ocean=  0.178 HSMU=  0.296 (3.2s)
[60/100] bcsstm10       n=1086     Auto→merge3 m3=  0.164 Auto=  0.165 Ocean=  0.534 HSMU=  0.357 (3.3s)
[61/100] bcsstm11       n=1473     Auto→merge3 m3=  0.084 Auto=  0.083 Ocean=  0.174 HSMU=  0.293 (3.2s)
[62/100] bcsstm12       n=1473     Auto→merge3 m3=   0.15 Auto=  0.143 Ocean=  0.336 HSMU=  0.273 (3.3s)
[63/100] bcsstm13       n=2003     Auto→merge3 m3=  0.334 Auto=   0.33 Ocean=  0.447 HSMU=  0.558 (3.2s)
[64/100] bcsstm19       n=817      Auto→merge3 m3=   0.09 Auto=  0.105 Ocean=  0.172 HSMU=  0.294 (3.2s)
[65/100] bcsstm20       n=485      Auto→merge3 m3=  0.103 Auto=  0.118 Ocean=  0.177 HSMU=  0.287 (3.2s)
[66/100] bcsstm21       n=3600     Auto→merge3 m3=    0.1 Auto=  0.103 Ocean=  0.179 HSMU=  0.458 (3.2s)
[67/100] bcsstm22       n=138      Auto→merge3 m3=  0.087 Auto=  0.076 Ocean=  0.171 HSMU=  0.276 (3.2s)
[68/100] bcsstm23       n=3134     Auto→merge3 m3=  0.105 Auto=  0.097 Ocean=  0.193 HSMU=   0.47 (3.2s)
[69/100] bcsstm24       n=3562     Auto→merge3 m3=  0.099 Auto=  0.119 Ocean=  0.351 HSMU=  0.463 (3.2s)
[70/100] bcsstm25       n=15439    Auto→hash   m3=  0.189 Auto=  0.313 Ocean=  0.188 HSMU=  0.494 (3.3s)
[71/100] bcsstm26       n=1922     Auto→merge3 m3=   0.09 Auto=   0.09 Ocean=  0.178 HSMU=  0.322 (3.2s)
[72/100] bcsstm27       n=1224     Auto→merge3 m3=  0.345 Auto=  0.346 Ocean=  0.547 HSMU=   0.66 (3.3s)
[73/100] blckhole       n=2132     Auto→merge3 m3=  0.153 Auto=  0.155 Ocean=  0.227 HSMU=  0.524 (3.2s)
[74/100] bp_0           n=822      Auto→hash   m3=  0.542 Auto=  0.373 Ocean=  0.235 HSMU=  0.445 (3.2s)
[75/100] bp_1000        n=822      Auto→hash   m3=  0.626 Auto=   0.35 Ocean=  0.245 HSMU=  0.449 (3.2s)
[76/100] bp_1200        n=822      Auto→hash   m3=  0.608 Auto=  0.373 Ocean=  0.245 HSMU=  0.472 (3.2s)
[77/100] bp_1400        n=822      Auto→hash   m3=  0.594 Auto=  0.373 Ocean=  0.262 HSMU=  0.482 (3.1s)
[78/100] bp_1600        n=822      Auto→hash   m3=  0.592 Auto=  0.369 Ocean=  0.266 HSMU=  0.476 (3.1s)
[79/100] bp_200         n=822      Auto→hash   m3=  0.567 Auto=  0.305 Ocean=  0.253 HSMU=  0.476 (3.2s)
[80/100] bp_400         n=822      Auto→hash   m3=  0.618 Auto=  0.335 Ocean=   0.26 HSMU=  0.464 (3.2s)
[81/100] bp_600         n=822      Auto→hash   m3=  0.627 Auto=  0.335 Ocean=   0.24 HSMU=  0.484 (3.2s)
[82/100] bp_800         n=822      Auto→hash   m3=  0.632 Auto=  0.333 Ocean=  0.261 HSMU=   0.47 (3.2s)
[83/100] can_1054       n=1054     Auto→merge3 m3=  0.156 Auto=  0.164 Ocean=   0.34 HSMU=  0.331 (3.2s)
[84/100] can_1072       n=1072     Auto→merge3 m3=  0.162 Auto=  0.167 Ocean=  0.374 HSMU=  0.342 (3.1s)
[85/100] can_144        n=144      Auto→merge3 m3=    0.1 Auto=  0.091 Ocean=  0.322 HSMU=  0.302 (3.2s)
[86/100] can_161        n=161      Auto→merge3 m3=  0.104 Auto=  0.124 Ocean=  0.331 HSMU=  0.302 (3.2s)
[87/100] can_187        n=187      Auto→merge3 m3=   0.09 Auto=  0.091 Ocean=  0.291 HSMU=   0.32 (3.2s)
[88/100] can_229        n=229      Auto→merge3 m3=  0.125 Auto=  0.137 Ocean=  0.323 HSMU=  0.321 (3.2s)
[89/100] can_24         n=24       Auto→merge3 m3=   0.08 Auto=  0.082 Ocean=  0.197 HSMU=  0.285 (3.1s)
[90/100] can_256        n=256      Auto→merge3 m3=   0.19 Auto=  0.172 Ocean=  0.346 HSMU=  0.353 (3.1s)
[91/100] can_268        n=268      Auto→merge3 m3=  0.131 Auto=  0.132 Ocean=  0.307 HSMU=  0.311 (3.2s)
[92/100] can_292        n=292      Auto→merge3 m3=  0.123 Auto=  0.115 Ocean=  0.315 HSMU=  0.313 (3.2s)
[93/100] can_445        n=445      Auto→merge3 m3=  0.107 Auto=    0.1 Ocean=  0.331 HSMU=  0.311 (3.2s)
[94/100] can_61         n=61       Auto→merge3 m3=  0.091 Auto=  0.108 Ocean=  0.329 HSMU=  0.336 (3.2s)
[95/100] can_62         n=62       Auto→merge3 m3=    0.1 Auto=  0.119 Ocean=  0.191 HSMU=   0.22 (3.2s)
[96/100] can_634        n=634      Auto→merge3 m3=   0.13 Auto=  0.127 Ocean=  0.329 HSMU=  0.326 (3.2s)
[97/100] can_715        n=715      Auto→merge3 m3=  0.344 Auto=  0.346 Ocean=  0.377 HSMU=   0.37 (3.2s)
[98/100] can_73         n=73       Auto→merge3 m3=  0.092 Auto=  0.088 Ocean=  0.196 HSMU=  0.299 (3.2s)
[99/100] can_838        n=838      Auto→merge3 m3=  0.136 Auto=  0.125 Ocean=   0.33 HSMU=  0.319 (3.2s)
[100/100] can_96         n=96       Auto→merge3 m3=  0.102 Auto=  0.086 Ocean=  0.295 HSMU=  0.286 (3.2s)

完成 → compare/method_cmp_20260723_124350/methods_cmp.csv

=== 几何均值(ms) ===
  merge3      0.202
  Auto        0.179
  Ocean       0.311
  HSMU        0.441

=== Auto 选择(共 100 阵)===  hash 19 / merge3 81
  选 hash 的:bcsstk08, bcsstk17, bcsstk18, bcsstk25, bcsstk29, bcsstk30, bcsstk31, bcsstk32, bcsstk33, bcsstm25, bp_0, bp_1000, bp_1200, bp_1400, bp_1600, bp_200, bp_400, bp_600, bp_800
