对比 100 阵 × ['merge3', 'Auto'] + Ocean + HSMU → compare/method_cmp_20260725_183718/methods_cmp.csv

[1/100] 1138_bus       n=1138     Auto→merge3 m3=   0.15 Auto=  0.159 Ocean=  0.208 HSMU=  0.243 opSp=  0.876 (4.0s)
[2/100] 494_bus        n=494      Auto→merge3 m3=  0.123 Auto=  0.138 Ocean=  0.175 HSMU=   0.29 opSp=  0.763 (3.9s)
[3/100] 662_bus        n=662      Auto→merge3 m3=  0.141 Auto=  0.129 Ocean=   0.22 HSMU=  0.306 opSp=  0.585 (3.8s)
[4/100] 685_bus        n=685      Auto→merge3 m3=  0.136 Auto=  0.134 Ocean=  0.211 HSMU=  0.309 opSp=  0.586 (3.9s)
[5/100] arc130         n=130      Auto→hash   m3=  0.158 Auto=  0.233 Ocean=  0.341 HSMU=  0.405 opSp=  0.775 (3.9s)
[6/100] ash292         n=292      Auto→merge3 m3=  0.129 Auto=  0.138 Ocean=  0.219 HSMU=  0.323 opSp=   0.63 (3.9s)
[7/100] ash85          n=85       Auto→merge3 m3=  0.142 Auto=  0.119 Ocean=  0.197 HSMU=  0.289 opSp=  0.704 (3.9s)
[8/100] bcspwr01       n=39       Auto→merge3 m3=  0.106 Auto=  0.113 Ocean=  0.235 HSMU=  0.286 opSp=  0.539 (3.9s)
[9/100] bcspwr02       n=49       Auto→merge3 m3=  0.249 Auto=  0.105 Ocean=  0.162 HSMU=  0.277 opSp=  0.752 (3.8s)
[10/100] bcspwr03       n=118      Auto→merge3 m3=  0.119 Auto=  0.121 Ocean=  0.211 HSMU=  0.219 opSp=  0.704 (3.8s)
[11/100] bcspwr04       n=274      Auto→merge3 m3=  0.123 Auto=  0.126 Ocean=  0.219 HSMU=  0.304 opSp=  0.602 (3.8s)
[12/100] bcspwr05       n=443      Auto→merge3 m3=  0.129 Auto=  0.128 Ocean=  0.217 HSMU=  0.388 opSp=  0.715 (3.8s)
[13/100] bcspwr06       n=1454     Auto→merge3 m3=  0.149 Auto=  0.165 Ocean=  0.205 HSMU=  0.306 opSp=  0.624 (3.9s)
[14/100] bcspwr07       n=1612     Auto→merge3 m3=  0.152 Auto=   0.16 Ocean=  0.211 HSMU=  0.314 opSp=  0.713 (3.8s)
[15/100] bcspwr08       n=1624     Auto→merge3 m3=  0.155 Auto=  0.152 Ocean=  0.183 HSMU=   0.24 opSp=  0.744 (3.9s)
[16/100] bcspwr09       n=1723     Auto→merge3 m3=  0.134 Auto=  0.143 Ocean=  0.212 HSMU=  0.307 opSp=  0.777 (3.9s)
[17/100] bcspwr10       n=5300     Auto→merge3 m3=  0.197 Auto=  0.187 Ocean=  0.234 HSMU=   0.95 opSp=  0.618 (3.9s)
[18/100] bcsstk01       n=48       Auto→merge3 m3=  0.124 Auto=  0.117 Ocean=  0.316 HSMU=  0.293 opSp=  0.564 (3.9s)
[19/100] bcsstk02       n=66       Auto→hash   m3=   0.14 Auto=  0.266 Ocean=  0.854 HSMU=  0.682 opSp=  0.628 (3.9s)
[20/100] bcsstk03       n=112      Auto→merge3 m3=  0.128 Auto=  0.122 Ocean=   0.18 HSMU=  0.298 opSp=  0.583 (3.8s)
[21/100] bcsstk04       n=132      Auto→merge3 m3=  0.157 Auto=  0.152 Ocean=  0.515 HSMU=  0.374 opSp=  0.796 (3.9s)
[22/100] bcsstk05       n=153      Auto→merge3 m3=  0.147 Auto=  0.129 Ocean=  0.344 HSMU=  0.349 opSp=  0.754 (3.9s)
[23/100] bcsstk06       n=420      Auto→merge3 m3=  0.146 Auto=  0.143 Ocean=  0.344 HSMU=  0.344 opSp=  0.596 (3.9s)
[24/100] bcsstk07       n=420      Auto→merge3 m3=  0.146 Auto=   0.17 Ocean=  0.314 HSMU=  0.389 opSp=  0.767 (4.0s)
[25/100] bcsstk08       n=1074     Auto→hash   m3=  0.852 Auto=  0.548 Ocean=  0.391 HSMU=  0.786 opSp=  0.768 (4.0s)
[26/100] bcsstk09       n=1083     Auto→merge3 m3=  0.169 Auto=  0.173 Ocean=  0.316 HSMU=  0.351 opSp=  0.786 (3.9s)
[27/100] bcsstk10       n=1086     Auto→merge3 m3=  0.187 Auto=  0.186 Ocean=  0.453 HSMU=  0.356 opSp=  0.633 (3.9s)
[28/100] bcsstk11       n=1473     Auto→merge3 m3=  0.193 Auto=  0.197 Ocean=  0.501 HSMU=  0.516 opSp=   0.64 (3.9s)
[29/100] bcsstk12       n=1473     Auto→merge3 m3=  0.202 Auto=    0.2 Ocean=  0.502 HSMU=  0.438 opSp=  1.143 (4.0s)
[30/100] bcsstk13       n=2003     Auto→hash   m3=  0.624 Auto=  0.836 Ocean=   0.71 HSMU=  0.942 opSp=  0.849 (4.1s)
[31/100] bcsstk14       n=1806     Auto→hash   m3=  0.322 Auto=  0.468 Ocean=   0.61 HSMU=  0.553 opSp=  0.901 (4.0s)
[32/100] bcsstk15       n=3948     Auto→hash   m3=  0.437 Auto=  0.316 Ocean=  0.404 HSMU=  0.735 opSp=   0.97 (4.1s)
[33/100] bcsstk16       n=4884     Auto→hash   m3=  1.165 Auto=  0.533 Ocean=   0.83 HSMU=  1.263 opSp=  1.136 (4.3s)
[34/100] bcsstk17       n=10974    Auto→hash   m3=   1.19 Auto=  0.608 Ocean=  1.267 HSMU=  1.761 opSp=  1.337 (4.6s)
[35/100] bcsstk18       n=11948    Auto→hash   m3=  0.546 Auto=  0.423 Ocean=   0.49 HSMU=  1.279 opSp=  1.308 (4.2s)
[36/100] bcsstk19       n=817      Auto→merge3 m3=  0.149 Auto=  0.133 Ocean=  0.352 HSMU=  0.314 opSp=  0.762 (3.9s)
[37/100] bcsstk20       n=485      Auto→merge3 m3=  0.142 Auto=  0.152 Ocean=  0.216 HSMU=  0.308 opSp=  0.727 (3.9s)
[38/100] bcsstk21       n=3600     Auto→merge3 m3=  0.193 Auto=  0.195 Ocean=  0.227 HSMU=  0.393 opSp=  0.883 (4.0s)
[39/100] bcsstk22       n=138      Auto→merge3 m3=   0.12 Auto=  0.117 Ocean=  0.203 HSMU=  0.307 opSp=  0.596 (3.8s)
[40/100] bcsstk23       n=3134     Auto→merge3 m3=  0.249 Auto=  0.251 Ocean=  0.339 HSMU=  0.552 opSp=  0.771 (4.0s)
[41/100] bcsstk24       n=3562     Auto→hash   m3=  0.448 Auto=  0.365 Ocean=  0.636 HSMU=  0.977 opSp=  1.028 (4.2s)
[42/100] bcsstk25       n=15439    Auto→hash   m3=  0.747 Auto=  0.424 Ocean=  0.448 HSMU=  1.496 opSp=  1.094 (4.2s)
[43/100] bcsstk26       n=1922     Auto→merge3 m3=  0.196 Auto=  0.204 Ocean=  0.364 HSMU=  0.508 opSp=  0.622 (4.0s)
[44/100] bcsstk27       n=1224     Auto→hash   m3=  0.455 Auto=  0.435 Ocean=  0.503 HSMU=  0.646 opSp=  0.804 (4.1s)
[45/100] bcsstk28       n=4410     Auto→hash   m3=  0.689 Auto=  0.465 Ocean=  0.752 HSMU=  1.392 opSp=  0.964 (4.2s)
[46/100] bcsstk29       n=13992    Auto→hash   m3=  1.414 Auto=  0.776 Ocean=  0.921 HSMU=  1.804 opSp=  1.564 (4.5s)
[47/100] bcsstk30       n=28924    Auto→hash   m3= 11.209 Auto=  3.262 Ocean=  2.356 HSMU=  4.788 opSp=   3.13 (6.1s)
[48/100] bcsstk31       n=35588    Auto→hash   m3=  3.105 Auto=  1.303 Ocean=  1.166 HSMU=  2.751 opSp=  1.706 (5.1s)
[49/100] bcsstk32       n=44609    Auto→hash   m3=  5.627 Auto=  2.097 Ocean=  1.803 HSMU=  3.711 opSp=  2.413 (6.0s)
[50/100] bcsstk33       n=8738     Auto→hash   m3=  2.718 Auto=  1.073 Ocean=  1.572 HSMU=  1.986 opSp=  1.375 (4.6s)
[51/100] bcsstm01       n=48       Auto→merge3 m3=  0.123 Auto=  0.116 Ocean=  0.152 HSMU=  0.297 opSp=  0.527 (3.9s)
[52/100] bcsstm02       n=66       Auto→merge3 m3=  0.108 Auto=  0.109 Ocean=  0.166 HSMU=  0.279 opSp=  0.958 (3.9s)
[53/100] bcsstm03       n=112      Auto→merge3 m3=  0.108 Auto=   0.12 Ocean=  0.155 HSMU=  0.277 opSp=  0.845 (3.8s)
[54/100] bcsstm04       n=132      Auto→merge3 m3=  0.108 Auto=  0.108 Ocean=  0.201 HSMU=  0.275 opSp=  1.119 (3.8s)
[55/100] bcsstm05       n=153      Auto→merge3 m3=  0.107 Auto=  0.105 Ocean=  0.194 HSMU=  0.272 opSp=  1.365 (3.9s)
[56/100] bcsstm06       n=420      Auto→merge3 m3=  0.117 Auto=  0.126 Ocean=  0.173 HSMU=    0.3 opSp=  1.023 (3.9s)
[57/100] bcsstm07       n=420      Auto→merge3 m3=  0.151 Auto=  0.149 Ocean=  0.335 HSMU=  0.343 opSp=  0.685 (3.9s)
[58/100] bcsstm08       n=1074     Auto→merge3 m3=  0.132 Auto=  0.114 Ocean=  0.174 HSMU=  0.303 opSp=  1.166 (3.8s)
[59/100] bcsstm09       n=1083     Auto→merge3 m3=  0.117 Auto=  0.121 Ocean=  0.173 HSMU=  0.285 opSp=  0.719 (3.9s)
[60/100] bcsstm10       n=1086     Auto→merge3 m3=  0.185 Auto=  0.195 Ocean=  0.506 HSMU=  0.385 opSp=  1.093 (3.9s)
[61/100] bcsstm11       n=1473     Auto→merge3 m3=  0.139 Auto=  0.146 Ocean=  0.175 HSMU=  0.289 opSp=  1.422 (3.9s)
[62/100] bcsstm12       n=1473     Auto→merge3 m3=  0.176 Auto=  0.175 Ocean=   0.36 HSMU=  0.349 opSp=  0.619 (3.9s)
[63/100] bcsstm13       n=2003     Auto→hash   m3=  0.308 Auto=  0.365 Ocean=  0.447 HSMU=  0.578 opSp=  1.643 (3.9s)
[64/100] bcsstm19       n=817      Auto→merge3 m3=  0.145 Auto=  0.116 Ocean=  0.173 HSMU=  0.291 opSp=  1.556 (3.8s)
[65/100] bcsstm20       n=485      Auto→merge3 m3=  0.113 Auto=  0.112 Ocean=  0.171 HSMU=  0.292 opSp=  1.071 (3.8s)
[66/100] bcsstm21       n=3600     Auto→merge3 m3=  0.143 Auto=  0.155 Ocean=  0.173 HSMU=  0.495 opSp=  0.575 (3.9s)
[67/100] bcsstm22       n=138      Auto→merge3 m3=  0.112 Auto=  0.108 Ocean=  0.171 HSMU=  0.281 opSp=  1.445 (3.8s)
[68/100] bcsstm23       n=3134     Auto→merge3 m3=  0.152 Auto=  0.153 Ocean=  0.175 HSMU=  0.464 opSp=  1.187 (3.9s)
[69/100] bcsstm24       n=3562     Auto→merge3 m3=  0.147 Auto=  0.146 Ocean=  0.175 HSMU=  0.471 opSp=  1.019 (3.8s)
[70/100] bcsstm25       n=15439    Auto→merge3 m3=  0.274 Auto=  0.264 Ocean=  0.191 HSMU=  0.475 opSp=  1.493 (4.0s)
[71/100] bcsstm26       n=1922     Auto→merge3 m3=  0.125 Auto=  0.125 Ocean=  0.173 HSMU=  0.308 opSp=  0.642 (3.8s)
[72/100] bcsstm27       n=1224     Auto→hash   m3=  0.306 Auto=  0.443 Ocean=  0.541 HSMU=   0.67 opSp=  1.174 (4.0s)
[73/100] blckhole       n=2132     Auto→merge3 m3=  0.187 Auto=  0.178 Ocean=  0.224 HSMU=  0.494 opSp=  0.681 (3.8s)
[74/100] bp_0           n=822      Auto→hash   m3=  0.397 Auto=  0.314 Ocean=  0.242 HSMU=   0.45 opSp=  1.446 (3.9s)
[75/100] bp_1000        n=822      Auto→hash   m3=  0.443 Auto=  0.386 Ocean=  0.259 HSMU=  0.486 opSp=  1.345 (3.8s)
[76/100] bp_1200        n=822      Auto→hash   m3=  0.447 Auto=  0.386 Ocean=  0.258 HSMU=  0.623 opSp=  1.812 (3.9s)
[77/100] bp_1400        n=822      Auto→hash   m3=   0.44 Auto=  0.456 Ocean=  0.261 HSMU=  0.473 opSp=  1.144 (3.9s)
[78/100] bp_1600        n=822      Auto→hash   m3=  0.446 Auto=  0.395 Ocean=  0.265 HSMU=  0.484 opSp=  1.419 (3.8s)
[79/100] bp_200         n=822      Auto→hash   m3=  0.412 Auto=   0.34 Ocean=  0.254 HSMU=  0.457 opSp=  0.833 (3.9s)
[80/100] bp_400         n=822      Auto→hash   m3=  0.445 Auto=  0.361 Ocean=  0.254 HSMU=  0.484 opSp=  0.894 (3.9s)
[81/100] bp_600         n=822      Auto→hash   m3=  0.435 Auto=  0.346 Ocean=  0.255 HSMU=  0.475 opSp=  1.771 (3.9s)
[82/100] bp_800         n=822      Auto→hash   m3=  0.451 Auto=  0.384 Ocean=  0.257 HSMU=  0.474 opSp=  1.253 (3.8s)
[83/100] can_1054       n=1054     Auto→merge3 m3=  0.172 Auto=  0.172 Ocean=  0.361 HSMU=  0.345 opSp=  1.028 (3.9s)
[84/100] can_1072       n=1072     Auto→merge3 m3=  0.179 Auto=  0.182 Ocean=   0.36 HSMU=  0.346 opSp=  1.592 (3.9s)
[85/100] can_144        n=144      Auto→merge3 m3=  0.127 Auto=  0.129 Ocean=  0.326 HSMU=   0.31 opSp=  1.282 (3.8s)
[86/100] can_161        n=161      Auto→merge3 m3=  0.146 Auto=  0.135 Ocean=  0.324 HSMU=  0.318 opSp=  1.266 (3.9s)
[87/100] can_187        n=187      Auto→merge3 m3=  0.119 Auto=  0.117 Ocean=   0.32 HSMU=  0.311 opSp=  0.833 (3.9s)
[88/100] can_229        n=229      Auto→merge3 m3=  0.147 Auto=  0.161 Ocean=  0.328 HSMU=  0.303 opSp=  1.383 (3.8s)
[89/100] can_24         n=24       Auto→merge3 m3=  0.124 Auto=  0.112 Ocean=    0.2 HSMU=  0.279 opSp=  0.872 (3.8s)
[90/100] can_256        n=256      Auto→merge3 m3=  0.175 Auto=  0.186 Ocean=  0.353 HSMU=  0.348 opSp=  0.997 (3.8s)
[91/100] can_268        n=268      Auto→merge3 m3=  0.164 Auto=  0.157 Ocean=  0.338 HSMU=  0.322 opSp=  1.393 (3.8s)
[92/100] can_292        n=292      Auto→merge3 m3=  0.136 Auto=  0.132 Ocean=  0.336 HSMU=  0.321 opSp=  1.237 (3.8s)
[93/100] can_445        n=445      Auto→merge3 m3=  0.137 Auto=  0.135 Ocean=  0.333 HSMU=  0.323 opSp=  0.677 (3.9s)
[94/100] can_61         n=61       Auto→merge3 m3=  0.123 Auto=  0.124 Ocean=  0.324 HSMU=  0.306 opSp=  0.993 (3.8s)
[95/100] can_62         n=62       Auto→merge3 m3=  0.138 Auto=  0.117 Ocean=  0.196 HSMU=   0.29 opSp=  1.541 (3.9s)
[96/100] can_634        n=634      Auto→merge3 m3=  0.143 Auto=  0.146 Ocean=  0.359 HSMU=  0.335 opSp=  1.518 (3.8s)
[97/100] can_715        n=715      Auto→hash   m3=  0.289 Auto=   0.27 Ocean=  0.383 HSMU=  0.366 opSp=  1.347 (3.8s)
[98/100] can_73         n=73       Auto→merge3 m3=  0.128 Auto=  0.123 Ocean=  0.207 HSMU=  0.288 opSp=   0.74 (3.8s)
[99/100] can_838        n=838      Auto→merge3 m3=  0.166 Auto=  0.147 Ocean=  0.354 HSMU=  0.324 opSp=  1.185 (3.9s)
[100/100] can_96         n=96       Auto→merge3 m3=  0.123 Auto=  0.115 Ocean=   0.32 HSMU=  0.286 opSp=  0.965 (3.9s)

完成 → compare/method_cmp_20260725_183718/methods_cmp.csv

=== 几何均值(ms) ===
  merge3      0.227
  Auto        0.207
  Ocean       0.312
  HSMU        0.443
  opSparse    0.952

=== Auto 选择(共 100 阵)===  hash 30 / merge3 70
  选 hash 的:arc130, bcsstk02, bcsstk08, bcsstk13, bcsstk14, bcsstk15, bcsstk16, bcsstk17, bcsstk18, bcsstk24, bcsstk25, bcsstk27, bcsstk28, bcsstk29, bcsstk30, bcsstk31, bcsstk32, bcsstk33, bcsstm13, bcsstm27, bp_0, bp_1000, bp_1200, bp_1400, bp_1600, bp_200, bp_400, bp_600, bp_800, can_715

=== Auto vs Ocean:赢 85 / 输 15,几何均值(Auto/Ocean) 0.665× ===
  name                   n       C_nnz     Ocean      Auto    ratio
  bp_1400              822       23154     0.261     0.456    1.75×
  bp_1200              822       22313     0.258     0.386    1.50×
  bp_800               822       20224     0.257     0.384    1.49×
  bp_1600              822       23625     0.265     0.395    1.49×
  bp_1000              822       21373     0.259     0.386    1.49×
  bp_400               822       15238     0.254     0.361    1.42×
  bcsstk08            1074      305612     0.391     0.548    1.40×
  bcsstk30           28924     8946070     2.356     3.262    1.38×
  bcsstm25           15439       15439     0.191     0.264    1.38×
  bp_600               822       16464     0.255     0.346    1.36×
  bp_200               822       13197     0.254     0.340    1.34×
  bp_0                 822        9384     0.242     0.314    1.30×
  bcsstk13            2003      396773     0.710     0.836    1.18×
  bcsstk32           44609     6819653     1.803     2.097    1.16×
  bcsstk31           35588     4713580     1.166     1.303    1.12×

=== Auto vs opSparse:赢 99 / 输 1,几何均值(Auto/opSparse) 0.218× ===
  name                   n       C_nnz  opSparse      Auto    ratio
  bcsstk30           28924     8946070     3.130     3.262    1.04×

=== Auto vs HSMU:赢 100 / 输 0,几何均值(Auto/HSMU) 0.467× ===
  name                   n       C_nnz      HSMU      Auto    ratio
