对比 100 阵 × ['merge3', 'Auto'] + Ocean + HSMU + spECK → compare/method_cmp_20260724_112004/methods_cmp.csv

[1/100] 1138_bus       n=1138     Auto→merge3 m3=  0.125 Auto=  0.134 Ocean=   0.23 HSMU=  0.376 spECK=  0.088 (4.0s)
[2/100] 494_bus        n=494      Auto→merge3 m3=  0.115 Auto=  0.102 Ocean=  0.245 HSMU=  0.354 spECK=  0.075 (4.0s)
[3/100] 662_bus        n=662      Auto→merge3 m3=  0.101 Auto=  0.113 Ocean=  0.232 HSMU=  0.345 spECK=  0.086 (4.0s)
[4/100] 685_bus        n=685      Auto→merge3 m3=  0.114 Auto=  0.116 Ocean=  0.231 HSMU=  0.346 spECK=  0.084 (4.0s)
[5/100] arc130         n=130      Auto→hash   m3=  0.151 Auto=  0.286 Ocean=  0.386 HSMU=  0.455 spECK=   0.08 (4.0s)
[6/100] ash292         n=292      Auto→merge3 m3=  0.124 Auto=   0.14 Ocean=  0.226 HSMU=  0.347 spECK=  0.076 (4.0s)
[7/100] ash85          n=85       Auto→merge3 m3=  0.091 Auto=  0.089 Ocean=  0.234 HSMU=  0.342 spECK=  0.077 (4.0s)
[8/100] bcspwr01       n=39       Auto→merge3 m3=  0.083 Auto=   0.09 Ocean=  0.198 HSMU=  0.375 spECK=  0.077 (4.0s)
[9/100] bcspwr02       n=49       Auto→merge3 m3=  0.088 Auto=  0.093 Ocean=  0.203 HSMU=  0.333 spECK=  0.077 (4.0s)
[10/100] bcspwr03       n=118      Auto→merge3 m3=  0.098 Auto=  0.103 Ocean=  0.216 HSMU=  0.242 spECK=  0.082 (4.0s)
[11/100] bcspwr04       n=274      Auto→merge3 m3=  0.103 Auto=  0.109 Ocean=  0.226 HSMU=  0.335 spECK=  0.068 (4.0s)
[12/100] bcspwr05       n=443      Auto→merge3 m3=  0.101 Auto=  0.096 Ocean=   0.23 HSMU=  0.329 spECK=  0.086 (4.0s)
[13/100] bcspwr06       n=1454     Auto→merge3 m3=  0.122 Auto=  0.127 Ocean=  0.235 HSMU=  0.349 spECK=  0.087 (3.9s)
[14/100] bcspwr07       n=1612     Auto→merge3 m3=  0.149 Auto=  0.154 Ocean=  0.226 HSMU=  0.358 spECK=   0.12 (3.9s)
[15/100] bcspwr08       n=1624     Auto→merge3 m3=   0.13 Auto=   0.14 Ocean=  0.234 HSMU=  0.375 spECK=   0.09 (4.0s)
[16/100] bcspwr09       n=1723     Auto→merge3 m3=  0.117 Auto=  0.118 Ocean=  0.244 HSMU=  0.332 spECK=  0.077 (4.0s)
[17/100] bcspwr10       n=5300     Auto→merge3 m3=  0.157 Auto=  0.141 Ocean=   0.25 HSMU=  1.136 spECK=  0.096 (4.0s)
[18/100] bcsstk01       n=48       Auto→merge3 m3=  0.104 Auto=  0.099 Ocean=  0.326 HSMU=  0.325 spECK=  0.077 (4.0s)
[19/100] bcsstk02       n=66       Auto→hash   m3=  0.116 Auto=   0.31 Ocean=  0.901 HSMU=  0.734 spECK=  0.085 (4.0s)
[20/100] bcsstk03       n=112      Auto→merge3 m3=  0.088 Auto=  0.097 Ocean=  0.187 HSMU=  0.319 spECK=  0.068 (4.0s)
[21/100] bcsstk04       n=132      Auto→merge3 m3=  0.112 Auto=  0.132 Ocean=  0.534 HSMU=  0.415 spECK=  0.086 (4.0s)
[22/100] bcsstk05       n=153      Auto→merge3 m3=  0.108 Auto=  0.112 Ocean=  0.367 HSMU=  0.351 spECK=   0.08 (4.0s)
[23/100] bcsstk06       n=420      Auto→merge3 m3=  0.131 Auto=   0.14 Ocean=  0.386 HSMU=  0.401 spECK=  0.089 (4.0s)
[24/100] bcsstk07       n=420      Auto→merge3 m3=  0.132 Auto=  0.126 Ocean=  0.359 HSMU=  0.415 spECK=  0.087 (4.0s)
[25/100] bcsstk08       n=1074     Auto→hash   m3=  1.212 Auto=  0.712 Ocean=  0.442 HSMU=   1.02 spECK=   0.14 (4.1s)
[26/100] bcsstk09       n=1083     Auto→merge3 m3=  0.159 Auto=  0.171 Ocean=  0.381 HSMU=  0.376 spECK=  0.092 (4.0s)
[27/100] bcsstk10       n=1086     Auto→merge3 m3=  0.186 Auto=  0.176 Ocean=  0.597 HSMU=  0.397 spECK=  0.095 (4.0s)
[28/100] bcsstk11       n=1473     Auto→merge3 m3=  0.204 Auto=  0.192 Ocean=  0.622 HSMU=  0.734 spECK=  0.099 (4.1s)
[29/100] bcsstk12       n=1473     Auto→merge3 m3=  0.197 Auto=  0.194 Ocean=  0.557 HSMU=  0.668 spECK=  0.106 (4.0s)
[30/100] bcsstk13       n=2003     Auto→hash   m3=  0.823 Auto=  0.911 Ocean=  0.747 HSMU=  1.204 spECK=  0.191 (4.2s)
[31/100] bcsstk14       n=1806     Auto→hash   m3=  0.366 Auto=   0.51 Ocean=  0.622 HSMU=  0.572 spECK=  0.131 (4.1s)
[32/100] bcsstk15       n=3948     Auto→hash   m3=  0.535 Auto=  0.398 Ocean=  0.449 HSMU=  0.801 spECK=  0.176 (4.2s)
[33/100] bcsstk16       n=4884     Auto→hash   m3=  1.647 Auto=  0.586 Ocean=  0.881 HSMU=  1.591 spECK=  0.416 (4.5s)
[34/100] bcsstk17       n=10974    Auto→hash   m3=  1.644 Auto=  0.689 Ocean=  0.861 HSMU=  1.886 spECK=  0.534 (4.8s)
[35/100] bcsstk18       n=11948    Auto→hash   m3=  0.601 Auto=  0.473 Ocean=  0.466 HSMU=  1.356 spECK=  0.198 (4.3s)
[36/100] bcsstk19       n=817      Auto→merge3 m3=  0.109 Auto=  0.105 Ocean=  0.359 HSMU=  0.413 spECK=   0.07 (4.0s)
[37/100] bcsstk20       n=485      Auto→merge3 m3=  0.103 Auto=  0.107 Ocean=  0.232 HSMU=  0.341 spECK=  0.084 (4.0s)
[38/100] bcsstk21       n=3600     Auto→merge3 m3=  0.175 Auto=  0.181 Ocean=  0.231 HSMU=  0.513 spECK=  0.095 (4.0s)
[39/100] bcsstk22       n=138      Auto→merge3 m3=  0.103 Auto=  0.108 Ocean=  0.223 HSMU=  0.319 spECK=  0.075 (4.0s)
[40/100] bcsstk23       n=3134     Auto→merge3 m3=  0.276 Auto=  0.266 Ocean=  0.379 HSMU=   0.59 spECK=  0.104 (4.0s)
[41/100] bcsstk24       n=3562     Auto→hash   m3=  0.562 Auto=  0.407 Ocean=  0.694 HSMU=  1.104 spECK=  0.224 (4.4s)
[42/100] bcsstk25       n=15439    Auto→hash   m3=  0.957 Auto=  0.556 Ocean=  0.496 HSMU=  1.623 spECK=  0.339 (4.5s)
[43/100] bcsstk26       n=1922     Auto→merge3 m3=  0.189 Auto=  0.185 Ocean=  0.384 HSMU=  0.687 spECK=  0.104 (4.1s)
[44/100] bcsstk27       n=1224     Auto→hash   m3=  0.375 Auto=  0.488 Ocean=  0.566 HSMU=  0.788 spECK=  0.128 (4.1s)
[45/100] bcsstk28       n=4410     Auto→hash   m3=  0.855 Auto=  0.508 Ocean=  0.784 HSMU=  1.517 spECK=  0.337 (4.4s)
[46/100] bcsstk29       n=13992    Auto→hash   m3=  1.896 Auto=  0.845 Ocean=  0.984 HSMU=  1.862 spECK=  0.732 (4.7s)
[47/100] bcsstk30       n=28924    Auto→hash   m3= 16.712 Auto=  2.836 Ocean=  2.514 HSMU=  5.011 spECK=  3.443 (6.5s)
[48/100] bcsstk31       n=35588    Auto→hash   m3=  4.169 Auto=  1.353 Ocean=   1.36 HSMU=  2.798 spECK=  1.229 (5.3s)
[49/100] bcsstk32       n=44609    Auto→hash   m3=   7.62 Auto=  2.044 Ocean=  1.916 HSMU=  3.855 spECK=  2.359 (6.2s)
[50/100] bcsstk33       n=8738     Auto→hash   m3=  4.044 Auto=  1.043 Ocean=  1.674 HSMU=  2.107 spECK=  0.899 (4.6s)
[51/100] bcsstm01       n=48       Auto→merge3 m3=  0.074 Auto=  0.081 Ocean=  0.178 HSMU=  0.327 spECK=  0.069 (3.9s)
[52/100] bcsstm02       n=66       Auto→merge3 m3=  0.067 Auto=  0.079 Ocean=  0.185 HSMU=  0.292 spECK=  0.067 (3.9s)
[53/100] bcsstm03       n=112      Auto→merge3 m3=  0.083 Auto=  0.074 Ocean=  0.164 HSMU=  0.288 spECK=  0.068 (4.0s)
[54/100] bcsstm04       n=132      Auto→merge3 m3=  0.084 Auto=  0.085 Ocean=  0.185 HSMU=  0.309 spECK=  0.069 (4.0s)
[55/100] bcsstm05       n=153      Auto→merge3 m3=  0.073 Auto=  0.071 Ocean=  0.178 HSMU=  0.346 spECK=  0.071 (3.9s)
[56/100] bcsstm06       n=420      Auto→merge3 m3=  0.068 Auto=  0.085 Ocean=  0.178 HSMU=  0.311 spECK=  0.076 (4.0s)
[57/100] bcsstm07       n=420      Auto→merge3 m3=  0.141 Auto=  0.136 Ocean=  0.368 HSMU=  0.382 spECK=  0.088 (4.0s)
[58/100] bcsstm08       n=1074     Auto→merge3 m3=  0.091 Auto=  0.088 Ocean=  0.189 HSMU=   0.34 spECK=  0.078 (3.9s)
[59/100] bcsstm09       n=1083     Auto→merge3 m3=  0.087 Auto=  0.085 Ocean=  0.189 HSMU=  0.349 spECK=  0.079 (3.9s)
[60/100] bcsstm10       n=1086     Auto→merge3 m3=  0.173 Auto=   0.18 Ocean=  0.512 HSMU=   0.38 spECK=  0.091 (4.0s)
[61/100] bcsstm11       n=1473     Auto→merge3 m3=   0.07 Auto=  0.078 Ocean=  0.178 HSMU=  0.336 spECK=  0.077 (4.0s)
[62/100] bcsstm12       n=1473     Auto→merge3 m3=  0.162 Auto=  0.157 Ocean=  0.374 HSMU=  0.385 spECK=  0.094 (4.1s)
[63/100] bcsstm13       n=2003     Auto→hash   m3=  0.356 Auto=  0.402 Ocean=  0.467 HSMU=  0.699 spECK=  0.126 (4.0s)
[64/100] bcsstm19       n=817      Auto→merge3 m3=  0.078 Auto=   0.09 Ocean=  0.186 HSMU=   0.32 spECK=  0.077 (4.0s)
[65/100] bcsstm20       n=485      Auto→merge3 m3=  0.072 Auto=  0.077 Ocean=  0.172 HSMU=  0.332 spECK=  0.073 (4.0s)
[66/100] bcsstm21       n=3600     Auto→merge3 m3=  0.104 Auto=  0.107 Ocean=   0.18 HSMU=  0.621 spECK=  0.085 (4.1s)
[67/100] bcsstm22       n=138      Auto→merge3 m3=  0.075 Auto=  0.083 Ocean=  0.183 HSMU=  0.313 spECK=  0.066 (4.0s)
[68/100] bcsstm23       n=3134     Auto→merge3 m3=  0.101 Auto=  0.097 Ocean=   0.18 HSMU=  0.657 spECK=  0.085 (4.0s)
[69/100] bcsstm24       n=3562     Auto→merge3 m3=  0.089 Auto=  0.109 Ocean=  0.186 HSMU=  0.621 spECK=  0.088 (4.0s)
[70/100] bcsstm25       n=15439    Auto→merge3 m3=   0.18 Auto=  0.178 Ocean=  0.201 HSMU=    0.5 spECK=  0.112 (4.0s)
[71/100] bcsstm26       n=1922     Auto→merge3 m3=  0.097 Auto=  0.091 Ocean=  0.189 HSMU=   0.36 spECK=  0.078 (4.0s)
[72/100] bcsstm27       n=1224     Auto→hash   m3=  0.358 Auto=  0.461 Ocean=  0.551 HSMU=  0.695 spECK=  0.122 (4.2s)
[73/100] blckhole       n=2132     Auto→merge3 m3=   0.16 Auto=   0.15 Ocean=   0.22 HSMU=  0.583 spECK=  0.093 (4.0s)
[74/100] bp_0           n=822      Auto→hash   m3=   0.55 Auto=  0.357 Ocean=  0.249 HSMU=  0.388 spECK=  0.109 (4.0s)
[75/100] bp_1000        n=822      Auto→hash   m3=   0.65 Auto=  0.394 Ocean=  0.256 HSMU=  0.522 spECK=  0.131 (4.0s)
[76/100] bp_1200        n=822      Auto→hash   m3=  0.645 Auto=  0.436 Ocean=  0.281 HSMU=  0.543 spECK=  0.131 (4.0s)
[77/100] bp_1400        n=822      Auto→hash   m3=  0.624 Auto=  0.424 Ocean=  0.287 HSMU=  0.544 spECK=  0.139 (3.9s)
[78/100] bp_1600        n=822      Auto→hash   m3=  0.632 Auto=  0.427 Ocean=  0.287 HSMU=   0.51 spECK=  0.166 (3.9s)
[79/100] bp_200         n=822      Auto→hash   m3=  0.592 Auto=   0.34 Ocean=  0.269 HSMU=  0.504 spECK=  0.125 (3.9s)
[80/100] bp_400         n=822      Auto→hash   m3=  0.802 Auto=  0.357 Ocean=  0.291 HSMU=  0.496 spECK=  0.116 (4.1s)
[81/100] bp_600         n=822      Auto→hash   m3=  0.623 Auto=  0.415 Ocean=  0.264 HSMU=  0.537 spECK=  0.131 (4.0s)
[82/100] bp_800         n=822      Auto→hash   m3=  0.655 Auto=  0.429 Ocean=  0.289 HSMU=  0.534 spECK=   0.13 (4.0s)
[83/100] can_1054       n=1054     Auto→merge3 m3=  0.154 Auto=  0.156 Ocean=  0.409 HSMU=  0.382 spECK=  0.099 (4.0s)
[84/100] can_1072       n=1072     Auto→merge3 m3=  0.168 Auto=  0.157 Ocean=  0.371 HSMU=  0.364 spECK=    0.1 (4.0s)
[85/100] can_144        n=144      Auto→merge3 m3=  0.107 Auto=  0.099 Ocean=  0.331 HSMU=  0.341 spECK=  0.079 (3.9s)
[86/100] can_161        n=161      Auto→merge3 m3=  0.107 Auto=  0.124 Ocean=  0.333 HSMU=  0.359 spECK=  0.078 (4.0s)
[87/100] can_187        n=187      Auto→merge3 m3=  0.089 Auto=  0.093 Ocean=  0.327 HSMU=  0.249 spECK=  0.079 (4.0s)
[88/100] can_229        n=229      Auto→merge3 m3=  0.135 Auto=  0.137 Ocean=   0.33 HSMU=  0.344 spECK=  0.083 (4.0s)
[89/100] can_24         n=24       Auto→merge3 m3=  0.085 Auto=  0.077 Ocean=  0.211 HSMU=  0.321 spECK=  0.071 (4.0s)
[90/100] can_256        n=256      Auto→merge3 m3=  0.168 Auto=  0.198 Ocean=  0.365 HSMU=   0.41 spECK=  0.085 (4.1s)
[91/100] can_268        n=268      Auto→merge3 m3=  0.143 Auto=  0.143 Ocean=  0.351 HSMU=   0.38 spECK=   0.08 (4.1s)
[92/100] can_292        n=292      Auto→merge3 m3=  0.105 Auto=  0.112 Ocean=  0.363 HSMU=  0.386 spECK=  0.096 (4.0s)
[93/100] can_445        n=445      Auto→merge3 m3=   0.12 Auto=    0.1 Ocean=  0.389 HSMU=   0.36 spECK=  0.084 (4.0s)
[94/100] can_61         n=61       Auto→merge3 m3=  0.103 Auto=  0.101 Ocean=  0.349 HSMU=  0.328 spECK=   0.07 (4.0s)
[95/100] can_62         n=62       Auto→merge3 m3=  0.103 Auto=  0.105 Ocean=  0.186 HSMU=  0.327 spECK=  0.076 (4.0s)
[96/100] can_634        n=634      Auto→merge3 m3=  0.145 Auto=  0.139 Ocean=  0.366 HSMU=  0.376 spECK=  0.087 (4.0s)
[97/100] can_715        n=715      Auto→hash   m3=   0.36 Auto=  0.311 Ocean=  0.397 HSMU=  0.418 spECK=  0.098 (4.0s)
[98/100] can_73         n=73       Auto→merge3 m3=  0.099 Auto=  0.103 Ocean=  0.208 HSMU=  0.328 spECK=  0.078 (4.0s)
[99/100] can_838        n=838      Auto→merge3 m3=  0.131 Auto=  0.138 Ocean=  0.368 HSMU=  0.376 spECK=  0.092 (4.0s)
[100/100] can_96         n=96       Auto→merge3 m3=  0.094 Auto=  0.114 Ocean=   0.33 HSMU=   0.32 spECK=  0.079 (4.0s)

完成 → compare/method_cmp_20260724_112004/methods_cmp.csv

=== 几何均值(ms) ===
  merge3      0.207
  Auto        0.185
  Ocean       0.332
  HSMU        0.500
  spECK       0.113

=== Auto 选择(共 100 阵)===  hash 30 / merge3 70
  选 hash 的:arc130, bcsstk02, bcsstk08, bcsstk13, bcsstk14, bcsstk15, bcsstk16, bcsstk17, bcsstk18, bcsstk24, bcsstk25, bcsstk27, bcsstk28, bcsstk29, bcsstk30, bcsstk31, bcsstk32, bcsstk33, bcsstm13, bcsstm27, bp_0, bp_1000, bp_1200, bp_1400, bp_1600, bp_200, bp_400, bp_600, bp_800, can_715
