############################################################
#  SpGEMM 方法对比  →  compare/method_cmp_20260722_170108/
#  Ocean / HSMU / cuSPARSE / merge(serial) / merge3 / Auto
#  矩阵: ./data/first100  (全部)
############################################################
### [1/4] 编译 spgemm_test(DBG=1 开 phase 时间戳,含 hash + Auto)###
  ✓ done(spgemm 法计时为 compute-only,排除 h2d/d2h,对标 full_compare)
### [2/4] 备份 HSMU /tmp CSV → /tmp/hsmu_backup_20260722_170108 ###
  ✓ 备份 4 个
### [3/4] 对比(Ocean+HSMU+cu+serial+merge3+Auto,每方法/矩阵超时 200s)###
对比 100 阵 × ['cu', 'serial', 'merge3', 'Auto'] + Ocean + HSMU → compare/method_cmp_20260722_170108/methods_cmp.csv

[1/100] 1138_bus       n=1138     Auto→merge3 cu=  0.394 serial=  0.269 m3=  0.154 Auto=  0.141 Ocean=   0.22 HSMU=  0.304 (5.1s)
[2/100] 494_bus        n=494      Auto→merge3 cu=  0.365 serial=  0.225 m3=   0.15 Auto=  0.124 Ocean=  0.216 HSMU=  0.312 (5.0s)
[3/100] 662_bus        n=662      Auto→merge3 cu=  0.415 serial=  0.233 m3=   0.12 Auto=  0.121 Ocean=  0.205 HSMU=  0.247 (5.0s)
[4/100] 685_bus        n=685      Auto→merge3 cu=  0.344 serial=  0.287 m3=  0.178 Auto=  0.147 Ocean=  0.218 HSMU=  0.291 (5.0s)
[5/100] arc130         n=130      Auto→merge3 cu=  0.398 serial=  1.524 m3=  0.188 Auto=  0.186 Ocean=  0.374 HSMU=  0.404 (5.0s)
[6/100] ash292         n=292      Auto→merge3 cu=  0.339 serial=  0.242 m3=  0.145 Auto=  0.227 Ocean=  0.219 HSMU=   0.32 (5.0s)
[7/100] ash85          n=85       Auto→merge3 cu=  0.332 serial=  0.209 m3=  0.131 Auto=   0.12 Ocean=  0.204 HSMU=  0.306 (5.1s)
[8/100] bcspwr01       n=39       Auto→merge3 cu=   0.34 serial=  0.198 m3=   0.12 Auto=  0.122 Ocean=  0.186 HSMU=  0.276 (5.0s)
[9/100] bcspwr02       n=49       Auto→merge3 cu=   0.35 serial=  0.214 m3=  0.115 Auto=   0.12 Ocean=  0.201 HSMU=  0.287 (5.0s)
[10/100] bcspwr03       n=118      Auto→merge3 cu=   0.36 serial=  0.223 m3=   0.12 Auto=  0.151 Ocean=  0.201 HSMU=  0.305 (5.1s)
[11/100] bcspwr04       n=274      Auto→merge3 cu=  0.387 serial=  0.327 m3=  0.151 Auto=  0.128 Ocean=  0.247 HSMU=  0.299 (5.1s)
[12/100] bcspwr05       n=443      Auto→merge3 cu=  0.359 serial=  0.292 m3=   0.12 Auto=  0.161 Ocean=  0.227 HSMU=  0.317 (5.1s)
[13/100] bcspwr06       n=1454     Auto→merge3 cu=  0.346 serial=  0.262 m3=  0.171 Auto=  0.149 Ocean=  0.206 HSMU=  0.298 (5.0s)
[14/100] bcspwr07       n=1612     Auto→merge3 cu=  0.414 serial=  0.268 m3=  0.154 Auto=  0.182 Ocean=  0.219 HSMU=  0.323 (5.1s)
[15/100] bcspwr08       n=1624     Auto→merge3 cu=  0.362 serial=  0.253 m3=  0.184 Auto=  0.163 Ocean=  0.223 HSMU=  0.241 (5.1s)
[16/100] bcspwr09       n=1723     Auto→merge3 cu=  0.412 serial=  0.263 m3=  0.146 Auto=  0.148 Ocean=  0.209 HSMU=  0.317 (5.0s)
[17/100] bcspwr10       n=5300     Auto→merge3 cu=  0.462 serial=  0.425 m3=  0.177 Auto=  0.182 Ocean=   0.22 HSMU=   0.91 (5.0s)
[18/100] bcsstk01       n=48       Auto→merge3 cu=  0.346 serial=  0.283 m3=   0.12 Auto=  0.127 Ocean=  0.317 HSMU=  0.283 (5.1s)
[19/100] bcsstk02       n=66       Auto→merge3 cu=  0.412 serial=   1.72 m3=  0.168 Auto=  0.149 Ocean=  0.864 HSMU=  0.676 (5.1s)
[20/100] bcsstk03       n=112      Auto→merge3 cu=  0.356 serial=  0.214 m3=  0.116 Auto=  0.115 Ocean=  0.166 HSMU=   0.29 (5.1s)
[21/100] bcsstk04       n=132      Auto→merge3 cu=  0.427 serial=  1.171 m3=  0.158 Auto=  0.175 Ocean=   0.53 HSMU=  0.388 (5.1s)
[22/100] bcsstk05       n=153      Auto→merge3 cu=  0.371 serial=  0.349 m3=  0.151 Auto=   0.16 Ocean=  0.306 HSMU=  0.327 (5.0s)
[23/100] bcsstk06       n=420      Auto→merge3 cu=  0.401 serial=   0.57 m3=  0.166 Auto=  0.171 Ocean=  0.319 HSMU=  0.333 (5.1s)
[24/100] bcsstk07       n=420      Auto→merge3 cu=  0.461 serial=  0.564 m3=  0.164 Auto=  0.164 Ocean=  0.307 HSMU=  0.353 (5.1s)
[25/100] bcsstk08       n=1074     Auto→hash   cu=  0.737 serial= 21.062 m3=  1.054 Auto=  0.915 Ocean=   0.39 HSMU=  0.797 (5.2s)
[26/100] bcsstk09       n=1083     Auto→merge3 cu=  0.451 serial=  0.839 m3=  0.205 Auto=   0.25 Ocean=  0.372 HSMU=  0.349 (5.1s)
[27/100] bcsstk10       n=1086     Auto→merge3 cu=  0.488 serial=   0.99 m3=  0.243 Auto=   0.21 Ocean=  0.444 HSMU=  0.358 (5.1s)
[28/100] bcsstk11       n=1473     Auto→merge3 cu=  0.671 serial=   1.04 m3=   0.23 Auto=  0.252 Ocean=  0.416 HSMU=  0.536 (5.1s)
[29/100] bcsstk12       n=1473     Auto→merge3 cu=  0.623 serial=   1.12 m3=  0.221 Auto=  0.213 Ocean=   0.54 HSMU=  0.522 (5.1s)
[30/100] bcsstk13       n=2003     Auto→merge3 cu=   0.97 serial=  6.089 m3=  1.016 Auto=  1.023 Ocean=  0.663 HSMU=  0.906 (5.2s)
[31/100] bcsstk14       n=1806     Auto→merge3 cu=  0.824 serial=  1.973 m3=  0.518 Auto=  0.498 Ocean=  1.104 HSMU=  0.535 (5.2s)
[32/100] bcsstk15       n=3948     Auto→merge3 cu=   1.19 serial=   2.44 m3=  0.714 Auto=  0.769 Ocean=  0.435 HSMU=  0.686 (5.2s)
[33/100] bcsstk16       n=4884     Auto→merge3 cu=  1.868 serial=  8.825 m3=  1.825 Auto=  1.818 Ocean=  0.771 HSMU=  1.452 (5.6s)
[34/100] bcsstk17       n=10974    Auto→hash   cu=  2.432 serial=   9.76 m3=  1.826 Auto=  1.152 Ocean=  0.823 HSMU=  1.772 (5.7s)
[35/100] bcsstk18       n=11948    Auto→hash   cu=  0.956 serial=  3.434 m3=  0.832 Auto=  1.063 Ocean=  0.452 HSMU=  1.297 (5.4s)
[36/100] bcsstk19       n=817      Auto→merge3 cu=  0.374 serial=  0.302 m3=  0.154 Auto=  0.145 Ocean=  0.347 HSMU=  0.309 (5.0s)
[37/100] bcsstk20       n=485      Auto→merge3 cu=  0.347 serial=  0.229 m3=  0.164 Auto=   0.13 Ocean=  0.221 HSMU=  0.305 (5.0s)
[38/100] bcsstk21       n=3600     Auto→merge3 cu=  0.531 serial=  0.469 m3=  0.213 Auto=   0.19 Ocean=  0.232 HSMU=  0.412 (5.0s)
[39/100] bcsstk22       n=138      Auto→merge3 cu=  0.395 serial=  0.213 m3=  0.124 Auto=   0.12 Ocean=  0.214 HSMU=  0.317 (5.0s)
[40/100] bcsstk23       n=3134     Auto→merge3 cu=  0.704 serial=  1.424 m3=  0.403 Auto=  0.397 Ocean=   0.34 HSMU=  0.521 (5.3s)
[41/100] bcsstk24       n=3562     Auto→merge3 cu=   1.24 serial=  3.231 m3=  0.745 Auto=  0.726 Ocean=  0.604 HSMU=  1.258 (5.0s)
[42/100] bcsstk25       n=15439    Auto→hash   cu=  1.261 serial=  3.426 m3=  1.227 Auto=  1.039 Ocean=  0.445 HSMU=  1.477 (5.2s)
[43/100] bcsstk26       n=1922     Auto→merge3 cu=  0.545 serial=  1.172 m3=  0.226 Auto=  0.233 Ocean=  0.301 HSMU=  0.509 (5.0s)
[44/100] bcsstk27       n=1224     Auto→merge3 cu=  0.728 serial=  2.056 m3=   0.44 Auto=  0.484 Ocean=  0.504 HSMU=  0.643 (5.1s)
[45/100] bcsstk28       n=4410     Auto→merge3 cu=  1.372 serial=  5.365 m3=  1.008 Auto=  1.021 Ocean=  0.745 HSMU=  1.353 (5.4s)
[46/100] bcsstk29       n=13992    Auto→hash   cu=  3.172 serial=  9.357 m3=  2.064 Auto=  1.471 Ocean=  0.977 HSMU=  1.736 (5.4s)
[47/100] bcsstk30       n=28924    Auto→hash   cu=  8.975 serial= 88.227 m3= 15.932 Auto=  3.627 Ocean=  2.428 HSMU=  5.153 (7.4s)
[48/100] bcsstk31       n=35588    Auto→hash   cu=  5.192 serial= 19.593 m3=  4.316 Auto=  2.285 Ocean=  1.292 HSMU=  2.788 (6.2s)
[49/100] bcsstk32       n=44609    Auto→hash   cu=  8.618 serial= 36.693 m3=  7.183 Auto=  3.327 Ocean=  1.796 HSMU=  3.804 (7.0s)
[50/100] bcsstk33       n=8738     Auto→hash   cu=   3.22 serial= 20.201 m3=  3.876 Auto=  1.448 Ocean=  1.583 HSMU=   1.94 (5.6s)
[51/100] bcsstm01       n=48       Auto→merge3 cu=  0.399 serial=  0.193 m3=  0.105 Auto=  0.103 Ocean=  0.152 HSMU=  0.266 (5.1s)
[52/100] bcsstm02       n=66       Auto→merge3 cu=  0.328 serial=  0.167 m3=  0.102 Auto=  0.116 Ocean=  0.169 HSMU=  0.299 (5.0s)
[53/100] bcsstm03       n=112      Auto→merge3 cu=   0.34 serial=  0.181 m3=  0.109 Auto=  0.119 Ocean=   0.16 HSMU=  0.266 (5.0s)
[54/100] bcsstm04       n=132      Auto→merge3 cu=   0.35 serial=  0.187 m3=  0.106 Auto=  0.109 Ocean=   0.17 HSMU=  0.281 (5.0s)
[55/100] bcsstm05       n=153      Auto→merge3 cu=  0.336 serial=  0.213 m3=   0.12 Auto=  0.103 Ocean=  0.172 HSMU=  0.274 (5.0s)
[56/100] bcsstm06       n=420      Auto→merge3 cu=  0.385 serial=  0.169 m3=  0.114 Auto=  0.107 Ocean=  0.176 HSMU=  0.294 (5.0s)
[57/100] bcsstm07       n=420      Auto→merge3 cu=  0.477 serial=  0.623 m3=  0.181 Auto=  0.147 Ocean=  0.309 HSMU=  0.341 (5.0s)
[58/100] bcsstm08       n=1074     Auto→merge3 cu=  0.389 serial=  0.168 m3=  0.133 Auto=  0.119 Ocean=  0.173 HSMU=  0.322 (5.1s)
[59/100] bcsstm09       n=1083     Auto→merge3 cu=  0.353 serial=  0.164 m3=  0.113 Auto=  0.111 Ocean=  0.161 HSMU=  0.312 (5.0s)
[60/100] bcsstm10       n=1086     