############################################################
#  SpGEMM 方法对比  →  compare/method_cmp_20260722_170954/
#  Ocean / HSMU / cuSPARSE / merge(serial) / merge3 / Auto
#  矩阵: ./data/first100  (全部)
############################################################
### [1/4] 编译 spgemm_test(DBG=1 开 phase 时间戳,含 hash + Auto)###
  ✓ done(spgemm 法计时为 compute-only,排除 h2d/d2h,对标 full_compare)
### [2/4] 备份 HSMU /tmp CSV → /tmp/hsmu_backup_20260722_170954 ###
  ✓ 备份 4 个
### [3/4] 对比(Ocean+HSMU+cu+serial+merge3+Auto,每方法/矩阵超时 200s)###
对比 100 阵 × ['cu', 'serial', 'merge3', 'Auto'] + Ocean + HSMU → compare/method_cmp_20260722_170954/methods_cmp.csv

[1/100] 1138_bus       n=1138     Auto→merge3 cu=  0.321 serial=  0.276 m3=   0.15 Auto=  0.147 Ocean=  0.226 HSMU=  0.389 (5.0s)
[2/100] 494_bus        n=494      Auto→merge3 cu=   0.37 serial=  0.232 m3=  0.125 Auto=  0.121 Ocean=  0.215 HSMU=  0.302 (5.0s)
[3/100] 662_bus        n=662      Auto→merge3 cu=  0.374 serial=  0.219 m3=  0.132 Auto=  0.151 Ocean=  0.206 HSMU=  0.324 (5.0s)
[4/100] 685_bus        n=685      Auto→merge3 cu=  0.352 serial=  0.239 m3=  0.182 Auto=  0.147 Ocean=  0.228 HSMU=  0.293 (5.0s)
[5/100] arc130         n=130      Auto→merge3 cu=  0.356 serial=  1.571 m3=  0.161 Auto=  0.187 Ocean=  0.378 HSMU=   0.41 (5.0s)
[6/100] ash292         n=292      Auto→merge3 cu=  0.354 serial=  0.238 m3=  0.164 Auto=  0.144 Ocean=  0.221 HSMU=  0.302 (5.0s)
[7/100] ash85          n=85       Auto→merge3 cu=  0.358 serial=   0.23 m3=  0.117 Auto=  0.133 Ocean=  0.218 HSMU=  0.297 (5.0s)
[8/100] bcspwr01       n=39       Auto→merge3 cu=  0.379 serial=  0.202 m3=  0.139 Auto=  0.137 Ocean=  0.199 HSMU=  0.292 (5.0s)
[9/100] bcspwr02       n=49       Auto→merge3 cu=  0.399 serial=    0.2 m3=   0.13 Auto=   0.11 Ocean=  0.202 HSMU=  0.274 (5.0s)
[10/100] bcspwr03       n=118      Auto→merge3 cu=    0.4 serial=  0.212 m3=  0.149 Auto=  0.128 Ocean=  0.214 HSMU=  0.291 (5.0s)
[11/100] bcspwr04       n=274      Auto→merge3 cu=  0.386 serial=  0.314 m3=  0.132 Auto=  0.137 Ocean=   0.22 HSMU=  0.368 (5.0s)
[12/100] bcspwr05       n=443      Auto→merge3 cu=  0.357 serial=  0.318 m3=  0.129 Auto=   0.12 Ocean=  0.205 HSMU=  0.302 (5.1s)
[13/100] bcspwr06       n=1454     Auto→merge3 cu=  0.404 serial=   0.25 m3=  0.178 Auto=  0.154 Ocean=   0.21 HSMU=  0.324 (5.2s)
[14/100] bcspwr07       n=1612     Auto→merge3 cu=  0.407 serial=  0.249 m3=  0.173 Auto=  0.171 Ocean=  0.212 HSMU=  0.302 (5.0s)
[15/100] bcspwr08       n=1624     Auto→merge3 cu=  0.364 serial=  0.267 m3=  0.167 Auto=  0.165 Ocean=  0.226 HSMU=  0.312 (5.1s)
[16/100] bcspwr09       n=1723     Auto→merge3 cu=  0.359 serial=  0.275 m3=  0.162 Auto=  0.161 Ocean=   0.21 HSMU=  0.239 (5.0s)
[17/100] bcspwr10       n=5300     Auto→hash   cu=  0.442 serial=  0.431 m3=  0.196 Auto=  0.568 Ocean=  0.223 HSMU=  0.912 (5.0s)
[18/100] bcsstk01       n=48       Auto→merge3 cu=  0.341 serial=  0.237 m3=  0.115 Auto=  0.132 Ocean=  0.316 HSMU=  0.288 (5.0s)
[19/100] bcsstk02       n=66       Auto→merge3 cu=  0.456 serial=  1.603 m3=  0.138 Auto=  0.143 Ocean=  0.856 HSMU=  0.606 (4.9s)
[20/100] bcsstk03       n=112      Auto→merge3 cu=  0.353 serial=  0.187 m3=  0.114 Auto=  0.337 Ocean=  0.258 HSMU=  0.432 (5.4s)
[21/100] bcsstk04       n=132      Auto→merge3 cu=  0.707 serial=  1.493 m3=  0.284 Auto=   0.32 Ocean=  0.529 HSMU=  0.414 (5.1s)
[22/100] bcsstk05       n=153      Auto→merge3 cu=   0.61 serial=  0.403 m3=  0.146 Auto=  0.245 Ocean=  0.339 HSMU=  0.364 (5.0s)
[23/100] bcsstk06       n=420      Auto→merge3 cu=  0.543 serial=  0.712 m3=  0.323 Auto=   0.31 Ocean=  0.358 HSMU=  0.376 (5.0s)
[24/100] bcsstk07       n=420      Auto→merge3 cu=  0.763 serial=  0.641 m3=  0.218 Auto=  0.299 Ocean=   0.27 HSMU=  0.376 (5.0s)
[25/100] bcsstk08       n=1074     Auto→hash   cu=  0.926 serial= 21.588 m3=  1.011 Auto=  0.876 Ocean=  0.396 HSMU=  0.686 (4.7s)
[26/100] bcsstk09       n=1083     Auto→merge3 cu=  0.412 serial=  0.689 m3=  0.175 Auto=  0.177 Ocean=  0.274 HSMU=  0.265 (4.4s)
[27/100] bcsstk10       n=1086     Auto→merge3 cu=  0.431 serial=  0.804 m3=  0.206 Auto=  0.233 Ocean=  0.395 HSMU=  0.391 (4.6s)
[28/100] bcsstk11       n=1473     Auto→merge3 cu=  0.579 serial=  1.057 m3=  0.217 Auto=  0.225 Ocean=  0.504 HSMU=  0.516 (5.1s)
[29/100] bcsstk12       n=1473     Auto→merge3 cu=  0.643 serial=  1.129 m3=   0.23 Auto=  0.219 Ocean=  0.545 HSMU=  0.541 (5.2s)
[30/100] bcsstk13       n=2003     Auto→merge3 cu=  0.959 serial=  5.934 m3=  1.008 Auto=  0.988 Ocean=  0.572 HSMU=  0.934 (5.2s)
[31/100] bcsstk14       n=1806     Auto→merge3 cu=  0.819 serial=  1.874 m3=  0.506 Auto=  0.521 Ocean=  0.461 HSMU=  0.601 (5.2s)
[32/100] bcsstk15       n=3948     Auto→hash   cu=  1.179 serial=  2.531 m3=  0.738 Auto=  0.826 Ocean=  0.435 HSMU=  0.696 (5.2s)
[33/100] bcsstk16       n=4884     Auto→hash   cu=  1.833 serial= 10.364 m3=  1.737 Auto=  1.059 Ocean=  0.784 HSMU=  1.482 (5.6s)
[34/100] bcsstk17       n=10974    Auto→hash   cu=  2.333 serial=  9.631 m3=   1.84 Auto=  1.274 Ocean=  0.821 HSMU=  1.758 (5.8s)
[35/100] bcsstk18       n=11948    Auto→hash   cu=    1.0 serial=  2.596 m3=  0.832 Auto=  1.071 Ocean=  0.458 HSMU=  1.293 (5.3s)
[36/100] bcsstk19       n=817      Auto→merge3 cu=  0.401 serial=  0.238 m3=   0.15 Auto=  0.138 Ocean=  0.338 HSMU=  0.329 (5.0s)
[37/100] bcsstk20       n=485      Auto→merge3 cu=  0.377 serial=  0.235 m3=  0.144 Auto=  0.147 Ocean=  0.222 HSMU=  0.311 (5.1s)
[38/100] bcsstk21       n=3600     Auto→hash   cu=  0.489 serial=  0.446 m3=  0.187 Auto=  0.506 Ocean=  0.226 HSMU=  0.411 (5.1s)
[39/100] bcsstk22       n=138      Auto→merge3 cu=  0.361 serial=  0.196 m3=  0.128 Auto=  0.115 Ocean=  0.218 HSMU=  0.289 (5.0s)
[40/100] bcsstk23       n=3134     Auto→hash   cu=  1.208 serial=   1.35 m3=  0.451 Auto=  0.665 Ocean=  0.361 HSMU=  0.525 (5.2s)
[41/100] bcsstk24       n=3562     Auto→hash   cu=  1.299 serial=  3.225 m3=  1.285 Auto=  0.843 Ocean=  0.648 HSMU=  0.982 (5.4s)
[42/100] bcsstk25       n=15439    Auto→hash   cu=  1.258 serial=  3.819 m3=  1.201 Auto=  1.249 Ocean=   0.47 HSMU=  1.529 (5.4s)
[43/100] bcsstk26       n=1922     Auto→merge3 cu=  0.653 serial=  1.138 m3=  0.211 Auto=  0.218 Ocean=  0.352 HSMU=  0.519 (5.0s)
[44/100] bcsstk27       n=1224     Auto→merge3 cu=  0.816 serial=  2.194 m3=  0.451 Auto=  0.446 Ocean=  0.589 HSMU=   0.65 (5.1s)
[45/100] bcsstk28       n=4410     Auto→hash   cu=  1.491 serial=  5.165 m3=  1.031 Auto=   1.22 Ocean=  0.738 HSMU=  1.327 (5.4s)
[46/100] bcsstk29       n=13992    Auto→hash   cu=  2.963 serial=  9.247 m3=  1.996 Auto=  1.478 Ocean=  0.974 HSMU=  1.778 (5.6s)
[47/100] bcsstk30       n=28924    Auto→hash   cu=   8.47 serial= 86.901 m3= 15.981 Auto=  3.623 Ocean=  2.413 HSMU=  4.776 (7.3s)
[48/100] bcsstk31       n=35588    Auto→hash   cu=  5.214 serial=  19.67 m3=  4.274 Auto=  2.315 Ocean=  1.282 HSMU=   2.74 (6.2s)
[49/100] bcsstk32       n=44609    Auto→hash   cu=  8.727 serial= 36.537 m3=  7.178 Auto=  3.328 Ocean=   1.79 HSMU=  3.723 (7.0s)
[50/100] bcsstk33       n=8738     Auto→hash   cu=  2.871 serial=  20.47 m3=  3.914 Auto=  1.995 Ocean=  1.588 HSMU=  1.952 (5.6s)
[51/100] bcsstm01       n=48       Auto→merge3 cu=  0.366 serial=  0.224 m3=  0.106 Auto=  0.113 Ocean=  0.168 HSMU=   0.28 (4.9s)
[52/100] bcsstm02       n=66       Auto→merge3 cu=  0.332 serial=  0.177 m3=  0.108 Auto=  0.107 Ocean=  0.167 HSMU=  0.287 (4.9s)
[53/100] bcsstm03       n=112      Auto→merge3 cu=  0.346 serial=  0.195 m3=   0.12 Auto=  0.131 Ocean=  0.171 HSMU=  0.275 (4.9s)
[54/100] bcsstm04       n=132      Auto→merge3 cu=  0.332 serial=  0.189 m3=  0.137 Auto=  0.108 Ocean=  0.176 HSMU=  0.273 (5.0s)
[55/100] bcsstm05       n=153      Auto→merge3 cu=  0.382 serial=  0.186 m3=  0.126 Auto=   0.11 Ocean=  0.172 HSMU=  0.281 (5.0s)
[56/100] bcsstm06       n=420      Auto→merge3 cu=  0.363 serial=  0.224 m3=  0.112 Auto=  0.111 Ocean=  0.175 HSMU=  0.293 (5.0s)
[57/100] bcsstm07       n=420      Auto→merge3 cu=  0.494 serial=  0.644 m3=  0.193 Auto=  0.178 Ocean=  0.339 HSMU=  0.691 (5.0s)
[58/100] bcsstm08       n=1074     Auto→merge3 cu=  0.387 serial=  0.198 m3=  0.121 Auto=  0.117 Ocean=  0.172 HSMU=  0.298 (5.0s)
[59/100] bcsstm09       n=1083     Auto→merge3 cu=  0.403 serial=  0.176 m3=  0.119 Auto=  0.115 Ocean=  0.195 HSMU=  0.286 (5.0s)
[60/100] bcsstm10       n=1086     Auto→merge3 cu=  0.471 serial=  1.007 m3=   0.23 Auto=  0.209 Ocean=  0.498 HSMU=  0.372 (5.0s)
[61/100] bcsstm11       n=1473     Auto→merge3 cu=  0.366 serial=  0.177 m3=  0.115 Auto=  0.114 Ocean=  0.171 HSMU=  0.251 (5.0s)
[62/100] bcsstm12       n=1473     Auto→merge3 cu=  0.462 serial=  0.739 m3=  0.165 Auto=  0.166 Ocean=  0.298 HSMU=  0.396 (4.7s)
[63/100] bcsstm13       n=2003     Auto→merge3 cu=  0.899 serial=  3.387 m3=  0.562 Auto=  0.551 Ocean=   0.53 HSMU=  0.685 (5.1s)
[64/100] bcsstm19       n=817      Auto→merge3 cu=  0.618 serial=  0.433 m3=  0.268 Auto=  0.115 Ocean=  0.191 HSMU=  0.278 (5.0s)
[65/100] bcsstm20       n=485      Auto→merge3 cu=  0.511 serial=  0.475 m3=  0.216 Auto=  0.232 Ocean=  0.167 HSMU=  0.335 (4.9s)
[66/100] bcsstm21       n=3600     Auto→hash   cu=  0.658 serial=  0.343 m3=  0.294 Auto=  0.553 Ocean=  0.187 HSMU=  0.612 (5.2s)
[67/100] bcsstm22       n=138      Auto→merge3 cu=  0.607 serial=  0.446 m3=  0.236 Auto=  0.281 Ocean=  0.214 HSMU=  0.293 (5.0s)
[68/100] bcsstm23       n=3134     Auto→hash   cu=  0.401 serial=  0.422 m3=  0.268 Auto=  0.576 Ocean=  0.176 HSMU=  0.578 (5.0s)
[69/100] bcsstm24       n=3562     Auto→hash   cu=   0.63 serial=  0.495 m3=  0.151 Auto=  0.365 Ocean=  0.202 HSMU=  0.562 (5.0s)
[70/100] bcsstm25       n=15439    Auto→hash   cu=  0.653 serial=  0.457 m3=  0.385 Auto=  0.938 Ocean=  0.194 HSMU=  0.502 (5.0s)
[71/100] bcsstm26       n=1922     Auto→merge3 cu=   0.41 serial=  0.217 m3=  0.162 Auto=  0.276 Ocean=  0.182 HSMU=  0.293 (4.9s)
[72/100] bcsstm27       n=1224     Auto→merge3 cu=   0.89 serial=  2.772 m3=  0.632 Auto=  0.682 Ocean=  0.588 HSMU=  0.743 (5.2s)
[73/100] blckhole       n=2132     Auto→merge3 cu=  0.721 serial=  0.798 m3=  0.197 Auto=   0.31 Ocean=  0.206 HSMU=   0.57 (5.0s)
[74/100] bp_0           n=822      Auto→hash   cu=  0.646 serial= 11.633 m3=  0.611 Auto=   0.76 Ocean=  0.261 HSMU=   0.46 (5.1s)
[75/100] bp_1000        n=822      Auto→hash   cu=  0.687 serial= 17.844 m3=  0.787 Auto=  0.828 Ocean=  0.283 HSMU=  0.497 (5.1s)
[76/100] bp_1200        n=822      Auto→hash   cu=  0.576 serial=  18.22 m3=  0.851 Auto=    0.9 Ocean=  0.266 HSMU=  0.486 (5.1s)
[77/100] bp_1400        n=822      Auto→hash   cu=  0.631 serial= 18.036 m3=  0.766 Auto=  0.679 Ocean=  0.253 HSMU=  0.499 (5.2s)
[78/100] bp_1600        n=822      Auto→hash   cu=  0.444 serial= 17.755 m3=  0.855 Auto=  0.925 Ocean=  0.266 HSMU=  0.529 (5.1s)
[79/100] bp_200         n=822      Auto→hash   cu=  0.652 serial=   14.3 m3=  0.791 Auto=  0.824 Ocean=  0.262 HSMU=   0.49 (5.1s)
[80/100] bp_400         n=822      Auto→hash   cu=   0.43 serial= 15.617 m3=   0.68 Auto=  0.524 Ocean=   0.22 HSMU=  0.478 (5.0s)
[81/100] bp_600         n=822      Auto→hash   cu=  0.373 serial= 16.213 m3=  0.622 Auto=  0.525 Ocean=  0.258 HSMU=  0.403 (4.4s)
[82/100] bp_800         n=822      Auto→hash   cu=  0.318 serial= 16.793 m3=  0.649 Auto=  0.533 Ocean=  0.221 HSMU=  0.408 (4.4s)
[83/100] can_1054       n=1054     Auto→merge3 cu=  0.381 serial=  0.815 m3=  0.188 Auto=  0.168 Ocean=  0.292 HSMU=  0.346 (4.6s)
[84/100] can_1072       n=1072     Auto→merge3 cu=  0.471 serial=  1.141 m3=  0.217 Auto=  0.257 Ocean=  0.361 HSMU=  0.343 (5.0s)
[85/100] can_144        n=144      Auto→merge3 cu=  0.394 serial=   0.26 m3=  0.135 Auto=  0.139 Ocean=  0.329 HSMU=   0.31 (5.0s)
[86/100] can_161        n=161      Auto→merge3 cu=  0.425 serial=  0.268 m3=  0.138 Auto=  0.147 Ocean=  0.329 HSMU=  0.301 (4.9s)
[87/100] can_187        n=187      Auto→merge3 cu=  0.344 serial=  0.225 m3=  0.138 Auto=  0.131 Ocean=  0.334 HSMU=  0.306 (4.9s)
[88/100] can_229        n=229      Auto→merge3 cu=  0.366 serial=  0.265 m3=  0.164 Auto=  0.169 Ocean=  0.322 HSMU=  0.316 (4.9s)
[89/100] can_24         n=24       Auto→merge3 cu=  0.389 serial=  0.242 m3=  0.139 Auto=  0.133 Ocean=  0.199 HSMU=    0.3 (4.9s)
[90/100] can_256        n=256      Auto→merge3 cu=  0.386 serial=  1.857 m3=  0.212 Auto=  0.221 Ocean=  0.314 HSMU=  0.355 (4.9s)
[91/100] can_268        n=268      Auto→merge3 cu=  0.373 serial=  0.682 m3=  0.175 Auto=   0.17 Ocean=  0.345 HSMU=  0.329 (4.9s)
[92/100] can_292        n=292      Auto→merge3 cu=  0.382 serial=  0.509 m3=  0.153 Auto=  0.141 Ocean=  0.338 HSMU=  0.329 (4.9s)
[93/100] can_445        n=445      Auto→merge3 cu=  0.372 serial=  0.281 m3=  0.146 Auto=  0.155 Ocean=  0.309 HSMU=  0.305 (5.0s)
[94/100] can_61         n=61       Auto→merge3 cu=  0.361 serial=  0.333 m3=  0.126 Auto=  0.132 Ocean=  0.324 HSMU=  0.241 (4.8s)
[95/100] can_62         n=62       Auto→merge3 cu=  0.298 serial=  0.449 m3=  0.153 Auto=   0.26 Ocean=  0.193 HSMU=  0.306 (4.9s)
[96/100] can_634        n=634      Auto→merge3 cu=  0.512 serial=  0.706 m3=  0.309 Auto=  0.312 Ocean=  0.383 HSMU=  0.349 (5.0s)
[97/100] can_715        n=715      Auto→merge3 cu=  0.611 serial=  2.072 m3=  0.499 Auto=  0.398 Ocean=  0.378 HSMU=  0.377 (5.0s)
[98/100] can_73         n=73       Auto→merge3 cu=  0.542 serial=  0.384 m3=  0.285 Auto=  0.299 Ocean=  0.205 HSMU=  0.322 (5.0s)
[99/100] can_838        n=838      Auto→merge3 cu=  0.652 serial=  0.857 m3=  0.292 Auto=  0.341 Ocean=  0.368 HSMU=  0.336 (5.0s)
[100/100] can_96         n=96       Auto→merge3 cu=  0.616 serial=  0.499 m3=  0.286 Auto=  0.284 Ocean=   0.34 HSMU=    0.3 (5.0s)

完成 → compare/method_cmp_20260722_170954/methods_cmp.csv

=== 几何均值(ms) ===
  cu          0.572
  serial      0.948
  merge3      0.291
  Auto        0.299
  Ocean       0.313
  HSMU        0.456

=== Auto 选择(共 100 阵)===  hash 29 / merge3 71
  选 hash 的:bcspwr10, bcsstk08, bcsstk15, bcsstk16, bcsstk17, bcsstk18, bcsstk21, bcsstk23, bcsstk24, bcsstk25, bcsstk28, bcsstk29, bcsstk30, bcsstk31, bcsstk32, bcsstk33, bcsstm21, bcsstm23, bcsstm24, bcsstm25, bp_0, bp_1000, bp_1200, bp_1400, bp_1600, bp_200, bp_400, bp_600, bp_800
  ✓ 对比表: compare/method_cmp_20260722_170954/methods_cmp.csv (100 阵)
### [4/4] 报告 + 柱状图(仿 full_compare_K=5.txt + profile_methods_bar.png)###
  ✓ 报告: compare/method_cmp_20260722_170954/methods_cmp_report.txt
  ✓ 图: compare/method_cmp_20260722_170954/methods_cmp_bar.png

############################################################
#  完成!产物在 compare/method_cmp_20260722_170954/  (HSMU /tmp CSV 由 EXIT trap 已恢复)
############################################################
methods_cmp_bar.png
methods_cmp.csv
methods_cmp_report.txt
run.log

================ 报告(每阵表 + 类别聚合 + 输给 Ocean)================
[compute-only:稀疏法=各阶段求和去 h2d/d2h(对标 full_compare);Ocean=GPU 阶段求和;HSMU=time2]  ms
class name                        n    cuSP   Ocean    HSMU  serial     m3    Auto Auto/Oce  m3/cu  m3/Oce
--------------------------------------------------------------------------------------------------------------------
 Dens can_24                       24   0.39   0.20   0.30   0.24   0.14   0.13   0.67   0.36   0.70
 Dens bcsstk02                     66   0.46   0.86   0.61   1.60   0.14   0.14   0.17   0.30   0.16
 Dens bcsstk04                    132   0.71   0.53   0.41   1.49   0.28   0.32   0.60   0.40   0.54
 Mild bcspwr01                     39   0.38   0.20   0.29   0.20   0.14   0.14   0.69   0.37   0.70
 Mild bcsstk01                     48   0.34   0.32   0.29   0.24   0.12   0.13   0.42   0.34   0.36
 Mild bcsstm01                     48   0.37   0.17   0.28   0.22   0.11   0.11   0.67   0.29   0.63
 Mild bcspwr02                     49   0.40   0.20   0.27   0.20   0.13   0.11   0.54   0.33   0.64
 Mild can_61                       61   0.36   0.32   0.24   0.33   0.13   0.13   0.41   0.35   0.39
 Mild can_62                       62   0.30   0.19   0.31   0.45   0.15   0.26   1.35   0.51   0.79
 Mild bcsstm02                     66   0.33   0.17   0.29   0.18   0.11   0.11   0.64   0.33   0.65
 Mild can_73                       73   0.54   0.20   0.32   0.38   0.28   0.30   1.46   0.53   1.39
 Mild ash85                        85   0.36   0.22   0.30   0.23   0.12   0.13   0.61   0.33   0.54
 Mild can_96                       96   0.62   0.34   0.30   0.50   0.29   0.28   0.84   0.46   0.84
 Mild bcsstk03                    112   0.35   0.26   0.43   0.19   0.11   0.34   1.31   0.32   0.44
 Mild bcspwr03                    118   0.40   0.21   0.29   0.21   0.15   0.13   0.60   0.37   0.70
 Mild arc130                      130   0.36   0.38   0.41   1.57   0.16   0.19   0.49   0.45   0.43
 Mild bcsstk22                    138   0.36   0.22   0.29   0.20   0.13   0.12   0.53   0.35   0.59
 Mild can_144                     144   0.39   0.33   0.31   0.26   0.14   0.14   0.42   0.34   0.41
 Mild bcsstk05                    153   0.61   0.34   0.36   0.40   0.15   0.24   0.72   0.24   0.43
 Mild can_161                     161   0.42   0.33   0.30   0.27   0.14   0.15   0.45   0.32   0.42
 Mild can_187                     187   0.34   0.33   0.31   0.23   0.14   0.13   0.39   0.40   0.41
 Mild can_229                     229   0.37   0.32   0.32   0.27   0.16   0.17   0.52   0.45   0.51
 Mild can_256                     256   0.39   0.31   0.35   1.86   0.21   0.22   0.70   0.55   0.68
 Mild can_268                     268   0.37   0.34   0.33   0.68   0.17   0.17   0.49   0.47   0.51
 Mild bcspwr04                    274   0.39   0.22   0.37   0.31   0.13   0.14   0.62   0.34   0.60
 Mild ash292                      292   0.35   0.22   0.30   0.24   0.16   0.14   0.65   0.46   0.74
 Mild can_292                     292   0.38   0.34   0.33   0.51   0.15   0.14   0.42   0.40   0.45
 Mild bcsstk06                    420   0.54   0.36   0.38   0.71   0.32   0.31   0.87   0.59   0.90
 Mild bcsstk07                    420   0.76   0.27   0.38   0.64   0.22   0.30   1.11   0.29   0.81
 Mild bcsstm07                    420   0.49   0.34   0.69   0.64   0.19   0.18   0.53   0.39   0.57
 Mild can_445                     445   0.37   0.31   0.30   0.28   0.15   0.15   0.50   0.39   0.47
 Mild bcsstk27                  1,224   0.82   0.59   0.65   2.19   0.45   0.45   0.76   0.55   0.77
 Mild bcsstm27                  1,224   0.89   0.59   0.74   2.77   0.63   0.68   1.16   0.71   1.07
 Mild bcsstk14                  1,806   0.82   0.46   0.60   1.87   0.51   0.52   1.13   0.62   1.10
 Mild bcsstk13                  2,003   0.96   0.57   0.93   5.93   1.01   0.99   1.73   1.05   1.76
 High bcsstm03                    112   0.35   0.17   0.28   0.20   0.12   0.13   0.77   0.35   0.70
 High bcsstm04                    132   0.33   0.18   0.27   0.19   0.14   0.11   0.61   0.41   0.78

(完整报告: compare/method_cmp_20260722_170954/methods_cmp_report.txt)
对比表: compare/method_cmp_20260722_170954/methods_cmp.csv | 柱状图: compare/method_cmp_20260722_170954/methods_cmp_bar.png
### 恢复 HSMU /tmp CSV(从 /tmp/hsmu_backup_20260722_170954)###
