====================================================================================================================
class name                              n  cuSPARSE       外积     Gust       列向       内积       全量nnz      上三角nnz   一致
--------------------------------------------------------------------------------------------------------------------
Mild can_73                           73      3.23     3.09     1.51     1.42     1.46       1,377         725    ✓
?    bcsstm02                         66      1.17     1.86     1.20     1.13     1.13          66          66    ✓
?    bcsstm08                       1074      1.25     1.11     1.17     1.13     1.20       1,074       1,074    ✓
?    bcspwr03                        118      1.33     1.24     1.24     1.26     1.23       1,270         694    ✓
?    can_229                         229      1.33     1.24     1.31     1.27     1.33       5,017       2,623    ✓
?    can_268                         268      1.41     1.35     1.47     1.48     2.65      15,590       7,929    ✓
?    bcsstk01                         48      1.42     2.45     2.79     1.26     1.30       1,292         670    ✓
?    bcspwr02                         49      1.47     1.36     1.44     1.42     6.92         403         226    ✓
?    bcsstm05                        153      1.48     3.21     1.31     1.28     2.13         153         153    ✓
?    bcsstm11                       1473      1.49     1.33     1.43     1.39     1.42       1,473       1,473    ✓
?    bcsstk20                        485      1.50     2.22     1.60     1.93     1.67       5,545       3,015    ✓
?    bcsstm21                       3600      1.52     1.75     1.53     1.72     1.58       3,600       3,600    ✓
?    ash292                          292      1.55     1.44     1.50     1.49     1.53       6,042       3,167    ✓
?    bcsstk22                        138      1.55     1.48     1.52     1.86     1.73       1,552         845    ✓
?    bp_400                          822      1.55     1.56     5.16     7.21     1.84      14,428       7,625    ✓
?    1138_bus                       1138      1.58     1.53     1.62     1.55     1.57      11,142       6,140    ✓
?    arc130                          130      1.58     1.50     1.63     1.61     1.71      15,654       7,892    ✓
?    685_bus                         685      1.63     1.54     1.64     1.58     1.61       9,337       5,011    ✓
?    bcspwr09                       1723      1.63     1.55     1.64     1.59     1.69      18,485      10,104    ✓
?    bcsstm03                        112      1.63     4.18     1.78     2.49     1.62         112         112    ✓
?    can_187                         187      1.63     1.57     1.65     1.63     1.65       3,719       1,953    ✓
?    ash85                            85      1.64     1.54     1.59     1.46     1.46       1,317         701    ✓
?    can_292                         292      1.65     1.62     2.78     2.72     1.54      11,670       5,981    ✓
?    bcsstm04                        132      1.66     3.74     4.57     4.76     2.47         132         132    ✓
?    bcsstm23                       3134      1.66     1.55     1.65     1.47     1.51       3,134       3,134    ✓
?    bcspwr01                         39      1.66     1.54     1.62     1.74     1.64         275         157    ✓
?    can_161                         161      1.67     3.99     2.53     1.58     3.71       3,761       1,961    ✓
?    bp_600                          822      1.67     1.71     1.82     1.62     1.74      14,688       7,755    ✓
?    bp_1600                         822      1.68     1.60     1.66     1.63     1.77      17,066       8,944    ✓
?    bcspwr04                        274      1.69     1.49     1.58     1.55     1.60       4,982       2,628    ✓
?    bcsstm24                       3562      1.71     1.76     1.54     1.52     1.52       3,562       3,562    ✓
?    bp_1200                         822      1.72     4.00     4.41     2.29     1.88      16,546       8,684    ✓
?    bcspwr06                       1454      1.73     3.06     1.97     1.63     1.65      14,110       7,782    ✓
?    bcsstk19                        817      1.74     1.67     2.88     1.66     4.18      18,305       9,561    ✓
?    bcsstm26                       1922      1.75     1.63     1.68     1.51     1.54       1,922       1,922    ✓
?    can_144                         144      1.77     4.01     4.47     4.63     1.74       3,456       1,800    ✓
?    can_96                           96      1.80     1.67     1.64     1.60     1.65       1,920       1,008    ✓
?    bp_1400                         822      1.81     2.65     1.96     1.79     1.94      16,896       8,859    ✓
?    bcsstk02                         66      1.81     1.89     2.25     2.26     2.23       4,356       2,211    ✓
?    bcsstm25                      15439      1.81     1.72     1.86     1.86     3.03      15,439      15,439    ✓
?    can_838                         838      1.85     1.85     2.03     2.03     2.05      51,156      25,997    ✓
?    bcspwr07                       1612      1.86     1.73     2.10     1.81     1.80      15,684       8,648    ✓
?    can_62                           62      1.91     2.38     2.78     2.19     1.70         482         272    ✓
?    bp_1000                         822      1.91     1.72     3.01     1.79     2.18      16,620       8,721    ✓
?    can_1072                       1072      1.97     2.05     1.91     2.01     2.51      62,316      31,694    ✓
?    blckhole                       2132      1.97     1.59     2.01     2.08     2.15      41,546      21,839    ✓
?    can_1054                       1054      2.06     3.05    11.58     2.10    12.40      60,248      30,651    ✓
?    bp_200                          822      2.11     1.64     1.72     1.69     1.79      13,376       7,099    ✓
?    bcspwr10                       5300      2.13     1.78     2.41     2.23     2.41      60,498      32,899    ✓
?    bcsstk26                       1922      2.16     2.32     2.46     2.56     3.21      92,530      47,226    ✓
?    bcspwr08                       1624      2.22     2.08     2.21     1.70     1.76      16,916       9,270    ✓
?    bcsstm12                       1473      2.26     3.18     3.86     3.93     2.30      53,615      27,544    ✓
?    662_bus                         662      2.32     3.20     1.68     1.54     1.70       6,480       3,571    ✓
?    bcsstm13                       2003      2.37     2.48     2.83     2.81     2.92      90,811      46,407    ✓
?    can_24                           24      2.38     1.52     2.92     1.39     1.39         336         180    ✓
?    bcsstk10                       1086      2.42     2.88     2.71     2.70     2.64      54,504      27,795    ✓
?    bcsstk07                        420      2.52     2.77     1.93     1.74     1.78      23,660      12,040    ✓
?    bcsstk23                       3134      2.55     2.50     2.75     2.71     2.79     220,632     111,883    ✓
?    bcsstm20                        485      2.81     2.71     1.65     3.74     2.76         485         485    ✓
?    bcsstm22                        138      2.86     1.49     2.75     3.21     1.85         138         138    ✓
?    bcsstk11                       1473      2.94     3.09     2.83     2.77     2.78      94,187      47,830    ✓
?    bcsstm27                       1224      2.94     2.90     3.28     3.26    20.17     138,106      69,665    ✓
?    bcspwr05                        443      2.96     1.60     2.53     2.08     1.84       4,249       2,346    ✓
?    bcsstk08                       1074      3.12     3.15     3.27     3.22     3.35     305,612     153,343    ✓
?    bcsstk05                        153      3.14     1.67     2.36     2.85     1.76       7,245       3,699    ✓
?    bcsstm09                       1083      3.18     1.68     1.73     2.58     3.23       1,083       1,083    ✓
?    can_61                           61      3.21     1.69     3.33     3.52     2.30       1,793         927    ✓
?    can_634                         634      3.32     1.80     1.92     2.44     2.18      25,446      13,040    ✓
?    bcsstm01                         48      3.40     7.73     1.75     2.74     2.01          48          48    ✓
?    bcsstm07                        420      3.80     3.08     3.61     3.45     3.32      22,972      11,696    ✓
?    bcsstk03                        112      3.85     3.33     1.74     2.45     3.24       1,072         592    ✓
?    bcsstk12                       1473      3.95     4.03     4.66     4.25     3.15      94,187      47,830    ✓
?    bcsstk09                       1083      3.97     3.38     3.61     2.50     2.47      71,289      36,186    ✓
?    bcsstm10                       1086      4.11     2.22     3.85     2.13     2.02      54,504      27,795    ✓
?    can_256                         256      4.16     1.95     1.80     3.90     3.27      18,568       9,412    ✓
?    bcsstk06                        420      4.17     2.79     2.13     1.91     1.92      23,660      12,040    ✓
?    bcsstk18                      11948      4.30     2.95     3.40    16.80    15.49     713,208     362,578    ✓
?    bcsstm19                        817      4.39     2.80     2.95     2.63     3.51         817         817    ✓
?    bcsstk13                       2003      4.46    17.54    17.30    53.48     4.37     396,773     199,388    ✓
?    bcsstm06                        420      4.50     1.63     3.61     3.28     1.63         420         420    ✓
?    can_445                         445      4.50     1.67     4.82     1.94     3.88      11,193       5,819    ✓
?    can_715                         715      4.56     3.95     1.78     1.76     1.61      39,785      20,250    ✓
?    bcsstk04                        132      4.59     1.75     3.19     2.29     1.99      11,968       6,050    ✓
?    bcsstk14                       1806      4.69     4.31     5.24     5.75     5.07     195,654      98,730    ✓
?    bp_0                            822      4.83     4.01     4.75     4.75     5.04      10,552       5,687    ✓
?    bcsstk24                       3562      4.93     4.16     4.67     4.32    29.59     446,474     225,018    ✓
?    bcsstk28                       4410      5.17     5.04     5.85     7.02     7.68     596,072     300,241    ✓
?    bcsstk27                       1224      6.29     4.31     4.85     8.66     8.00     138,106      69,665    ✓
?    bcsstk16                       4884      6.87    19.46    63.37    13.84    10.97   1,038,782     521,833    ✓
?    bcsstk21                       3600      7.14     2.68     8.26     1.77     3.34      93,072      48,336    ✓
?    bp_800                          822      7.29     7.58     2.15    53.02     5.58      16,402       8,612    ✓
?    bcsstk15                       3948      7.32     6.41     5.12     4.10     4.11     527,688     265,818    ✓
?    494_bus                         494      8.83     4.29     7.95     5.65     5.13       4,062       2,278    ✓
?    bcsstk25                      15439      8.99     6.79     6.80    38.70    49.36   1,168,919     592,179    ✓
?    bcsstk33                       8738     16.27    12.38    22.12    12.91    17.20   2,569,536   1,289,137    ✓
?    bcsstk29                      13992     16.36    32.56    60.65    13.58    13.14   1,965,686     989,839    ✓
?    bcsstk31                      35588     27.17    41.17    59.07    20.15    59.26   4,713,580   2,374,584    ✓
?    bcsstk30                      28924     47.44    36.53    51.00    45.57    52.27   8,946,070   4,487,497    ✓
?    bcsstk17                      10974     66.68     9.96     9.27    15.42    27.23   1,406,936     708,955    ✓
?    bcsstk32                      44609    109.21    32.62    30.03    28.43    29.11   6,819,653   3,432,131    ✓

======================================================================
按类别聚合(均值,ms)
----------------------------------------------------------------------
class               #  cuSPARSE       外积     Gust       列向       内积
Mildly sparse       1       3.2      3.1      1.5      1.4      1.5

==============================================================================
分阶段构成(各矩阵均值,ms)
------------------------------------------------------------------------------
方法                      传输        符号        计算        合并      数值归并        打包
cuSPARSE(全量)          2.91      0.82      1.43    --       --         0.12
外积(上三角)               2.21      0.27      0.08      1.05    --         0.04
Gustavson(上三角)        2.94      0.28      0.14      1.40    --         0.04
列向(上三角)               2.66      0.23      0.12      1.72    --         0.05
内积(上三角)               2.83      0.29      0.12      1.57      0.09      0.07

写出 /home/xueyizhou/spgemm-challenge/suitesparse_crawl/profile_att.csv ; 图 charts/profile_att.png
