写出 /home/xueyizhou/spgemm-challenge/suitesparse_crawl/profile_rep.csv

====================================================================================================
class name                                  n     A_nnz   cu_time  man_time  cu_comp  cu_d2h  cu_write    gap%
----------------------------------------------------------------------------------------------------
Dens cage3                                 5        19     27.12      2.69     0.50    0.10        --    0.00
Dens mesh1e1                              48       306     25.67      2.68     0.50    0.00        --    0.00
Dens tomography                          500    28,726     28.49      4.13     0.70    0.10        --    0.00
Dens GD01_b                               18        37     25.88      2.66     0.50    0.10        --    0.00
Dens heart1                            3,557 1,387,773     91.30    120.26    40.20    1.50        --    0.00
Mild polbooks                            105       882     27.11      2.84     0.50    0.10        --    0.00
Mild can_73                               73       377     27.08      2.66     0.50    0.00        --    0.00
Mild cavity04                            317     7,327     26.01      3.23     0.60    0.10        --    0.00
Mild raefsky6                          3,402   137,845     26.52      4.86     1.00    0.10        --    0.00
Mild coater1                           1,348    19,457     27.49      3.26     0.60    0.10        --    0.00
High nemeth19                          9,506   818,302     36.51     21.38     3.30    0.70        --    0.00
High ex10hs                            2,548    57,308     28.29      3.81     0.90    0.10        --    0.00
High sherman5                          3,312    20,793     27.39      3.39     0.90    0.10        --    0.00
High GD96_a                            1,096     1,677     26.29      2.70     0.40    0.00        --    0.00
High vsp_bcsstk30_500sep_10in_1Kout   58,348 4,033,156    111.86    139.97    18.20    5.20        --    0.00
Extr hangGlider_3                     10,260    92,703    341.68    364.08    10.00   23.50        --    0.00
Extr email-Enron                      36,692   367,662    137.41    126.25     6.10   10.40        --    0.00
Extr poli_large                       15,575    33,074     26.64      3.19     0.60    0.10        --    0.00
Extr CurlCurl_1                      226,451 2,472,071     72.24     52.54     1.30    4.40        --    0.00
Extr Raj1                            263,743 1,302,464        --        --       --      --        --      --

======================================================================
按类别聚合(均值,毫秒)
----------------------------------------------------------------------
class               #   cu_time   man_time  cu_compute   cu_write     gap%
Dense               5      39.7       26.5         8.5         --     0.00
Mildly sparse       5      26.8        3.4         0.6         --     0.00
Highly sparse       5      46.1       34.3         4.7         --     0.00
Extremely sparse    5     144.5      136.5         4.5         --     0.00
  (跳过 profile_cu_breakdown.png:日志无 dbg 阶段时间戳,需 DBG=1 重跑)

图表在 /home/xueyizhou/spgemm-challenge/suitesparse_crawl/charts
