写出 /home/xueyizhou/spgemm-challenge/suitesparse_crawl/profile_rep.csv

==================================================================================================================
class name                              n     A_nnz  cu_time gustavson    outer  colwise    inner    gap%
------------------------------------------------------------------------------------------------------------------
Dens cage3                             5        19     1.41      1.33     1.42     1.42     1.39    0.00
Dens rgg010                           10        76     1.35      1.30     1.37     1.38     1.45    0.00
Dens mbeaflw                         496    49,920     2.76      4.03     4.29     4.36     4.79    0.00
Dens mesh1e1                          48       306     1.34      1.25     1.34     1.30     1.36    0.00
Dens tomography                      500    28,726     2.21      3.12     3.45     3.43     3.58    0.00
Dens GD01_b                           18        37     1.34      1.24     1.35     1.32     1.36    0.00
Dens lund_b                          147     2,441     1.59      1.53     1.64     1.63     1.60    0.00
Mild polbooks                        105       882     1.33      1.30     1.41     1.40     1.42    0.00
Mild impcol_b                         59       312     1.39      1.30     1.40     1.36     1.40    0.00
Mild can_73                           73       377     1.41      1.32     1.39     1.39     1.42    0.00
Mild cavity04                        317     7,327     1.64      1.86     1.97     1.94     2.02    0.00
Mild tumorAntiAngiogenesis_5         460     4,690     1.91      2.25     2.53     2.45     2.56    0.00
Mild raefsky6                      3,402   137,845     3.63      4.35     4.51     4.49     4.67    0.00
Mild nemeth20                      9,506   971,870    13.97     25.74    25.75    43.93    29.64    0.00
Mild coater1                       1,348    19,457     1.98      2.16     2.37     2.38     2.36    0.00
High nemeth19                      9,506   818,302    11.17     19.25    19.40    19.57    20.29    0.00
High ex10hs                        2,548    57,308     2.02      2.40     2.51     2.52     2.53    0.00
High ex9                           3,363    99,471     3.28      3.79     3.89     3.93     3.95    0.00
High filter2D                      1,668    10,750     1.70      1.40     1.79     1.73     1.64    0.00
High sherman5                      3,312    20,793     1.69      2.37     2.30     2.39     2.15    0.00
High GD96_a                        1,096     1,677     1.37      1.26     1.34     1.36     1.37    0.00
High Zewail                        6,752    54,233     3.27      3.65     3.92     4.08     4.15    0.00
High vsp_bcsstk30_500sep_10in_1Kout   58,348 4,033,156    92.60    154.69   140.66   133.66   145.42    0.00
Extr hangGlider_3                 10,260    92,703   417.30    478.42   508.46   444.45   530.06    0.00
Extr eurqsa                        7,245    46,142     2.69      3.11     3.22     3.20     3.40    0.00
Extr email-Enron                  36,692   367,662   124.01    136.49   142.40   144.53   158.64    0.00
Extr c-63                         44,234   434,704    54.46     61.72    67.19    62.70   103.29    0.00
Extr poli_large                   15,575    33,074     1.70      1.89     2.10     2.04     2.31    0.00
Extr CurlCurl_1                  226,451 2,472,071    48.15     51.81    52.66    52.11    53.39    0.00
Extr wi2010                      253,096 1,209,404    21.50     23.18    23.52    23.42    23.88    0.00

========================================================================================
按类别聚合(均值,毫秒)
----------------------------------------------------------------------------------------
class               #  cuSPARSE  gustavson    outer  colwise    inner    gap%
Dense               7       1.7        2.0      2.1      2.1      2.2    0.00
Mildly sparse       8       3.4        5.0      5.2      7.4      5.7    0.00
Highly sparse       8      14.6       23.6     22.0     21.2     22.7    0.00
Extremely sparse    7      95.7      108.1    114.2    104.6    125.0    0.00
  (跳过 profile_cu_breakdown.png:日志无 dbg 阶段时间戳,需 DBG=1 重跑)

========================================================================================
分阶段构成(各矩阵均值,ms)— 按阶段分组,五法可比
----------------------------------------------------------------------------------------
方法                  传输        符号        计算        合并      数值归并        打包        合计
cuSPARSE         25.21    --         2.08    --       --         0.06     27.36
Gustavson        25.44      0.16      0.98      6.30    --         0.06     32.94
外积               25.20      0.50      1.99      6.11    --         0.07     33.87
列向               24.29      0.51      0.92      6.18    --         0.07     31.98
内积               26.02      0.51      0.93      6.14      3.19      0.11     36.91

分阶段明细: profile_phases.csv ; 图: charts/profile_phases.png

图表在 /home/xueyizhou/spgemm-challenge/suitesparse_crawl/charts
