1.Hashkey Gustavson
====================================================================================================
class name                                  n     A_nnz   cu_time  man_time  cu_comp  cu_d2h  cu_write    gap%
----------------------------------------------------------------------------------------------------
Dens cage3                                 5        19     26.27      1.77     0.50    0.00        --   20.00
Dens mesh1e1                              48       306     27.24      1.70     0.50    0.00        --    1.81
Dens tomography                          500    28,726     26.60      2.30     0.80    0.10        --    0.22
Dens GD01_b                               18        37     26.86      1.73     0.50    0.10        --    6.25
Dens heart1                            3,557 1,387,773     95.14     57.55    40.40    1.50        --    0.19
Mild polbooks                            105       882     26.22      1.79     0.50    0.10        --    0.22
Mild can_73                               73       377     25.02      1.92     0.50    0.00        --    1.82
Mild cavity04                            317     7,327     25.74      1.82     0.60    0.10        --   20.23
Mild raefsky6                          3,402   137,845     26.77      3.55     1.00    0.20        --   10.58
Mild coater1                           1,348    19,457     25.24      2.06     0.60    0.10        --   10.32
High nemeth19                          9,506   818,302     37.35     11.79     3.30    0.50        --   11.27
High ex10hs                            2,548    57,308     27.94      2.48     0.90    0.10        --    2.44
High sherman5                          3,312    20,793     28.71      2.50     1.60    0.00        --    0.00
High GD96_a                            1,096     1,677     27.30      1.85     0.50    0.00        --    0.51
High vsp_bcsstk30_500sep_10in_1Kout   58,348 4,033,156    109.28    116.48    18.20    5.20        --    0.00
Extr hangGlider_3                     10,260    92,703    341.99  28658.28     9.60   23.40        --   61.77
Extr email-Enron                      36,692   367,662    136.53    834.20     6.20    8.60        --    8.52
Extr poli_large                       15,575    33,074     29.91      7.04     0.60    0.00        --    0.12
Extr CurlCurl_1                      226,451 2,472,071     65.58    100.86     1.30    4.30        --    0.00
Extr Raj1                            263,743 1,302,464        --        --       --      --        --      --

======================================================================
按类别聚合(均值,毫秒)
----------------------------------------------------------------------
class               #   cu_time   man_time  cu_compute   cu_write     gap%
Dense               5      40.4       13.0         8.5         --     5.69
Mildly sparse       5      25.8        2.2         0.6         --     8.63
Highly sparse       5      46.1       27.0         4.9         --     2.85
Extremely sparse    5     143.5     7400.1         4.4         --    17.60
=======================================================================

2.ESC
====================================================================================================
class name                                  n     A_nnz   cu_time  man_time  cu_comp  cu_d2h  cu_write    gap%
----------------------------------------------------------------------------------------------------
Dens cage3                                 5        19     26.81      2.67     0.50    0.00        --    0.00
Dens mesh1e1                              48       306     25.83      2.71     0.50    0.00        --    0.00
Dens tomography                          500    28,726     27.66      4.17     0.70    0.10        --    0.00
Dens GD01_b                               18        37     26.82      2.89     0.50    0.10        --    0.00
Dens heart1                            3,557 1,387,773     94.75    119.69    40.30    1.50        --    0.00
Mild polbooks                            105       882     26.03      2.86     0.50    0.00        --    0.00
Mild can_73                               73       377     26.89      2.67     0.60    0.00        --    0.00
Mild cavity04                            317     7,327     27.19      3.23     0.60    0.00        --    0.00
Mild raefsky6                          3,402   137,845     28.10      4.64     1.00    0.10        --    0.00
Mild coater1                           1,348    19,457     27.73      3.18     0.60    0.00        --    0.00
High nemeth19                          9,506   818,302     37.70     20.90     3.30    0.50        --    0.00
High ex10hs                            2,548    57,308     26.93      3.71     0.90    0.10        --    0.00
High sherman5                          3,312    20,793     26.50      3.39     1.20    0.10        --    0.00
High GD96_a                            1,096     1,677     25.87      2.70     0.50    0.00        --    0.00
High vsp_bcsstk30_500sep_10in_1Kout   58,348 4,033,156    112.05    141.99    18.20    6.30        --    0.00
Extr hangGlider_3                     10,260    92,703    322.91    365.16     9.30   27.80        --    0.00
Extr email-Enron                      36,692   367,662    136.09    123.81     6.10    8.70        --    0.00
Extr poli_large                       15,575    33,074     28.43      3.11     0.60    0.00        --    0.00
Extr CurlCurl_1                      226,451 2,472,071     72.07     51.88     1.40    4.30        --    0.00
Extr Raj1                            263,743 1,302,464        --        --       --      --        --      --

======================================================================
按类别聚合(均值,毫秒)
----------------------------------------------------------------------
class               #   cu_time   man_time  cu_compute   cu_write     gap%
Dense               5      40.4       26.4         8.5         --     0.00
Mildly sparse       5      27.2        3.3         0.7         --     0.00
Highly sparse       5      45.8       34.5         4.8         --     0.00
Extremely sparse    5     139.9      136.0         4.4         --     0.00
  (跳过 profile_cu_breakdown.png:日志无 dbg 阶段时间戳,需 DBG=1 重跑)

图表在 /home/xueyizhou/spgemm-challenge/suitesparse_crawl/charts