写出 /home/xueyizhou/spgemm-challenge/suitesparse_crawl/profile_aa_summary.csv

================================================================================================================
class name                           n      cu    gust    mrgS    mrgP mrgP/gust  mrgP/cu
----------------------------------------------------------------------------------------------------------------
Dens bcsstk02                      66    0.48    0.85    1.71    0.45      0.53     0.94
Dens can_24                        24    0.39    0.34    0.32    0.28      0.81     0.72
Dens bcsstk04                     132    0.51    0.62    1.14    0.39      0.62     0.76
Dens bcsstk01                      48    0.45    0.45    0.38    0.33      0.73     0.72
Dens can_61                        61    0.42    0.43    0.46    0.32      0.74     0.76
Dens bcsstk05                     153    0.40    0.43    0.48    0.32      0.73     0.79
Mild bcspwr01                      39    0.52    0.47    0.41    0.38      0.80     0.73
Mild can_96                        96    0.40    0.42    0.33    0.28      0.68     0.71
Mild arc130                       130    0.41    0.46    1.63    0.45      0.99     1.08
Mild ash85                         85    0.44    0.48    0.38    0.33      0.69     0.75
Mild can_73                        73    0.41    0.36    0.35    0.32      0.87     0.78
Mild bcspwr02                      49    0.49    0.43    0.37    0.34      0.80     0.71
Mild can_144                      144    0.51    0.51    0.45    0.36      0.70     0.70
Mild can_62                        62    0.38    0.35    0.30    0.27      0.77     0.71
Mild can_161                      161    0.42    0.44    0.39    0.30      0.69     0.72
Mild bcsstk03                     112    0.39    0.40    0.30    0.27      0.66     0.69
Mild bcsstk06                     420    0.54    0.66    0.71    0.34      0.51     0.62
Mild bcsstk07                     420    0.53    0.64    0.70    0.33      0.51     0.62
Mild can_256                      256    0.42    0.46    1.96    0.47      1.04     1.14
Mild can_268                      268    0.42    0.44    0.80    0.37      0.85     0.89
Mild can_187                      187    0.39    0.40    0.31    0.28      0.69     0.70
Mild bcsstm07                     420    0.53    0.65    0.69    0.33      0.51     0.63
Mild bcsstk27                   1,224    1.17    1.83    2.44    0.98      0.54     0.85
Mild bcsstm27                   1,224    0.95    1.48    2.13    0.78      0.53     0.83
Mild bcsstk22                     138    0.42    0.44    0.35    0.30      0.69     0.71
Mild bcspwr03                     118    0.38    0.34    0.32    0.28      0.81     0.72
Mild can_229                      229    0.39    0.40    0.37    0.28      0.70     0.73
Mild can_292                      292    0.42    0.44    0.62    0.33      0.76     0.79
Mild ash292                       292    0.41    0.41    0.35    0.29      0.71     0.71
Mild bcspwr04                     274    0.41    0.41    0.39    0.30      0.72     0.72
Mild bcsstk13                   2,003    1.27    2.07    6.08    1.41      0.68     1.11
Mild bcsstm01                      48    0.38    0.34    0.29    0.26      0.76     0.68
Mild bcsstk14                   1,806    1.07    1.46    2.03    0.89      0.61     0.83
Mild can_445                      445    0.54    0.59    0.53    0.43      0.74     0.81
Mild bcsstm10                   1,086    0.57    0.97    1.01    0.56      0.57     0.97
Mild bcsstk10                   1,086    0.58    1.00    1.04    0.56      0.56     0.96
Mild can_634                      634    0.56    0.66    0.57    0.34      0.51     0.60
Mild bcsstk11                   1,473    0.75    1.09    1.11    0.59      0.54     0.78
Mild bcsstk12                   1,473    0.76    1.07    1.10    0.58      0.54     0.76
Mild bcsstk09                   1,083    0.56    0.88    0.85    0.46      0.52     0.81
Mild bcsstm02                      66    0.40    0.33    0.27    0.25      0.76     0.63
Mild can_838                      838    0.54    0.66    0.91    0.39      0.59     0.72
Mild bcsstk20                     485    0.42    0.41    0.34    0.28      0.67     0.67
Mild can_715                      715    0.50    0.64    1.86    0.52      0.82     1.03
Mild bcsstk24                   3,562    1.74    2.80    3.57    1.24      0.44     0.71
Mild bcsstk16                   4,884    3.27    5.82    9.95    2.89      0.50     0.88
Mild bcsstk28                   4,410    2.67    4.09    6.06    2.10      0.51     0.79
Mild bcsstk08                   1,074    1.02    1.48   20.99    2.28      1.54     2.23
Mild can_1054                   1,054    0.73    0.97    1.12    0.51      0.52     0.70
Mild can_1072                   1,072    0.73    0.97    1.23    0.49      0.51     0.67
Mild bcsstk19                     817    1.11    1.14    0.95    0.84      0.73     0.75
High bcsstm12                   1,473    0.55    0.87    0.77    0.44      0.50     0.79
High bcsstm03                     112    0.39    0.33    0.28    0.26      0.79     0.67
High bcspwr05                     443    0.43    0.42    0.34    0.29      0.69     0.67
High bcsstk26                   1,922    0.69    1.03    1.11    0.57      0.56     0.83
High bcsstk33                   8,738    4.45   10.34   21.81    4.62      0.45     1.04
High bcsstm04                     132    0.46    0.39    0.34    0.30      0.78     0.65
High bcsstk15                   3,948    1.69    2.06    2.70    1.24      0.60     0.73
High bcsstm22                     138    0.41    0.34    0.29    0.27      0.81     0.67
High bp_1600                      822    0.46    0.53   17.18    1.56      2.96     3.41
High bp_1400                      822    0.44    0.50   17.49    1.51      3.02     3.41
High bp_1200                      822    0.44    0.48   17.72    1.52      3.15     3.44
High 685_bus                      685    0.41    0.42    0.35    0.29      0.70     0.71
High bp_1000                      822    0.42    0.48   17.42    1.49      3.11     3.55
High 494_bus                      494    0.39    0.40    0.33    0.27      0.69     0.69
High bp_800                       822    0.54    0.58   16.88    1.55      2.66     2.88
High bcsstm05                     153    0.47    0.42    0.35    0.34      0.80     0.72
High bp_600                       822    0.60    0.60   16.43    1.57      2.62     2.62
High bp_400                       822    0.50    0.57   15.28    1.45      2.57     2.92
High 662_bus                      662    0.43    0.43    0.34    0.30      0.70     0.71
High bp_200                       822    0.54    0.59   13.86    1.30      2.21     2.41
High bcsstm13                   2,003    0.67    1.06    2.73    0.77      0.73     1.16
High bp_0                         822    0.45    0.46   11.21    1.13      2.46     2.51
High bcsstk23                   3,134    0.95    1.49    1.68    0.86      0.57     0.90
High bcsstk17                  10,974    4.26    6.05   11.53    3.16      0.52     0.74
High blckhole                   2,132    0.55    0.68    0.58    0.35      0.52     0.64
High bcsstk29                  13,992    4.36    7.70   11.63    2.96      0.38     0.68
High 1138_bus                   1,138    0.97    0.93    0.78    0.66      0.72     0.68
High bcspwr06                   1,454    0.42    0.43    0.37    0.30      0.71     0.72
High bcsstk30                  28,924   14.15   35.26   91.66   15.76      0.45     1.11
High bcsstm06                     420    0.50    0.42    0.37    0.34      0.80     0.67
High bcspwr08                   1,624    0.45    0.48    0.40    0.34      0.70     0.75
High bcspwr07                   1,612    0.42    0.44    0.37    0.30      0.69     0.71
High bcspwr09                   1,723    0.43    0.44    0.38    0.31      0.70     0.72
High bcsstm20                     485    0.42    0.36    0.29    0.28      0.77     0.66
High bcsstk21                   3,600    0.59    0.84    0.67    0.49      0.58     0.83
High bcsstm19                     817    0.41    0.34    0.29    0.27      0.79     0.66
High bcsstk25                  15,439    1.96    2.62    4.15    1.75      0.67     0.89
High bcsstk18                  11,948    1.85    2.36    3.17    1.65      0.70     0.89
High bcsstk32                  44,609   12.41   21.63   40.34    9.25      0.43     0.75
Extr bcsstk31                  35,588    7.77   11.44   22.28    5.71      0.50     0.73
Extr bcsstm08                   1,074    0.40    0.35    0.29    0.27      0.75     0.66
Extr bcsstm09                   1,083    0.41    0.36    0.30    0.28      0.79     0.68
Extr bcspwr10                   5,300    0.52    0.65    0.49    0.32      0.50     0.62
Extr bcsstm11                   1,473    0.40    0.33    0.27    0.25      0.77     0.64
Extr bcsstm26                   1,922    0.41    0.35    0.30    0.28      0.79     0.67
Extr bcsstm23                   3,134    0.41    0.43    0.30    0.27      0.64     0.67
Extr bcsstm24                   3,562    0.42    0.41    0.29    0.28      0.68     0.67
Extr bcsstm21                   3,600    0.43    0.43    0.31    0.29      0.68     0.68
Extr bcsstm25                  15,439    0.43    0.45    0.34    0.30      0.67     0.71

============================================================================================
按类别聚合(均值,毫秒)
--------------------------------------------------------------------------------------------
class               #  cuSPARSE gust(ESC) merge(ser) merge(par) par/gust  par/cu
Dense               6       0.4       0.5        0.7        0.3     0.69    0.78
Mildly sparse      45       0.7       1.0        1.8        0.6     0.66    0.78
Highly sparse      39       1.6       2.7        8.8        1.6     0.89    1.04
Extremely sparse   10       1.2       1.5        2.5        0.8     0.67    0.67
  (跳过 profile_cu_breakdown.png:日志无 dbg 阶段时间戳,需 DBG=1 重跑)

================================================================================================================
分阶段构成(各矩阵均值,ms)— 按阶段分组,五法可比
----------------------------------------------------------------------------------------------------------------
方法                 h2d       d2h        符号        计算        排序        去重        收尾      数值归并        打包        合计
cuSPARSE          0.10      0.24    --         0.62    --       --       --       --         0.03      0.99
Gustavson         0.13      0.13      0.06      0.11      0.76      0.12      0.19    --         0.03      1.54
Merge(ser)        0.12      0.13      0.07      0.34      3.55    --         0.18    --         0.03      4.40
Merge(par)        0.11      0.13      0.06    --         0.43    --         0.12    --         0.03      0.88

分阶段明细: profile_aa.csv ; 图: charts/profile_aa.png

图表在 /home/xueyizhou/spgemm-challenge/suitesparse_crawl/charts
