Processing cage3 ... (max 600s)
[dbg       0.0 ms] main entry, initializing CUDA context...
[dbg     518.8 ms] CUDA context ready
[dbg     518.9 ms] start read_matrix_market: ./data/rep/cage3.mtx
[dbg     518.9 ms] read done: 5 x 5, nnz=19
[dbg     518.9 ms] T1 cuSPARSE self_product: start
[dbg     526.0 ms] self_product: A H2D done (176 B)
[dbg     526.0 ms] cusparse: workEstimation begin
[dbg     543.9 ms] cusparse: workEstimation done (buf1=1291 B)
[dbg     543.9 ms] cusparse: compute begin
[dbg     544.4 ms] cusparse: compute done (buf2=6943 B)
[dbg     544.4 ms] cusparse: C size = 5 x 5, nnz=25
[dbg     544.4 ms] cusparse: copy begin
[dbg     544.5 ms] cusparse: copy done
[dbg     545.5 ms] self_product: C D2H begin (224 B)
[dbg     545.5 ms] self_product: C D2H done
[dbg     545.6 ms] T1 cuSPARSE self_product: done (C_nnz=25)
[dbg     545.8 ms] T4 manual self_product: start
[dbg     545.9 ms] manual: count kernel begin (grid=5, A_rows=5)
[dbg     546.3 ms] manual: count kernel done
[dbg     546.4 ms] manual: scan done, C_nnz_result=20
[dbg     546.4 ms] manual: fill kernel begin
[dbg     546.6 ms] manual: fill kernel done
[dbg     547.6 ms] T4 manual self_product: done (C_nnz=20)
Reading matrix from ./data/rep/cage3.mtx...
Input A: 5 x 5, nnz = 19, sparsity = 24.00%

=== Computing C = A x A (cuSPARSE) ===
Result C: 5 x 5, nnz = 25, sparsity = 0.00%
Time: 26.675 ms

=== Computing C = A x A (Manual) ===
Result C: 5 x 5, nnz = 20, sparsity = 20.00%
Time: 1.728 ms

=== All tests completed ===
Processing can_73 ... (max 600s)
[dbg       0.0 ms] main entry, initializing CUDA context...
[dbg     428.8 ms] CUDA context ready
[dbg     428.9 ms] start read_matrix_market: ./data/rep/can_73.mtx
[dbg     429.0 ms] read done: 73 x 73, nnz=377
[dbg     429.0 ms] T1 cuSPARSE self_product: start
[dbg     436.0 ms] self_product: A H2D done (3312 B)
[dbg     436.0 ms] cusparse: workEstimation begin
[dbg     454.5 ms] cusparse: workEstimation done (buf1=5587 B)
[dbg     454.5 ms] cusparse: compute begin
[dbg     455.0 ms] cusparse: compute done (buf2=60079 B)
[dbg     455.0 ms] cusparse: C size = 73 x 73, nnz=1377
[dbg     455.0 ms] cusparse: copy begin
[dbg     455.0 ms] cusparse: copy done
[dbg     456.1 ms] self_product: C D2H begin (11312 B)
[dbg     456.1 ms] self_product: C D2H done
[dbg     456.2 ms] T1 cuSPARSE self_product: done (C_nnz=1377)
[dbg     456.5 ms] T4 manual self_product: start
[dbg     456.6 ms] manual: count kernel begin (grid=73, A_rows=73)
[dbg     457.0 ms] manual: count kernel done
[dbg     457.1 ms] manual: scan done, C_nnz_result=1352
[dbg     457.1 ms] manual: fill kernel begin
[dbg     457.3 ms] manual: fill kernel done
[dbg     458.3 ms] T4 manual self_product: done (C_nnz=1352)
Reading matrix from ./data/rep/can_73.mtx...
Input A: 73 x 73, nnz = 377, sparsity = 92.93%

=== Computing C = A x A (cuSPARSE) ===
Result C: 73 x 73, nnz = 1377, sparsity = 74.16%
Time: 27.241 ms

=== Computing C = A x A (Manual) ===
Result C: 73 x 73, nnz = 1352, sparsity = 74.63%
Time: 1.742 ms

=== All tests completed ===
Processing cavity04 ... (max 600s)
[dbg       0.0 ms] main entry, initializing CUDA context...
[dbg     423.4 ms] CUDA context ready
[dbg     423.5 ms] start read_matrix_market: ./data/rep/cavity04.mtx
[dbg     425.4 ms] read done: 317 x 317, nnz=7327
[dbg     425.4 ms] T1 cuSPARSE self_product: start
[dbg     432.4 ms] self_product: A H2D done (59888 B)
[dbg     432.5 ms] cusparse: workEstimation begin
[dbg     468.7 ms] cusparse: workEstimation done (buf1=88987 B)
[dbg     468.7 ms] cusparse: compute begin
[dbg     469.8 ms] cusparse: compute done (buf2=5420479 B)
[dbg     469.8 ms] cusparse: C size = 317 x 317, nnz=27556
[dbg     469.8 ms] cusparse: copy begin
[dbg     469.9 ms] cusparse: copy done
[dbg     471.6 ms] self_product: C D2H begin (221720 B)
[dbg     471.7 ms] self_product: C D2H done
[dbg     471.8 ms] T1 cuSPARSE self_product: done (C_nnz=27556)
[dbg     472.4 ms] T4 manual self_product: start
[dbg     472.6 ms] manual: count kernel begin (grid=317, A_rows=317)
[dbg     473.2 ms] manual: count kernel done
[dbg     473.4 ms] manual: scan done, C_nnz_result=21981
[dbg     473.5 ms] manual: fill kernel begin
[dbg     473.7 ms] manual: fill kernel done
[dbg     474.9 ms] T4 manual self_product: done (C_nnz=21981)
Reading matrix from ./data/rep/cavity04.mtx...
Input A: 317 x 317, nnz = 7327, sparsity = 92.71%

=== Computing C = A x A (cuSPARSE) ===
Result C: 317 x 317, nnz = 27556, sparsity = 72.58%
Time: 46.391 ms

=== Computing C = A x A (Manual) ===
Result C: 317 x 317, nnz = 21981, sparsity = 78.13%
Time: 2.442 ms

=== All tests completed ===
Processing coater1 ... (max 600s)
[dbg       0.0 ms] main entry, initializing CUDA context...
[dbg     440.2 ms] CUDA context ready
[dbg     440.3 ms] start read_matrix_market: ./data/rep/coater1.mtx
[dbg     445.6 ms] read done: 1348 x 1348, nnz=19457
[dbg     445.6 ms] T1 cuSPARSE self_product: start
[dbg     452.7 ms] self_product: A H2D done (161052 B)
[dbg     452.7 ms] cusparse: workEstimation begin
[dbg     470.7 ms] cusparse: workEstimation done (buf1=234803 B)
[dbg     470.7 ms] cusparse: compute begin
[dbg     471.4 ms] cusparse: compute done (buf2=7958991 B)
[dbg     471.4 ms] cusparse: C size = 1348 x 1348, nnz=130920
[dbg     471.4 ms] cusparse: copy begin
[dbg     471.5 ms] cusparse: copy done
[dbg     472.7 ms] self_product: C D2H begin (1052756 B)
[dbg     472.7 ms] self_product: C D2H done
[dbg     472.9 ms] T1 cuSPARSE self_product: done (C_nnz=130920)
[dbg     473.2 ms] T4 manual self_product: start
[dbg     473.3 ms] manual: count kernel begin (grid=1348, A_rows=1348)
[dbg     473.8 ms] manual: count kernel done
[dbg     474.0 ms] manual: scan done, C_nnz_result=117409
[dbg     474.0 ms] manual: fill kernel begin
[dbg     474.3 ms] manual: fill kernel done
[dbg     475.3 ms] T4 manual self_product: done (C_nnz=117409)
Reading matrix from ./data/rep/coater1.mtx...
Input A: 1348 x 1348, nnz = 19457, sparsity = 98.93%

=== Computing C = A x A (cuSPARSE) ===
Result C: 1348 x 1348, nnz = 130920, sparsity = 92.80%
Time: 27.280 ms

=== Computing C = A x A (Manual) ===
Result C: 1348 x 1348, nnz = 117409, sparsity = 93.54%
Time: 2.100 ms

=== All tests completed ===
Processing CurlCurl_1 ... (max 600s)
[dbg       0.0 ms] main entry, initializing CUDA context...
[dbg     424.2 ms] CUDA context ready
[dbg     424.3 ms] start read_matrix_market: ./data/rep/CurlCurl_1.mtx
[dbg     860.4 ms] read done: 226451 x 226451, nnz=2472071
[dbg     860.5 ms] T1 cuSPARSE self_product: start
[dbg     879.5 ms] self_product: A H2D done (20682376 B)
[dbg     880.0 ms] cusparse: workEstimation begin
[dbg     912.5 ms] cusparse: workEstimation done (buf1=29709947 B)
[dbg     912.5 ms] cusparse: compute begin
[dbg     914.1 ms] cusparse: compute done (buf2=655198007 B)
[dbg     914.1 ms] cusparse: C size = 226451 x 226451, nnz=12165785
[dbg     914.3 ms] cusparse: copy begin
[dbg     914.6 ms] cusparse: copy done
[dbg     955.5 ms] self_product: C D2H begin (98232088 B)
[dbg     959.8 ms] self_product: C D2H done
[dbg     960.1 ms] T1 cuSPARSE self_product: done (C_nnz=12165785)
[dbg     969.4 ms] T4 manual self_product: start
[dbg     974.2 ms] manual: count kernel begin (grid=226451, A_rows=226451)
[dbg     988.6 ms] manual: count kernel done
[dbg     988.7 ms] manual: scan done, C_nnz_result=12165769
[dbg     988.8 ms] manual: fill kernel begin
[dbg    1030.7 ms] manual: fill kernel done
[dbg    1073.0 ms] T4 manual self_product: done (C_nnz=12165769)
Reading matrix from ./data/rep/CurlCurl_1.mtx...
Input A: 226451 x 226451, nnz = 2472071, sparsity = 100.00%

=== Computing C = A x A (cuSPARSE) ===
Result C: 226451 x 226451, nnz = 12165785, sparsity = 99.98%
Time: 99.647 ms

=== Computing C = A x A (Manual) ===
Result C: 226451 x 226451, nnz = 12165769, sparsity = 99.98%
Time: 103.574 ms

=== All tests completed ===
Processing email-Enron ... (max 600s)
[dbg       0.0 ms] main entry, initializing CUDA context...
[dbg     431.6 ms] CUDA context ready
[dbg     431.7 ms] start read_matrix_market: ./data/rep/email-Enron.mtx
[dbg     462.5 ms] read done: 36692 x 36692, nnz=367662
[dbg     462.5 ms] T1 cuSPARSE self_product: start
[dbg     469.8 ms] self_product: A H2D done (3088068 B)
[dbg     470.0 ms] cusparse: workEstimation begin
[dbg     487.6 ms] cusparse: workEstimation done (buf1=4419407 B)
[dbg     487.6 ms] cusparse: compute begin
[dbg     493.8 ms] cusparse: compute done (buf2=1237112791 B)
[dbg     493.8 ms] cusparse: C size = 36692 x 36692, nnz=30492154
[dbg     493.9 ms] cusparse: copy begin
[dbg     494.4 ms] cusparse: copy done
[dbg     593.9 ms] self_product: C D2H begin (244084004 B)
[dbg     602.6 ms] self_product: C D2H done
[dbg     604.5 ms] T1 cuSPARSE self_product: done (C_nnz=30492154)
[dbg     646.3 ms] T4 manual self_product: start
[dbg     647.2 ms] manual: count kernel begin (grid=36692, A_rows=36692)
[dbg    1014.6 ms] manual: count kernel done
[dbg    1014.8 ms] manual: scan done, C_nnz_result=27894827
[dbg    1015.0 ms] manual: fill kernel begin
[dbg    1382.8 ms] manual: fill kernel done
[dbg    1481.0 ms] T4 manual self_product: done (C_nnz=27894827)
Reading matrix from ./data/rep/email-Enron.mtx...
Input A: 36692 x 36692, nnz = 367662, sparsity = 99.97%

=== Computing C = A x A (cuSPARSE) ===
Result C: 36692 x 36692, nnz = 30492154, sparsity = 97.74%
Time: 142.051 ms

=== Computing C = A x A (Manual) ===
Result C: 36692 x 36692, nnz = 27894827, sparsity = 97.93%
Time: 834.696 ms

=== All tests completed ===
Processing ex10hs ... (max 600s)
[dbg       0.0 ms] main entry, initializing CUDA context...
[dbg     424.9 ms] CUDA context ready
[dbg     425.0 ms] start read_matrix_market: ./data/rep/ex10hs.mtx
[dbg     434.9 ms] read done: 2548 x 2548, nnz=57308
[dbg     435.0 ms] T1 cuSPARSE self_product: start
[dbg     442.1 ms] self_product: A H2D done (468660 B)
[dbg     442.1 ms] cusparse: workEstimation begin
[dbg     459.8 ms] cusparse: workEstimation done (buf1=689527 B)
[dbg     459.8 ms] cusparse: compute begin
[dbg     460.6 ms] cusparse: compute done (buf2=38782311 B)
[dbg     460.7 ms] cusparse: C size = 2548 x 2548, nnz=205230
[dbg     460.7 ms] cusparse: copy begin
[dbg     460.8 ms] cusparse: copy done
[dbg     462.0 ms] self_product: C D2H begin (1652036 B)
[dbg     462.1 ms] self_product: C D2H done
[dbg     462.2 ms] T1 cuSPARSE self_product: done (C_nnz=205230)
[dbg     462.5 ms] T4 manual self_product: start
[dbg     462.6 ms] manual: count kernel begin (grid=2548, A_rows=2548)
[dbg     463.2 ms] manual: count kernel done
[dbg     463.3 ms] manual: scan done, C_nnz_result=200224
[dbg     463.3 ms] manual: fill kernel begin
[dbg     464.0 ms] manual: fill kernel done
[dbg     465.1 ms] T4 manual self_product: done (C_nnz=200224)
Reading matrix from ./data/rep/ex10hs.mtx...
Input A: 2548 x 2548, nnz = 57308, sparsity = 99.12%

=== Computing C = A x A (cuSPARSE) ===
Result C: 2548 x 2548, nnz = 205230, sparsity = 96.84%
Time: 27.259 ms

=== Computing C = A x A (Manual) ===
Result C: 2548 x 2548, nnz = 200224, sparsity = 96.92%
Time: 2.601 ms

=== All tests completed ===
Processing GD01_b ... (max 600s)
[dbg       0.0 ms] main entry, initializing CUDA context...
[dbg     437.2 ms] CUDA context ready
[dbg     437.3 ms] start read_matrix_market: ./data/rep/GD01_b.mtx
[dbg     437.4 ms] read done: 18 x 18, nnz=37
[dbg     437.4 ms] T1 cuSPARSE self_product: start
[dbg     444.9 ms] self_product: A H2D done (372 B)
[dbg     445.0 ms] cusparse: workEstimation begin
[dbg     464.2 ms] cusparse: workEstimation done (buf1=1507 B)
[dbg     464.2 ms] cusparse: compute begin
[dbg     464.7 ms] cusparse: compute done (buf2=6991 B)
[dbg     464.7 ms] cusparse: C size = 18 x 18, nnz=64
[dbg     464.7 ms] cusparse: copy begin
[dbg     464.8 ms] cusparse: copy done
[dbg     465.7 ms] self_product: C D2H begin (588 B)
[dbg     465.8 ms] self_product: C D2H done
[dbg     465.9 ms] T1 cuSPARSE self_product: done (C_nnz=64)
[dbg     466.4 ms] T4 manual self_product: start
[dbg     466.5 ms] manual: count kernel begin (grid=18, A_rows=18)
[dbg     467.0 ms] manual: count kernel done
[dbg     467.1 ms] manual: scan done, C_nnz_result=60
[dbg     467.2 ms] manual: fill kernel begin
[dbg     467.3 ms] manual: fill kernel done
[dbg     468.6 ms] T4 manual self_product: done (C_nnz=60)
Reading matrix from ./data/rep/GD01_b.mtx...
Input A: 18 x 18, nnz = 37, sparsity = 88.58%

=== Computing C = A x A (cuSPARSE) ===
Result C: 18 x 18, nnz = 64, sparsity = 80.25%
Time: 28.539 ms

=== Computing C = A x A (Manual) ===
Result C: 18 x 18, nnz = 60, sparsity = 81.48%
Time: 2.227 ms

=== All tests completed ===
Processing GD96_a ... (max 600s)
[dbg       0.0 ms] main entry, initializing CUDA context...
[dbg     426.2 ms] CUDA context ready
[dbg     426.3 ms] start read_matrix_market: ./data/rep/GD96_a.mtx
[dbg     426.7 ms] read done: 1096 x 1096, nnz=1677
[dbg     426.7 ms] T1 cuSPARSE self_product: start
[dbg     433.7 ms] self_product: A H2D done (17804 B)
[dbg     433.8 ms] cusparse: workEstimation begin
[dbg     452.5 ms] cusparse: workEstimation done (buf1=21187 B)
[dbg     452.5 ms] cusparse: compute begin
[dbg     453.0 ms] cusparse: compute done (buf2=67379 B)
[dbg     453.0 ms] cusparse: C size = 1096 x 1096, nnz=2137
[dbg     453.0 ms] cusparse: copy begin
[dbg     453.1 ms] cusparse: copy done
[dbg     454.1 ms] self_product: C D2H begin (21484 B)
[dbg     454.1 ms] self_product: C D2H done
[dbg     454.2 ms] T1 cuSPARSE self_product: done (C_nnz=2137)
[dbg     454.5 ms] T4 manual self_product: start
[dbg     454.6 ms] manual: count kernel begin (grid=1096, A_rows=1096)
[dbg     455.0 ms] manual: count kernel done
[dbg     455.1 ms] manual: scan done, C_nnz_result=2126
[dbg     455.1 ms] manual: fill kernel begin
[dbg     455.4 ms] manual: fill kernel done
[dbg     456.4 ms] T4 manual self_product: done (C_nnz=2126)
Reading matrix from ./data/rep/GD96_a.mtx...
Input A: 1096 x 1096, nnz = 1677, sparsity = 99.86%

=== Computing C = A x A (cuSPARSE) ===
Result C: 1096 x 1096, nnz = 2137, sparsity = 99.82%
Time: 27.523 ms

=== Computing C = A x A (Manual) ===
Result C: 1096 x 1096, nnz = 2126, sparsity = 99.82%
Time: 1.904 ms

=== All tests completed ===
Processing hangGlider_3 ... (max 600s)
[dbg       0.0 ms] main entry, initializing CUDA context...
[dbg     425.7 ms] CUDA context ready
[dbg     425.8 ms] start read_matrix_market: ./data/rep/hangGlider_3.mtx
[dbg     443.8 ms] read done: 10260 x 10260, nnz=92703
[dbg     443.8 ms] T1 cuSPARSE self_product: start
[dbg     450.6 ms] self_product: A H2D done (782668 B)
[dbg     450.6 ms] cusparse: workEstimation begin
[dbg     469.2 ms] cusparse: workEstimation done (buf1=1115035 B)
[dbg     469.3 ms] cusparse: compute begin
[dbg     478.5 ms] cusparse: compute done (buf2=2015331711 B)
[dbg     478.6 ms] cusparse: C size = 10260 x 10260, nnz=83182632
[dbg     478.8 ms] cusparse: copy begin
[dbg     479.8 ms] cusparse: copy done
[dbg     741.3 ms] self_product: C D2H begin (665502100 B)
[dbg     764.8 ms] self_product: C D2H done
[dbg     765.6 ms] T1 cuSPARSE self_product: done (C_nnz=83182632)
[dbg     861.4 ms] T4 manual self_product: start
[dbg     862.0 ms] manual: count kernel begin (grid=10260, A_rows=10260)
[dbg   15123.0 ms] manual: count kernel done
[dbg   15125.4 ms] manual: scan done, C_nnz_result=31804425
[dbg   15126.2 ms] manual: fill kernel begin
[dbg   29392.5 ms] manual: fill kernel done
[dbg   29505.6 ms] T4 manual self_product: done (C_nnz=31804425)
Reading matrix from ./data/rep/hangGlider_3.mtx...
Input A: 10260 x 10260, nnz = 92703, sparsity = 99.91%

=== Computing C = A x A (cuSPARSE) ===
Result C: 10260 x 10260, nnz = 83182632, sparsity = 20.98%
Time: 321.829 ms

=== Computing C = A x A (Manual) ===
Result C: 10260 x 10260, nnz = 31804425, sparsity = 69.79%
Time: 28644.214 ms

=== All tests completed ===
Processing heart1 ... (max 600s)
[dbg       0.0 ms] main entry, initializing CUDA context...
[dbg     457.2 ms] CUDA context ready
[dbg     457.3 ms] start read_matrix_market: ./data/rep/heart1.mtx
[dbg     885.5 ms] read done: 3557 x 3557, nnz=1387773
[dbg     885.5 ms] T1 cuSPARSE self_product: start
[dbg     894.5 ms] self_product: A H2D done (11116416 B)
[dbg     894.7 ms] cusparse: workEstimation begin
[dbg     912.5 ms] cusparse: workEstimation done (buf1=16678915 B)
[dbg     912.5 ms] cusparse: compute begin
[dbg     952.9 ms] cusparse: compute done (buf2=14318003359 B)
[dbg     952.9 ms] cusparse: C size = 3557 x 3557, nnz=5273361
[dbg     953.1 ms] cusparse: copy begin
[dbg     953.2 ms] cusparse: copy done
[dbg     975.1 ms] self_product: C D2H begin (42201120 B)
[dbg     976.6 ms] self_product: C D2H done
[dbg     976.8 ms] T1 cuSPARSE self_product: done (C_nnz=5273361)
[dbg     980.8 ms] T4 manual self_product: start
[dbg     986.3 ms] manual: count kernel begin (grid=3557, A_rows=3557)
[dbg    1003.7 ms] manual: count kernel done
[dbg    1003.8 ms] manual: scan done, C_nnz_result=5263382
[dbg    1004.0 ms] manual: fill kernel begin
[dbg    1021.3 ms] manual: fill kernel done
[dbg    1039.1 ms] T4 manual self_product: done (C_nnz=5263382)
Reading matrix from ./data/rep/heart1.mtx...
Input A: 3557 x 3557, nnz = 1387773, sparsity = 89.03%

=== Computing C = A x A (cuSPARSE) ===
Result C: 3557 x 3557, nnz = 5273361, sparsity = 58.32%
Time: 91.255 ms

=== Computing C = A x A (Manual) ===
Result C: 3557 x 3557, nnz = 5263382, sparsity = 58.40%
Time: 58.288 ms

=== All tests completed ===
Processing mesh1e1 ... (max 600s)
[dbg       0.0 ms] main entry, initializing CUDA context...
[dbg     428.7 ms] CUDA context ready
[dbg     428.8 ms] start read_matrix_market: ./data/rep/mesh1e1.mtx
[dbg     428.9 ms] read done: 48 x 48, nnz=306
[dbg     428.9 ms] T1 cuSPARSE self_product: start
[dbg     435.9 ms] self_product: A H2D done (2644 B)
[dbg     435.9 ms] cusparse: workEstimation begin
[dbg     453.5 ms] cusparse: workEstimation done (buf1=4735 B)
[dbg     453.5 ms] cusparse: compute begin
[dbg     454.0 ms] cusparse: compute done (buf2=53191 B)
[dbg     454.0 ms] cusparse: C size = 48 x 48, nnz=772
[dbg     454.0 ms] cusparse: copy begin
[dbg     454.1 ms] cusparse: copy done
[dbg     455.1 ms] self_product: C D2H begin (6372 B)
[dbg     455.1 ms] self_product: C D2H done
[dbg     455.2 ms] T1 cuSPARSE self_product: done (C_nnz=772)
[dbg     455.5 ms] T4 manual self_product: start
[dbg     455.6 ms] manual: count kernel begin (grid=48, A_rows=48)
[dbg     456.0 ms] manual: count kernel done
[dbg     456.1 ms] manual: scan done, C_nnz_result=758
[dbg     456.1 ms] manual: fill kernel begin
[dbg     456.3 ms] manual: fill kernel done
[dbg     457.3 ms] T4 manual self_product: done (C_nnz=758)
Reading matrix from ./data/rep/mesh1e1.mtx...
Input A: 48 x 48, nnz = 306, sparsity = 86.72%

=== Computing C = A x A (cuSPARSE) ===
Result C: 48 x 48, nnz = 772, sparsity = 66.49%
Time: 26.291 ms

=== Computing C = A x A (Manual) ===
Result C: 48 x 48, nnz = 758, sparsity = 67.10%
Time: 1.757 ms

=== All tests completed ===
Processing nemeth19 ... (max 600s)
[dbg       0.0 ms] main entry, initializing CUDA context...
[dbg     427.5 ms] CUDA context ready
[dbg     427.6 ms] start read_matrix_market: ./data/rep/nemeth19.mtx
[dbg     567.4 ms] read done: 9506 x 9506, nnz=818302
[dbg     567.4 ms] T1 cuSPARSE self_product: start
[dbg     575.6 ms] self_product: A H2D done (6584444 B)
[dbg     575.7 ms] cusparse: workEstimation begin
[dbg     593.7 ms] cusparse: workEstimation done (buf1=9835279 B)
[dbg     593.7 ms] cusparse: compute begin
[dbg     597.0 ms] cusparse: compute done (buf2=1705066919 B)
[dbg     597.0 ms] cusparse: C size = 9506 x 9506, nnz=1784266
[dbg     597.1 ms] cusparse: copy begin
[dbg     597.2 ms] cusparse: copy done
[dbg     604.1 ms] self_product: C D2H begin (14312156 B)
[dbg     604.6 ms] self_product: C D2H done
[dbg     605.0 ms] T1 cuSPARSE self_product: done (C_nnz=1784266)
[dbg     606.7 ms] T4 manual self_product: start
[dbg     607.9 ms] manual: count kernel begin (grid=9506, A_rows=9506)
[dbg     609.8 ms] manual: count kernel done
[dbg     609.9 ms] manual: scan done, C_nnz_result=1583172
[dbg     610.0 ms] manual: fill kernel begin
[dbg     613.0 ms] manual: fill kernel done
[dbg     618.6 ms] T4 manual self_product: done (C_nnz=1583172)
Reading matrix from ./data/rep/nemeth19.mtx...
Input A: 9506 x 9506, nnz = 818302, sparsity = 99.09%

=== Computing C = A x A (cuSPARSE) ===
Result C: 9506 x 9506, nnz = 1784266, sparsity = 98.03%
Time: 37.634 ms

=== Computing C = A x A (Manual) ===
Result C: 9506 x 9506, nnz = 1583172, sparsity = 98.25%
Time: 11.881 ms

=== All tests completed ===
Processing polbooks ... (max 600s)
[dbg       0.0 ms] main entry, initializing CUDA context...
[dbg     419.5 ms] CUDA context ready
[dbg     419.6 ms] start read_matrix_market: ./data/rep/polbooks.mtx
[dbg     419.7 ms] read done: 105 x 105, nnz=882
[dbg     419.7 ms] T1 cuSPARSE self_product: start
[dbg     427.0 ms] self_product: A H2D done (7480 B)
[dbg     427.1 ms] cusparse: workEstimation begin
[dbg     445.0 ms] cusparse: workEstimation done (buf1=11647 B)
[dbg     445.0 ms] cusparse: compute begin
[dbg     445.6 ms] cusparse: compute done (buf2=257767 B)
[dbg     445.6 ms] cusparse: C size = 105 x 105, nnz=4073
[dbg     445.6 ms] cusparse: copy begin
[dbg     445.7 ms] cusparse: copy done
[dbg     446.7 ms] self_product: C D2H begin (33008 B)
[dbg     446.7 ms] self_product: C D2H done
[dbg     446.8 ms] T1 cuSPARSE self_product: done (C_nnz=4073)
[dbg     447.1 ms] T4 manual self_product: start
[dbg     447.1 ms] manual: count kernel begin (grid=105, A_rows=105)
[dbg     447.5 ms] manual: count kernel done
[dbg     447.6 ms] manual: scan done, C_nnz_result=4064
[dbg     447.6 ms] manual: fill kernel begin
[dbg     447.8 ms] manual: fill kernel done
[dbg     448.8 ms] T4 manual self_product: done (C_nnz=4064)
Reading matrix from ./data/rep/polbooks.mtx...
Input A: 105 x 105, nnz = 882, sparsity = 92.00%

=== Computing C = A x A (cuSPARSE) ===
Result C: 105 x 105, nnz = 4073, sparsity = 63.06%
Time: 27.055 ms

=== Computing C = A x A (Manual) ===
Result C: 105 x 105, nnz = 4064, sparsity = 63.14%
Time: 1.732 ms

=== All tests completed ===
Processing poli_large ... (max 600s)
[dbg       0.0 ms] main entry, initializing CUDA context...
[dbg     431.8 ms] CUDA context ready
[dbg     431.9 ms] start read_matrix_market: ./data/rep/poli_large.mtx
[dbg     440.1 ms] read done: 15575 x 15575, nnz=33074
[dbg     440.1 ms] T1 cuSPARSE self_product: start
[dbg     446.9 ms] self_product: A H2D done (326896 B)
[dbg     446.9 ms] cusparse: workEstimation begin
[dbg     465.0 ms] cusparse: workEstimation done (buf1=398463 B)
[dbg     465.0 ms] cusparse: compute begin
[dbg     465.6 ms] cusparse: compute done (buf2=2024511 B)
[dbg     465.6 ms] cusparse: C size = 15575 x 15575, nnz=59649
[dbg     465.6 ms] cusparse: copy begin
[dbg     465.7 ms] cusparse: copy done
[dbg     466.7 ms] self_product: C D2H begin (539496 B)
[dbg     466.7 ms] self_product: C D2H done
[dbg     466.8 ms] T1 cuSPARSE self_product: done (C_nnz=59649)
[dbg     467.1 ms] T4 manual self_product: start
[dbg     467.2 ms] manual: count kernel begin (grid=15575, A_rows=15575)
[dbg     470.1 ms] manual: count kernel done
[dbg     470.3 ms] manual: scan done, C_nnz_result=59576
[dbg     470.3 ms] manual: fill kernel begin
[dbg     473.2 ms] manual: fill kernel done
[dbg     474.2 ms] T4 manual self_product: done (C_nnz=59576)
Reading matrix from ./data/rep/poli_large.mtx...
Input A: 15575 x 15575, nnz = 33074, sparsity = 99.99%

=== Computing C = A x A (cuSPARSE) ===
Result C: 15575 x 15575, nnz = 59649, sparsity = 99.98%
Time: 26.727 ms

=== Computing C = A x A (Manual) ===
Result C: 15575 x 15575, nnz = 59576, sparsity = 99.98%
Time: 7.102 ms

=== All tests completed ===
Processing raefsky6 ... (max 600s)
[dbg       0.0 ms] main entry, initializing CUDA context...
[dbg     426.4 ms] CUDA context ready
[dbg     426.5 ms] start read_matrix_market: ./data/rep/raefsky6.mtx
[dbg     467.1 ms] read done: 3402 x 3402, nnz=137845
[dbg     467.1 ms] T1 cuSPARSE self_product: start
[dbg     474.2 ms] self_product: A H2D done (1116372 B)
[dbg     474.2 ms] cusparse: workEstimation begin
[dbg     492.8 ms] cusparse: workEstimation done (buf1=1657507 B)
[dbg     492.8 ms] cusparse: compute begin
[dbg     493.8 ms] cusparse: compute done (buf2=91781375 B)
[dbg     493.8 ms] cusparse: C size = 3402 x 3402, nnz=356032
[dbg     493.9 ms] cusparse: copy begin
[dbg     494.0 ms] cusparse: copy done
[dbg     496.2 ms] self_product: C D2H begin (2861868 B)
[dbg     496.3 ms] self_product: C D2H done
[dbg     496.5 ms] T1 cuSPARSE self_product: done (C_nnz=356032)
[dbg     497.0 ms] T4 manual self_product: start
[dbg     497.4 ms] manual: count kernel begin (grid=3402, A_rows=3402)
[dbg     498.2 ms] manual: count kernel done
[dbg     498.3 ms] manual: scan done, C_nnz_result=318361
[dbg     498.4 ms] manual: fill kernel begin
[dbg     499.4 ms] manual: fill kernel done
[dbg     500.7 ms] T4 manual self_product: done (C_nnz=318361)
Reading matrix from ./data/rep/raefsky6.mtx...
Input A: 3402 x 3402, nnz = 137845, sparsity = 98.81%

=== Computing C = A x A (cuSPARSE) ===
Result C: 3402 x 3402, nnz = 356032, sparsity = 96.92%
Time: 29.394 ms

=== Computing C = A x A (Manual) ===
Result C: 3402 x 3402, nnz = 318361, sparsity = 97.25%
Time: 3.698 ms

=== All tests completed ===
Processing Raj1 ... (max 600s)
[dbg       0.0 ms] main entry, initializing CUDA context...
[dbg     421.4 ms] CUDA context ready
[dbg     421.5 ms] start read_matrix_market: ./data/rep/Raj1.mtx
[dbg     880.1 ms] read done: 263743 x 263743, nnz=1302464
[dbg     880.2 ms] T1 cuSPARSE self_product: start
[dbg     895.2 ms] self_product: A H2D done (11474688 B)
[dbg     895.3 ms] cusparse: workEstimation begin
[dbg     910.6 ms] cusparse: workEstimation done (buf1=15653671 B)
[dbg     910.6 ms] cusparse: compute begin
cuSPARSE error src/spgemm_kernel_cusparse.cu:108: 11 (insufficient resources)
Reading matrix from ./data/rep/Raj1.mtx...
Input A: 263743 x 263743, nnz = 1302464, sparsity = 100.00%

=== Computing C = A x A (cuSPARSE) ===
Processing sherman5 ... (max 600s)
[dbg       0.0 ms] main entry, initializing CUDA context...
[dbg     461.4 ms] CUDA context ready
[dbg     461.5 ms] start read_matrix_market: ./data/rep/sherman5.mtx
[dbg     467.3 ms] read done: 3312 x 3312, nnz=20793
[dbg     467.3 ms] T1 cuSPARSE self_product: start
[dbg     474.6 ms] self_product: A H2D done (179596 B)
[dbg     474.7 ms] cusparse: workEstimation begin
[dbg     491.8 ms] cusparse: workEstimation done (buf1=250835 B)
[dbg     491.9 ms] cusparse: compute begin
[dbg     492.5 ms] cusparse: compute done (buf2=5742975 B)
[dbg     492.5 ms] cusparse: C size = 3312 x 3312, nnz=78821
[dbg     492.5 ms] cusparse: copy begin
[dbg     492.6 ms] cusparse: copy done
[dbg     493.7 ms] self_product: C D2H begin (643820 B)
[dbg     493.7 ms] self_product: C D2H done
[dbg     493.8 ms] T1 cuSPARSE self_product: done (C_nnz=78821)
[dbg     494.1 ms] T4 manual self_product: start
[dbg     494.2 ms] manual: count kernel begin (grid=3312, A_rows=3312)
[dbg     494.8 ms] manual: count kernel done
[dbg     494.9 ms] manual: scan done, C_nnz_result=78820
[dbg     495.0 ms] manual: fill kernel begin
[dbg     495.6 ms] manual: fill kernel done
[dbg     496.6 ms] T4 manual self_product: done (C_nnz=78820)
Reading matrix from ./data/rep/sherman5.mtx...
Input A: 3312 x 3312, nnz = 20793, sparsity = 99.81%

=== Computing C = A x A (cuSPARSE) ===
Result C: 3312 x 3312, nnz = 78821, sparsity = 99.28%
Time: 26.489 ms

=== Computing C = A x A (Manual) ===
Result C: 3312 x 3312, nnz = 78820, sparsity = 99.28%
Time: 2.501 ms

=== All tests completed ===
Processing tomography ... (max 600s)
[dbg       0.0 ms] main entry, initializing CUDA context...
[dbg     445.8 ms] CUDA context ready
[dbg     445.9 ms] start read_matrix_market: ./data/rep/tomography.mtx
[dbg     454.1 ms] read done: 500 x 500, nnz=28726
[dbg     454.1 ms] T1 cuSPARSE self_product: start
[dbg     461.3 ms] self_product: A H2D done (231812 B)
[dbg     461.3 ms] cusparse: workEstimation begin
[dbg     480.2 ms] cusparse: workEstimation done (buf1=346287 B)
[dbg     480.3 ms] cusparse: compute begin
[dbg     481.0 ms] cusparse: compute done (buf2=87983879 B)
[dbg     481.1 ms] cusparse: C size = 500 x 500, nnz=208298
[dbg     481.1 ms] cusparse: copy begin
[dbg     481.2 ms] cusparse: copy done
[dbg     482.4 ms] self_product: C D2H begin (1668388 B)
[dbg     482.5 ms] self_product: C D2H done
[dbg     482.6 ms] T1 cuSPARSE self_product: done (C_nnz=208298)
[dbg     482.9 ms] T4 manual self_product: start
[dbg     483.0 ms] manual: count kernel begin (grid=500, A_rows=500)
[dbg     483.6 ms] manual: count kernel done
[dbg     483.7 ms] manual: scan done, C_nnz_result=207838
[dbg     483.8 ms] manual: fill kernel begin
[dbg     484.1 ms] manual: fill kernel done
[dbg     485.2 ms] T4 manual self_product: done (C_nnz=207838)
Reading matrix from ./data/rep/tomography.mtx...
Input A: 500 x 500, nnz = 28726, sparsity = 88.51%

=== Computing C = A x A (cuSPARSE) ===
Result C: 500 x 500, nnz = 208298, sparsity = 16.68%
Time: 28.503 ms

=== Computing C = A x A (Manual) ===
Result C: 500 x 500, nnz = 207838, sparsity = 16.86%
Time: 2.291 ms

=== All tests completed ===
Processing vsp_bcsstk30_500sep_10in_1Kout ... (max 600s)
[dbg       0.0 ms] main entry, initializing CUDA context...
[dbg     418.9 ms] CUDA context ready
[dbg     419.0 ms] start read_matrix_market: ./data/rep/vsp_bcsstk30_500sep_10in_1Kout.mtx
[dbg     824.5 ms] read done: 58348 x 58348, nnz=4033156
[dbg     824.5 ms] T1 cuSPARSE self_product: start
[dbg     836.6 ms] self_product: A H2D done (32498644 B)
[dbg     836.8 ms] cusparse: workEstimation begin
[dbg     850.4 ms] cusparse: workEstimation done (buf1=48470871 B)
[dbg     850.4 ms] cusparse: compute begin
[dbg     868.7 ms] cusparse: compute done (buf2=8146314983 B)
[dbg     868.7 ms] cusparse: C size = 58348 x 58348, nnz=18175907
[dbg     868.9 ms] cusparse: copy begin
[dbg     869.2 ms] cusparse: copy done
[dbg     930.2 ms] self_product: C D2H begin (145640652 B)
[dbg     935.3 ms] self_product: C D2H done
[dbg     935.6 ms] T1 cuSPARSE self_product: done (C_nnz=18175907)
[dbg     949.0 ms] T4 manual self_product: start
[dbg     966.3 ms] manual: count kernel begin (grid=58348, A_rows=58348)
[dbg     980.2 ms] manual: count kernel done
[dbg     980.3 ms] manual: scan done, C_nnz_result=18175622
[dbg     980.6 ms] manual: fill kernel begin
[dbg    1003.0 ms] manual: fill kernel done
[dbg    1065.6 ms] T4 manual self_product: done (C_nnz=18175622)
Reading matrix from ./data/rep/vsp_bcsstk30_500sep_10in_1Kout.mtx...
Input A: 58348 x 58348, nnz = 4033156, sparsity = 99.88%

=== Computing C = A x A (cuSPARSE) ===
Result C: 58348 x 58348, nnz = 18175907, sparsity = 99.47%
Time: 111.048 ms

=== Computing C = A x A (Manual) ===
Result C: 58348 x 58348, nnz = 18175622, sparsity = 99.47%
Time: 116.572 ms

=== All tests completed ===

=============================
Total:    20
OK:       19
FAIL:     1
TIMEOUT:  0  (>600s 自动跳过)
=============================
Failed:
    Raj1 (rc=1)

Summary: ./results/rep/summary.csv
Per-matrix logs: ./results/rep/log/<name>.log
Matrix outputs:  ./results/rep/matrices/<name>/
