Processing cage3 ... (max 600s)
[dbg       0.0 ms] main entry, initializing CUDA context...
[dbg     500.4 ms] CUDA context ready
[dbg     500.5 ms] start read_matrix_market: ./data/rep/cage3.mtx
[dbg     500.5 ms] read done: 5 x 5, nnz=19
[dbg     500.5 ms] T1 cuSPARSE self_product: start
[dbg     507.6 ms] self_product: A H2D done (176 B)
[dbg     507.6 ms] cusparse: workEstimation begin
[dbg     525.9 ms] cusparse: workEstimation done (buf1=1291 B)
[dbg     525.9 ms] cusparse: compute begin
[dbg     526.4 ms] cusparse: compute done (buf2=6943 B)
[dbg     526.4 ms] cusparse: C size = 5 x 5, nnz=25
[dbg     526.4 ms] cusparse: copy begin
[dbg     526.5 ms] cusparse: copy done
[dbg     527.5 ms] self_product: C D2H begin (224 B)
[dbg     527.6 ms] self_product: C D2H done
[dbg     527.7 ms] T1 cuSPARSE self_product: done (C_nnz=25)
[dbg     527.9 ms] T4 manual self_product: start
[dbg     528.0 ms] ESC: count intermediates begin
[dbg     529.1 ms] ESC: count intermediates done
[dbg     529.3 ms] ESC: total intermediates = 75
[dbg     529.3 ms] ESC: expand begin (75 intermediates)
[dbg     529.3 ms] ESC: expand done
[dbg     529.3 ms] ESC: sort_by_key begin
[dbg     529.4 ms] ESC: sort_by_key done
[dbg     529.4 ms] ESC: reduce_by_key begin
[dbg     529.6 ms] ESC: reduce done, C_nnz=25
[dbg     530.6 ms] T4 manual self_product: done (C_nnz=25)
Reading matrix from ./data/rep/cage3.mtx...
Input A: 5 x 5, nnz = 19, sparsity = 24.00%

=== Computing C = A x A (cuSPARSE) ===
Result C: 5 x 5, nnz = 25, sparsity = 0.00%
Time: 27.120 ms

=== Computing C = A x A (Manual) ===
Result C: 5 x 5, nnz = 25, sparsity = 0.00%
Time: 2.691 ms

=== All tests completed ===
Processing can_73 ... (max 600s)
[dbg       0.0 ms] main entry, initializing CUDA context...
[dbg     448.0 ms] CUDA context ready
[dbg     448.1 ms] start read_matrix_market: ./data/rep/can_73.mtx
[dbg     448.2 ms] read done: 73 x 73, nnz=377
[dbg     448.2 ms] T1 cuSPARSE self_product: start
[dbg     455.3 ms] self_product: A H2D done (3312 B)
[dbg     455.3 ms] cusparse: workEstimation begin
[dbg     473.4 ms] cusparse: workEstimation done (buf1=5587 B)
[dbg     473.4 ms] cusparse: compute begin
[dbg     473.9 ms] cusparse: compute done (buf2=60079 B)
[dbg     473.9 ms] cusparse: C size = 73 x 73, nnz=1377
[dbg     473.9 ms] cusparse: copy begin
[dbg     474.1 ms] cusparse: copy done
[dbg     475.1 ms] self_product: C D2H begin (11312 B)
[dbg     475.1 ms] self_product: C D2H done
[dbg     475.2 ms] T1 cuSPARSE self_product: done (C_nnz=1377)
[dbg     475.5 ms] T4 manual self_product: start
[dbg     475.6 ms] ESC: count intermediates begin
[dbg     476.7 ms] ESC: count intermediates done
[dbg     476.8 ms] ESC: total intermediates = 2289
[dbg     476.9 ms] ESC: expand begin (2289 intermediates)
[dbg     476.9 ms] ESC: expand done
[dbg     476.9 ms] ESC: sort_by_key begin
[dbg     477.0 ms] ESC: sort_by_key done
[dbg     477.0 ms] ESC: reduce_by_key begin
[dbg     477.1 ms] ESC: reduce done, C_nnz=1377
[dbg     478.2 ms] T4 manual self_product: done (C_nnz=1377)
Reading matrix from ./data/rep/can_73.mtx...
Input A: 73 x 73, nnz = 377, sparsity = 92.93%

=== Computing C = A x A (cuSPARSE) ===
Result C: 73 x 73, nnz = 1377, sparsity = 74.16%
Time: 27.077 ms

=== Computing C = A x A (Manual) ===
Result C: 73 x 73, nnz = 1377, sparsity = 74.16%
Time: 2.656 ms

=== All tests completed ===
Processing cavity04 ... (max 600s)
[dbg       0.0 ms] main entry, initializing CUDA context...
[dbg     426.6 ms] CUDA context ready
[dbg     426.7 ms] start read_matrix_market: ./data/rep/cavity04.mtx
[dbg     428.6 ms] read done: 317 x 317, nnz=7327
[dbg     428.6 ms] T1 cuSPARSE self_product: start
[dbg     435.6 ms] self_product: A H2D done (59888 B)
[dbg     435.7 ms] cusparse: workEstimation begin
[dbg     452.8 ms] cusparse: workEstimation done (buf1=88987 B)
[dbg     452.8 ms] cusparse: compute begin
[dbg     453.4 ms] cusparse: compute done (buf2=5420479 B)
[dbg     453.4 ms] cusparse: C size = 317 x 317, nnz=27556
[dbg     453.4 ms] cusparse: copy begin
[dbg     453.5 ms] cusparse: copy done
[dbg     454.5 ms] self_product: C D2H begin (221720 B)
[dbg     454.6 ms] self_product: C D2H done
[dbg     454.6 ms] T1 cuSPARSE self_product: done (C_nnz=27556)
[dbg     454.9 ms] T4 manual self_product: start
[dbg     455.0 ms] ESC: count intermediates begin
[dbg     456.2 ms] ESC: count intermediates done
[dbg     456.3 ms] ESC: total intermediates = 225447
[dbg     456.4 ms] ESC: expand begin (225447 intermediates)
[dbg     456.5 ms] ESC: expand done
[dbg     456.5 ms] ESC: sort_by_key begin
[dbg     456.8 ms] ESC: sort_by_key done
[dbg     456.9 ms] ESC: reduce_by_key begin
[dbg     457.0 ms] ESC: reduce done, C_nnz=27556
[dbg     458.2 ms] T4 manual self_product: done (C_nnz=27556)
Reading matrix from ./data/rep/cavity04.mtx...
Input A: 317 x 317, nnz = 7327, sparsity = 92.71%

=== Computing C = A x A (cuSPARSE) ===
Result C: 317 x 317, nnz = 27556, sparsity = 72.58%
Time: 26.010 ms

=== Computing C = A x A (Manual) ===
Result C: 317 x 317, nnz = 27556, sparsity = 72.58%
Time: 3.235 ms

=== All tests completed ===
Processing coater1 ... (max 600s)
[dbg       0.0 ms] main entry, initializing CUDA context...
[dbg     439.2 ms] CUDA context ready
[dbg     439.3 ms] start read_matrix_market: ./data/rep/coater1.mtx
[dbg     444.6 ms] read done: 1348 x 1348, nnz=19457
[dbg     444.6 ms] T1 cuSPARSE self_product: start
[dbg     451.8 ms] self_product: A H2D done (161052 B)
[dbg     451.8 ms] cusparse: workEstimation begin
[dbg     470.1 ms] cusparse: workEstimation done (buf1=234803 B)
[dbg     470.2 ms] cusparse: compute begin
[dbg     470.8 ms] cusparse: compute done (buf2=7958991 B)
[dbg     470.8 ms] cusparse: C size = 1348 x 1348, nnz=130920
[dbg     470.8 ms] cusparse: copy begin
[dbg     470.9 ms] cusparse: copy done
[dbg     471.9 ms] self_product: C D2H begin (1052756 B)
[dbg     472.0 ms] self_product: C D2H done
[dbg     472.1 ms] T1 cuSPARSE self_product: done (C_nnz=130920)
[dbg     472.5 ms] T4 manual self_product: start
[dbg     472.6 ms] ESC: count intermediates begin
[dbg     473.6 ms] ESC: count intermediates done
[dbg     473.8 ms] ESC: total intermediates = 330910
[dbg     473.8 ms] ESC: expand begin (330910 intermediates)
[dbg     473.9 ms] ESC: expand done
[dbg     473.9 ms] ESC: sort_by_key begin
[dbg     474.3 ms] ESC: sort_by_key done
[dbg     474.4 ms] ESC: reduce_by_key begin
[dbg     474.5 ms] ESC: reduce done, C_nnz=130920
[dbg     475.7 ms] T4 manual self_product: done (C_nnz=130920)
Reading matrix from ./data/rep/coater1.mtx...
Input A: 1348 x 1348, nnz = 19457, sparsity = 98.93%

=== Computing C = A x A (cuSPARSE) ===
Result C: 1348 x 1348, nnz = 130920, sparsity = 92.80%
Time: 27.491 ms

=== Computing C = A x A (Manual) ===
Result C: 1348 x 1348, nnz = 130920, sparsity = 92.80%
Time: 3.263 ms

=== All tests completed ===
Processing CurlCurl_1 ... (max 600s)
[dbg       0.0 ms] main entry, initializing CUDA context...
[dbg     441.1 ms] CUDA context ready
[dbg     441.2 ms] start read_matrix_market: ./data/rep/CurlCurl_1.mtx
[dbg     871.4 ms] read done: 226451 x 226451, nnz=2472071
[dbg     871.5 ms] T1 cuSPARSE self_product: start
[dbg     882.5 ms] self_product: A H2D done (20682376 B)
[dbg     882.6 ms] cusparse: workEstimation begin
[dbg     898.0 ms] cusparse: workEstimation done (buf1=29709947 B)
[dbg     898.0 ms] cusparse: compute begin
[dbg     899.3 ms] cusparse: compute done (buf2=655198007 B)
[dbg     899.3 ms] cusparse: C size = 226451 x 226451, nnz=12165785
[dbg     899.5 ms] cusparse: copy begin
[dbg     899.7 ms] cusparse: copy done
[dbg     939.0 ms] self_product: C D2H begin (98232088 B)
[dbg     943.4 ms] self_product: C D2H done
[dbg     943.7 ms] T1 cuSPARSE self_product: done (C_nnz=12165785)
[dbg     953.0 ms] T4 manual self_product: start
[dbg     955.9 ms] ESC: count intermediates begin
[dbg     957.3 ms] ESC: count intermediates done
[dbg     957.4 ms] ESC: total intermediates = 27224109
[dbg     957.6 ms] ESC: expand begin (27224109 intermediates)
[dbg     958.0 ms] ESC: expand done
[dbg     958.0 ms] ESC: sort_by_key begin
[dbg     961.7 ms] ESC: sort_by_key done
[dbg     961.9 ms] ESC: reduce_by_key begin
[dbg     962.4 ms] ESC: reduce done, C_nnz=12165785
[dbg    1005.5 ms] T4 manual self_product: done (C_nnz=12165785)
Reading matrix from ./data/rep/CurlCurl_1.mtx...
Input A: 226451 x 226451, nnz = 2472071, sparsity = 100.00%

=== Computing C = A x A (cuSPARSE) ===
Result C: 226451 x 226451, nnz = 12165785, sparsity = 99.98%
Time: 72.244 ms

=== Computing C = A x A (Manual) ===
Result C: 226451 x 226451, nnz = 12165785, sparsity = 99.98%
Time: 52.541 ms

=== All tests completed ===
Processing email-Enron ... (max 600s)
[dbg       0.0 ms] main entry, initializing CUDA context...
[dbg     438.3 ms] CUDA context ready
[dbg     438.5 ms] start read_matrix_market: ./data/rep/email-Enron.mtx
[dbg     475.6 ms] read done: 36692 x 36692, nnz=367662
[dbg     475.6 ms] T1 cuSPARSE self_product: start
[dbg     482.9 ms] self_product: A H2D done (3088068 B)
[dbg     483.0 ms] cusparse: workEstimation begin
[dbg     499.1 ms] cusparse: workEstimation done (buf1=4419407 B)
[dbg     499.1 ms] cusparse: compute begin
[dbg     505.2 ms] cusparse: compute done (buf2=1237112791 B)
[dbg     505.2 ms] cusparse: C size = 36692 x 36692, nnz=30492154
[dbg     505.4 ms] cusparse: copy begin
[dbg     505.9 ms] cusparse: copy done
[dbg     602.1 ms] self_product: C D2H begin (244084004 B)
[dbg     612.5 ms] self_product: C D2H done
[dbg     613.0 ms] T1 cuSPARSE self_product: done (C_nnz=30492154)
[dbg     636.2 ms] T4 manual self_product: start
[dbg     636.8 ms] ESC: count intermediates begin
[dbg     638.3 ms] ESC: count intermediates done
[dbg     638.4 ms] ESC: total intermediates = 51501448
[dbg     638.6 ms] ESC: expand begin (51501448 intermediates)
[dbg     639.8 ms] ESC: expand done
[dbg     639.8 ms] ESC: sort_by_key begin
[dbg     646.6 ms] ESC: sort_by_key done
[dbg     646.8 ms] ESC: reduce_by_key begin
[dbg     647.7 ms] ESC: reduce done, C_nnz=30492154
[dbg     762.5 ms] T4 manual self_product: done (C_nnz=30492154)
Reading matrix from ./data/rep/email-Enron.mtx...
Input A: 36692 x 36692, nnz = 367662, sparsity = 99.97%

=== Computing C = A x A (cuSPARSE) ===
Result C: 36692 x 36692, nnz = 30492154, sparsity = 97.74%
Time: 137.406 ms

=== Computing C = A x A (Manual) ===
Result C: 36692 x 36692, nnz = 30492154, sparsity = 97.74%
Time: 126.247 ms

=== All tests completed ===
Processing ex10hs ... (max 600s)
[dbg       0.0 ms] main entry, initializing CUDA context...
[dbg     437.1 ms] CUDA context ready
[dbg     437.2 ms] start read_matrix_market: ./data/rep/ex10hs.mtx
[dbg     446.9 ms] read done: 2548 x 2548, nnz=57308
[dbg     446.9 ms] T1 cuSPARSE self_product: start
[dbg     453.9 ms] self_product: A H2D done (468660 B)
[dbg     453.9 ms] cusparse: workEstimation begin
[dbg     472.7 ms] cusparse: workEstimation done (buf1=689527 B)
[dbg     472.7 ms] cusparse: compute begin
[dbg     473.6 ms] cusparse: compute done (buf2=38782311 B)
[dbg     473.6 ms] cusparse: C size = 2548 x 2548, nnz=205230
[dbg     473.7 ms] cusparse: copy begin
[dbg     473.8 ms] cusparse: copy done
[dbg     475.0 ms] self_product: C D2H begin (1652036 B)
[dbg     475.1 ms] self_product: C D2H done
[dbg     475.2 ms] T1 cuSPARSE self_product: done (C_nnz=205230)
[dbg     475.5 ms] T4 manual self_product: start
[dbg     475.6 ms] ESC: count intermediates begin
[dbg     476.7 ms] ESC: count intermediates done
[dbg     476.8 ms] ESC: total intermediates = 1614318
[dbg     477.0 ms] ESC: expand begin (1614318 intermediates)
[dbg     477.0 ms] ESC: expand done
[dbg     477.0 ms] ESC: sort_by_key begin
[dbg     477.5 ms] ESC: sort_by_key done
[dbg     477.7 ms] ESC: reduce_by_key begin
[dbg     477.8 ms] ESC: reduce done, C_nnz=205230
[dbg     479.3 ms] T4 manual self_product: done (C_nnz=205230)
Reading matrix from ./data/rep/ex10hs.mtx...
Input A: 2548 x 2548, nnz = 57308, sparsity = 99.12%

=== Computing C = A x A (cuSPARSE) ===
Result C: 2548 x 2548, nnz = 205230, sparsity = 96.84%
Time: 28.288 ms

=== Computing C = A x A (Manual) ===
Result C: 2548 x 2548, nnz = 205230, sparsity = 96.84%
Time: 3.814 ms

=== All tests completed ===
Processing GD01_b ... (max 600s)
[dbg       0.0 ms] main entry, initializing CUDA context...
[dbg     432.1 ms] CUDA context ready
[dbg     432.2 ms] start read_matrix_market: ./data/rep/GD01_b.mtx
[dbg     432.3 ms] read done: 18 x 18, nnz=37
[dbg     432.3 ms] T1 cuSPARSE self_product: start
[dbg     439.3 ms] self_product: A H2D done (372 B)
[dbg     439.3 ms] cusparse: workEstimation begin
[dbg     456.4 ms] cusparse: workEstimation done (buf1=1507 B)
[dbg     456.5 ms] cusparse: compute begin
[dbg     457.0 ms] cusparse: compute done (buf2=6991 B)
[dbg     457.0 ms] cusparse: C size = 18 x 18, nnz=64
[dbg     457.0 ms] cusparse: copy begin
[dbg     457.0 ms] cusparse: copy done
[dbg     458.0 ms] self_product: C D2H begin (588 B)
[dbg     458.1 ms] self_product: C D2H done
[dbg     458.1 ms] T1 cuSPARSE self_product: done (C_nnz=64)
[dbg     458.5 ms] T4 manual self_product: start
[dbg     458.6 ms] ESC: count intermediates begin
[dbg     459.7 ms] ESC: count intermediates done
[dbg     459.8 ms] ESC: total intermediates = 77
[dbg     459.9 ms] ESC: expand begin (77 intermediates)
[dbg     459.9 ms] ESC: expand done
[dbg     459.9 ms] ESC: sort_by_key begin
[dbg     459.9 ms] ESC: sort_by_key done
[dbg     460.0 ms] ESC: reduce_by_key begin
[dbg     460.1 ms] ESC: reduce done, C_nnz=64
[dbg     461.1 ms] T4 manual self_product: done (C_nnz=64)
Reading matrix from ./data/rep/GD01_b.mtx...
Input A: 18 x 18, nnz = 37, sparsity = 88.58%

=== Computing C = A x A (cuSPARSE) ===
Result C: 18 x 18, nnz = 64, sparsity = 80.25%
Time: 25.883 ms

=== Computing C = A x A (Manual) ===
Result C: 18 x 18, nnz = 64, sparsity = 80.25%
Time: 2.656 ms

=== All tests completed ===
Processing GD96_a ... (max 600s)
[dbg       0.0 ms] main entry, initializing CUDA context...
[dbg     430.0 ms] CUDA context ready
[dbg     430.1 ms] start read_matrix_market: ./data/rep/GD96_a.mtx
[dbg     430.5 ms] read done: 1096 x 1096, nnz=1677
[dbg     430.5 ms] T1 cuSPARSE self_product: start
[dbg     437.5 ms] self_product: A H2D done (17804 B)
[dbg     437.5 ms] cusparse: workEstimation begin
[dbg     455.1 ms] cusparse: workEstimation done (buf1=21187 B)
[dbg     455.2 ms] cusparse: compute begin
[dbg     455.6 ms] cusparse: compute done (buf2=67379 B)
[dbg     455.6 ms] cusparse: C size = 1096 x 1096, nnz=2137
[dbg     455.7 ms] cusparse: copy begin
[dbg     455.7 ms] cusparse: copy done
[dbg     456.7 ms] self_product: C D2H begin (21484 B)
[dbg     456.7 ms] self_product: C D2H done
[dbg     456.8 ms] T1 cuSPARSE self_product: done (C_nnz=2137)
[dbg     457.1 ms] T4 manual self_product: start
[dbg     457.2 ms] ESC: count intermediates begin
[dbg     458.3 ms] ESC: count intermediates done
[dbg     458.5 ms] ESC: total intermediates = 2175
[dbg     458.5 ms] ESC: expand begin (2175 intermediates)
[dbg     458.5 ms] ESC: expand done
[dbg     458.5 ms] ESC: sort_by_key begin
[dbg     458.6 ms] ESC: sort_by_key done
[dbg     458.6 ms] ESC: reduce_by_key begin
[dbg     458.7 ms] ESC: reduce done, C_nnz=2137
[dbg     459.8 ms] T4 manual self_product: done (C_nnz=2137)
Reading matrix from ./data/rep/GD96_a.mtx...
Input A: 1096 x 1096, nnz = 1677, sparsity = 99.86%

=== Computing C = A x A (cuSPARSE) ===
Result C: 1096 x 1096, nnz = 2137, sparsity = 99.82%
Time: 26.287 ms

=== Computing C = A x A (Manual) ===
Result C: 1096 x 1096, nnz = 2137, sparsity = 99.82%
Time: 2.702 ms

=== All tests completed ===
Processing hangGlider_3 ... (max 600s)
[dbg       0.0 ms] main entry, initializing CUDA context...
[dbg     436.2 ms] CUDA context ready
[dbg     436.3 ms] start read_matrix_market: ./data/rep/hangGlider_3.mtx
[dbg     453.4 ms] read done: 10260 x 10260, nnz=92703
[dbg     453.4 ms] T1 cuSPARSE self_product: start
[dbg     459.9 ms] self_product: A H2D done (782668 B)
[dbg     459.9 ms] cusparse: workEstimation begin
[dbg     492.3 ms] cusparse: workEstimation done (buf1=1115035 B)
[dbg     492.3 ms] cusparse: compute begin
[dbg     502.3 ms] cusparse: compute done (buf2=2015331711 B)
[dbg     502.3 ms] cusparse: C size = 10260 x 10260, nnz=83182632
[dbg     502.6 ms] cusparse: copy begin
[dbg     503.7 ms] cusparse: copy done
[dbg     770.7 ms] self_product: C D2H begin (665502100 B)
[dbg     794.2 ms] self_product: C D2H done
[dbg     795.1 ms] T1 cuSPARSE self_product: done (C_nnz=83182632)
[dbg     870.5 ms] T4 manual self_product: start
[dbg     871.0 ms] ESC: count intermediates begin
[dbg     872.8 ms] ESC: count intermediates done
[dbg     872.9 ms] ESC: total intermediates = 83899119
[dbg     873.4 ms] ESC: expand begin (83899119 intermediates)
[dbg     885.6 ms] ESC: expand done
[dbg     885.6 ms] ESC: sort_by_key begin
[dbg     896.6 ms] ESC: sort_by_key done
[dbg     896.9 ms] ESC: reduce_by_key begin
[dbg     898.4 ms] ESC: reduce done, C_nnz=83182632
[dbg    1234.6 ms] T4 manual self_product: done (C_nnz=83182632)
Reading matrix from ./data/rep/hangGlider_3.mtx...
Input A: 10260 x 10260, nnz = 92703, sparsity = 99.91%

=== Computing C = A x A (cuSPARSE) ===
Result C: 10260 x 10260, nnz = 83182632, sparsity = 20.98%
Time: 341.677 ms

=== Computing C = A x A (Manual) ===
Result C: 10260 x 10260, nnz = 83182632, sparsity = 20.98%
Time: 364.079 ms

=== All tests completed ===
Processing heart1 ... (max 600s)
[dbg       0.0 ms] main entry, initializing CUDA context...
[dbg     457.0 ms] CUDA context ready
[dbg     457.1 ms] start read_matrix_market: ./data/rep/heart1.mtx
[dbg     908.2 ms] read done: 3557 x 3557, nnz=1387773
[dbg     908.2 ms] T1 cuSPARSE self_product: start
[dbg     917.1 ms] self_product: A H2D done (11116416 B)
[dbg     917.3 ms] cusparse: workEstimation begin
[dbg     934.6 ms] cusparse: workEstimation done (buf1=16678915 B)
[dbg     934.6 ms] cusparse: compute begin
[dbg     974.8 ms] cusparse: compute done (buf2=14318003359 B)
[dbg     974.9 ms] cusparse: C size = 3557 x 3557, nnz=5273361
[dbg     975.0 ms] cusparse: copy begin
[dbg     975.1 ms] cusparse: copy done
[dbg     997.8 ms] self_product: C D2H begin (42201120 B)
[dbg     999.3 ms] self_product: C D2H done
[dbg     999.5 ms] T1 cuSPARSE self_product: done (C_nnz=5273361)
[dbg    1003.7 ms] T4 manual self_product: start
[dbg    1009.1 ms] ESC: count intermediates begin
[dbg    1010.4 ms] ESC: count intermediates done
[dbg    1010.5 ms] ESC: total intermediates = 596065851
[dbg    1011.0 ms] ESC: expand begin (596065851 intermediates)
[dbg    1019.1 ms] ESC: expand done
[dbg    1019.1 ms] ESC: sort_by_key begin
[dbg    1093.7 ms] ESC: sort_by_key done
[dbg    1094.1 ms] ESC: reduce_by_key begin
[dbg    1099.0 ms] ESC: reduce done, C_nnz=5273361
[dbg    1123.9 ms] T4 manual self_product: done (C_nnz=5273361)
Reading matrix from ./data/rep/heart1.mtx...
Input A: 3557 x 3557, nnz = 1387773, sparsity = 89.03%

=== Computing C = A x A (cuSPARSE) ===
Result C: 3557 x 3557, nnz = 5273361, sparsity = 58.32%
Time: 91.304 ms

=== Computing C = A x A (Manual) ===
Result C: 3557 x 3557, nnz = 5273361, sparsity = 58.32%
Time: 120.256 ms

=== All tests completed ===
Processing mesh1e1 ... (max 600s)
[dbg       0.0 ms] main entry, initializing CUDA context...
[dbg     439.0 ms] CUDA context ready
[dbg     439.1 ms] start read_matrix_market: ./data/rep/mesh1e1.mtx
[dbg     439.2 ms] read done: 48 x 48, nnz=306
[dbg     439.2 ms] T1 cuSPARSE self_product: start
[dbg     446.2 ms] self_product: A H2D done (2644 B)
[dbg     446.2 ms] cusparse: workEstimation begin
[dbg     463.2 ms] cusparse: workEstimation done (buf1=4735 B)
[dbg     463.2 ms] cusparse: compute begin
[dbg     463.7 ms] cusparse: compute done (buf2=53191 B)
[dbg     463.7 ms] cusparse: C size = 48 x 48, nnz=772
[dbg     463.7 ms] cusparse: copy begin
[dbg     463.8 ms] cusparse: copy done
[dbg     464.8 ms] self_product: C D2H begin (6372 B)
[dbg     464.8 ms] self_product: C D2H done
[dbg     464.9 ms] T1 cuSPARSE self_product: done (C_nnz=772)
[dbg     465.2 ms] T4 manual self_product: start
[dbg     465.2 ms] ESC: count intermediates begin
[dbg     466.4 ms] ESC: count intermediates done
[dbg     466.5 ms] ESC: total intermediates = 2002
[dbg     466.6 ms] ESC: expand begin (2002 intermediates)
[dbg     466.6 ms] ESC: expand done
[dbg     466.6 ms] ESC: sort_by_key begin
[dbg     466.7 ms] ESC: sort_by_key done
[dbg     466.7 ms] ESC: reduce_by_key begin
[dbg     466.8 ms] ESC: reduce done, C_nnz=772
[dbg     467.8 ms] T4 manual self_product: done (C_nnz=772)
Reading matrix from ./data/rep/mesh1e1.mtx...
Input A: 48 x 48, nnz = 306, sparsity = 86.72%

=== Computing C = A x A (cuSPARSE) ===
Result C: 48 x 48, nnz = 772, sparsity = 66.49%
Time: 25.671 ms

=== Computing C = A x A (Manual) ===
Result C: 48 x 48, nnz = 772, sparsity = 66.49%
Time: 2.684 ms

=== All tests completed ===
Processing nemeth19 ... (max 600s)
[dbg       0.0 ms] main entry, initializing CUDA context...
[dbg     431.7 ms] CUDA context ready
[dbg     431.8 ms] start read_matrix_market: ./data/rep/nemeth19.mtx
[dbg     602.4 ms] read done: 9506 x 9506, nnz=818302
[dbg     602.4 ms] T1 cuSPARSE self_product: start
[dbg     610.6 ms] self_product: A H2D done (6584444 B)
[dbg     610.8 ms] cusparse: workEstimation begin
[dbg     627.5 ms] cusparse: workEstimation done (buf1=9835279 B)
[dbg     627.5 ms] cusparse: compute begin
[dbg     630.8 ms] cusparse: compute done (buf2=1705066919 B)
[dbg     630.8 ms] cusparse: C size = 9506 x 9506, nnz=1784266
[dbg     631.0 ms] cusparse: copy begin
[dbg     631.1 ms] cusparse: copy done
[dbg     637.9 ms] self_product: C D2H begin (14312156 B)
[dbg     638.6 ms] self_product: C D2H done
[dbg     638.9 ms] T1 cuSPARSE self_product: done (C_nnz=1784266)
[dbg     640.8 ms] T4 manual self_product: start
[dbg     641.7 ms] ESC: count intermediates begin
[dbg     643.2 ms] ESC: count intermediates done
[dbg     643.3 ms] ESC: total intermediates = 70982630
[dbg     643.5 ms] ESC: expand begin (70982630 intermediates)
[dbg     644.2 ms] ESC: expand done
[dbg     644.2 ms] ESC: sort_by_key begin
[dbg     653.2 ms] ESC: sort_by_key done
[dbg     653.4 ms] ESC: reduce_by_key begin
[dbg     654.3 ms] ESC: reduce done, C_nnz=1784266
[dbg     662.1 ms] T4 manual self_product: done (C_nnz=1784266)
Reading matrix from ./data/rep/nemeth19.mtx...
Input A: 9506 x 9506, nnz = 818302, sparsity = 99.09%

=== Computing C = A x A (cuSPARSE) ===
Result C: 9506 x 9506, nnz = 1784266, sparsity = 98.03%
Time: 36.510 ms

=== Computing C = A x A (Manual) ===
Result C: 9506 x 9506, nnz = 1784266, sparsity = 98.03%
Time: 21.376 ms

=== All tests completed ===
Processing polbooks ... (max 600s)
[dbg       0.0 ms] main entry, initializing CUDA context...
[dbg     420.1 ms] CUDA context ready
[dbg     420.2 ms] start read_matrix_market: ./data/rep/polbooks.mtx
[dbg     420.3 ms] read done: 105 x 105, nnz=882
[dbg     420.3 ms] T1 cuSPARSE self_product: start
[dbg     427.4 ms] self_product: A H2D done (7480 B)
[dbg     427.5 ms] cusparse: workEstimation begin
[dbg     445.7 ms] cusparse: workEstimation done (buf1=11647 B)
[dbg     445.7 ms] cusparse: compute begin
[dbg     446.2 ms] cusparse: compute done (buf2=257767 B)
[dbg     446.2 ms] cusparse: C size = 105 x 105, nnz=4073
[dbg     446.2 ms] cusparse: copy begin
[dbg     446.3 ms] cusparse: copy done
[dbg     447.3 ms] self_product: C D2H begin (33008 B)
[dbg     447.4 ms] self_product: C D2H done
[dbg     447.4 ms] T1 cuSPARSE self_product: done (C_nnz=4073)
[dbg     447.8 ms] T4 manual self_product: start
[dbg     447.9 ms] ESC: count intermediates begin
[dbg     448.9 ms] ESC: count intermediates done
[dbg     449.1 ms] ESC: total intermediates = 10526
[dbg     449.1 ms] ESC: expand begin (10526 intermediates)
[dbg     449.2 ms] ESC: expand done
[dbg     449.2 ms] ESC: sort_by_key begin
[dbg     449.4 ms] ESC: sort_by_key done
[dbg     449.4 ms] ESC: reduce_by_key begin
[dbg     449.5 ms] ESC: reduce done, C_nnz=4073
[dbg     450.6 ms] T4 manual self_product: done (C_nnz=4073)
Reading matrix from ./data/rep/polbooks.mtx...
Input A: 105 x 105, nnz = 882, sparsity = 92.00%

=== Computing C = A x A (cuSPARSE) ===
Result C: 105 x 105, nnz = 4073, sparsity = 63.06%
Time: 27.110 ms

=== Computing C = A x A (Manual) ===
Result C: 105 x 105, nnz = 4073, sparsity = 63.06%
Time: 2.840 ms

=== All tests completed ===
Processing poli_large ... (max 600s)
[dbg       0.0 ms] main entry, initializing CUDA context...
[dbg     422.3 ms] CUDA context ready
[dbg     422.4 ms] start read_matrix_market: ./data/rep/poli_large.mtx
[dbg     430.6 ms] read done: 15575 x 15575, nnz=33074
[dbg     430.6 ms] T1 cuSPARSE self_product: start
[dbg     437.3 ms] self_product: A H2D done (326896 B)
[dbg     437.3 ms] cusparse: workEstimation begin
[dbg     455.3 ms] cusparse: workEstimation done (buf1=398463 B)
[dbg     455.3 ms] cusparse: compute begin
[dbg     455.9 ms] cusparse: compute done (buf2=2024511 B)
[dbg     455.9 ms] cusparse: C size = 15575 x 15575, nnz=59649
[dbg     456.0 ms] cusparse: copy begin
[dbg     456.0 ms] cusparse: copy done
[dbg     457.1 ms] self_product: C D2H begin (539496 B)
[dbg     457.2 ms] self_product: C D2H done
[dbg     457.3 ms] T1 cuSPARSE self_product: done (C_nnz=59649)
[dbg     457.5 ms] T4 manual self_product: start
[dbg     457.7 ms] ESC: count intermediates begin
[dbg     458.8 ms] ESC: count intermediates done
[dbg     459.0 ms] ESC: total intermediates = 78904
[dbg     459.0 ms] ESC: expand begin (78904 intermediates)
[dbg     459.1 ms] ESC: expand done
[dbg     459.1 ms] ESC: sort_by_key begin
[dbg     459.4 ms] ESC: sort_by_key done
[dbg     459.5 ms] ESC: reduce_by_key begin
[dbg     459.6 ms] ESC: reduce done, C_nnz=59649
[dbg     460.7 ms] T4 manual self_product: done (C_nnz=59649)
Reading matrix from ./data/rep/poli_large.mtx...
Input A: 15575 x 15575, nnz = 33074, sparsity = 99.99%

=== Computing C = A x A (cuSPARSE) ===
Result C: 15575 x 15575, nnz = 59649, sparsity = 99.98%
Time: 26.638 ms

=== Computing C = A x A (Manual) ===
Result C: 15575 x 15575, nnz = 59649, sparsity = 99.98%
Time: 3.195 ms

=== All tests completed ===
Processing raefsky6 ... (max 600s)
[dbg       0.0 ms] main entry, initializing CUDA context...
[dbg     447.5 ms] CUDA context ready
[dbg     447.7 ms] start read_matrix_market: ./data/rep/raefsky6.mtx
[dbg     490.8 ms] read done: 3402 x 3402, nnz=137845
[dbg     490.9 ms] T1 cuSPARSE self_product: start
[dbg     497.6 ms] self_product: A H2D done (1116372 B)
[dbg     497.6 ms] cusparse: workEstimation begin
[dbg     514.3 ms] cusparse: workEstimation done (buf1=1657507 B)
[dbg     514.3 ms] cusparse: compute begin
[dbg     515.3 ms] cusparse: compute done (buf2=91781375 B)
[dbg     515.3 ms] cusparse: C size = 3402 x 3402, nnz=356032
[dbg     515.4 ms] cusparse: copy begin
[dbg     515.5 ms] cusparse: copy done
[dbg     517.1 ms] self_product: C D2H begin (2861868 B)
[dbg     517.2 ms] self_product: C D2H done
[dbg     517.4 ms] T1 cuSPARSE self_product: done (C_nnz=356032)
[dbg     517.8 ms] T4 manual self_product: start
[dbg     518.0 ms] ESC: count intermediates begin
[dbg     519.2 ms] ESC: count intermediates done
[dbg     519.3 ms] ESC: total intermediates = 3820703
[dbg     519.4 ms] ESC: expand begin (3820703 intermediates)
[dbg     519.5 ms] ESC: expand done
[dbg     519.5 ms] ESC: sort_by_key begin
[dbg     520.3 ms] ESC: sort_by_key done
[dbg     520.4 ms] ESC: reduce_by_key begin
[dbg     520.6 ms] ESC: reduce done, C_nnz=356032
[dbg     522.6 ms] T4 manual self_product: done (C_nnz=356032)
Reading matrix from ./data/rep/raefsky6.mtx...
Input A: 3402 x 3402, nnz = 137845, sparsity = 98.81%

=== Computing C = A x A (cuSPARSE) ===
Result C: 3402 x 3402, nnz = 356032, sparsity = 96.92%
Time: 26.522 ms

=== Computing C = A x A (Manual) ===
Result C: 3402 x 3402, nnz = 356032, sparsity = 96.92%
Time: 4.857 ms

=== All tests completed ===
Processing Raj1 ... (max 600s)
[dbg       0.0 ms] main entry, initializing CUDA context...
[dbg     437.2 ms] CUDA context ready
[dbg     437.3 ms] start read_matrix_market: ./data/rep/Raj1.mtx
[dbg     958.9 ms] read done: 263743 x 263743, nnz=1302464
[dbg     958.9 ms] T1 cuSPARSE self_product: start
[dbg     978.3 ms] self_product: A H2D done (11474688 B)
[dbg     978.5 ms] cusparse: workEstimation begin
[dbg     994.5 ms] cusparse: workEstimation done (buf1=15653671 B)
[dbg     994.5 ms] cusparse: compute begin
cuSPARSE error src/spgemm_kernel_cusparse.cu:108: 11 (insufficient resources)
Reading matrix from ./data/rep/Raj1.mtx...
Input A: 263743 x 263743, nnz = 1302464, sparsity = 100.00%

=== Computing C = A x A (cuSPARSE) ===
Processing sherman5 ... (max 600s)
[dbg       0.0 ms] main entry, initializing CUDA context...
[dbg     463.7 ms] CUDA context ready
[dbg     463.8 ms] start read_matrix_market: ./data/rep/sherman5.mtx
[dbg     469.8 ms] read done: 3312 x 3312, nnz=20793
[dbg     469.8 ms] T1 cuSPARSE self_product: start
[dbg     477.3 ms] self_product: A H2D done (179596 B)
[dbg     477.3 ms] cusparse: workEstimation begin
[dbg     494.9 ms] cusparse: workEstimation done (buf1=250835 B)
[dbg     495.0 ms] cusparse: compute begin
[dbg     495.9 ms] cusparse: compute done (buf2=5742975 B)
[dbg     495.9 ms] cusparse: C size = 3312 x 3312, nnz=78821
[dbg     495.9 ms] cusparse: copy begin
[dbg     496.0 ms] cusparse: copy done
[dbg     497.0 ms] self_product: C D2H begin (643820 B)
[dbg     497.1 ms] self_product: C D2H done
[dbg     497.2 ms] T1 cuSPARSE self_product: done (C_nnz=78821)
[dbg     497.5 ms] T4 manual self_product: start
[dbg     497.6 ms] ESC: count intermediates begin
[dbg     498.7 ms] ESC: count intermediates done
[dbg     498.9 ms] ESC: total intermediates = 237936
[dbg     498.9 ms] ESC: expand begin (237936 intermediates)
[dbg     499.0 ms] ESC: expand done
[dbg     499.0 ms] ESC: sort_by_key begin
[dbg     499.4 ms] ESC: sort_by_key done
[dbg     499.5 ms] ESC: reduce_by_key begin
[dbg     499.6 ms] ESC: reduce done, C_nnz=78821
[dbg     500.9 ms] T4 manual self_product: done (C_nnz=78821)
Reading matrix from ./data/rep/sherman5.mtx...
Input A: 3312 x 3312, nnz = 20793, sparsity = 99.81%

=== Computing C = A x A (cuSPARSE) ===
Result C: 3312 x 3312, nnz = 78821, sparsity = 99.28%
Time: 27.386 ms

=== Computing C = A x A (Manual) ===
Result C: 3312 x 3312, nnz = 78821, sparsity = 99.28%
Time: 3.393 ms

=== All tests completed ===
Processing tomography ... (max 600s)
[dbg       0.0 ms] main entry, initializing CUDA context...
[dbg     440.9 ms] CUDA context ready
[dbg     441.0 ms] start read_matrix_market: ./data/rep/tomography.mtx
[dbg     448.9 ms] read done: 500 x 500, nnz=28726
[dbg     449.0 ms] T1 cuSPARSE self_product: start
[dbg     456.2 ms] self_product: A H2D done (231812 B)
[dbg     456.3 ms] cusparse: workEstimation begin
[dbg     475.1 ms] cusparse: workEstimation done (buf1=346287 B)
[dbg     475.1 ms] cusparse: compute begin
[dbg     475.8 ms] cusparse: compute done (buf2=87983879 B)
[dbg     475.9 ms] cusparse: C size = 500 x 500, nnz=208298
[dbg     475.9 ms] cusparse: copy begin
[dbg     476.0 ms] cusparse: copy done
[dbg     477.2 ms] self_product: C D2H begin (1668388 B)
[dbg     477.3 ms] self_product: C D2H done
[dbg     477.4 ms] T1 cuSPARSE self_product: done (C_nnz=208298)
[dbg     477.7 ms] T4 manual self_product: start
[dbg     477.8 ms] ESC: count intermediates begin
[dbg     478.9 ms] ESC: count intermediates done
[dbg     479.1 ms] ESC: total intermediates = 3662602
[dbg     479.2 ms] ESC: expand begin (3662602 intermediates)
[dbg     479.3 ms] ESC: expand done
[dbg     479.3 ms] ESC: sort_by_key begin
[dbg     480.1 ms] ESC: sort_by_key done
[dbg     480.3 ms] ESC: reduce_by_key begin
[dbg     480.4 ms] ESC: reduce done, C_nnz=208298
[dbg     481.9 ms] T4 manual self_product: done (C_nnz=208298)
Reading matrix from ./data/rep/tomography.mtx...
Input A: 500 x 500, nnz = 28726, sparsity = 88.51%

=== Computing C = A x A (cuSPARSE) ===
Result C: 500 x 500, nnz = 208298, sparsity = 16.68%
Time: 28.491 ms

=== Computing C = A x A (Manual) ===
Result C: 500 x 500, nnz = 208298, sparsity = 16.68%
Time: 4.132 ms

=== All tests completed ===
Processing vsp_bcsstk30_500sep_10in_1Kout ... (max 600s)
[dbg       0.0 ms] main entry, initializing CUDA context...
[dbg     425.1 ms] CUDA context ready
[dbg     425.2 ms] start read_matrix_market: ./data/rep/vsp_bcsstk30_500sep_10in_1Kout.mtx
[dbg     868.6 ms] read done: 58348 x 58348, nnz=4033156
[dbg     868.7 ms] T1 cuSPARSE self_product: start
[dbg     880.7 ms] self_product: A H2D done (32498644 B)
[dbg     881.0 ms] cusparse: workEstimation begin
[dbg     897.0 ms] cusparse: workEstimation done (buf1=48470871 B)
[dbg     897.0 ms] cusparse: compute begin
[dbg     915.2 ms] cusparse: compute done (buf2=8146314983 B)
[dbg     915.2 ms] cusparse: C size = 58348 x 58348, nnz=18175907
[dbg     915.4 ms] cusparse: copy begin
[dbg     915.7 ms] cusparse: copy done
[dbg     975.1 ms] self_product: C D2H begin (145640652 B)
[dbg     980.3 ms] self_product: C D2H done
[dbg     980.5 ms] T1 cuSPARSE self_product: done (C_nnz=18175907)
[dbg     994.0 ms] T4 manual self_product: start
[dbg    1010.5 ms] ESC: count intermediates begin
[dbg    1011.6 ms] ESC: count intermediates done
[dbg    1011.8 ms] ESC: total intermediates = 339135198
[dbg    1012.1 ms] ESC: expand begin (339135198 intermediates)
[dbg    1017.8 ms] ESC: expand done
[dbg    1017.8 ms] ESC: sort_by_key begin
[dbg    1061.4 ms] ESC: sort_by_key done
[dbg    1061.7 ms] ESC: reduce_by_key begin
[dbg    1064.8 ms] ESC: reduce done, C_nnz=18175907
[dbg    1134.0 ms] T4 manual self_product: done (C_nnz=18175907)
Reading matrix from ./data/rep/vsp_bcsstk30_500sep_10in_1Kout.mtx...
Input A: 58348 x 58348, nnz = 4033156, sparsity = 99.88%

=== Computing C = A x A (cuSPARSE) ===
Result C: 58348 x 58348, nnz = 18175907, sparsity = 99.47%
Time: 111.860 ms

=== Computing C = A x A (Manual) ===
Result C: 58348 x 58348, nnz = 18175907, sparsity = 99.47%
Time: 139.969 ms

=== All tests completed ===

=============================
Total:    20
OK:       19
FAIL:     1
TIMEOUT:  0  (>600s 自动跳过)
=============================
Failed:
    Raj1 (rc=1)

Summary: ./results/rep/summary.csv
Per-matrix logs: ./results/rep/log/<name>.log
Matrix outputs:  ./results/rep/matrices/<name>/
