对比 100 阵 × ['merge3', 'Auto'] + Ocean + HSMU → compare/method_cmp_20260723_173437/methods_cmp.csv

[1/100] 1138_bus       n=1138     Auto→merge3 m3=  0.113 Auto=  0.119 Ocean=  0.209 HSMU=  0.297 (2.6s)
[2/100] 494_bus        n=494      Auto→merge3 m3=  0.091 Auto=  0.086 Ocean=  0.202 HSMU=  0.249 (2.5s)
[3/100] 662_bus        n=662      Auto→merge3 m3=  0.099 Auto=  0.116 Ocean=  0.205 HSMU=  0.309 (2.6s)
[4/100] 685_bus        n=685      Auto→merge3 m3=  0.106 Auto=  0.106 Ocean=  0.204 HSMU=  0.305 (2.6s)
[5/100] arc130         n=130      Auto→hash   m3=  0.154 Auto=  0.257 Ocean=  0.344 HSMU=  0.341 (2.6s)
[6/100] ash292         n=292      Auto→merge3 m3=  0.107 Auto=  0.098 Ocean=  0.223 HSMU=  0.315 (2.6s)
[7/100] ash85          n=85       Auto→merge3 m3=  0.103 Auto=  0.089 Ocean=  0.207 HSMU=  0.301 (2.6s)
[8/100] bcspwr01       n=39       Auto→merge3 m3=  0.124 Auto=   0.09 Ocean=  0.183 HSMU=  0.275 (2.6s)
[9/100] bcspwr02       n=49       Auto→merge3 m3=   0.09 Auto=  0.105 Ocean=  0.201 HSMU=  0.277 (2.6s)
[10/100] bcspwr03       n=118      Auto→merge3 m3=  0.134 Auto=  0.085 Ocean=  0.175 HSMU=  0.298 (2.6s)
[11/100] bcspwr04       n=274      Auto→merge3 m3=  0.091 Auto=  0.091 Ocean=  0.245 HSMU=  0.305 (2.6s)
[12/100] bcspwr05       n=443      Auto→merge3 m3=  0.087 Auto=  0.094 Ocean=  0.209 HSMU=  0.297 (2.6s)
[13/100] bcspwr06       n=1454     Auto→merge3 m3=  0.132 Auto=   0.11 Ocean=  0.222 HSMU=  0.423 (2.6s)
[14/100] bcspwr07       n=1612     Auto→merge3 m3=  0.126 Auto=  0.124 Ocean=   0.22 HSMU=  0.314 (2.6s)
[15/100] bcspwr08       n=1624     Auto→merge3 m3=  0.112 Auto=  0.142 Ocean=   0.21 HSMU=   0.31 (2.6s)
[16/100] bcspwr09       n=1723     Auto→merge3 m3=  0.115 Auto=  0.111 Ocean=   0.25 HSMU=  0.637 (2.6s)
[17/100] bcspwr10       n=5300     Auto→merge3 m3=  0.141 Auto=  0.148 Ocean=  0.238 HSMU=  1.053 (2.6s)
[18/100] bcsstk01       n=48       Auto→merge3 m3=  0.104 Auto=  0.115 Ocean=   0.32 HSMU=  0.298 (2.6s)
[19/100] bcsstk02       n=66       Auto→hash   m3=  0.106 Auto=  0.245 Ocean=698.423 HSMU=  0.669 (9.6s)
[20/100] bcsstk03       n=112      Auto→merge3 m3=  0.101 Auto=  0.086 Ocean=  0.191 HSMU=  0.283 (2.5s)
[21/100] bcsstk04       n=132      Auto→merge3 m3=  0.119 Auto=   0.12 Ocean=  0.391 HSMU=  0.375 (2.6s)
[22/100] bcsstk05       n=153      Auto→merge3 m3=  0.101 Auto=  0.113 Ocean=  0.341 HSMU=  0.335 (2.6s)
[23/100] bcsstk06       n=420      Auto→merge3 m3=  0.125 Auto=  0.152 Ocean=  0.371 HSMU=  0.386 (2.6s)
[24/100] bcsstk07       n=420      Auto→merge3 m3=  0.129 Auto=  0.139 Ocean=  0.344 HSMU=  0.348 (2.6s)
[25/100] bcsstk08       n=1074     Auto→hash   m3=    0.9 Auto=  0.525 Ocean=  0.425 HSMU=  0.839 (2.6s)
[26/100] bcsstk09       n=1083     Auto→merge3 m3=  0.156 Auto=  0.179 Ocean=  0.309 HSMU=  0.339 (2.7s)
[27/100] bcsstk10       n=1086     Auto→merge3 m3=  0.183 Auto=  0.183 Ocean=  0.544 HSMU=  0.351 (2.7s)
[28/100] bcsstk11       n=1473     Auto→merge3 m3=  0.186 Auto=  0.193 Ocean=  0.488 HSMU=  0.522 (2.6s)
[29/100] bcsstk12       n=1473     Auto→merge3 m3=  0.189 Auto=  0.188 Ocean=  0.416 HSMU=  0.518 (2.7s)
[30/100] bcsstk13       n=2003     Auto→hash   m3=  0.779 Auto=    0.7 Ocean=  0.791 HSMU=  0.936 (2.7s)
[31/100] bcsstk14       n=1806     Auto→hash   m3=   0.35 Auto=  0.412 Ocean=  0.473 HSMU=  0.519 (2.7s)
[32/100] bcsstk15       n=3948     Auto→hash   m3=  0.497 Auto=  0.329 Ocean=  0.407 HSMU=  0.674 (2.8s)
[33/100] bcsstk16       n=4884     Auto→hash   m3=  1.513 Auto=  0.458 Ocean=  0.834 HSMU=  1.246 (3.0s)
[34/100] bcsstk17       n=10974    Auto→hash   m3=  1.518 Auto=  0.564 Ocean=  0.766 HSMU=  1.743 (3.1s)
[35/100] bcsstk18       n=11948    Auto→hash   m3=  0.606 Auto=  0.415 Ocean=  0.374 HSMU=  1.218 (2.8s)
[36/100] bcsstk19       n=817      Auto→merge3 m3=  0.111 Auto=    0.1 Ocean=  0.317 HSMU=  0.326 (2.6s)
[37/100] bcsstk20       n=485      Auto→merge3 m3=  0.099 Auto=  0.097 Ocean=  0.206 HSMU=  0.305 (2.6s)
[38/100] bcsstk21       n=3600     Auto→merge3 m3=  0.149 Auto=  0.147 Ocean=  0.212 HSMU=  0.408 (2.6s)
[39/100] bcsstk22       n=138      Auto→merge3 m3=  0.086 Auto=  0.071 Ocean=  0.213 HSMU=  0.293 (2.6s)
[40/100] bcsstk23       n=3134     Auto→merge3 m3=  0.245 Auto=  0.255 Ocean=   0.37 HSMU=   0.53 (2.7s)
[41/100] bcsstk24       n=3562     Auto→hash   m3=  0.533 Auto=  0.352 Ocean=  0.651 HSMU=  0.973 (2.8s)
[42/100] bcsstk25       n=15439    Auto→hash   m3=  0.908 Auto=  0.479 Ocean=  0.476 HSMU=  1.467 (2.9s)
[43/100] bcsstk26       n=1922     Auto→merge3 m3=  0.169 Auto=  0.169 Ocean=  0.363 HSMU=  0.502 (2.7s)
[44/100] bcsstk27       n=1224     Auto→hash   m3=  0.358 Auto=  0.405 Ocean=  0.491 HSMU=  0.646 (2.7s)
[45/100] bcsstk28       n=4410     Auto→hash   m3=  0.803 Auto=  0.415 Ocean=  0.739 HSMU=  1.346 (2.9s)
[46/100] bcsstk29       n=13992    Auto→hash   m3=  1.785 Auto=  0.801 Ocean=  0.973 HSMU=  1.761 (3.0s)
[47/100] bcsstk30       n=28924    Auto→hash   m3= 15.818 Auto=  2.477 Ocean=  2.478 HSMU=  4.743 (4.3s)
[48/100] bcsstk31       n=35588    Auto→hash   m3=  4.044 Auto=  1.162 Ocean=  1.295 HSMU=  2.813 (3.5s)
[49/100] bcsstk32       n=44609    Auto→hash   m3=  6.849 Auto=  1.731 Ocean=  1.751 HSMU=  3.742 (4.1s)
[50/100] bcsstk33       n=8738     Auto→hash   m3=  3.622 Auto=  0.849 Ocean=  1.509 HSMU=  1.953 (3.0s)
[51/100] bcsstm01       n=48       Auto→merge3 m3=  0.085 Auto=  0.091 Ocean=  0.132 HSMU=  0.274 (2.6s)
[52/100] bcsstm02       n=66       Auto→merge3 m3=   0.09 Auto=  0.079 Ocean=  0.169 HSMU=  0.272 (2.6s)
[53/100] bcsstm03       n=112      Auto→merge3 m3=  0.076 Auto=  0.071 Ocean=  0.176 HSMU=  0.216 (2.5s)
[54/100] bcsstm04       n=132      Auto→merge3 m3=  0.076 Auto=  0.076 Ocean=   0.14 HSMU=  0.275 (2.5s)
[55/100] bcsstm05       n=153      Auto→merge3 m3=  0.091 Auto=  0.106 Ocean=  0.228 HSMU=  0.294 (2.8s)
[56/100] bcsstm06       n=420      Auto→merge3 m3=  0.095 Auto=  0.107 Ocean=   0.18 HSMU=  0.298 (2.6s)
[57/100] bcsstm07       n=420      Auto→merge3 m3=  0.139 Auto=  0.161 Ocean=  0.337 HSMU=  0.379 (2.6s)
[58/100] bcsstm08       n=1074     Auto→merge3 m3=    0.1 Auto=  0.093 Ocean=   0.17 HSMU=  0.347 (2.7s)
[59/100] bcsstm09       n=1083     Auto→merge3 m3=  0.094 Auto=  0.101 Ocean=  0.181 HSMU=  0.334 (2.7s)
[60/100] bcsstm10       n=1086     Auto→merge3 m3=  0.182 Auto=  0.184 Ocean=  0.526 HSMU=  0.392 (2.7s)
[61/100] bcsstm11       n=1473     Auto→merge3 m3=  0.111 Auto=  0.108 Ocean=  0.178 HSMU=  0.331 (2.7s)
[62/100] bcsstm12       n=1473     Auto→merge3 m3=  0.172 Auto=   0.17 Ocean=  0.335 HSMU=  0.382 (2.7s)
[63/100] bcsstm13       n=2003     Auto→hash   m3=  0.349 Auto=  0.388 Ocean=  0.467 HSMU=  0.756 (2.7s)
[64/100] bcsstm19       n=817      Auto→merge3 m3=  0.096 Auto=  0.096 Ocean=  0.178 HSMU=  0.319 (2.6s)
[65/100] bcsstm20       n=485      Auto→merge3 m3=  0.066 Auto=  0.081 Ocean=  0.177 HSMU=  0.334 (2.6s)
[66/100] bcsstm21       n=3600     Auto→merge3 m3=  0.111 Auto=  0.119 Ocean=  0.183 HSMU=  0.625 (2.7s)
[67/100] bcsstm22       n=138      Auto→merge3 m3=  0.093 Auto=  0.095 Ocean=  0.177 HSMU=  0.312 (2.6s)
[68/100] bcsstm23       n=3134     Auto→merge3 m3=  0.106 Auto=  0.104 Ocean=  0.179 HSMU=  0.583 (2.6s)
[69/100] bcsstm24       n=3562     Auto→merge3 m3=  0.113 Auto=  0.112 Ocean=  0.185 HSMU=  0.619 (2.7s)
[70/100] bcsstm25       n=15439    Auto→merge3 m3=  0.187 Auto=  0.198 Ocean=  0.188 HSMU=  0.521 (2.8s)
[71/100] bcsstm26       n=1922     Auto→merge3 m3=  0.102 Auto=  0.106 Ocean=  0.175 HSMU=  0.328 (2.7s)
[72/100] bcsstm27       n=1224     Auto→hash   m3=  0.354 Auto=  0.462 Ocean=  0.566 HSMU=  0.813 (2.8s)
[73/100] blckhole       n=2132     Auto→merge3 m3=  0.168 Auto=  0.161 Ocean=  0.238 HSMU=  0.631 (2.6s)
[74/100] bp_0           n=822      Auto→hash   m3=  0.563 Auto=  0.349 Ocean=  0.266 HSMU=   0.52 (2.6s)
[75/100] bp_1000        n=822      Auto→hash   m3=  0.635 Auto=  0.386 Ocean=  0.245 HSMU=  0.541 (2.6s)
[76/100] bp_1200        n=822      Auto→hash   m3=  0.632 Auto=  0.391 Ocean=  0.266 HSMU=  0.527 (2.7s)
[77/100] bp_1400        n=822      Auto→hash   m3=  0.625 Auto=  0.388 Ocean=  0.267 HSMU=  0.519 (2.7s)
[78/100] bp_1600        n=822      Auto→hash   m3=  0.626 Auto=  0.409 Ocean=  0.254 HSMU=  0.536 (2.7s)
[79/100] bp_200         n=822      Auto→hash   m3=  0.586 Auto=  0.312 Ocean=  0.256 HSMU=  0.513 (2.6s)
[80/100] bp_400         n=822      Auto→hash   m3=   0.64 Auto=  0.371 Ocean=  0.253 HSMU=  0.511 (2.7s)
[81/100] bp_600         n=822      Auto→hash   m3=  0.639 Auto=  0.352 Ocean=  0.274 HSMU=  0.565 (2.7s)
[82/100] bp_800         n=822      Auto→hash   m3=  0.638 Auto=  0.349 Ocean=  0.272 HSMU=  0.506 (2.7s)
[83/100] can_1054       n=1054     Auto→merge3 m3=  0.164 Auto=  0.154 Ocean=  0.342 HSMU=  0.383 (2.7s)
[84/100] can_1072       n=1072     Auto→merge3 m3=  0.189 Auto=  0.186 Ocean=  0.366 HSMU=  0.364 (2.7s)
[85/100] can_144        n=144      Auto→merge3 m3=  0.108 Auto=  0.109 Ocean=  0.299 HSMU=  0.346 (2.7s)
[86/100] can_161        n=161      Auto→merge3 m3=  0.131 Auto=  0.131 Ocean=  0.336 HSMU=  0.346 (2.6s)
[87/100] can_187        n=187      Auto→merge3 m3=  0.107 Auto=   0.11 Ocean=  0.302 HSMU=  0.337 (2.7s)
[88/100] can_229        n=229      Auto→merge3 m3=  0.134 Auto=  0.144 Ocean=  0.327 HSMU=   0.34 (2.6s)
[89/100] can_24         n=24       Auto→merge3 m3=  0.099 Auto=  0.083 Ocean=  0.206 HSMU=  0.322 (2.7s)
[90/100] can_256        n=256      Auto→merge3 m3=  0.191 Auto=    0.2 Ocean=  0.353 HSMU=  0.517 (2.7s)
[91/100] can_268        n=268      Auto→merge3 m3=  0.136 Auto=  0.154 Ocean=  0.355 HSMU=  0.363 (2.6s)
[92/100] can_292        n=292      Auto→merge3 m3=  0.128 Auto=  0.123 Ocean=  0.357 HSMU=   0.39 (2.6s)
[93/100] can_445        n=445      Auto→merge3 m3=  0.128 Auto=  0.134 Ocean=  0.341 HSMU=  0.346 (2.7s)
[94/100] can_61         n=61       Auto→merge3 m3=  0.097 Auto=  0.105 Ocean=  0.331 HSMU=  0.445 (2.7s)
[95/100] can_62         n=62       Auto→merge3 m3=  0.111 Auto=  0.105 Ocean=  0.212 HSMU=  0.316 (2.6s)
[96/100] can_634        n=634      Auto→merge3 m3=  0.142 Auto=  0.139 Ocean=  0.369 HSMU=  0.365 (2.6s)
[97/100] can_715        n=715      Auto→hash   m3=  0.382 Auto=   0.28 Ocean=  0.393 HSMU=  0.438 (2.7s)
[98/100] can_73         n=73       Auto→merge3 m3=  0.112 Auto=  0.098 Ocean=  0.189 HSMU=  0.321 (2.6s)
[99/100] can_838        n=838      Auto→merge3 m3=  0.149 Auto=  0.151 Ocean=  0.372 HSMU=  0.364 (2.6s)
[100/100] can_96         n=96       Auto→merge3 m3=  0.105 Auto=  0.105 Ocean=  0.293 HSMU=  0.308 (2.6s)

完成 → compare/method_cmp_20260723_173437/methods_cmp.csv

=== 几何均值(ms) ===
  merge3      0.209
  Auto        0.180
  Ocean       0.333
  HSMU        0.473

=== Auto 选择(共 100 阵)===  hash 30 / merge3 70
  选 hash 的:arc130, bcsstk02, bcsstk08, bcsstk13, bcsstk14, bcsstk15, bcsstk16, bcsstk17, bcsstk18, bcsstk24, bcsstk25, bcsstk27, bcsstk28, bcsstk29, bcsstk30, bcsstk31, bcsstk32, bcsstk33, bcsstm13, bcsstm27, bp_0, bp_1000, bp_1200, bp_1400, bp_1600, bp_200, bp_400, bp_600, bp_800, can_715
