对比 100 阵 × ['cu', 'serial', 'merge3', 'Auto'] + Ocean + HSMU → compare/method_cmp_20260721_190958/methods_cmp.csv

[1/100] 1138_bus       n=1138     Auto→merge3 cu=   0.38 serial=  0.281 m3=  0.179 Auto=  0.159 Ocean=  0.223 HSMU=  0.301 (5.0s)
[2/100] 494_bus        n=494      Auto→merge3 cu=  0.359 serial=  0.211 m3=  0.143 Auto=  0.127 Ocean=  0.177 HSMU=  0.294 (4.9s)
[3/100] 662_bus        n=662      Auto→merge3 cu=  0.358 serial=   0.22 m3=   0.13 Auto=  0.128 Ocean=  0.204 HSMU=  0.293 (4.9s)
[4/100] 685_bus        n=685      Auto→merge3 cu=  0.346 serial=  0.249 m3=  0.175 Auto=  0.176 Ocean=  0.205 HSMU=  0.233 (4.9s)
[5/100] arc130         n=130      Auto→merge3 cu=  0.355 serial=  1.506 m3=  0.174 Auto=  0.175 Ocean=  0.338 HSMU=  0.404 (4.9s)
[6/100] ash292         n=292      Auto→merge3 cu=  0.338 serial=  0.241 m3=  0.131 Auto=  0.134 Ocean=  0.204 HSMU=  0.285 (4.9s)
[7/100] ash85          n=85       Auto→merge3 cu=  0.329 serial=  0.245 m3=   0.15 Auto=  0.128 Ocean=  0.193 HSMU=  0.282 (4.9s)
[8/100] bcspwr01       n=39       Auto→merge3 cu=  0.332 serial=  0.201 m3=  0.121 Auto=  0.117 Ocean=  0.196 HSMU=  0.295 (4.9s)
[9/100] bcspwr02       n=49       Auto→merge3 cu=  0.354 serial=  0.232 m3=  0.114 Auto=  0.114 Ocean=  0.186 HSMU=  0.291 (4.9s)
[10/100] bcspwr03       n=118      Auto→merge3 cu=  0.333 serial=  0.257 m3=  0.133 Auto=  0.137 Ocean=  0.209 HSMU=  0.295 (5.0s)
[11/100] bcspwr04       n=274      Auto→merge3 cu=  0.386 serial=  0.292 m3=  0.136 Auto=  0.133 Ocean=  0.224 HSMU=  0.301 (4.9s)
[12/100] bcspwr05       n=443      Auto→merge3 cu=  0.375 serial=  0.224 m3=  0.124 Auto=  0.129 Ocean=  0.215 HSMU=  0.278 (4.9s)
[13/100] bcspwr06       n=1454     Auto→merge3 cu=  0.353 serial=  0.251 m3=  0.182 Auto=  0.156 Ocean=  0.205 HSMU=  0.309 (5.0s)
[14/100] bcspwr07       n=1612     Auto→merge3 cu=  0.404 serial=  0.244 m3=  0.168 Auto=  0.347 Ocean=  0.218 HSMU=  0.312 (5.0s)
[15/100] bcspwr08       n=1624     Auto→merge3 cu=  0.411 serial=  0.255 m3=  0.176 Auto=  0.161 Ocean=   0.21 HSMU=  0.295 (4.9s)
[16/100] bcspwr09       n=1723     Auto→merge3 cu=  0.373 serial=  0.259 m3=  0.143 Auto=  0.143 Ocean=  0.213 HSMU=  0.318 (4.9s)
[17/100] bcspwr10       n=5300     Auto→merge3 cu=  0.443 serial=  0.463 m3=  0.177 Auto=  0.187 Ocean=  0.226 HSMU=  0.896 (4.9s)
[18/100] bcsstk01       n=48       Auto→merge3 cu=  0.345 serial=  0.235 m3=   0.13 Auto=  0.151 Ocean=  0.287 HSMU=  0.298 (4.9s)
[19/100] bcsstk02       n=66       Auto→merge3 cu=  0.438 serial=  1.718 m3=  0.143 Auto=  0.154 Ocean=  0.782 HSMU=  0.664 (5.0s)
[20/100] bcsstk03       n=112      Auto→merge3 cu=  0.398 serial=  0.198 m3=  0.123 Auto=  0.133 Ocean=  0.179 HSMU=  0.299 (4.9s)
[21/100] bcsstk04       n=132      Auto→merge3 cu=  0.467 serial=  1.152 m3=  0.159 Auto=  0.156 Ocean=  0.454 HSMU=  0.382 (4.9s)
[22/100] bcsstk05       n=153      Auto→merge3 cu=  0.346 serial=  0.354 m3=  0.151 Auto=  0.147 Ocean=  0.308 HSMU=  0.266 (4.9s)
[23/100] bcsstk06       n=420      Auto→merge3 cu=  0.458 serial=  0.579 m3=  0.174 Auto=  0.169 Ocean=  0.345 HSMU=  0.279 (4.9s)
[24/100] bcsstk07       n=420      Auto→merge3 cu=  0.452 serial=  0.574 m3=  0.207 Auto=  0.178 Ocean=   0.34 HSMU=  0.347 (4.9s)
[25/100] bcsstk08       n=1074     Auto→merge3 cu=  0.703 serial= 20.831 m3=   1.06 Auto=  1.063 Ocean=  0.426 HSMU=  0.797 (5.0s)
[26/100] bcsstk09       n=1083     Auto→merge3 cu=  0.533 serial=   0.78 m3=  0.198 Auto=  0.189 Ocean=  0.317 HSMU=   0.33 (4.9s)
[27/100] bcsstk10       n=1086     Auto→merge3 cu=  0.458 serial=  0.916 m3=    0.2 Auto=  0.202 Ocean=  0.452 HSMU=  0.358 (5.0s)
[28/100] bcsstk11       n=1473     Auto→merge3 cu=  0.576 serial=  1.021 m3=  0.221 Auto=  0.226 Ocean=  0.557 HSMU=  0.526 (5.0s)
[29/100] bcsstk12       n=1473     Auto→merge3 cu=  0.604 serial=  0.998 m3=  0.221 Auto=  0.222 Ocean=  0.563 HSMU=  0.534 (5.0s)
[30/100] bcsstk13       n=2003     Auto→merge3 cu=  0.959 serial=  6.051 m3=  0.966 Auto=  0.996 Ocean=  0.704 HSMU=  0.914 (5.1s)
[31/100] bcsstk14       n=1806     Auto→merge3 cu=  0.834 serial=  1.915 m3=  0.517 Auto=  0.509 Ocean=  0.587 HSMU=  0.525 (5.1s)
[32/100] bcsstk15       n=3948     Auto→merge3 cu=   1.19 serial=  2.441 m3=  0.713 Auto=  0.706 Ocean=  0.417 HSMU=  0.696 (5.2s)
[33/100] bcsstk16       n=4884     Auto→merge3 cu=  1.837 serial=  8.783 m3=  1.899 Auto=  1.786 Ocean=  0.786 HSMU=  1.385 (5.5s)
[34/100] bcsstk17       n=10974    Auto→merge3 cu=  2.474 serial=  9.769 m3=  1.805 Auto=  1.732 Ocean=  0.766 HSMU=   1.71 (5.7s)
[35/100] bcsstk18       n=11948    Auto→merge3 cu=  0.946 serial=  2.437 m3=  0.827 Auto=  0.818 Ocean=  0.504 HSMU=  1.291 (5.3s)
[36/100] bcsstk19       n=817      Auto→merge3 cu=    0.4 serial=  0.236 m3=  0.135 Auto=  0.132 Ocean=  0.343 HSMU=  0.319 (5.0s)
[37/100] bcsstk20       n=485      Auto→merge3 cu=  0.347 serial=  0.239 m3=  0.133 Auto=  0.145 Ocean=   0.22 HSMU=   0.32 (4.9s)
[38/100] bcsstk21       n=3600     Auto→merge3 cu=  0.586 serial=   0.45 m3=  0.209 Auto=    0.2 Ocean=   0.21 HSMU=  0.635 (5.0s)
[39/100] bcsstk22       n=138      Auto→merge3 cu=  0.365 serial=  0.206 m3=  0.134 Auto=  0.123 Ocean=  0.205 HSMU=  0.293 (4.9s)
[40/100] bcsstk23       n=3134     Auto→merge3 cu=  0.702 serial=  1.463 m3=  0.407 Auto=  0.448 Ocean=  0.363 HSMU=    0.4 (5.1s)
[41/100] bcsstk24       n=3562     Auto→merge3 cu=  1.361 serial=  3.385 m3=   0.75 Auto=  0.751 Ocean=  0.579 HSMU=  0.969 (5.2s)
[42/100] bcsstk25       n=15439    Auto→merge3 cu=  1.264 serial=   3.83 m3=  1.205 Auto=  1.199 Ocean=   0.47 HSMU=  1.505 (5.4s)
[43/100] bcsstk26       n=1922     Auto→merge3 cu=  0.563 serial=  1.139 m3=  0.225 Auto=  0.217 Ocean=  0.377 HSMU=  0.505 (5.0s)
[44/100] bcsstk27       n=1224     Auto→merge3 cu=   0.81 serial=  2.109 m3=  0.433 Auto=  0.447 Ocean=  0.556 HSMU=  0.713 (5.1s)
[45/100] bcsstk28       n=4410     Auto→merge3 cu=  1.471 serial=  5.211 m3=  1.016 Auto=  1.017 Ocean=  0.688 HSMU=  1.349 (5.3s)
[46/100] bcsstk29       n=13992    Auto→merge3 cu=   2.95 serial=  9.196 m3=  1.989 Auto=  1.987 Ocean=  0.913 HSMU=  1.728 (5.5s)
[47/100] bcsstk30       n=28924    Auto→hash   cu=  8.942 serial= 88.357 m3= 15.882 Auto=  7.627 Ocean=  2.411 HSMU=   4.74 (7.2s)
[48/100] bcsstk31       n=35588    Auto→merge3 cu=   5.16 serial= 19.367 m3=  4.274 Auto=   4.28 Ocean=   1.29 HSMU=  2.712 (6.1s)
[49/100] bcsstk32       n=44609    Auto→merge3 cu=  8.519 serial=  36.37 m3=  7.099 Auto=  7.172 Ocean=  1.738 HSMU=  3.461 (6.9s)
[50/100] bcsstk33       n=8738     Auto→merge3 cu=  2.828 serial= 20.064 m3=  3.846 Auto=  3.832 Ocean=  1.518 HSMU=  1.699 (5.6s)
[51/100] bcsstm01       n=48       Auto→merge3 cu=  0.344 serial=  0.188 m3=   0.11 Auto=  0.135 Ocean=  0.157 HSMU=  0.269 (4.9s)
[52/100] bcsstm02       n=66       Auto→merge3 cu=  0.351 serial=  0.173 m3=  0.117 Auto=  0.116 Ocean=  0.155 HSMU=  0.267 (4.9s)
[53/100] bcsstm03       n=112      Auto→merge3 cu=   0.37 serial=  0.185 m3=  0.108 Auto=  0.127 Ocean=   0.16 HSMU=  0.281 (5.0s)
[54/100] bcsstm04       n=132      Auto→merge3 cu=  0.371 serial=  0.172 m3=  0.117 Auto=  0.107 Ocean=  0.172 HSMU=  0.278 (4.9s)
[55/100] bcsstm05       n=153      Auto→merge3 cu=  0.349 serial=  0.207 m3=  0.117 Auto=   0.12 Ocean=  0.175 HSMU=  0.291 (4.9s)
[56/100] bcsstm06       n=420      Auto→merge3 cu=  0.398 serial=  0.196 m3=  0.112 Auto=   0.16 Ocean=  0.176 HSMU=  0.291 (5.0s)
[57/100] bcsstm07       n=420      Auto→merge3 cu=  0.465 serial=  0.632 m3=  0.165 Auto=  0.161 Ocean=  0.344 HSMU=  0.339 (4.9s)
[58/100] bcsstm08       n=1074     Auto→merge3 cu=  0.379 serial=  0.186 m3=   0.12 Auto=  0.129 Ocean=  0.175 HSMU=  0.313 (4.9s)
[59/100] bcsstm09       n=1083     Auto→merge3 cu=   0.37 serial=  0.196 m3=  0.114 Auto=  0.118 Ocean=  0.186 HSMU=  0.295 (4.9s)
[60/100] bcsstm10       n=1086     Auto→merge3 cu=  0.517 serial=  0.921 m3=    0.2 Auto=  0.206 Ocean=  0.463 HSMU=  0.366 (5.0s)
[61/100] bcsstm11       n=1473     Auto→merge3 cu=  0.366 serial=  0.187 m3=  0.115 Auto=   0.15 Ocean=  0.162 HSMU=  0.278 (5.0s)
[62/100] bcsstm12       n=1473     Auto→merge3 cu=  0.446 serial=  0.721 m3=  0.209 Auto=  0.193 Ocean=  0.361 HSMU=  0.355 (5.0s)
[63/100] bcsstm13       n=2003     Auto→merge3 cu=  0.576 serial=  2.744 m3=  0.375 Auto=   0.37 Ocean=  0.446 HSMU=  0.573 (5.0s)
[64/100] bcsstm19       n=817      Auto→merge3 cu=   0.35 serial=   0.18 m3=  0.114 Auto=  0.119 Ocean=  0.175 HSMU=   0.31 (5.0s)
[65/100] bcsstm20       n=485      Auto→merge3 cu=  0.352 serial=  0.172 m3=  0.111 Auto=  0.116 Ocean=  0.164 HSMU=  0.295 (4.9s)
[66/100] bcsstm21       n=3600     Auto→merge3 cu=   0.36 serial=  0.192 m3=  0.155 Auto=   0.14 Ocean=  0.176 HSMU=  0.493 (4.9s)
[67/100] bcsstm22       n=138      Auto→merge3 cu=  0.356 serial=  0.177 m3=  0.107 Auto=  0.107 Ocean=  0.156 HSMU=  0.271 (4.9s)
[68/100] bcsstm23       n=3134     Auto→merge3 cu=  0.357 serial=  0.201 m3=  0.166 Auto=  0.138 Ocean=  0.165 HSMU=  0.363 (5.0s)
[69/100] bcsstm24       n=3562     Auto→merge3 cu=  0.345 serial=  0.235 m3=  0.131 Auto=  0.141 Ocean=   0.17 HSMU=  0.468 (5.0s)
[70/100] bcsstm25       n=15439    Auto→merge3 cu=  0.365 serial=  0.672 m3=  0.216 Auto=  0.231 Ocean=  0.175 HSMU=   0.45 (5.1s)
[71/100] bcsstm26       n=1922     Auto→merge3 cu=  0.414 serial=  0.175 m3=  0.122 Auto=  0.143 Ocean=  0.162 HSMU=  0.303 (5.0s)
[72/100] bcsstm27       n=1224     Auto→merge3 cu=  0.726 serial=  2.107 m3=  0.449 Auto=   0.49 Ocean=  0.489 HSMU=  0.538 (5.0s)
[73/100] blckhole       n=2132     Auto→merge3 cu=  0.436 serial=  0.539 m3=  0.193 Auto=  0.194 Ocean=  0.211 HSMU=  0.377 (4.9s)
[74/100] bp_0           n=822      Auto→merge3 cu=  0.425 serial= 11.052 m3=  0.573 Auto=  0.572 Ocean=  0.247 HSMU=  0.427 (5.0s)
[75/100] bp_1000        n=822      Auto→merge3 cu=   0.38 serial= 17.257 m3=  0.635 Auto=  0.644 Ocean=  0.244 HSMU=  0.474 (5.0s)
[76/100] bp_1200        n=822      Auto→merge3 cu=  0.438 serial= 17.615 m3=  0.646 Auto=  0.675 Ocean=  0.262 HSMU=  0.479 (5.1s)
[77/100] bp_1400        n=822      Auto→merge3 cu=  0.372 serial= 17.412 m3=  0.633 Auto=  0.634 Ocean=  0.265 HSMU=  0.481 (5.0s)
[78/100] bp_1600        n=822      Auto→merge3 cu=  0.393 serial= 17.084 m3=  0.627 Auto=  0.638 Ocean=  0.231 HSMU=  0.462 (5.0s)
[79/100] bp_200         n=822      Auto→merge3 cu=  0.374 serial= 13.629 m3=  0.607 Auto=   0.59 Ocean=  0.236 HSMU=  0.458 (5.0s)
[80/100] bp_400         n=822      Auto→merge3 cu=  0.372 serial=  14.99 m3=  0.643 Auto=  0.643 Ocean=  0.246 HSMU=  0.465 (5.0s)
[81/100] bp_600         n=822      Auto→merge3 cu=  0.379 serial= 16.099 m3=  0.636 Auto=  0.636 Ocean=  0.257 HSMU=  0.461 (5.0s)
[82/100] bp_800         n=822      Auto→merge3 cu=  0.388 serial= 16.648 m3=  0.653 Auto=  0.659 Ocean=  0.259 HSMU=  0.479 (5.0s)
[83/100] can_1054       n=1054     Auto→merge3 cu=  0.494 serial=  0.816 m3=  0.188 Auto=  0.198 Ocean=  0.366 HSMU=  0.339 (4.9s)
[84/100] can_1072       n=1072     Auto→merge3 cu=  0.465 serial=  1.034 m3=    0.2 Auto=  0.201 Ocean=  0.372 HSMU=   0.35 (5.0s)
[85/100] can_144        n=144      Auto→merge3 cu=  0.355 serial=  0.254 m3=  0.132 Auto=  0.144 Ocean=  0.329 HSMU=  0.313 (4.9s)
[86/100] can_161        n=161      Auto→merge3 cu=  0.476 serial=   0.25 m3=   0.14 Auto=  0.143 Ocean=  0.298 HSMU=  0.305 (5.0s)
[87/100] can_187        n=187      Auto→merge3 cu=  0.369 serial=  0.236 m3=  0.133 Auto=  0.129 Ocean=  0.292 HSMU=  0.299 (5.0s)
[88/100] can_229        n=229      Auto→merge3 cu=  0.368 serial=  0.272 m3=  0.158 Auto=  0.191 Ocean=  0.326 HSMU=  0.304 (4.9s)
[89/100] can_24         n=24       Auto→merge3 cu=  0.344 serial=  0.214 m3=  0.122 Auto=  0.109 Ocean=  0.193 HSMU=  0.305 (5.0s)
[90/100] can_256        n=256      Auto→merge3 cu=  0.373 serial=  1.847 m3=  0.213 Auto=  0.221 Ocean=  0.325 HSMU=  0.337 (4.9s)
[91/100] can_268        n=268      Auto→merge3 cu=  0.378 serial=  0.677 m3=  0.177 Auto=  0.171 Ocean=  0.309 HSMU=  0.316 (4.9s)
[92/100] can_292        n=292      Auto→merge3 cu=  0.364 serial=   0.51 m3=  0.142 Auto=  0.138 Ocean=  0.343 HSMU=  0.316 (4.9s)
[93/100] can_445        n=445      Auto→merge3 cu=  0.418 serial=  0.273 m3=  0.134 Auto=  0.139 Ocean=  0.308 HSMU=  0.289 (4.9s)
[94/100] can_61         n=61       Auto→merge3 cu=  0.332 serial=  0.327 m3=  0.122 Auto=  0.124 Ocean=  0.293 HSMU=  0.296 (4.9s)
[95/100] can_62         n=62       Auto→merge3 cu=  0.375 serial=  0.205 m3=  0.119 Auto=  0.129 Ocean=  0.184 HSMU=  0.272 (4.9s)
[96/100] can_634        n=634      Auto→merge3 cu=  0.432 serial=  0.494 m3=  0.151 Auto=  0.168 Ocean=  0.357 HSMU=  0.337 (4.9s)
[97/100] can_715        n=715      Auto→merge3 cu=  0.451 serial=  1.757 m3=  0.407 Auto=  0.381 Ocean=  0.385 HSMU=  0.387 (5.0s)
[98/100] can_73         n=73       Auto→merge3 cu=  0.371 serial=   0.24 m3=  0.124 Auto=  0.132 Ocean=  0.196 HSMU=  0.279 (5.0s)
[99/100] can_838        n=838      Auto→merge3 cu=  0.485 serial=  0.758 m3=  0.183 Auto=  0.165 Ocean=   0.33 HSMU=  0.327 (5.1s)
[100/100] can_96         n=96       Auto→merge3 cu=   0.34 serial=  0.211 m3=  0.137 Auto=  0.114 Ocean=  0.292 HSMU=   0.28 (5.0s)

完成 → compare/method_cmp_20260721_190958/methods_cmp.csv

=== 几何均值(ms) ===
  cu          0.514
  serial      0.857
  merge3      0.257
  Auto        0.259
  Ocean       0.304
  HSMU        0.434

=== Auto 选择(共 100 阵)===  hash 1 / merge3 99
  选 hash 的:bcsstk30
