对比 100 阵 × ['merge3', 'Auto'] + Ocean + HSMU → compare/method_cmp_20260723_152030/methods_cmp.csv

[1/100] 1138_bus       n=1138     Auto→merge3 m3=  0.128 Auto=  0.113 Ocean=  0.212 HSMU=  0.303 (3.3s)
[2/100] 494_bus        n=494      Auto→merge3 m3=  0.104 Auto=  0.087 Ocean=  0.202 HSMU=  0.292 (3.2s)
[3/100] 662_bus        n=662      Auto→merge3 m3=  0.112 Auto=  0.094 Ocean=  0.203 HSMU=  0.296 (3.2s)
[4/100] 685_bus        n=685      Auto→merge3 m3=  0.122 Auto=   0.11 Ocean=  0.209 HSMU=   0.25 (3.2s)
[5/100] arc130         n=130      Auto→hash   m3=  0.142 Auto=  0.241 Ocean=   0.35 HSMU=  0.406 (3.2s)
[6/100] ash292         n=292      Auto→merge3 m3=  0.102 Auto=  0.113 Ocean=  0.205 HSMU=  0.305 (3.1s)
[7/100] ash85          n=85       Auto→merge3 m3=  0.089 Auto=  0.078 Ocean=  0.218 HSMU=  0.291 (3.2s)
[8/100] bcspwr01       n=39       Auto→merge3 m3=  0.084 Auto=  0.074 Ocean=  0.186 HSMU=  0.283 (3.2s)
[9/100] bcspwr02       n=49       Auto→merge3 m3=  0.079 Auto=  0.098 Ocean=  0.199 HSMU=  0.278 (3.1s)
[10/100] bcspwr03       n=118      Auto→merge3 m3=  0.095 Auto=  0.092 Ocean=  0.211 HSMU=  0.292 (3.2s)
[11/100] bcspwr04       n=274      Auto→merge3 m3=  0.094 Auto=  0.112 Ocean=  0.224 HSMU=   0.32 (3.2s)
[12/100] bcspwr05       n=443      Auto→merge3 m3=  0.094 Auto=  0.108 Ocean=  0.217 HSMU=  0.296 (3.2s)
[13/100] bcspwr06       n=1454     Auto→merge3 m3=   0.12 Auto=  0.124 Ocean=  0.221 HSMU=  0.313 (3.2s)
[14/100] bcspwr07       n=1612     Auto→merge3 m3=   0.14 Auto=  0.126 Ocean=  0.219 HSMU=  0.334 (3.1s)
[15/100] bcspwr08       n=1624     Auto→merge3 m3=  0.143 Auto=  0.128 Ocean=  0.225 HSMU=  0.304 (3.2s)
[16/100] bcspwr09       n=1723     Auto→merge3 m3=  0.111 Auto=  0.109 Ocean=  0.215 HSMU=  0.305 (3.1s)
[17/100] bcspwr10       n=5300     Auto→merge3 m3=  0.135 Auto=  0.142 Ocean=  0.223 HSMU=  0.943 (3.2s)
[18/100] bcsstk01       n=48       Auto→merge3 m3=   0.09 Auto=  0.095 Ocean=  0.315 HSMU=  0.291 (3.1s)
[19/100] bcsstk02       n=66       Auto→hash   m3=  0.111 Auto=  0.255 Ocean=  0.864 HSMU=  0.605 (3.2s)
[20/100] bcsstk03       n=112      Auto→merge3 m3=   0.08 Auto=  0.088 Ocean=  0.181 HSMU=  0.297 (3.1s)
[21/100] bcsstk04       n=132      Auto→merge3 m3=  0.122 Auto=  0.132 Ocean=  0.464 HSMU=  0.307 (3.1s)
[22/100] bcsstk05       n=153      Auto→merge3 m3=  0.109 Auto=  0.109 Ocean=  0.312 HSMU=  0.321 (3.2s)
[23/100] bcsstk06       n=420      Auto→merge3 m3=  0.126 Auto=  0.153 Ocean=  0.271 HSMU=  0.283 (3.1s)
[24/100] bcsstk07       n=420      Auto→merge3 m3=  0.126 Auto=  0.127 Ocean=  0.311 HSMU=   0.35 (3.2s)
[25/100] bcsstk08       n=1074     Auto→hash   m3=  0.911 Auto=  0.512 Ocean=  0.356 HSMU=  0.816 (3.2s)
[26/100] bcsstk09       n=1083     Auto→merge3 m3=  0.148 Auto=  0.149 Ocean=  0.308 HSMU=   0.33 (3.1s)
[27/100] bcsstk10       n=1086     Auto→merge3 m3=  0.158 Auto=  0.181 Ocean=   0.38 HSMU=  0.371 (3.2s)
[28/100] bcsstk11       n=1473     Auto→merge3 m3=   0.18 Auto=  0.183 Ocean=   0.54 HSMU=  0.531 (3.2s)
[29/100] bcsstk12       n=1473     Auto→merge3 m3=  0.194 Auto=  0.188 Ocean=  0.414 HSMU=  0.564 (3.2s)
[30/100] bcsstk13       n=2003     Auto→hash   m3=  0.786 Auto=    0.7 Ocean=  0.667 HSMU=  0.896 (3.4s)
[31/100] bcsstk14       n=1806     Auto→hash   m3=  0.358 Auto=  0.431 Ocean=  0.547 HSMU=  0.519 (3.3s)
[32/100] bcsstk15       n=3948     Auto→hash   m3=  0.505 Auto=  0.312 Ocean=  0.413 HSMU=  0.675 (3.3s)
[33/100] bcsstk16       n=4884     Auto→hash   m3=  1.523 Auto=  0.443 Ocean=  0.788 HSMU=  1.448 (3.5s)
[34/100] bcsstk17       n=10974    Auto→hash   m3=  1.513 Auto=  0.572 Ocean=  0.767 HSMU=  1.528 (3.7s)
[35/100] bcsstk18       n=11948    Auto→hash   m3=  0.593 Auto=  0.424 Ocean=  0.456 HSMU=  1.234 (3.4s)
[36/100] bcsstk19       n=817      Auto→merge3 m3=  0.114 Auto=  0.108 Ocean=  0.347 HSMU=  0.336 (3.2s)
[37/100] bcsstk20       n=485      Auto→merge3 m3=  0.097 Auto=  0.097 Ocean=  0.217 HSMU=  0.332 (3.2s)
[38/100] bcsstk21       n=3600     Auto→merge3 m3=  0.155 Auto=  0.158 Ocean=  0.228 HSMU=  0.421 (3.2s)
[39/100] bcsstk22       n=138      Auto→merge3 m3=   0.09 Auto=  0.088 Ocean=  0.215 HSMU=  0.299 (3.1s)
[40/100] bcsstk23       n=3134     Auto→merge3 m3=  0.254 Auto=   0.25 Ocean=  0.558 HSMU=  0.539 (3.2s)
[41/100] bcsstk24       n=3562     Auto→hash   m3=  0.524 Auto=  0.346 Ocean=  0.598 HSMU=  0.948 (3.4s)
[42/100] bcsstk25       n=15439    Auto→hash   m3=  0.924 Auto=  0.428 Ocean=  0.478 HSMU=    1.5 (3.5s)
[43/100] bcsstk26       n=1922     Auto→merge3 m3=  0.173 Auto=  0.172 Ocean=  0.352 HSMU=  0.515 (3.2s)
[44/100] bcsstk27       n=1224     Auto→hash   m3=   0.34 Auto=  0.406 Ocean=  0.534 HSMU=  0.634 (3.3s)
[45/100] bcsstk28       n=4410     Auto→hash   m3=  0.804 Auto=  0.417 Ocean=  0.605 HSMU=  1.371 (3.5s)
[46/100] bcsstk29       n=13992    Auto→hash   m3=  1.765 Auto=  0.706 Ocean=  0.967 HSMU=  1.779 (3.6s)
[47/100] bcsstk30       n=28924    Auto→hash   m3= 15.706 Auto=   2.49 Ocean=   2.41 HSMU=  4.777 (4.7s)
[48/100] bcsstk31       n=35588    Auto→hash   m3=  4.058 Auto=   1.19 Ocean=  1.301 HSMU=  2.789 (4.1s)
[49/100] bcsstk32       n=44609    Auto→hash   m3=   6.81 Auto=   1.75 Ocean=   1.75 HSMU=  3.778 (4.7s)
[50/100] bcsstk33       n=8738     Auto→hash   m3=  3.648 Auto=  0.838 Ocean=  1.532 HSMU=   1.91 (3.6s)
[51/100] bcsstm01       n=48       Auto→merge3 m3=  0.079 Auto=  0.078 Ocean=  0.168 HSMU=  0.299 (3.1s)
[52/100] bcsstm02       n=66       Auto→merge3 m3=  0.077 Auto=  0.078 Ocean=   0.17 HSMU=  0.289 (3.2s)
[53/100] bcsstm03       n=112      Auto→merge3 m3=  0.079 Auto=   0.08 Ocean=  0.174 HSMU=  0.279 (3.1s)
[54/100] bcsstm04       n=132      Auto→merge3 m3=  0.076 Auto=  0.078 Ocean=  0.161 HSMU=  0.292 (3.1s)
[55/100] bcsstm05       n=153      Auto→merge3 m3=  0.072 Auto=  0.075 Ocean=  0.171 HSMU=  0.291 (3.1s)
[56/100] bcsstm06       n=420      Auto→merge3 m3=  0.079 Auto=   0.08 Ocean=  0.171 HSMU=  0.281 (3.1s)
[57/100] bcsstm07       n=420      Auto→merge3 m3=  0.127 Auto=  0.125 Ocean=  0.336 HSMU=  0.341 (3.2s)
[58/100] bcsstm08       n=1074     Auto→merge3 m3=  0.096 Auto=  0.081 Ocean=  0.163 HSMU=  0.286 (3.2s)
[59/100] bcsstm09       n=1083     Auto→merge3 m3=  0.081 Auto=  0.078 Ocean=  0.158 HSMU=  0.294 (3.2s)
[60/100] bcsstm10       n=1086     Auto→merge3 m3=  0.184 Auto=  0.178 Ocean=  0.506 HSMU=  0.355 (3.2s)
[61/100] bcsstm11       n=1473     Auto→merge3 m3=  0.083 Auto=  0.103 Ocean=  0.175 HSMU=    0.3 (3.2s)
[62/100] bcsstm12       n=1473     Auto→merge3 m3=  0.147 Auto=  0.154 Ocean=  0.367 HSMU=  0.357 (3.2s)
[63/100] bcsstm13       n=2003     Auto→hash   m3=  0.342 Auto=  0.351 Ocean=  0.376 HSMU=  0.561 (3.2s)
[64/100] bcsstm19       n=817      Auto→merge3 m3=  0.083 Auto=  0.075 Ocean=   0.16 HSMU=  0.286 (3.1s)
[65/100] bcsstm20       n=485      Auto→merge3 m3=  0.084 Auto=   0.09 Ocean=  0.173 HSMU=  0.287 (3.1s)
[66/100] bcsstm21       n=3600     Auto→merge3 m3=  0.109 Auto=  0.103 Ocean=  0.178 HSMU=  0.493 (3.1s)
[67/100] bcsstm22       n=138      Auto→merge3 m3=  0.075 Auto=  0.075 Ocean=  0.173 HSMU=  0.292 (3.1s)
[68/100] bcsstm23       n=3134     Auto→merge3 m3=  0.097 Auto=  0.102 Ocean=  0.168 HSMU=  0.372 (3.1s)
[69/100] bcsstm24       n=3562     Auto→merge3 m3=  0.096 Auto=  0.098 Ocean=   0.17 HSMU=  0.365 (3.2s)
[70/100] bcsstm25       n=15439    Auto→merge3 m3=  0.177 Auto=   0.18 Ocean=  0.191 HSMU=  0.469 (3.2s)
[71/100] bcsstm26       n=1922     Auto→merge3 m3=   0.09 Auto=  0.097 Ocean=  0.166 HSMU=  0.315 (3.1s)
[72/100] bcsstm27       n=1224     Auto→hash   m3=  0.352 Auto=  0.411 Ocean=  0.549 HSMU=  0.682 (3.2s)
[73/100] blckhole       n=2132     Auto→merge3 m3=  0.154 Auto=  0.155 Ocean=  0.228 HSMU=  0.498 (3.3s)
[74/100] bp_0           n=822      Auto→hash   m3=  0.544 Auto=  0.314 Ocean=  0.248 HSMU=  0.443 (3.1s)
[75/100] bp_1000        n=822      Auto→hash   m3=  0.616 Auto=  0.335 Ocean=  0.248 HSMU=  0.479 (3.2s)
[76/100] bp_1200        n=822      Auto→hash   m3=    0.6 Auto=  0.382 Ocean=  0.248 HSMU=  0.491 (3.1s)
[77/100] bp_1400        n=822      Auto→hash   m3=  0.596 Auto=  0.368 Ocean=  0.252 HSMU=  0.468 (3.1s)
[78/100] bp_1600        n=822      Auto→hash   m3=  0.601 Auto=  0.351 Ocean=  0.257 HSMU=  0.412 (3.2s)
[79/100] bp_200         n=822      Auto→hash   m3=  0.565 Auto=  0.289 Ocean=   0.22 HSMU=  0.451 (3.1s)
[80/100] bp_400         n=822      Auto→hash   m3=  0.616 Auto=  0.318 Ocean=  0.222 HSMU=  0.405 (3.2s)
[81/100] bp_600         n=822      Auto→hash   m3=  0.601 Auto=   0.33 Ocean=  0.246 HSMU=  0.462 (3.2s)
[82/100] bp_800         n=822      Auto→hash   m3=  0.631 Auto=  0.337 Ocean=  0.221 HSMU=   0.48 (3.2s)
[83/100] can_1054       n=1054     Auto→merge3 m3=  0.154 Auto=  0.157 Ocean=  0.371 HSMU=  0.277 (3.2s)
[84/100] can_1072       n=1072     Auto→merge3 m3=  0.158 Auto=   0.16 Ocean=   0.34 HSMU=  0.333 (3.2s)
[85/100] can_144        n=144      Auto→merge3 m3=  0.094 Auto=  0.092 Ocean=  0.304 HSMU=  0.247 (3.1s)
[86/100] can_161        n=161      Auto→merge3 m3=  0.101 Auto=  0.116 Ocean=   0.26 HSMU=  0.312 (3.2s)
[87/100] can_187        n=187      Auto→merge3 m3=  0.081 Auto=  0.085 Ocean=    0.3 HSMU=  0.302 (3.1s)
[88/100] can_229        n=229      Auto→merge3 m3=  0.116 Auto=  0.117 Ocean=  0.304 HSMU=  0.244 (3.1s)
[89/100] can_24         n=24       Auto→merge3 m3=   0.08 Auto=  0.094 Ocean=  0.192 HSMU=  0.226 (3.2s)
[90/100] can_256        n=256      Auto→merge3 m3=  0.173 Auto=  0.174 Ocean=  0.325 HSMU=  0.354 (3.1s)
[91/100] can_268        n=268      Auto→merge3 m3=  0.131 Auto=   0.12 Ocean=  0.315 HSMU=  0.266 (3.1s)
[92/100] can_292        n=292      Auto→merge3 m3=  0.116 Auto=  0.111 Ocean=  0.338 HSMU=  0.343 (3.1s)
[93/100] can_445        n=445      Auto→merge3 m3=  0.102 Auto=  0.105 Ocean=  0.311 HSMU=  0.314 (3.2s)
[94/100] can_61         n=61       Auto→merge3 m3=   0.11 Auto=  0.108 Ocean=  0.324 HSMU=  0.309 (3.2s)
[95/100] can_62         n=62       Auto→merge3 m3=  0.092 Auto=  0.086 Ocean=  0.202 HSMU=  0.278 (3.1s)
[96/100] can_634        n=634      Auto→merge3 m3=  0.145 Auto=  0.138 Ocean=  0.357 HSMU=  0.335 (3.2s)
[97/100] can_715        n=715      Auto→hash   m3=  0.348 Auto=   0.27 Ocean=  0.388 HSMU=  0.363 (3.2s)
[98/100] can_73         n=73       Auto→merge3 m3=  0.105 Auto=  0.091 Ocean=  0.193 HSMU=  0.286 (3.1s)
[99/100] can_838        n=838      Auto→merge3 m3=  0.131 Auto=  0.128 Ocean=  0.355 HSMU=  0.338 (3.2s)
[100/100] can_96         n=96       Auto→merge3 m3=  0.089 Auto=  0.096 Ocean=  0.326 HSMU=  0.289 (3.1s)

完成 → compare/method_cmp_20260723_152030/methods_cmp.csv

=== 几何均值(ms) ===
  merge3      0.198
  Auto        0.170
  Ocean       0.304
  HSMU        0.433

=== Auto 选择(共 100 阵)===  hash 30 / merge3 70
  选 hash 的:arc130, bcsstk02, bcsstk08, bcsstk13, bcsstk14, bcsstk15, bcsstk16, bcsstk17, bcsstk18, bcsstk24, bcsstk25, bcsstk27, bcsstk28, bcsstk29, bcsstk30, bcsstk31, bcsstk32, bcsstk33, bcsstm13, bcsstm27, bp_0, bp_1000, bp_1200, bp_1400, bp_1600, bp_200, bp_400, bp_600, bp_800, can_715
