对比 100 阵 × ['cu', 'serial', 'merge3', 'Auto'] + Ocean + HSMU → compare/method_cmp_20260722_115133/methods_cmp.csv

[1/100] 1138_bus       n=1138     Auto→merge3 cu=  0.643 serial=  0.312 m3=  0.172 Auto=   0.18 Ocean=  0.233 HSMU=  0.341 (5.2s)
[2/100] 494_bus        n=494      Auto→merge3 cu=  0.663 serial=  0.477 m3=  0.291 Auto=  0.302 Ocean=  0.218 HSMU=  0.326 (5.1s)
[3/100] 662_bus        n=662      Auto→merge3 cu=  0.646 serial=  0.401 m3=  0.296 Auto=  0.282 Ocean=  0.234 HSMU=   0.33 (5.1s)
[4/100] 685_bus        n=685      Auto→merge3 cu=  0.623 serial=  0.285 m3=  0.295 Auto=  0.307 Ocean=  0.445 HSMU=  0.338 (5.1s)
[5/100] arc130         n=130      Auto→merge3 cu=  0.445 serial=  1.888 m3=  0.206 Auto=  0.201 Ocean=  0.376 HSMU=  0.447 (5.1s)
[6/100] ash292         n=292      Auto→merge3 cu=  0.682 serial=  0.338 m3=   0.17 Auto=   0.16 Ocean=  0.219 HSMU=   0.33 (5.1s)
[7/100] ash85          n=85       Auto→merge3 cu=  0.643 serial=  0.467 m3=  0.299 Auto=   0.14 Ocean=  0.211 HSMU=  0.323 (5.1s)
[8/100] bcspwr01       n=39       Auto→merge3 cu=  0.596 serial=  0.223 m3=  0.126 Auto=  0.141 Ocean=  0.203 HSMU=  0.313 (5.1s)
[9/100] bcspwr02       n=49       Auto→merge3 cu=  0.404 serial=  0.447 m3=  0.136 Auto=  0.132 Ocean=  0.197 HSMU=  0.313 (5.1s)
[10/100] bcspwr03       n=118      Auto→merge3 cu=  0.377 serial=  0.426 m3=  0.147 Auto=  0.289 Ocean=  0.213 HSMU=  0.327 (5.0s)
[11/100] bcspwr04       n=274      Auto→merge3 cu=  0.626 serial=  0.566 m3=  0.299 Auto=  0.153 Ocean=  0.235 HSMU=  0.338 (5.1s)
[12/100] bcspwr05       n=443      Auto→merge3 cu=  0.645 serial=  0.477 m3=  0.276 Auto=  0.288 Ocean=  0.222 HSMU=   0.32 (5.1s)
[13/100] bcspwr06       n=1454     Auto→merge3 cu=  0.639 serial=    0.5 m3=  0.178 Auto=  0.173 Ocean=  0.245 HSMU=   0.35 (5.1s)
[14/100] bcspwr07       n=1612     Auto→merge3 cu=  0.514 serial=  0.385 m3=   0.19 Auto=  0.335 Ocean=   0.26 HSMU=  0.363 (5.1s)
[15/100] bcspwr08       n=1624     Auto→merge3 cu=  0.598 serial=  0.512 m3=   0.21 Auto=    0.2 Ocean=  0.226 HSMU=  0.336 (5.1s)
[16/100] bcspwr09       n=1723     Auto→merge3 cu=  0.646 serial=   0.31 m3=  0.281 Auto=  0.161 Ocean=  0.246 HSMU=  0.339 (5.2s)
[17/100] bcspwr10       n=5300     Auto→merge3 cu=  0.762 serial=   0.53 m3=  0.215 Auto=  0.354 Ocean=  0.246 HSMU=  1.058 (5.1s)
[18/100] bcsstk01       n=48       Auto→merge3 cu=  0.622 serial=   0.28 m3=  0.143 Auto=  0.274 Ocean=  0.375 HSMU=  0.327 (5.0s)
[19/100] bcsstk02       n=66       Auto→merge3 cu=  0.698 serial=  1.936 m3=  0.167 Auto=  0.314 Ocean=  0.957 HSMU=  0.714 (5.2s)
[20/100] bcsstk03       n=112      Auto→merge3 cu=  0.613 serial=  0.224 m3=  0.278 Auto=   0.25 Ocean=  0.177 HSMU=   0.33 (5.1s)
[21/100] bcsstk04       n=132      Auto→merge3 cu=  0.746 serial=  1.364 m3=  0.186 Auto=  0.323 Ocean=  0.546 HSMU=  0.396 (5.0s)
[22/100] bcsstk05       n=153      Auto→merge3 cu=  0.642 serial=  0.674 m3=  0.318 Auto=  0.177 Ocean=  0.366 HSMU=  0.357 (5.1s)
[23/100] bcsstk06       n=420      Auto→merge3 cu=  0.748 serial=  0.937 m3=  0.187 Auto=  0.344 Ocean=  0.363 HSMU=  0.379 (5.1s)
[24/100] bcsstk07       n=420      Auto→merge3 cu=  0.764 serial=  0.895 m3=  0.333 Auto=  0.194 Ocean=  0.342 HSMU=  0.382 (5.1s)
[25/100] bcsstk08       n=1074     Auto→hash   cu=  1.146 serial= 21.776 m3=  1.248 Auto=  2.552 Ocean=   0.46 HSMU=  0.959 (5.3s)
[26/100] bcsstk09       n=1083     Auto→merge3 cu=   0.59 serial=  1.291 m3=  0.353 Auto=  0.358 Ocean=  0.366 HSMU=  0.371 (5.1s)
[27/100] bcsstk10       n=1086     Auto→merge3 cu=  0.792 serial=  1.206 m3=  0.395 Auto=  0.228 Ocean=  0.535 HSMU=  0.393 (5.2s)
[28/100] bcsstk11       n=1473     Auto→merge3 cu=  0.973 serial=  1.671 m3=  0.333 Auto=  0.416 Ocean=  0.571 HSMU=  0.658 (5.2s)
[29/100] bcsstk12       n=1473     Auto→merge3 cu=  0.729 serial=  1.658 m3=  0.419 Auto=  0.397 Ocean=  0.539 HSMU=  0.666 (5.2s)
[30/100] bcsstk13       n=2003     Auto→merge3 cu=  1.453 serial=  7.204 m3=  1.331 Auto=  1.353 Ocean=  0.743 HSMU=  1.135 (5.4s)
[31/100] bcsstk14       n=1806     Auto→merge3 cu=  1.268 serial=  2.754 m3=  0.643 Auto=  0.788 Ocean=  0.594 HSMU=  0.604 (5.3s)
[32/100] bcsstk15       n=3948     Auto→merge3 cu=  1.709 serial=  3.099 m3=  1.059 Auto=  0.987 Ocean=  0.459 HSMU=  0.838 (5.4s)
[33/100] bcsstk16       n=4884     Auto→merge3 cu=  2.578 serial=  9.786 m3=  2.261 Auto=  2.302 Ocean=  0.875 HSMU=   1.52 (5.9s)
[34/100] bcsstk17       n=10974    Auto→hash   cu=  3.272 serial= 11.056 m3=  2.359 Auto=  3.013 Ocean=  0.922 HSMU=  1.857 (6.2s)
[35/100] bcsstk18       n=11948    Auto→hash   cu=  1.555 serial=  3.033 m3=  1.178 Auto=  2.437 Ocean=  0.459 HSMU=  1.268 (5.5s)
[36/100] bcsstk19       n=817      Auto→merge3 cu=   0.66 serial=  0.524 m3=  0.265 Auto=  0.297 Ocean=  0.373 HSMU=  0.354 (5.1s)
[37/100] bcsstk20       n=485      Auto→merge3 cu=  0.509 serial=  0.495 m3=  0.245 Auto=  0.309 Ocean=  0.222 HSMU=  0.353 (5.1s)
[38/100] bcsstk21       n=3600     Auto→merge3 cu=   0.79 serial=  0.862 m3=   0.37 Auto=  0.358 Ocean=  0.227 HSMU=  0.477 (5.2s)
[39/100] bcsstk22       n=138      Auto→merge3 cu=  0.628 serial=  0.236 m3=  0.279 Auto=  0.287 Ocean=  0.224 HSMU=  0.312 (5.1s)
[40/100] bcsstk23       n=3134     Auto→merge3 cu=  1.089 serial=  2.053 m3=  0.675 Auto=  0.685 Ocean=  0.414 HSMU=  0.633 (5.3s)
[41/100] bcsstk24       n=3562     Auto→merge3 cu=  1.823 serial=  4.161 m3=  1.022 Auto=  1.119 Ocean=  0.676 HSMU=  1.105 (5.5s)
[42/100] bcsstk25       n=15439    Auto→hash   cu=  1.851 serial=  4.684 m3=  1.601 Auto=  2.502 Ocean=  0.502 HSMU=   1.63 (5.8s)
[43/100] bcsstk26       n=1922     Auto→merge3 cu=  0.951 serial=  1.557 m3=  0.359 Auto=  0.376 Ocean=  0.386 HSMU=   0.62 (5.1s)
[44/100] bcsstk27       n=1224     Auto→merge3 cu=  1.151 serial=  2.828 m3=  0.621 Auto=  0.688 Ocean=  0.542 HSMU=  0.772 (5.2s)
[45/100] bcsstk28       n=4410     Auto→merge3 cu=  2.094 serial=  6.334 m3=  1.384 Auto=  1.393 Ocean=  0.779 HSMU=  1.461 (5.7s)
[46/100] bcsstk29       n=13992    Auto→hash   cu=  4.111 serial= 10.973 m3=  2.591 Auto=  3.589 Ocean=  1.017 HSMU=  1.844 (5.9s)
[47/100] bcsstk30       n=28924    Auto→hash   cu= 10.922 serial= 89.523 m3= 17.207 Auto= 12.578 Ocean=  2.497 HSMU=  4.946 (8.2s)
[48/100] bcsstk31       n=35588    Auto→hash   cu=  6.603 serial= 21.711 m3=  5.124 Auto=  5.944 Ocean=   1.37 HSMU=  2.917 (6.7s)
[49/100] bcsstk32       n=44609    Auto→hash   cu= 10.121 serial= 38.542 m3=  8.261 Auto=  8.027 Ocean=  1.874 HSMU=   6.01 (7.9s)
[50/100] bcsstk33       n=8738     Auto→hash   cu=  3.975 serial= 22.066 m3=  4.613 Auto=  4.234 Ocean=  1.657 HSMU=  2.098 (6.0s)
[51/100] bcsstm01       n=48       Auto→merge3 cu=  0.401 serial=  0.438 m3=  0.282 Auto=  0.126 Ocean=  0.168 HSMU=  0.314 (5.2s)
[52/100] bcsstm02       n=66       Auto→merge3 cu=   0.39 serial=  0.438 m3=  0.137 Auto=  0.273 Ocean=  0.187 HSMU=  0.314 (5.1s)
[53/100] bcsstm03       n=112      Auto→merge3 cu=  0.617 serial=  0.428 m3=  0.272 Auto=  0.266 Ocean=  0.183 HSMU=  0.306 (5.1s)
[54/100] bcsstm04       n=132      Auto→merge3 cu=  0.627 serial=  0.204 m3=  0.124 Auto=  0.125 Ocean=  0.189 HSMU=  0.311 (5.1s)
[55/100] bcsstm05       n=153      Auto→merge3 cu=  0.401 serial=   0.19 m3=  0.126 Auto=  0.131 Ocean=  0.196 HSMU=  0.316 (5.1s)
[56/100] bcsstm06       n=420      Auto→merge3 cu=  0.605 serial=  0.258 m3=   0.27 Auto=  0.263 Ocean=  0.179 HSMU=  0.307 (5.1s)
[57/100] bcsstm07       n=420      Auto→merge3 cu=  0.698 serial=  1.014 m3=  0.337 Auto=   0.35 Ocean=  0.349 HSMU=  0.368 (5.2s)
[58/100] bcsstm08       n=1074     Auto→merge3 cu=  0.607 serial=  0.393 m3=  0.138 Auto=  0.137 Ocean=  0.184 HSMU=  0.348 (5.1s)
[59/100] bcsstm09       n=1083     Auto→merge3 cu=  0.598 serial=  0.311 m3=  0.129 Auto=  0.142 Ocean=  0.182 HSMU=  0.334 (5.0s)
[60/100] bcsstm10       n=1086     Auto→merge3 cu=  0.634 serial=  1.455 m3=  0.392 Auto=  0.388 Ocean=  0.501 HSMU=  0.398 (5.2s)
[61/100] bcsstm11       n=1473     Auto→merge3 cu=  0.486 serial=  0.451 m3=  0.294 Auto=  0.287 Ocean=   0.18 HSMU=  0.339 (5.2s)
[62/100] bcsstm12       n=1473     Auto→merge3 cu=  0.767 serial=  1.261 m3=  0.353 Auto=  0.223 Ocean=  0.379 HSMU=  0.385 (5.3s)
[63/100] bcsstm13       n=2003     Auto→merge3 cu=  0.834 serial=  3.482 m3=   0.56 Auto=  0.439 Ocean=   0.47 HSMU=  0.808 (5.2s)
[64/100] bcsstm19       n=817      Auto→merge3 cu=  0.556 serial=  0.215 m3=  0.132 Auto=  0.133 Ocean=  0.191 HSMU=  0.333 (5.1s)
[65/100] bcsstm20       n=485      Auto→merge3 cu=  0.414 serial=  0.436 m3=  0.125 Auto=  0.267 Ocean=  0.138 HSMU=  0.334 (5.1s)
[66/100] bcsstm21       n=3600     Auto→merge3 cu=  0.438 serial=  0.448 m3=  0.308 Auto=  0.299 Ocean=  0.167 HSMU=  0.647 (5.3s)
[67/100] bcsstm22       n=138      Auto→merge3 cu=  0.633 serial=  0.422 m3=  0.264 Auto=  0.138 Ocean=  0.183 HSMU=  0.326 (5.2s)
[68/100] bcsstm23       n=3134     Auto→merge3 cu=  0.502 serial=  0.464 m3=  0.228 Auto=  0.289 Ocean=  0.184 HSMU=  0.645 (5.2s)
[69/100] bcsstm24       n=3562     Auto→merge3 cu=  0.624 serial=  0.224 m3=  0.303 Auto=   0.14 Ocean=  0.186 HSMU=  0.581 (5.1s)
[70/100] bcsstm25       n=15439    Auto→hash   cu=  0.645 serial=  0.318 m3=   0.39 Auto=  1.592 Ocean=  0.195 HSMU=  0.519 (5.2s)
[71/100] bcsstm26       n=1922     Auto→merge3 cu=  0.581 serial=  0.456 m3=  0.289 Auto=  0.238 Ocean=  0.185 HSMU=  0.344 (5.2s)
[72/100] bcsstm27       n=1224     Auto→merge3 cu=  1.064 serial=  2.946 m3=  0.686 Auto=  0.519 Ocean=  0.579 HSMU=  0.814 (5.3s)
[73/100] blckhole       n=2132     Auto→merge3 cu=  0.752 serial=  0.844 m3=  0.381 Auto=  0.369 Ocean=   0.23 HSMU=  0.596 (5.2s)
[74/100] bp_0           n=822      Auto→hash   cu=  0.433 serial= 11.469 m3=  0.632 Auto=  1.093 Ocean=  0.258 HSMU=  0.506 (5.3s)
[75/100] bp_1000        n=822      Auto→hash   cu=  0.672 serial= 17.879 m3=  0.874 Auto=  1.449 Ocean=  0.264 HSMU=  0.529 (5.2s)
[76/100] bp_1200        n=822      Auto→hash   cu=  0.468 serial= 18.129 m3=  0.841 Auto=  1.345 Ocean=  0.267 HSMU=  0.508 (5.1s)
[77/100] bp_1400        n=822      Auto→hash   cu=  0.639 serial= 17.975 m3=  0.845 Auto=  1.416 Ocean=  0.272 HSMU=  0.519 (5.2s)
[78/100] bp_1600        n=822      Auto→hash   cu=  0.677 serial= 17.623 m3=  0.858 Auto=  1.382 Ocean=  0.273 HSMU=  0.514 (5.1s)
[79/100] bp_200         n=822      Auto→hash   cu=  0.596 serial= 14.231 m3=  0.825 Auto=  1.284 Ocean=  0.262 HSMU=  0.517 (5.0s)
[80/100] bp_400         n=822      Auto→hash   cu=  0.646 serial= 15.561 m3=   0.87 Auto=  1.296 Ocean=  0.259 HSMU=  0.498 (5.1s)
[81/100] bp_600         n=822      Auto→hash   cu=  0.557 serial=  16.77 m3=  0.816 Auto=  1.083 Ocean=  0.267 HSMU=  0.498 (5.2s)
[82/100] bp_800         n=822      Auto→hash   cu=   0.65 serial= 17.222 m3=  0.743 Auto=  1.316 Ocean=  0.268 HSMU=  0.503 (5.1s)
[83/100] can_1054       n=1054     Auto→merge3 cu=  0.776 serial=  1.021 m3=  0.279 Auto=  0.215 Ocean=  0.372 HSMU=  0.367 (5.2s)
[84/100] can_1072       n=1072     Auto→merge3 cu=  0.617 serial=  1.471 m3=  0.389 Auto=  0.367 Ocean=  0.376 HSMU=  0.369 (5.1s)
[85/100] can_144        n=144      Auto→merge3 cu=  0.399 serial=  0.274 m3=  0.283 Auto=  0.149 Ocean=  0.328 HSMU=  0.338 (5.0s)
[86/100] can_161        n=161      Auto→merge3 cu=  0.405 serial=  0.523 m3=  0.294 Auto=  0.202 Ocean=  0.338 HSMU=  0.335 (4.9s)
[87/100] can_187        n=187      Auto→merge3 cu=   0.65 serial=  0.489 m3=  0.144 Auto=  0.299 Ocean=  0.352 HSMU=  0.324 (5.1s)
[88/100] can_229        n=229      Auto→merge3 cu=   0.62 serial=  0.535 m3=   0.34 Auto=  0.289 Ocean=  0.327 HSMU=  0.338 (5.1s)
[89/100] can_24         n=24       Auto→merge3 cu=   0.56 serial=  0.493 m3=  0.262 Auto=  0.272 Ocean=  0.206 HSMU=  0.328 (5.0s)
[90/100] can_256        n=256      Auto→merge3 cu=  0.664 serial=  2.188 m3=  0.371 Auto=  0.232 Ocean=  0.359 HSMU=  0.385 (5.0s)
[91/100] can_268        n=268      Auto→merge3 cu=  0.448 serial=  1.006 m3=  0.314 Auto=  0.342 Ocean=  0.348 HSMU=  0.358 (5.0s)
[92/100] can_292        n=292      Auto→merge3 cu=  0.662 serial=  0.806 m3=  0.312 Auto=  0.308 Ocean=  0.371 HSMU=  0.357 (5.1s)
[93/100] can_445        n=445      Auto→merge3 cu=  0.625 serial=  0.533 m3=  0.157 Auto=  0.167 Ocean=  0.352 HSMU=  0.324 (5.0s)
[94/100] can_61         n=61       Auto→merge3 cu=  0.443 serial=  0.381 m3=   0.28 Auto=  0.305 Ocean=  0.325 HSMU=  0.309 (5.2s)
[95/100] can_62         n=62       Auto→merge3 cu=  0.633 serial=  0.467 m3=  0.244 Auto=  0.136 Ocean=  0.199 HSMU=  0.316 (5.2s)
[96/100] can_634        n=634      Auto→merge3 cu=  0.709 serial=  0.756 m3=  0.328 Auto=  0.171 Ocean=  0.366 HSMU=  0.372 (5.1s)
[97/100] can_715        n=715      Auto→merge3 cu=  0.745 serial=  2.358 m3=  0.553 Auto=   0.58 Ocean=  0.383 HSMU=  0.393 (5.0s)
[98/100] can_73         n=73       Auto→merge3 cu=  0.606 serial=  0.258 m3=  0.287 Auto=  0.294 Ocean=  0.205 HSMU=  0.314 (5.1s)
[99/100] can_838        n=838      Auto→merge3 cu=  0.741 serial=  1.091 m3=  0.332 Auto=  0.193 Ocean=  0.362 HSMU=  0.367 (5.1s)
[100/100] can_96         n=96       Auto→merge3 cu=  0.614 serial=  0.491 m3=  0.276 Auto=  0.285 Ocean=  0.342 HSMU=  0.328 (5.1s)

完成 → compare/method_cmp_20260722_115133/methods_cmp.csv

=== 几何均值(ms) ===
  cu          0.774
  serial      1.244
  merge3      0.400
  Auto        0.419
  Ocean       0.331
  HSMU        0.497

=== Auto 选择(共 100 阵)===  hash 19 / merge3 81
  选 hash 的:bcsstk08, bcsstk17, bcsstk18, bcsstk25, bcsstk29, bcsstk30, bcsstk31, bcsstk32, bcsstk33, bcsstm25, bp_0, bp_1000, bp_1200, bp_1400, bp_1600, bp_200, bp_400, bp_600, bp_800
