对比 4 阵 × ['cu', 'Auto', 'Ocean', 'opSparse', 'HSMU', 'dense'] → compare/method_cmp_20260727_160559/methods_cmp.csv

[1/4] 1138_bus       n=1138     cu=  0.261 Auto=  0.117(merge3) Ocn=  0.188 opSp=  0.722 HSMU=  0.237 dense=   0.774 (4.2s)
[2/4] 494_bus        n=494      cu=   0.26 Auto=  0.093(merge3) Ocn=   0.18 opSp=  0.766 HSMU=    0.3 dense=   0.367 (4.2s)
[3/4] 662_bus        n=662      cu=  0.313 Auto=  0.106(merge3) Ocn=  0.183 opSp=    0.7 HSMU=  0.247 dense=   0.435 (4.2s)
[4/4] 685_bus        n=685      cu=  0.258 Auto=  0.112(merge3) Ocn=   0.22 opSp=  0.703 HSMU=  0.242 dense=   0.504 (4.4s)

完成 → compare/method_cmp_20260727_160559/methods_cmp.csv

=== 几何均值(ms) ===
  cu           0.272
  Auto         0.107
  Ocean        0.192
  opSparse     0.722
  HSMU         0.255
  dense        0.500

=== Auto 选择(共 4 阵)===  hash 0 / merge3 4

=== Auto vs cuSPARSE:赢 4 / 输 0,几何均值(Auto/cuSPARSE) 0.392× ===
  name                   n       C_nnz  cuSPARSE      Auto    ratio

=== Auto vs Ocean:赢 4 / 输 0,几何均值(Auto/Ocean) 0.555× ===
  name                   n       C_nnz     Ocean      Auto    ratio

=== Auto vs opSparse:赢 4 / 输 0,几何均值(Auto/opSparse) 0.148× ===
  name                   n       C_nnz  opSparse      Auto    ratio

=== Auto vs HSMU:赢 4 / 输 0,几何均值(Auto/HSMU) 0.418× ===
  name                   n       C_nnz      HSMU      Auto    ratio

=== Auto vs dense:赢 4 / 输 0,几何均值(Auto/dense) 0.213× ===
  name                   n       C_nnz     dense      Auto    ratio
