对比 100 阵 × ['cu', 'serial', 'merge3', 'Auto'] + Ocean + HSMU → compare/method_cmp_20260721_184841/methods_cmp.csv

[1/100] 1138_bus       n=1138     Auto→merge3 cu=  0.375 serial=   0.27 m3=  0.155 Auto=  0.156 Ocean=  0.221 HSMU=  0.311 (5.1s)
[2/100] 494_bus        n=494      Auto→merge3 cu=  0.402 serial=  0.232 m3=   0.13 Auto=  0.136 Ocean=  0.218 HSMU=  0.288 (5.1s)
[3/100] 662_bus        n=662      Auto→merge3 cu=  0.363 serial=  0.232 m3=  0.134 Auto=  0.144 Ocean=   0.38 HSMU=  0.297 (4.9s)
[4/100] 685_bus        n=685      Auto→merge3 cu=  0.348 serial=  0.283 m3=  0.147 Auto=  0.149 Ocean=  0.205 HSMU=  0.297 (4.9s)
[5/100] arc130         n=130      Auto→merge3 cu=  0.355 serial=  1.496 m3=  0.175 Auto=  0.182 Ocean=  0.368 HSMU=   0.45 (5.0s)
[6/100] ash292         n=292      Auto→merge3 cu=  0.413 serial=  0.248 m3=   0.13 Auto=  0.147 Ocean=  0.201 HSMU=  0.299 (4.9s)
[7/100] ash85          n=85       Auto→merge3 cu=  0.355 serial=  0.207 m3=  0.124 Auto=  0.115 Ocean=  0.172 HSMU=  0.278 (4.8s)
[8/100] bcspwr01       n=39       Auto→merge3 cu=  0.331 serial=  0.203 m3=  0.124 Auto=   0.12 Ocean=  0.183 HSMU=  0.268 (4.8s)
[9/100] bcspwr02       n=49       Auto→merge3 cu=  0.394 serial=  0.229 m3=  0.132 Auto=  0.116 Ocean=  0.196 HSMU=  0.294 (4.9s)
[10/100] bcspwr03       n=118      Auto→merge3 cu=  0.358 serial=  0.239 m3=  0.128 Auto=  0.129 Ocean=  0.197 HSMU=  0.279 (5.0s)
[11/100] bcspwr04       n=274      Auto→merge3 cu=    0.4 serial=  0.275 m3=   0.13 Auto=   0.13 Ocean=  0.211 HSMU=  0.303 (4.9s)
[12/100] bcspwr05       n=443      Auto→merge3 cu=   0.35 serial=  0.209 m3=  0.124 Auto=  0.142 Ocean=   0.22 HSMU=  0.298 (4.9s)
[13/100] bcspwr06       n=1454     Auto→merge3 cu=  0.368 serial=  0.261 m3=  0.164 Auto=   0.17 Ocean=  0.218 HSMU=  0.308 (4.9s)
[14/100] bcspwr07       n=1612     Auto→merge3 cu=  0.376 serial=  0.261 m3=  0.174 Auto=  0.183 Ocean=   0.22 HSMU=  0.317 (4.9s)
[15/100] bcspwr08       n=1624     Auto→merge3 cu=  0.369 serial=  0.273 m3=  0.176 Auto=  0.167 Ocean=  0.211 HSMU=  0.309 (4.9s)
[16/100] bcspwr09       n=1723     Auto→merge3 cu=  0.366 serial=   0.31 m3=  0.145 Auto=   0.15 Ocean=  0.209 HSMU=  0.296 (4.8s)
[17/100] bcspwr10       n=5300     Auto→merge3 cu=  0.441 serial=  0.453 m3=  0.183 Auto=  0.183 Ocean=  0.192 HSMU=  0.894 (5.0s)
[18/100] bcsstk01       n=48       Auto→merge3 cu=  0.408 serial=  0.231 m3=  0.154 Auto=  0.122 Ocean=  0.296 HSMU=  0.295 (4.9s)
[19/100] bcsstk02       n=66       Auto→merge3 cu=  0.417 serial=  1.721 m3=  0.151 Auto=  0.155 Ocean=  0.797 HSMU=  0.663 (5.0s)
[20/100] bcsstk03       n=112      Auto→merge3 cu=  0.368 serial=  0.206 m3=  0.116 Auto=   0.15 Ocean=  0.161 HSMU=  0.282 (4.9s)
[21/100] bcsstk04       n=132      Auto→merge3 cu=   0.44 serial=  1.029 m3=  0.166 Auto=  0.164 Ocean=   0.46 HSMU=  0.375 (4.9s)
[22/100] bcsstk05       n=153      Auto→merge3 cu=  0.368 serial=  0.372 m3=   0.14 Auto=  0.139 Ocean=  0.313 HSMU=  0.321 (4.9s)
[23/100] bcsstk06       n=420      Auto→merge3 cu=  0.501 serial=  0.565 m3=  0.161 Auto=   0.17 Ocean=  0.343 HSMU=  0.344 (4.9s)
[24/100] bcsstk07       n=420      Auto→merge3 cu=  0.477 serial=  0.555 m3=  0.175 Auto=  0.172 Ocean=  0.309 HSMU=  0.351 (5.0s)
[25/100] bcsstk08       n=1074     Auto→merge3 cu=  0.758 serial= 20.681 m3=  1.046 Auto=  1.045 Ocean=  0.354 HSMU=  0.791 (5.0s)
[26/100] bcsstk09       n=1083     Auto→merge3 cu=  0.435 serial=  0.866 m3=  0.192 Auto=  0.188 Ocean=  0.343 HSMU=  0.331 (4.9s)
[27/100] bcsstk10       n=1086     Auto→merge3 cu=  0.483 serial=  0.997 m3=  0.225 Auto=  0.226 Ocean=  0.511 HSMU=  0.356 (4.9s)
[28/100] bcsstk11       n=1473     Auto→merge3 cu=  0.627 serial=   1.07 m3=  0.235 Auto=  0.223 Ocean=  0.497 HSMU=  0.533 (5.0s)
[29/100] bcsstk12       n=1473     Auto→merge3 cu=  0.658 serial=  1.083 m3=   0.24 Auto=  0.222 Ocean=   0.54 HSMU=  0.535 (5.0s)
[30/100] bcsstk13       n=2003     Auto→merge3 cu=  1.059 serial=  6.024 m3=  0.974 Auto=  0.987 Ocean=  0.726 HSMU=  0.927 (5.2s)
[31/100] bcsstk14       n=1806     Auto→merge3 cu=  0.802 serial=  1.917 m3=  0.506 Auto=  0.502 Ocean=  0.599 HSMU=  0.543 (5.1s)
[32/100] bcsstk15       n=3948     Auto→merge3 cu=   1.17 serial=   2.38 m3=    0.7 Auto=  0.725 Ocean=  0.437 HSMU=  0.684 (5.2s)
[33/100] bcsstk16       n=4884     Auto→merge3 cu=  1.684 serial=  8.811 m3=  1.744 Auto=  1.797 Ocean=  0.772 HSMU=  1.402 (5.4s)
[34/100] bcsstk17       n=10974    Auto→merge3 cu=  2.453 serial=  9.475 m3=  1.834 Auto=  1.717 Ocean=  0.766 HSMU=  1.711 (5.6s)
[35/100] bcsstk18       n=11948    Auto→merge3 cu=  0.945 serial=  2.371 m3=  0.884 Auto=  0.812 Ocean=  0.426 HSMU=  1.206 (5.2s)
[36/100] bcsstk19       n=817      Auto→merge3 cu=  0.371 serial=  0.238 m3=  0.142 Auto=  0.135 Ocean=  0.351 HSMU=  0.324 (5.0s)
[37/100] bcsstk20       n=485      Auto→merge3 cu=  0.359 serial=  0.226 m3=  0.137 Auto=  0.141 Ocean=  0.217 HSMU=  0.324 (4.9s)
[38/100] bcsstk21       n=3600     Auto→merge3 cu=  0.494 serial=  0.466 m3=  0.207 Auto=  0.217 Ocean=  0.229 HSMU=  0.418 (5.0s)
[39/100] bcsstk22       n=138      Auto→merge3 cu=  0.406 serial=  0.259 m3=  0.121 Auto=  0.127 Ocean=  0.207 HSMU=  0.302 (4.9s)
[40/100] bcsstk23       n=3134     Auto→merge3 cu=  0.659 serial=  1.336 m3=  0.399 Auto=  0.405 Ocean=  0.334 HSMU=  0.534 (5.0s)
[41/100] bcsstk24       n=3562     Auto→merge3 cu=  1.283 serial=   3.19 m3=  0.742 Auto=  0.733 Ocean=  0.646 HSMU=  0.974 (5.2s)
[42/100] bcsstk25       n=15439    Auto→merge3 cu=  1.148 serial=  3.601 m3=  1.158 Auto=  1.201 Ocean=  0.439 HSMU=  1.457 (5.4s)
[43/100] bcsstk26       n=1922     Auto→merge3 cu=  0.541 serial=  1.055 m3=  0.221 Auto=  0.211 Ocean=  0.386 HSMU=  0.522 (4.9s)
[44/100] bcsstk27       n=1224     Auto→merge3 cu=  0.769 serial=  2.187 m3=   0.44 Auto=  0.437 Ocean=  0.498 HSMU=  0.632 (5.0s)
[45/100] bcsstk28       n=4410     Auto→merge3 cu=  1.469 serial=  5.088 m3=  1.003 Auto=  1.027 Ocean=  0.673 HSMU=  1.337 (5.3s)
[46/100] bcsstk29       n=13992    Auto→merge3 cu=  3.006 serial=   9.34 m3=  2.094 Auto=  2.002 Ocean=  0.968 HSMU=  1.766 (5.5s)
[47/100] bcsstk30       n=28924    Auto→hash   cu=  8.388 serial= 88.574 m3= 15.941 Auto=  7.596 Ocean=  2.393 HSMU=  4.773 (7.2s)
[48/100] bcsstk31       n=35588    Auto→merge3 cu=  5.239 serial= 19.511 m3=  4.258 Auto=   4.28 Ocean=   1.24 HSMU=  2.657 (6.1s)
[49/100] bcsstk32       n=44609    Auto→merge3 cu=  8.488 serial= 37.124 m3=  7.124 Auto=  7.104 Ocean=  1.736 HSMU=  3.664 (6.9s)
[50/100] bcsstk33       n=8738     Auto→merge3 cu=  3.041 serial= 21.004 m3=  3.821 Auto=  3.914 Ocean=  1.565 HSMU=  1.943 (5.6s)
[51/100] bcsstm01       n=48       Auto→merge3 cu=  0.327 serial=  0.174 m3=  0.105 Auto=  0.136 Ocean=  0.152 HSMU=  0.268 (4.9s)
[52/100] bcsstm02       n=66       Auto→merge3 cu=    0.4 serial=  0.186 m3=  0.126 Auto=  0.106 Ocean=  0.153 HSMU=  0.276 (4.9s)
[53/100] bcsstm03       n=112      Auto→merge3 cu=  0.335 serial=  0.163 m3=  0.132 Auto=   0.11 Ocean=   0.17 HSMU=  0.295 (4.9s)
[54/100] bcsstm04       n=132      Auto→merge3 cu=  0.377 serial=  0.227 m3=  0.111 Auto=  0.117 Ocean=  0.174 HSMU=  0.293 (4.9s)
[55/100] bcsstm05       n=153      Auto→merge3 cu=  0.341 serial=  0.182 m3=  0.116 Auto=  0.123 Ocean=  0.157 HSMU=  0.265 (4.9s)
[56/100] bcsstm06       n=420      Auto→merge3 cu=  0.353 serial=  0.226 m3=  0.132 Auto=  0.122 Ocean=  0.175 HSMU=   0.28 (5.0s)
[57/100] bcsstm07       n=420      Auto→merge3 cu=  0.501 serial=  0.607 m3=  0.159 Auto=  0.163 Ocean=  0.309 HSMU=  0.391 (5.0s)
[58/100] bcsstm08       n=1074     Auto→merge3 cu=  0.368 serial=  0.179 m3=  0.124 Auto=   0.12 Ocean=  0.173 HSMU=  0.306 (4.9s)
[59/100] bcsstm09       n=1083     Auto→merge3 cu=  0.378 serial=  0.194 m3=  0.123 Auto=  0.125 Ocean=  0.159 HSMU=  0.279 (4.9s)
[60/100] bcsstm10       n=1086     Auto→merge3 cu=  0.463 serial=  0.921 m3=  0.196 Auto=  0.236 Ocean=  0.388 HSMU=  0.292 (4.9s)
[61/100] bcsstm11       n=1473     Auto→merge3 cu=  0.407 serial=   0.18 m3=   0.12 Auto=  0.118 Ocean=  0.176 HSMU=  0.282 (4.9s)
[62/100] bcsstm12       n=1473     Auto→merge3 cu=  0.545 serial=  0.795 m3=    0.2 Auto=  0.185 Ocean=   0.33 HSMU=  0.331 (4.9s)
[63/100] bcsstm13       n=2003     Auto→merge3 cu=   0.54 serial=  2.766 m3=  0.358 Auto=  0.388 Ocean=  0.449 HSMU=  0.564 (5.0s)
[64/100] bcsstm19       n=817      Auto→merge3 cu=  0.374 serial=  0.194 m3=  0.123 Auto=  0.117 Ocean=  0.175 HSMU=  0.292 (4.9s)
[65/100] bcsstm20       n=485      Auto→merge3 cu=  0.342 serial=  0.218 m3=  0.126 Auto=  0.115 Ocean=  0.177 HSMU=  0.293 (4.9s)
[66/100] bcsstm21       n=3600     Auto→merge3 cu=  0.382 serial=  0.238 m3=  0.141 Auto=  0.152 Ocean=  0.162 HSMU=  0.461 (4.9s)
[67/100] bcsstm22       n=138      Auto→merge3 cu=  0.468 serial=  0.178 m3=  0.116 Auto=  0.122 Ocean=  0.171 HSMU=   0.28 (4.9s)
[68/100] bcsstm23       n=3134     Auto→merge3 cu=  0.391 serial=  0.209 m3=  0.147 Auto=  0.137 Ocean=  0.176 HSMU=  0.459 (4.9s)
[69/100] bcsstm24       n=3562     Auto→merge3 cu=  0.372 serial=  0.216 m3=   0.14 Auto=  0.151 Ocean=  0.175 HSMU=  0.476 (4.9s)
[70/100] bcsstm25       n=15439    Auto→merge3 cu=  0.452 serial=  0.227 m3=   0.24 Auto=  0.236 Ocean=  0.175 HSMU=  0.443 (5.0s)
[71/100] bcsstm26       n=1922     Auto→merge3 cu=   0.36 serial=  0.192 m3=  0.125 Auto=  0.119 Ocean=  0.162 HSMU=  0.313 (5.0s)
[72/100] bcsstm27       n=1224     Auto→merge3 cu=  0.726 serial=  2.053 m3=   0.44 Auto=  0.434 Ocean=   0.51 HSMU=   0.65 (5.1s)
[73/100] blckhole       n=2132     Auto→merge3 cu=  0.499 serial=  0.481 m3=  0.184 Auto=  0.188 Ocean=  0.185 HSMU=  0.467 (4.9s)
[74/100] bp_0           n=822      Auto→merge3 cu=  0.382 serial= 11.016 m3=  0.604 Auto=  0.567 Ocean=  0.236 HSMU=  0.438 (4.9s)
[75/100] bp_1000        n=822      Auto→merge3 cu=  0.392 serial= 17.263 m3=  0.644 Auto=  0.658 Ocean=  0.247 HSMU=   0.48 (5.0s)
[76/100] bp_1200        n=822      Auto→merge3 cu=  0.389 serial= 17.556 m3=  0.639 Auto=  0.645 Ocean=  0.261 HSMU=  0.484 (5.0s)
[77/100] bp_1400        n=822      Auto→merge3 cu=   0.38 serial= 17.386 m3=  0.626 Auto=  0.625 Ocean=  0.246 HSMU=  0.472 (5.1s)
[78/100] bp_1600        n=822      Auto→merge3 cu=  0.367 serial= 17.098 m3=  0.642 Auto=  0.635 Ocean=   0.27 HSMU=  0.485 (5.1s)
[79/100] bp_200         n=822      Auto→merge3 cu=  0.382 serial= 13.656 m3=  0.597 Auto=    0.6 Ocean=  0.252 HSMU=  0.467 (5.0s)
[80/100] bp_400         n=822      Auto→merge3 cu=  0.371 serial= 15.278 m3=  0.644 Auto=  0.642 Ocean=  0.244 HSMU=  0.459 (5.0s)
[81/100] bp_600         n=822      Auto→merge3 cu=  0.371 serial= 16.174 m3=  0.634 Auto=  0.641 Ocean=  0.257 HSMU=  0.467 (5.0s)
[82/100] bp_800         n=822      Auto→merge3 cu=  0.396 serial= 16.641 m3=  0.661 Auto=  0.654 Ocean=  0.274 HSMU=  0.462 (5.1s)
[83/100] can_1054       n=1054     Auto→merge3 cu=  0.445 serial=  0.837 m3=   0.27 Auto=  0.209 Ocean=  0.288 HSMU=  0.331 (5.1s)
[84/100] can_1072       n=1072     Auto→merge3 cu=  0.452 serial=   0.99 m3=  0.192 Auto=  0.196 Ocean=  0.335 HSMU=   0.34 (4.9s)
[85/100] can_144        n=144      Auto→merge3 cu=  0.406 serial=  0.249 m3=  0.133 Auto=  0.133 Ocean=   0.33 HSMU=  0.305 (5.0s)
[86/100] can_161        n=161      Auto→merge3 cu=  0.414 serial=  0.273 m3=  0.169 Auto=   0.14 Ocean=    0.3 HSMU=  0.302 (5.0s)
[87/100] can_187        n=187      Auto→merge3 cu=  0.343 serial=  0.218 m3=   0.12 Auto=  0.121 Ocean=  0.294 HSMU=   0.29 (4.9s)
[88/100] can_229        n=229      Auto→merge3 cu=  0.352 serial=  0.263 m3=  0.171 Auto=   0.16 Ocean=  0.295 HSMU=  0.296 (5.0s)
[89/100] can_24         n=24       Auto→merge3 cu=  0.321 serial=  0.199 m3=  0.132 Auto=  0.115 Ocean=  0.194 HSMU=  0.284 (5.0s)
[90/100] can_256        n=256      Auto→merge3 cu=  0.419 serial=  1.863 m3=  0.209 Auto=   0.23 Ocean=  0.328 HSMU=  0.346 (5.1s)
[91/100] can_268        n=268      Auto→merge3 cu=  0.401 serial=  0.671 m3=  0.166 Auto=  0.169 Ocean=   0.35 HSMU=  0.312 (5.0s)
[92/100] can_292        n=292      Auto→merge3 cu=  0.373 serial=  0.534 m3=  0.137 Auto=  0.195 Ocean=  0.344 HSMU=  0.318 (5.0s)
[93/100] can_445        n=445      Auto→merge3 cu=  0.355 serial=  0.267 m3=  0.136 Auto=  0.136 Ocean=    0.3 HSMU=  0.301 (5.0s)
[94/100] can_61         n=61       Auto→merge3 cu=  0.378 serial=   0.33 m3=  0.129 Auto=  0.128 Ocean=  0.294 HSMU=    0.3 (4.9s)
[95/100] can_62         n=62       Auto→merge3 cu=  0.334 serial=  0.194 m3=  0.115 Auto=  0.157 Ocean=  0.196 HSMU=  0.281 (5.0s)
[96/100] can_634        n=634      Auto→merge3 cu=   0.46 serial=  0.432 m3=  0.153 Auto=  0.158 Ocean=  0.334 HSMU=   0.31 (4.9s)
[97/100] can_715        n=715      Auto→merge3 cu=  0.448 serial=  1.743 m3=  0.372 Auto=  0.408 Ocean=  0.432 HSMU=  0.366 (5.0s)
[98/100] can_73         n=73       Auto→merge3 cu=  0.353 serial=  0.255 m3=  0.156 Auto=  0.169 Ocean=  0.209 HSMU=  0.293 (5.0s)
[99/100] can_838        n=838      Auto→merge3 cu=  0.512 serial=  0.724 m3=  0.183 Auto=  0.182 Ocean=  0.331 HSMU=  0.341 (5.0s)
[100/100] can_96         n=96       Auto→merge3 cu=  0.411 serial=  0.229 m3=  0.114 Auto=   0.12 Ocean=    0.3 HSMU=  0.289 (4.9s)

完成 → compare/method_cmp_20260721_184841/methods_cmp.csv

=== 几何均值(ms) ===
  cu          0.518
  serial      0.854
  merge3      0.259
  Auto        0.258
  Ocean       0.304
  HSMU        0.438

=== Auto 选择(共 100 阵)===  hash 1 / merge3 99
  选 hash 的:bcsstk30
