Refresh 仅 'Auto' 列 × 337 阵(DENSE_TIMEOUT=600s)→ compare/ocean337/methods_cmp_clean.csv.csv

[1/337] 333SP          Auto=10.615     (9.6s)
[2/337] 3Dspectralwave Auto=39.264     (14.4s)
[3/337] 3Dspectralwave2 Auto=16.408     (8.8s)
[4/337] 3dtube         Auto=7.261      (5.3s)
[5/337] AS365          Auto=11.79      (10.1s)
[6/337] BenElechi1     Auto=9.799      (7.5s)
[7/337] Bump_2911      Auto=108.71     (47.5s)
[8/337] CO             Auto=28.988     (7.5s)
[9/337] Chevron4       Auto=4.364      (7.8s)
[10/337] CoupCons3D     Auto=19.178     (12.8s)
[11/337] Cube_Coup_dt0  Auto=345.015    (49.4s)
[12/337] CurlCurl_2     Auto=8.017      (7.3s)
[13/337] CurlCurl_3     Auto=12.407     (8.2s)
[14/337] CurlCurl_4     Auto=23.066     (11.5s)
[15/337] Dubcova3       Auto=4.84       (6.1s)
[16/337] Emilia_923     Auto=36.32      (12.5s)
[17/337] F1             Auto=97.435     (12.3s)
[18/337] F2             Auto=19.652     (6.3s)
[19/337] FEM_3D_thermal2 Auto=2.666      (6.1s)
[20/337] Fault_639      Auto=25.635     (10.6s)
[21/337] Flan_1565      Auto=138.805    (48.2s)
[22/337] Freescale1     Auto=9.56       (13.7s)
[23/337] Ga10As10H30    Auto=43.156     (7.6s)
[24/337] Ga19As19H42    Auto=73.492     (7.4s)
[25/337] Ga3As3H12      Auto=88.023     (6.9s)
[26/337] Ga41As41H72    Auto=149.224    (11.4s)
[27/337] GaAsH6         Auto=35.132     (6.0s)
[28/337] Ge87H76        Auto=65.247     (7.5s)
[29/337] Ge99H100       Auto=71.584     (7.4s)
[30/337] Geo_1438       Auto=55.424     (18.5s)
[31/337] H2O            Auto=7.386      (5.5s)
[32/337] HTC_336_4438   Auto=37.217     (6.4s)
[33/337] HTC_336_9129   Auto=32.442     (6.1s)
[34/337] Hook_1498      Auto=59.539     (34.5s)
[35/337] Long_Coup_dt6  Auto=99.395     (38.7s)
[36/337] M6             Auto=10.861     (9.4s)
[37/337] ML_Laplace     Auto=39.121     (14.7s)
[38/337] NLR            Auto=12.949     (10.3s)
[39/337] Reuters911     Auto=5.464      (5.1s)
[40/337] Serena         Auto=64.649     (34.2s)
[41/337] Si10H16        Auto=5.433      (5.2s)
[42/337] Si34H36        Auto=35.334     (6.4s)
[43/337] Si41Ge41H72    Auto=140.829    (9.9s)
[44/337] Si87H76        Auto=49.703     (7.8s)
[45/337] SiO            Auto=7.02       (5.2s)
[46/337] SiO2           Auto=413.445    (10.3s)
[47/337] Stanford_Berkeley Auto=287.48     (8.4s)
[48/337] StocF-1465     Auto=21.962     (9.7s)
[49/337] TSC_OPF_1047   Auto=5.796      (5.3s)
[50/337] TSC_OPF_300    Auto=5.625      (5.1s)
[51/337] TSOPF_FS_b300  Auto=195.395    (7.7s)
[52/337] TSOPF_FS_b300_c2 Auto=859.033    (31.8s)
[53/337] TSOPF_FS_b39_c7 Auto=38.221     (5.8s)
[54/337] TSOPF_FS_b9_c6 Auto=8.788      (5.1s)
[55/337] TSOPF_RS_b2052_c1 Auto=15.722     (7.4s)
[56/337] TSOPF_RS_b2383 Auto=42.902     (10.9s)
[57/337] TSOPF_RS_b2383_c1 Auto=43.297     (11.0s)
[58/337] TSOPF_RS_b678_c2 Auto=15.409     (8.0s)
[59/337] Zd_Jac2        Auto=8.309      (5.5s)
[60/337] Zd_Jac2_db     Auto=2.527      (5.1s)
[61/337] Zd_Jac3        Auto=10.257     (5.5s)
[62/337] Zd_Jac3_db     Auto=2.553      (5.1s)
[63/337] Zd_Jac6        Auto=9.183      (5.7s)
[64/337] Zd_Jac6_db     Auto=2.366      (5.2s)
[65/337] a0nsdsil       Auto=33.914     (5.7s)
[66/337] a2nnsnsl       Auto=36.218     (5.6s)
[67/337] a5esindl       Auto=24.007     (5.5s)
[68/337] af_0_k101      Auto=13.233     (9.1s)
[69/337] af_1_k101      Auto=13.216     (9.0s)
[70/337] af_2_k101      Auto=13.22      (9.1s)
[71/337] af_3_k101      Auto=13.55      (8.9s)
[72/337] af_4_k101      Auto=13.229     (9.0s)
[73/337] af_5_k101      Auto=13.235     (9.0s)
[74/337] af_shell1      Auto=12.288     (8.5s)
[75/337] af_shell10     Auto=34.509     (15.6s)
[76/337] af_shell2      Auto=12.295     (8.3s)
[77/337] af_shell3      Auto=12.285     (8.4s)
[78/337] af_shell4      Auto=12.281     (8.4s)
[79/337] af_shell5      Auto=12.314     (8.4s)
[80/337] af_shell6      Auto=12.353     (8.3s)
[81/337] af_shell7      Auto=12.349     (8.4s)
[82/337] af_shell8      Auto=12.296     (8.4s)
[83/337] af_shell9      Auto=12.326     (8.5s)
[84/337] appu           Auto=11.401     (6.4s)
[85/337] atmosmodd      Auto=4.117      (8.1s)
[86/337] atmosmodj      Auto=4.131      (8.1s)
[87/337] atmosmodl      Auto=4.31       (8.1s)
[88/337] atmosmodm      Auto=4.324      (8.2s)
[89/337] audikw_1       Auto=256.604    (44.4s)
[90/337] auto           Auto=6.885      (6.1s)
[91/337] av41092        Auto=9.623      (5.5s)
[92/337] bbmat          Auto=4.446      (5.5s)
[93/337] bcsstk30       Auto=3.667      (5.2s)
[94/337] bcsstk35       Auto=1.714      (5.0s)
[95/337] bcsstk36       Auto=1.532      (5.1s)
[96/337] bcsstk39       Auto=2.121      (5.2s)
[97/337] bloweya        Auto=11.059     (5.2s)
[98/337] bloweybl       Auto=7.932      (5.4s)
[99/337] bloweybq       Auto=11.275     (5.6s)
[100/337] bmw3_2         Auto=10.024     (7.1s)
[101/337] bmw7st_1       Auto=6.769      (6.8s)
[102/337] bmwcra_1       Auto=15.432     (7.2s)
[103/337] bone010        Auto=82.552     (36.0s)
[104/337] boneS01        Auto=6.846      (6.1s)
[105/337] boneS10        Auto=56.661     (15.1s)
[106/337] brainpc2       Auto=18.974     (5.5s)
[107/337] bundle1        Auto=6.19       (5.1s)
[108/337] c-43           Auto=2.997      (5.0s)
[109/337] c-45           Auto=4.181      (5.0s)
[110/337] c-53           Auto=10.064     (5.5s)
[111/337] c-57           Auto=30.138     (6.1s)
[112/337] c-58           Auto=10.716     (5.3s)
[113/337] c-62           Auto=11.664     (5.2s)
[114/337] c-62ghs        Auto=11.278     (5.2s)
[115/337] c-64           Auto=32.546     (5.6s)
[116/337] c-64b          Auto=32.472     (5.7s)
[117/337] c-66           Auto=12.614     (5.2s)
[118/337] c-66b          Auto=11.261     (5.1s)
[119/337] c-67           Auto=16.043     (5.2s)
[120/337] c-67b          Auto=16.036     (5.4s)
[121/337] c-71           Auto=19.981     (5.6s)
[122/337] c-73           Auto=132.805    (27.6s)
[123/337] c-73b          Auto=132.954    (26.3s)
[124/337] c-big          Auto=292.608    (24.3s)
[125/337] cage13         Auto=10.122     (7.9s)
[126/337] cage14         Auto=39.467     (16.4s)
[127/337] cage15         Auto=154.483    (66.8s)
[128/337] cant           Auto=4.554      (5.8s)
[129/337] case39         Auto=73.778     (22.2s)
[130/337] case9          Auto=8.832      (5.0s)
[131/337] cfd2           Auto=2.789      (5.5s)
[132/337] circuit_4      Auto=25.076     (5.8s)
[133/337] cnr-2000       Auto=11.518     (5.7s)
[134/337] conf5_4-8x8-05 Auto=2.123      (5.9s)
[135/337] conf5_4-8x8-10 Auto=2.122      (6.0s)
[136/337] conf5_4-8x8-15 Auto=2.131      (6.1s)
[137/337] conf5_4-8x8-20 Auto=2.123      (5.8s)
[138/337] conf6_0-8x8-20 Auto=2.129      (5.9s)
[139/337] conf6_0-8x8-30 Auto=2.128      (6.4s)
[140/337] conf6_0-8x8-80 Auto=2.128      (6.4s)
[141/337] consph         Auto=7.888      (6.3s)
[142/337] cop20k_A       Auto=3.451      (5.5s)
[143/337] crankseg_1     Auto=58.907     (7.4s)
[144/337] crankseg_2     Auto=92.735     (8.5s)
[145/337] crplat2        Auto=1.031      (5.0s)
[146/337] crystk02       Auto=1.721      (5.1s)
[147/337] crystk03       Auto=2.451      (5.2s)
[148/337] ct20stif       Auto=3.057      (5.4s)
[149/337] delaunay_n21   Auto=6.245      (6.9s)
[150/337] delaunay_n22   Auto=12.147     (9.5s)
[151/337] delaunay_n23   Auto=23.887     (13.1s)
[152/337] delaunay_n24   Auto=47.789     (41.3s)
[153/337] dielFilterV2clx Auto=39.889     (11.7s)
[154/337] dielFilterV2real Auto=66.643     (37.7s)
[155/337] dielFilterV3clx Auto=160.316    (14.8s)
[156/337] dielFilterV3real Auto=307.671    (46.6s)
[157/337] email-Enron    Auto=8.063      (5.1s)
[158/337] eu-2005        Auto=81.323     (9.5s)
[159/337] ex11           Auto=1.708      (5.2s)
[160/337] exdata_1       Auto=14.504     (5.3s)
[161/337] fcondp2        Auto=9.473      (6.2s)
[162/337] fem_filter     Auto=8.342      (5.7s)
[163/337] fem_hifreq_circuit Auto=27.581     (13.9s)
[164/337] filter3D       Auto=4.005      (5.5s)
[165/337] fp             Auto=3.254      (5.2s)
[166/337] fullb          Auto=10.972     (6.3s)
[167/337] gearbox        Auto=9.566      (6.0s)
[168/337] germany_osm    Auto=13.656     (9.6s)
[169/337] gsm_106857     Auto=29.079     (10.9s)
[170/337] gupta1         Auto=68.167     (22.1s)
[171/337] gupta2         Auto=144.362    (23.5s)
[172/337] gupta3         Auto=373.45     (8.7s)
[173/337] gyro           Auto=2.73       (5.2s)
[174/337] gyro_k         Auto=2.734      (5.1s)
[175/337] halfb          Auto=10.537     (6.2s)
[176/337] hangGlider_3   Auto=10.309     (5.2s)
[177/337] hangGlider_4   Auto=10.251     (5.6s)
[178/337] hangGlider_5   Auto=10.743     (5.6s)
[179/337] hood           Auto=9.034      (7.1s)
[180/337] hugebubbles-00000 Auto=28.757     (17.5s)
[181/337] hugebubbles-00010 Auto=36.818     (18.3s)
[182/337] hugebubbles-00020 Auto=39.753     (21.2s)
[183/337] hugetrace-00010 Auto=19.668     (12.6s)
[184/337] hugetrace-00020 Auto=27.43      (15.3s)
[185/337] hugetric-00010 Auto=12.028     (9.2s)
[186/337] hugetric-00020 Auto=13.004     (9.7s)
[187/337] iChem_Jacobian Auto=4.02       (6.6s)
[188/337] in-2004        Auto=105.216    (8.9s)
[189/337] inline_1       Auto=117.267    (14.9s)
[190/337] invextr1_new   Auto=4.929      (5.7s)
[191/337] kim2           Auto=7.832      (10.1s)
[192/337] kkt_power      Auto=32.021     (8.8s)
[193/337] laminar_duct3D Auto=5.93       (6.2s)
[194/337] largebasis     Auto=3.487      (6.9s)
[195/337] ldoor          Auto=36.455     (14.7s)
[196/337] li             Auto=4.367      (5.4s)
[197/337] lowThrust_10   Auto=9.446      (5.1s)
[198/337] lowThrust_11   Auto=9.072      (5.2s)
[199/337] lowThrust_12   Auto=9.221      (5.3s)
[200/337] lowThrust_13   Auto=9.118      (5.1s)
[201/337] lowThrust_4    Auto=6.85       (5.1s)
[202/337] lowThrust_5    Auto=7.661      (5.1s)
[203/337] lowThrust_6    Auto=8.143      (5.1s)
[204/337] lowThrust_7    Auto=8.346      (5.1s)
[205/337] lowThrust_8    Auto=8.652      (5.3s)
[206/337] lowThrust_9    Auto=8.829      (5.2s)
[207/337] m14b           Auto=3.454      (5.4s)
[208/337] m_t1           Auto=17.923     (6.9s)
[209/337] mixtank_new    Auto=5.387      (5.7s)
[210/337] mono_500Hz     Auto=8.557      (8.0s)
[211/337] mouse_gene     Auto=1233.435   (35.1s)
[212/337] msc10848       Auto=4.43       (5.1s)
[213/337] msc23052       Auto=1.544      (5.0s)
[214/337] msdoor         Auto=16.315     (9.0s)
[215/337] mult_dcop_01   Auto=38.467     (22.0s)
[216/337] mult_dcop_02   Auto=38.325     (22.0s)
[217/337] mult_dcop_03   Auto=38.84      (22.3s)
[218/337] nasasrb        Auto=2.828      (5.4s)
[219/337] nd12k          Auto=131.632    (8.6s)
[220/337] nd24k          Auto=275.29     (12.2s)
[221/337] nd3k           Auto=11.948     (5.6s)
[222/337] nd6k           Auto=44.094     (6.6s)
[223/337] nemeth01       Auto=0.751      (5.1s)
[224/337] nemeth18       Auto=0.707      (5.2s)
[225/337] nemeth19       Auto=0.87       (5.1s)
[226/337] nemeth20       Auto=1.08       (5.1s)
[227/337] nemeth21       Auto=1.782      (5.1s)
[228/337] nemeth22       Auto=1.887      (5.3s)
[229/337] nemeth23       Auto=2.253      (5.2s)
[230/337] nemeth24       Auto=2.288      (5.2s)
[231/337] nemeth25       Auto=2.296      (5.2s)
[232/337] nemeth26       Auto=2.319      (5.2s)
[233/337] net100         Auto=18.766     (5.5s)
[234/337] net125         Auto=27.373     (5.8s)
[235/337] net150         Auto=37.062     (6.2s)
[236/337] net50          Auto=7.464      (5.2s)
[237/337] net75          Auto=14.452     (5.4s)
[238/337] nlpkkt120      Auto=74.42      (40.5s)
[239/337] nlpkkt80       Auto=30.061     (10.0s)
[240/337] ns3Da          Auto=6.639      (5.5s)
[241/337] offshore       Auto=4.182      (5.9s)
[242/337] ohne2          Auto=22.366     (8.4s)
[243/337] oilpan         Auto=3.097      (5.6s)
[244/337] olafu          Auto=1.666      (5.0s)
[245/337] opt1           Auto=5.156      (5.1s)
[246/337] para-10        Auto=25.293     (6.7s)
[247/337] para-4         Auto=18.682     (6.7s)
[248/337] para-5         Auto=25.253     (6.7s)
[249/337] para-6         Auto=25.255     (6.9s)
[250/337] para-7         Auto=25.25      (7.2s)
[251/337] para-8         Auto=25.247     (6.8s)
[252/337] para-9         Auto=25.234     (6.7s)
[253/337] patents        Auto=11.16      (10.4s)
[254/337] pattern1       Auto=156.227    (7.4s)
[255/337] pcrystk02      Auto=1.71       (5.0s)
[256/337] pcrystk03      Auto=2.42       (5.2s)
[257/337] pct20stif      Auto=3.065      (5.3s)
[258/337] pdb1HYS        Auto=11.106     (5.8s)
[259/337] pf2177         Auto=4.584      (5.0s)
[260/337] pkustk01       Auto=1.747      (4.9s)
[261/337] pkustk02       Auto=1.064      (5.0s)
[262/337] pkustk03       Auto=2.997      (5.2s)
[263/337] pkustk04       Auto=47.331     (6.0s)
[264/337] pkustk05       Auto=3.245      (5.2s)
[265/337] pkustk06       Auto=3.686      (5.1s)
[266/337] pkustk07       Auto=8.037      (5.3s)
[267/337] pkustk08       Auto=10.765     (5.4s)
[268/337] pkustk09       Auto=1.365      (5.1s)
[269/337] pkustk10       Auto=4.032      (5.3s)
[270/337] pkustk11       Auto=6.994      (5.5s)
[271/337] pkustk12       Auto=120.969    (23.1s)
[272/337] pkustk13       Auto=15.557     (5.7s)
[273/337] pkustk14       Auto=35.731     (6.6s)
[274/337] pli            Auto=4.358      (5.1s)
[275/337] poisson3Db     Auto=4.792      (5.9s)
[276/337] pre2           Auto=81.106     (24.0s)
[277/337] pwtk           Auto=8.678      (7.1s)
[278/337] raefsky3       Auto=1.128      (5.3s)
[279/337] raefsky4       Auto=2.056      (5.1s)
[280/337] rajat16        Auto=71.318     (24.0s)
[281/337] rajat17        Auto=71.145     (23.3s)
[282/337] rajat18        Auto=66.866     (23.3s)
[283/337] rajat20        Auto=64.747     (23.5s)
[284/337] rajat25        Auto=73.228     (23.6s)
[285/337] rajat28        Auto=73.432     (23.5s)
[286/337] rajat31        Auto=10.63      (13.1s)
[287/337] ramage02       Auto=8.69       (5.2s)
[288/337] rgg_n_2_19_s0  Auto=5.594      (5.6s)
[289/337] rgg_n_2_20_s0  Auto=10.632     (6.4s)
[290/337] rgg_n_2_21_s0  Auto=21.037     (9.6s)
[291/337] rgg_n_2_22_s0  Auto=43.068     (13.5s)
[292/337] rma10          Auto=2.956      (5.6s)
[293/337] road_central   Auto=26.836     (14.1s)
[294/337] road_usa       Auto=38.202     (18.1s)
[295/337] s3dkq4m2       Auto=3.815      (5.8s)
[296/337] s3dkt3m2       Auto=2.574      (5.6s)
[297/337] ship_001       Auto=14.578     (5.9s)
[298/337] ship_003       Auto=9.386      (6.2s)
[299/337] shipsec1       Auto=6.69       (10.1s)
[300/337] shipsec5       Auto=8.872      (6.7s)
[301/337] shipsec8       Auto=6.368      (7.3s)
[302/337] sinc18         Auto=6.696      (5.4s)
[303/337] sme3Da         Auto=3.343      (5.2s)
[304/337] sme3Db         Auto=7.674      (5.8s)
[305/337] sme3Dc         Auto=12.051     (6.3s)
[306/337] soc-Slashdot0811 Auto=22.341     (5.6s)
[307/337] soc-Slashdot0902 Auto=23.484     (5.5s)
[308/337] sparsine       Auto=4.687      (5.3s)
[309/337] srb1           Auto=2.729      (5.2s)
[310/337] std1_Jac2      Auto=6.148      (5.4s)
[311/337] std1_Jac3      Auto=7.152      (5.5s)
[312/337] std1_Jac3_db   Auto=1.818      (5.4s)
[313/337] t3dh           Auto=6.59       (5.9s)
[314/337] t3dh_a         Auto=6.58       (5.9s)
[315/337] t3dh_e         Auto=6.588      (5.9s)
[316/337] thermal2       Auto=4.025      (7.1s)
[317/337] thread         Auto=14.991     (5.8s)
[318/337] torso1         Auto=370.937    (10.0s)
[319/337] torso3         Auto=3.788      (6.5s)
[320/337] trdheim        Auto=2.916      (5.2s)
[321/337] troll          Auto=11.158     (6.1s)
[322/337] tsyl201        Auto=4.154      (5.4s)
[323/337] vanbody        Auto=2.872      (5.3s)
[324/337] vsp_bcsstk30_500sep_10in_1Kout Auto=7.954      (5.6s)
[325/337] vsp_befref_fxm_2_4_air02 Auto=5.174      (5.1s)
[326/337] vsp_model1_crew1_cr42_south31 Auto=38.644     (22.5s)
[327/337] vsp_msc10848_300sep_100in_1Kout Auto=9.334      (5.3s)
[328/337] vsp_south31_slptsk Auto=34.675     (22.0s)
[329/337] water_tank     Auto=2.107      (5.6s)
[330/337] wb-edu         Auto=774.488    (37.8s)
[331/337] web-BerkStan   Auto=18.676     (6.4s)
[332/337] web-Google     Auto=13.269     (6.8s)
[333/337] web-NotreDame  Auto=11.579     (5.3s)
[334/337] webbase-1M     Auto=47.755     (6.3s)
[335/337] windscreen     Auto=2.082      (5.3s)
[336/337] x104           Auto=15.718     (6.9s)
[337/337] xenon2         Auto=3.352      (6.3s)

=== 几何均值(ms) ===
  cu          31.581
  Auto        13.081
  Ocean        5.918
  opSparse    17.433
  HSMU        14.426
  bhSparse    40.528
  dense     2477.293
  cublas     634.532

=== Auto 选择(共 337 阵)===  hash 337 / merge3 0

=== Auto vs cuSPARSE:赢 234 / 输 37,几何均值(Auto/cuSPARSE) 0.269× ===
  name                   n       C_nnz  cuSPARSE      Auto    ratio
  Stanford_Berkeley  683446    78130972    45.694   287.480    6.29×
  webbase-1M       1000005    51111996     9.512    47.755    5.02×
  hugetric-00020   7122792    44609736     5.449    13.004    2.39×
  hugetric-00010   6592765    41276239     5.104    12.028    2.36×
  TSOPF_RS_b2383_c1   38120    74318317    19.273    43.297    2.25×
  TSOPF_RS_b2383     38120    74318317    19.261    42.902    2.23×
  c-71               76638    52538716    11.109    19.981    1.80×
  web-Google        916428    29710164     7.529    13.269    1.76×
  TSOPF_RS_b2052_c1   25626    30950093     9.076    15.722    1.73×
  circuit_4          80209    87091024    14.965    25.076    1.68×
  TSOPF_RS_b678_c2   35696    40139105     9.924    15.409    1.55×
  Chevron4          711450    17706328     3.089     4.364    1.41×
  c-62ghs            41731    38084477     8.099    11.278    1.39×
  Freescale1       3428755    45276331     6.943     9.560    1.38×
  soc-Slashdot0811   77360    78851659    16.841    22.341    1.33×
  ... 另有 22 个

=== Auto vs Ocean:赢 5 / 输 332,几何均值(Auto/Ocean) 2.210× ===
  name                   n       C_nnz     Ocean      Auto    ratio
  wb-edu           9845725   630077764     1.462   774.488  529.75×
  Cube_Coup_dt0    2164760   552667840     4.027   345.015   85.68×
  Ga41As41H72       268096   231455088     4.027   149.224   37.06×
  Si41Ge41H72       185639   173776869     4.027   140.829   34.97×
  Flan_1565        1564794   509685948     4.027   138.805   34.47×
  Bump_2911        2911419   560173611     4.027   108.710   27.00×
  Long_Coup_dt6    1470152   388670368     4.027    99.395   24.68×
  F1                343791   224484403     4.027    97.435   24.20×
  Ga3As3H12          61349    62181563     4.027    88.023   21.86×
  Ga19As19H42       133123   108051533     4.027    73.492   18.25×
  Ge99H100          112985   105811785     4.027    71.584   17.78×
  Ge87H76           112985    99053985     4.027    65.247   16.20×
  Serena           1391349   315805689     4.027    64.649   16.05×
  Hook_1498        1498023   312415749     4.027    59.539   14.78×
  Geo_1438         1437960   274478976     4.027    55.424   13.76×
  ... 另有 317 个

=== Auto vs opSparse:赢 177 / 输 141,几何均值(Auto/opSparse) 0.669× ===
  name                   n       C_nnz  opSparse      Auto    ratio
  wb-edu           9845725   630077764    91.272   774.488    8.49×
  webbase-1M       1000005    51111996    14.038    47.755    3.40×
  web-Google        916428    29710164     4.024    13.269    3.30×
  kkt_power        2063494    93265642    10.147    32.021    3.16×
  road_central    14081816    69990710     8.652    26.836    3.10×
  hugetrace-00020 16002413    99652167     9.142    27.430    3.00×
  hugebubbles-0002021198119   132690161    13.552    39.753    2.93×
  hugebubbles-0000018318143   113009849     9.906    28.757    2.90×
  hugebubbles-0001019458087   121526577    12.750    36.818    2.89×
  Cube_Coup_dt0    2164760   552667840   123.740   345.015    2.79×
  hugetrace-00010 12057441    74977771     7.248    19.668    2.71×
  hugetric-00010   6592765    41276239     4.596    12.028    2.62×
  hugetric-00020   7122792    44609736     4.993    13.004    2.60×
  germany_osm     11548845    42720261     5.755    13.656    2.37×
  dielFilterV3clx   420408   247299354    73.311   160.316    2.19×
  ... 另有 126 个

=== Auto vs HSMU:赢 212 / 输 125,几何均值(Auto/HSMU) 0.907× ===
  name                   n       C_nnz      HSMU      Auto    ratio
  c-big             345241   447991461    67.461   292.608    4.34×
  wb-edu           9845725   630077764   222.495   774.488    3.48×
  Cube_Coup_dt0    2164760   552667840   134.682   345.015    2.56×
  dielFilterV3clx   420408   247299354    74.297   160.316    2.16×
  a0nsdsil           80016   175955042    19.060    33.914    1.78×
  CO                221119   100124359    16.950    28.988    1.71×
  kkt_power        2063494    93265642    19.175    32.021    1.67×
  inline_1          503712   253084638    72.640   117.267    1.61×
  pre2              659033   323445872    51.607    81.106    1.57×
  Si34H36            97569    65211697    22.838    35.334    1.55×
  Ge99H100          112985   105811785    46.335    71.584    1.54×
  F2                 71505    39648121    12.721    19.652    1.54×
  nd24k              72000   189190604   179.008   275.290    1.54×
  Ge87H76           112985    99053985    42.436    65.247    1.54×
  lowThrust_10       18260    51144876     6.213     9.446    1.52×
  ... 另有 110 个

=== Auto vs bhSparse:赢 314 / 输 3,几何均值(Auto/bhSparse) 0.283× ===
  name                   n       C_nnz  bhSparse      Auto    ratio
  torso1            116158    19600778   296.575   370.937    1.25×
  Cube_Coup_dt0    2164760   552667840   278.281   345.015    1.24×
  dielFilterV3clx   420408   247299354   159.309   160.316    1.01×

=== Auto vs dense:赢 138 / 输 0,几何均值(Auto/dense) 0.003× ===
  name                   n       C_nnz     dense      Auto    ratio

=== Auto vs cuBLAS:赢 137 / 输 1,几何均值(Auto/cuBLAS) 0.011× ===
  name                   n       C_nnz    cuBLAS      Auto    ratio
  gupta3             16783   270864545   299.118   373.450    1.25×
