############################################################
#  SpGEMM 6 法对比  →  compare/ocean337/methods_cmp_v26_adaptexp.csv(稳定,resume)
#  cuSPARSE / Auto(ours) / Ocean / opSparse / HSMU / dense
#  模式:REFRESH=Auto(只重跑该列)
############################################################
### [1/3] 编译 spgemm_test(DBG=1) + spgemm_dense + cublas ###
  ✓ done
### [1b/3] 备份 HSMU /tmp CSV → /tmp/hsmu_backup_20260830_065801 ###
  ✓ 备份 0 个
### [2/3] 跑对比(compare_methods.py --out compare/ocean337/methods_cmp_v26_adaptexp.csv --dir ./data/ocean/square --refresh-col Auto)###
Refresh 仅 'Auto' 列 × 337 阵(DENSE_TIMEOUT=600s)→ compare/ocean337/methods_cmp_v26_adaptexp.csv

[1/337] 333SP          Auto=10.69      (9.5s)
[2/337] 3Dspectralwave Auto=30.932     (14.7s)
[3/337] 3Dspectralwave2 Auto=13.009     (9.3s)
[4/337] 3dtube         Auto=6.774      (5.8s)
[5/337] AS365          Auto=11.832     (10.3s)
[6/337] BenElechi1     Auto=9.555      (8.1s)
[7/337] Bump_2911      Auto=105.42     (45.8s)
[8/337] CO             Auto=18.713     (7.6s)
[9/337] Chevron4       Auto=4.345      (7.7s)
[10/337] CoupCons3D     Auto=17.596     (12.8s)
[11/337] Cube_Coup_dt0  Auto=111.856    (43.8s)
[12/337] CurlCurl_2     Auto=5.36       (7.2s)
[13/337] CurlCurl_3     Auto=8.022      (8.5s)
[14/337] CurlCurl_4     Auto=15.649     (11.8s)
[15/337] Dubcova3       Auto=2.952      (5.9s)
[16/337] Emilia_923     Auto=34.065     (13.0s)
[17/337] F1             Auto=84.223     (12.5s)
[18/337] F2             Auto=18.484     (6.6s)
[19/337] FEM_3D_thermal2 Auto=2.454      (6.4s)
[20/337] Fault_639      Auto=24.745     (10.8s)
[21/337] Flan_1565      Auto=205.802    (43.0s)
[22/337] Freescale1     Auto=8.954      (13.5s)
[23/337] Ga10As10H30    Auto=27.577     (6.9s)
[24/337] Ga19As19H42    Auto=46.128     (7.7s)
[25/337] Ga3As3H12      Auto=54.47      (6.8s)
[26/337] Ga41As41H72    Auto=102.8      (10.4s)
[27/337] GaAsH6         Auto=21.319     (6.1s)
[28/337] Ge87H76        Auto=39.168     (7.3s)
[29/337] Ge99H100       Auto=43.466     (7.4s)
[30/337] Geo_1438       Auto=52.23      (18.8s)
[31/337] H2O            Auto=5.179      (5.7s)
[32/337] HTC_336_4438   Auto=17.708     (5.7s)
[33/337] HTC_336_9129   Auto=17.334     (5.6s)
[34/337] Hook_1498      Auto=55.652     (32.0s)
[35/337] Long_Coup_dt6  Auto=88.429     (36.1s)
[36/337] M6             Auto=10.914     (9.7s)
[37/337] ML_Laplace     Auto=24.959     (15.0s)
[38/337] NLR            Auto=13.006     (10.6s)
[39/337] Reuters911     Auto=5.394      (5.3s)
[40/337] Serena         Auto=66.22      (31.9s)
[41/337] Si10H16        Auto=3.302      (5.3s)
[42/337] Si34H36        Auto=20.988     (6.5s)
[43/337] Si41Ge41H72    Auto=88.046     (9.3s)
[44/337] Si87H76        Auto=32.052     (8.0s)
[45/337] SiO            Auto=4.473      (5.4s)
[46/337] SiO2           Auto=238.205    (9.2s)
[47/337] Stanford_Berkeley Auto=325.41     (8.5s)
[48/337] StocF-1465     Auto=12.647     (10.2s)
[49/337] TSC_OPF_1047   Auto=5.55       (5.6s)
[50/337] TSC_OPF_300    Auto=5.712      (5.3s)
[51/337] TSOPF_FS_b300  Auto=71.744     (7.0s)
[52/337] TSOPF_FS_b300_c2 Auto=270.508    (23.9s)
[53/337] TSOPF_FS_b39_c7 Auto=25.296     (6.0s)
[54/337] TSOPF_FS_b9_c6 Auto=8.687      (5.3s)
[55/337] TSOPF_RS_b2052_c1 Auto=8.459      (7.6s)
[56/337] TSOPF_RS_b2383 Auto=29.932     (11.3s)
[57/337] TSOPF_RS_b2383_c1 Auto=29.942     (11.4s)
[58/337] TSOPF_RS_b678_c2 Auto=10.933     (8.5s)
[59/337] Zd_Jac2        Auto=4.24       (5.7s)
[60/337] Zd_Jac2_db     Auto=1.761      (5.3s)
[61/337] Zd_Jac3        Auto=5.955      (6.0s)
[62/337] Zd_Jac3_db     Auto=1.812      (5.3s)
[63/337] Zd_Jac6        Auto=4.789      (5.7s)
[64/337] Zd_Jac6_db     Auto=1.685      (5.3s)
[65/337] a0nsdsil       Auto=17.188     (5.7s)
[66/337] a2nnsnsl       Auto=18.88      (5.7s)
[67/337] a5esindl       Auto=11.616     (5.9s)
[68/337] af_0_k101      Auto=11.346     (9.1s)
[69/337] af_1_k101      Auto=11.36      (9.2s)
[70/337] af_2_k101      Auto=11.351     (9.0s)
[71/337] af_3_k101      Auto=11.342     (9.1s)
[72/337] af_4_k101      Auto=11.358     (9.1s)
[73/337] af_5_k101      Auto=11.387     (9.0s)
[74/337] af_shell1      Auto=10.672     (8.7s)
[75/337] af_shell10     Auto=30.946     (16.2s)
[76/337] af_shell2      Auto=10.649     (8.6s)
[77/337] af_shell3      Auto=10.672     (8.8s)
[78/337] af_shell4      Auto=10.666     (8.6s)
[79/337] af_shell5      Auto=10.686     (8.8s)
[80/337] af_shell6      Auto=10.711     (8.6s)
[81/337] af_shell7      Auto=10.651     (8.6s)
[82/337] af_shell8      Auto=10.647     (8.6s)
[83/337] af_shell9      Auto=10.69      (8.7s)
[84/337] appu           Auto=11.091     (6.2s)
[85/337] atmosmodd      Auto=4.166      (8.7s)
[86/337] atmosmodj      Auto=4.145      (8.8s)
[87/337] atmosmodl      Auto=4.349      (8.5s)
[88/337] atmosmodm      Auto=4.365      (8.4s)
[89/337] audikw_1       Auto=157.375    (38.6s)
[90/337] auto           Auto=4.734      (6.4s)
[91/337] av41092        Auto=6.598      (5.9s)
[92/337] bbmat          Auto=2.473      (5.9s)
[93/337] bcsstk30       Auto=2.678      (5.3s)
[94/337] bcsstk35       Auto=1.641      (5.3s)
[95/337] bcsstk36       Auto=1.513      (5.4s)
[96/337] bcsstk39       Auto=1.582      (5.3s)
[97/337] bloweya        Auto=7.622      (5.4s)
[98/337] bloweybl       Auto=5.692      (5.4s)
[99/337] bloweybq       Auto=11.546     (5.4s)
[100/337] bmw3_2         Auto=9.258      (7.4s)
[101/337] bmw7st_1       Auto=6.087      (6.8s)
[102/337] bmwcra_1       Auto=16.15      (7.5s)
[103/337] bone010        Auto=88.611     (31.7s)
[104/337] boneS01        Auto=6.049      (6.3s)
[105/337] boneS10        Auto=55.763     (16.0s)
[106/337] brainpc2       Auto=10.264     (5.7s)
[107/337] bundle1        Auto=6.227      (5.3s)
[108/337] c-43           Auto=2.566      (5.2s)
[109/337] c-45           Auto=4.125      (5.2s)
[110/337] c-53           Auto=5.62       (5.4s)
[111/337] c-57           Auto=17.042     (5.8s)
[112/337] c-58           Auto=8.048      (5.3s)
[113/337] c-62           Auto=8.111      (5.4s)
[114/337] c-62ghs        Auto=7.844      (5.4s)
[115/337] c-64           Auto=20.517     (5.7s)
[116/337] c-64b          Auto=20.611     (5.8s)
[117/337] c-66           Auto=7.244      (5.4s)
[118/337] c-66b          Auto=7.832      (5.3s)
[119/337] c-67           Auto=8.349      (5.4s)
[120/337] c-67b          Auto=8.438      (5.3s)
[121/337] c-71           Auto=14.156     (5.4s)
[122/337] c-73           Auto=75.308     (23.4s)
[123/337] c-73b          Auto=76.595     (23.6s)
[124/337] c-big          Auto=424.62     (22.1s)
[125/337] cage13         Auto=8.326      (8.4s)
[126/337] cage14         Auto=40.005     (17.0s)
[127/337] cage15         Auto=165.731    (64.5s)
[128/337] cant           Auto=4.436      (5.8s)
[129/337] case39         Auto=50.476     (20.0s)
[130/337] case9          Auto=8.675      (5.4s)
[131/337] cfd2           Auto=2.647      (5.7s)
[132/337] circuit_4      Auto=16.442     (5.5s)
[133/337] cnr-2000       Auto=8.425      (5.7s)
[134/337] conf5_4-8x8-05 Auto=2.121      (6.1s)
[135/337] conf5_4-8x8-10 Auto=2.128      (6.0s)
[136/337] conf5_4-8x8-15 Auto=2.12       (6.1s)
[137/337] conf5_4-8x8-20 Auto=2.127      (6.1s)
[138/337] conf6_0-8x8-20 Auto=2.139      (6.1s)
[139/337] conf6_0-8x8-30 Auto=2.122      (6.1s)
[140/337] conf6_0-8x8-80 Auto=2.121      (6.2s)
[141/337] consph         Auto=7.917      (6.2s)
[142/337] cop20k_A       Auto=2.962      (5.6s)
[143/337] crankseg_1     Auto=38.626     (7.6s)
[144/337] crankseg_2     Auto=58.391     (8.3s)
[145/337] crplat2        Auto=1.054      (5.1s)
[146/337] crystk02       Auto=1.629      (5.3s)
[147/337] crystk03       Auto=2.394      (5.5s)
[148/337] ct20stif       Auto=2.505      (5.5s)
[149/337] delaunay_n21   Auto=6.285      (7.3s)
[150/337] delaunay_n22   Auto=12.142     (9.2s)
[151/337] delaunay_n23   Auto=23.929     (13.1s)
[152/337] delaunay_n24   Auto=47.714     (35.0s)
[153/337] dielFilterV2clx Auto=33.85      (12.2s)
[154/337] dielFilterV2real Auto=80.869     (30.7s)
[155/337] dielFilterV3clx Auto=149.524    (15.1s)
[156/337] dielFilterV3real Auto=273.031    (42.3s)
[157/337] email-Enron    Auto=5.017      (5.2s)
[158/337] eu-2005        Auto=65.776     (9.9s)
[159/337] ex11           Auto=1.626      (5.4s)
[160/337] exdata_1       Auto=14.218     (5.6s)
[161/337] fcondp2        Auto=8.512      (6.4s)
[162/337] fem_filter     Auto=4.205      (6.0s)
[163/337] fem_hifreq_circuit Auto=24.743     (14.3s)
[164/337] filter3D       Auto=3.267      (5.9s)
[165/337] fp             Auto=3.157      (5.3s)
[166/337] fullb          Auto=9.886      (6.5s)
[167/337] gearbox        Auto=8.722      (6.2s)
[168/337] germany_osm    Auto=13.669     (10.1s)
[169/337] gsm_106857     Auto=27.379     (11.2s)
[170/337] gupta1         Auto=38.755     (19.7s)
[171/337] gupta2         Auto=97.193     (20.9s)
[172/337] gupta3         Auto=148.297    (7.6s)
[173/337] gyro           Auto=1.764      (5.3s)
[174/337] gyro_k         Auto=1.75       (5.3s)
[175/337] halfb          Auto=9.497      (6.4s)
[176/337] hangGlider_3   Auto=10.059     (5.4s)
[177/337] hangGlider_4   Auto=6.804      (5.6s)
[178/337] hangGlider_5   Auto=7.06       (5.6s)
[179/337] hood           Auto=8.092      (7.5s)
[180/337] hugebubbles-00000 Auto=28.838     (18.4s)
[181/337] hugebubbles-00010 Auto=36.931     (18.9s)
[182/337] hugebubbles-00020 Auto=39.798     (20.8s)
[183/337] hugetrace-00010 Auto=19.709     (12.8s)
[184/337] hugetrace-00020 Auto=27.523     (15.6s)
[185/337] hugetric-00010 Auto=12.097     (9.5s)
[186/337] hugetric-00020 Auto=13.072     (10.0s)
[187/337] iChem_Jacobian Auto=2.698      (6.9s)
[188/337] in-2004        Auto=90.029     (9.0s)
[189/337] inline_1       Auto=130.764    (15.0s)
[190/337] invextr1_new   Auto=3.274      (5.9s)
[191/337] kim2           Auto=6.141      (10.4s)
[192/337] kkt_power      Auto=15.14      (9.3s)
[193/337] laminar_duct3D Auto=4.928      (6.5s)
[194/337] largebasis     Auto=3.534      (7.2s)
[195/337] ldoor          Auto=34.129     (15.4s)
[196/337] li             Auto=2.61       (5.5s)
[197/337] lowThrust_10   Auto=5.118      (5.4s)
[198/337] lowThrust_11   Auto=5.181      (5.3s)
[199/337] lowThrust_12   Auto=5.278      (5.3s)
[200/337] lowThrust_13   Auto=5.306      (5.4s)
[201/337] lowThrust_4    Auto=7.036      (5.3s)
[202/337] lowThrust_5    Auto=4.302      (5.3s)
[203/337] lowThrust_6    Auto=4.631      (5.2s)
[204/337] lowThrust_7    Auto=4.705      (5.2s)
[205/337] lowThrust_8    Auto=4.927      (5.2s)
[206/337] lowThrust_9    Auto=5.098      (5.3s)
[207/337] m14b           Auto=2.386      (5.7s)
[208/337] m_t1           Auto=12.826     (7.2s)
[209/337] mixtank_new    Auto=3.878      (5.8s)
[210/337] mono_500Hz     Auto=7.082      (8.4s)
[211/337] mouse_gene     Auto=588.613    (29.4s)
[212/337] msc10848       Auto=2.395      (5.3s)
[213/337] msc23052       Auto=1.538      (5.3s)
[214/337] msdoor         Auto=15.05      (9.4s)
[215/337] mult_dcop_01   Auto=18.025     (19.7s)
[216/337] mult_dcop_02   Auto=17.877     (19.8s)
[217/337] mult_dcop_03   Auto=18.076     (20.0s)
[218/337] nasasrb        Auto=2.797      (5.8s)
[219/337] nd12k          Auto=80.206     (8.4s)
[220/337] nd24k          Auto=150.2      (11.8s)
[221/337] nd3k           Auto=11.612     (5.9s)
[222/337] nd6k           Auto=28.114     (6.8s)
[223/337] nemeth01       Auto=0.59       (5.3s)
[224/337] nemeth18       Auto=0.545      (5.4s)
[225/337] nemeth19       Auto=0.658      (5.2s)
[226/337] nemeth20       Auto=1.057      (5.2s)
[227/337] nemeth21       Auto=1.865      (5.3s)
[228/337] nemeth22       Auto=1.977      (5.3s)
[229/337] nemeth23       Auto=2.32       (5.4s)
[230/337] nemeth24       Auto=2.33       (5.3s)
[231/337] nemeth25       Auto=2.347      (5.3s)
[232/337] nemeth26       Auto=2.353      (5.4s)
[233/337] net100         Auto=9.229      (5.8s)
[234/337] net125         Auto=13.043     (5.9s)
[235/337] net150         Auto=17.997     (6.1s)
[236/337] net50          Auto=4.474      (5.6s)
[237/337] net75          Auto=6.346      (5.4s)
[238/337] nlpkkt120      Auto=70.242     (35.5s)
[239/337] nlpkkt80       Auto=29.179     (10.3s)
[240/337] ns3Da          Auto=5.18       (5.8s)
[241/337] offshore       Auto=3.298      (6.0s)
[242/337] ohne2          Auto=19.358     (8.6s)
[243/337] oilpan         Auto=3.058      (5.6s)
[244/337] olafu          Auto=1.137      (5.2s)
[245/337] opt1           Auto=3.638      (5.3s)
[246/337] para-10        Auto=21.279     (7.0s)
[247/337] para-4         Auto=15.021     (7.1s)
[248/337] para-5         Auto=21.259     (6.9s)
[249/337] para-6         Auto=21.261     (7.0s)
[250/337] para-7         Auto=21.306     (7.0s)
[251/337] para-8         Auto=21.354     (6.9s)
[252/337] para-9         Auto=21.351     (6.9s)
[253/337] patents        Auto=10.162     (11.0s)
[254/337] pattern1       Auto=70.464     (7.0s)
[255/337] pcrystk02      Auto=1.644      (5.1s)
[256/337] pcrystk03      Auto=2.368      (5.3s)
[257/337] pct20stif      Auto=2.509      (5.3s)
[258/337] pdb1HYS        Auto=7.236      (6.0s)
[259/337] pf2177         Auto=4.611      (5.2s)
[260/337] pkustk01       Auto=1.096      (5.1s)
[261/337] pkustk02       Auto=1.055      (5.2s)
[262/337] pkustk03       Auto=2.972      (5.4s)
[263/337] pkustk04       Auto=22.547     (6.0s)
[264/337] pkustk05       Auto=2.571      (5.5s)
[265/337] pkustk06       Auto=2.952      (5.4s)
[266/337] pkustk07       Auto=5.72       (5.4s)
[267/337] pkustk08       Auto=7.718      (5.5s)
[268/337] pkustk09       Auto=1.405      (5.4s)
[269/337] pkustk10       Auto=3.921      (5.7s)
[270/337] pkustk11       Auto=5.913      (5.6s)
[271/337] pkustk12       Auto=64.3       (20.6s)
[272/337] pkustk13       Auto=12.594     (6.0s)
[273/337] pkustk14       Auto=25.791     (7.0s)
[274/337] pli            Auto=2.641      (5.5s)
[275/337] poisson3Db     Auto=3.907      (6.3s)
[276/337] pre2           Auto=46.248     (21.5s)
[277/337] pwtk           Auto=7.945      (7.3s)
[278/337] raefsky3       Auto=1.115      (5.6s)
[279/337] raefsky4       Auto=1.974      (5.5s)
[280/337] rajat16        Auto=49.443     (21.2s)
[281/337] rajat17        Auto=41.714     (21.1s)
[282/337] rajat18        Auto=43.581     (21.0s)
[283/337] rajat20        Auto=41.7       (21.2s)
[284/337] rajat25        Auto=40.882     (20.9s)
[285/337] rajat28        Auto=57.241     (20.9s)
[286/337] rajat31        Auto=10.519     (13.1s)
[287/337] ramage02       Auto=5.977      (5.3s)
[288/337] rgg_n_2_19_s0  Auto=4.474      (5.8s)
[289/337] rgg_n_2_20_s0  Auto=9.277      (6.8s)
[290/337] rgg_n_2_21_s0  Auto=18.489     (8.7s)
[291/337] rgg_n_2_22_s0  Auto=37.583     (13.2s)
[292/337] rma10          Auto=2.314      (5.8s)
[293/337] road_central   Auto=26.422     (14.7s)
[294/337] road_usa       Auto=38.195     (19.4s)
[295/337] s3dkq4m2       Auto=3.732      (6.1s)
[296/337] s3dkt3m2       Auto=2.503      (5.9s)
[297/337] ship_001       Auto=9.321      (6.1s)
[298/337] ship_003       Auto=8.521      (6.6s)
[299/337] shipsec1       Auto=5.892      (6.4s)
[300/337] shipsec5       Auto=7.92       (6.8s)
[301/337] shipsec8       Auto=5.638      (6.3s)
[302/337] sinc18         Auto=3.574      (5.5s)
[303/337] sme3Da         Auto=1.986      (5.5s)
[304/337] sme3Db         Auto=6.03       (5.9s)
[305/337] sme3Dc         Auto=9.323      (6.4s)
[306/337] soc-Slashdot0811 Auto=13.06      (5.5s)
[307/337] soc-Slashdot0902 Auto=14.614     (5.6s)
[308/337] sparsine       Auto=3.572      (5.6s)
[309/337] srb1           Auto=2.657      (5.4s)
[310/337] std1_Jac2      Auto=3.532      (5.5s)
[311/337] std1_Jac3      Auto=4.423      (5.6s)
[312/337] std1_Jac3_db   Auto=1.487      (5.3s)
[313/337] t3dh           Auto=6.107      (6.0s)
[314/337] t3dh_a         Auto=6.101      (6.1s)
[315/337] t3dh_e         Auto=6.104      (6.1s)
[316/337] thermal2       Auto=3.974      (7.2s)
[317/337] thread         Auto=9.753      (6.0s)
[318/337] torso1         Auto=192.439    (9.1s)
[319/337] torso3         Auto=3.071      (6.7s)
[320/337] trdheim        Auto=2.352      (5.2s)
[321/337] troll          Auto=10.57      (6.3s)
[322/337] tsyl201        Auto=3.57       (5.6s)
[323/337] vanbody        Auto=2.288      (5.7s)
[324/337] vsp_bcsstk30_500sep_10in_1Kout Auto=6.435      (5.6s)
[325/337] vsp_befref_fxm_2_4_air02 Auto=5.231      (5.3s)
[326/337] vsp_model1_crew1_cr42_south31 Auto=19.76      (19.3s)
[327/337] vsp_msc10848_300sep_100in_1Kout Auto=6.821      (5.4s)
[328/337] vsp_south31_slptsk Auto=17.73      (19.5s)
[329/337] water_tank     Auto=2.069      (5.9s)
[330/337] wb-edu         Auto=249.866    (32.4s)
[331/337] web-BerkStan   Auto=15.242     (6.7s)
[332/337] web-Google     Auto=7.414      (7.0s)
[333/337] web-NotreDame  Auto=8.254      (5.3s)
[334/337] webbase-1M     Auto=32.808     (6.4s)
[335/337] windscreen     Auto=2.084      (5.6s)
[336/337] x104           Auto=13.535     (7.3s)
[337/337] xenon2         Auto=2.555      (6.4s)

=== 几何均值(ms) ===
  cu          31.581
  Auto        10.082
  Ocean        6.978
  opSparse    17.433
  HSMU        14.426
  bhSparse    40.528
  dense     2477.293
  cublas     634.532

=== Auto 选择(共 337 阵)===  hash 337 / merge3 0

=== Auto vs cuSPARSE:赢 249 / 输 22,几何均值(Auto/cuSPARSE) 0.210× ===
  name                   n       C_nnz  cuSPARSE      Auto    ratio
  Stanford_Berkeley  683446    78130972    45.694   325.410    7.12×
  webbase-1M       1000005    51111996     9.512    32.808    3.45×
  hugetric-00020   7122792    44609736     5.449    13.072    2.40×
  hugetric-00010   6592765    41276239     5.104    12.097    2.37×
  c-big             345241   447991461   242.664   424.620    1.75×
  TSOPF_RS_b2383     38120    74318317    19.261    29.932    1.55×
  TSOPF_RS_b2383_c1   38120    74318317    19.273    29.942    1.55×
  Chevron4          711450    17706328     3.089     4.345    1.41×
  Freescale1       3428755    45276331     6.943     8.954    1.29×
  M6               3501776    68984930     8.464    10.914    1.29×
  NLR              4163763    82016497    10.102    13.006    1.29×
  AS365            3799275    74616587     9.225    11.832    1.28×
  c-71               76638    52538716    11.109    14.156    1.27×
  333SP            3712815    71961733     8.466    10.690    1.26×
  delaunay_n22     4194304    86836968     9.811    12.142    1.24×
  ... 另有 7 个

=== Auto vs Ocean:赢 34 / 输 302,几何均值(Auto/Ocean) 1.431× ===
  name                   n       C_nnz     Ocean      Auto    ratio
  c-big             345241   447991461    59.956   424.620    7.08×
  dielFilterV3clx   420408   247299354    43.882   149.524    3.41×
  road_usa        23947347   119546805    11.921    38.195    3.20×
  pre2              659033   323445872    15.166    46.248    3.05×
  road_central    14081816    69990710     8.864    26.422    2.98×
  TSOPF_RS_b2383_c1   38120    74318317    10.189    29.942    2.94×
  TSOPF_RS_b2383     38120    74318317    10.191    29.932    2.94×
  bloweybq           10001   100020001     3.954    11.546    2.92×
  in-2004          1382908   213255458    32.095    90.029    2.81×
  inline_1          503712   253084638    47.848   130.764    2.73×
  Stanford_Berkeley  683446    78130972   119.775   325.410    2.72×
  hugetrace-00010 12057441    74977771     7.317    19.709    2.69×
  hugetrace-00020 16002413    99652167    10.242    27.523    2.69×
  hugetric-00010   6592765    41276239     4.505    12.097    2.69×
  hugetric-00020   7122792    44609736     4.899    13.072    2.67×
  ... 另有 287 个

=== Auto vs opSparse:赢 243 / 输 75,几何均值(Auto/opSparse) 0.522× ===
  name                   n       C_nnz  opSparse      Auto    ratio
  road_central    14081816    69990710     8.652    26.422    3.05×
  hugetrace-00020 16002413    99652167     9.142    27.523    3.01×
  hugebubbles-0002021198119   132690161    13.552    39.798    2.94×
  hugebubbles-0000018318143   113009849     9.906    28.838    2.91×
  hugebubbles-0001019458087   121526577    12.750    36.931    2.90×
  wb-edu           9845725   630077764    91.272   249.866    2.74×
  hugetrace-00010 12057441    74977771     7.248    19.709    2.72×
  hugetric-00010   6592765    41276239     4.596    12.097    2.63×
  hugetric-00020   7122792    44609736     4.993    13.072    2.62×
  germany_osm     11548845    42720261     5.755    13.669    2.38×
  webbase-1M       1000005    51111996    14.038    32.808    2.34×
  rajat31          4690002    53118754     5.112    10.519    2.06×
  dielFilterV3clx   420408   247299354    73.311   149.524    2.04×
  inline_1          503712   253084638    69.079   130.764    1.89×
  web-Google        916428    29710164     4.024     7.414    1.84×
  ... 另有 60 个

=== Auto vs HSMU:赢 311 / 输 26,几何均值(Auto/HSMU) 0.699× ===
  name                   n       C_nnz      HSMU      Auto    ratio
  c-big             345241   447991461    67.461   424.620    6.29×
  dielFilterV3clx   420408   247299354    74.297   149.524    2.01×
  inline_1          503712   253084638    72.640   130.764    1.80×
  Stanford_Berkeley  683446    78130972   203.790   325.410    1.60×
  lowThrust_4        13562    28327028     4.730     7.036    1.49×
  bloweybq           10001   100020001     7.842    11.546    1.47×
  F2                 71505    39648121    12.721    18.484    1.45×
  Flan_1565        1564794   509685948   146.444   205.802    1.41×
  dielFilterV3real 1102824   688649400   206.522   273.031    1.32×
  F1                343791   224484403    66.621    84.223    1.26×
  dielFilterV2real 1157456   325027200    65.576    80.869    1.23×
  cage15           5154859   929023247   136.596   165.731    1.21×
  hangGlider_3       10260    83182632     8.499    10.059    1.18×
  nlpkkt80         1062400   154663144    24.760    29.179    1.18×
  cage14           1505785   236999813    35.306    40.005    1.13×
  ... 另有 11 个

=== Auto vs bhSparse:赢 317 / 输 0,几何均值(Auto/bhSparse) 0.222× ===
  name                   n       C_nnz  bhSparse      Auto    ratio

=== Auto vs dense:赢 138 / 输 0,几何均值(Auto/dense) 0.002× ===
  name                   n       C_nnz     dense      Auto    ratio

=== Auto vs cuBLAS:赢 138 / 输 0,几何均值(Auto/cuBLAS) 0.008× ===
  name                   n       C_nnz    cuBLAS      Auto    ratio
  ✓ CSV: compare/ocean337/methods_cmp_v26_adaptexp.csv (337 阵)
### [3/3] 报告 + 柱状图 ###
  ✓ compare/ocean337/methods_cmp_v26_adaptexp_report.txt
  ✗ 画图失败

############################################################
#  完成!稳定产物(HSMU /tmp CSV 由 EXIT trap 已恢复):
#    compare/ocean337/methods_cmp_v26_adaptexp.csv          (6 法 timing,resume)
#    compare/ocean337/methods_cmp_v26_adaptexp_report.txt       (Auto vs 各基线 输赢)
#    compare/ocean337/methods_cmp_v26_adaptexp_bar.png          (按密度类别柱状图)
############################################################

================ Auto vs 各基线 输赢 ====================
Auto vs cuSPARSE:赢 249 / 输 22,几何均值(Auto/cuSPARSE) 0.210×
----------------------------------------------------------------------------------------------------
name                   n       C_nnz    cuSPARSE        Auto    ratio
Stanford_Berkeley  683446    78130972      45.694     325.410    7.12×
webbase-1M       1000005    51111996       9.512      32.808    3.45×
hugetric-00020   7122792    44609736       5.449      13.072    2.40×
hugetric-00010   6592765    41276239       5.104      12.097    2.37×
c-big             345241   447991461     242.664     424.620    1.75×
TSOPF_RS_b2383     38120    74318317      19.261      29.932    1.55×
TSOPF_RS_b2383_c1   38120    74318317      19.273      29.942    1.55×
Chevron4          711450    17706328       3.089       4.345    1.41×
Freescale1       3428755    45276331       6.943       8.954    1.29×
M6               3501776    68984930       8.464      10.914    1.29×
NLR              4163763    82016497      10.102      13.006    1.29×
AS365            3799275    74616587       9.225      11.832    1.28×
c-71               76638    52538716      11.109      14.156    1.27×
333SP            3712815    71961733       8.466      10.690    1.26×
delaunay_n22     4194304    86836968       9.811      12.142    1.24×
delaunay_n23     8388608   173665202      19.678      23.929    1.22×
delaunay_n21     2097152    43417524       5.251       6.285    1.20×
TSOPF_RS_b678_c2   35696    40139105       9.924      10.933    1.10×
circuit_4          80209    87091024      14.965      16.442    1.10×
atmosmodd        1270432    31215208       3.899       4.166    1.07×
  ... 另有 2 个

====================================================================================================
Auto vs Ocean:赢 34 / 输 302,几何均值(Auto/Ocean) 1.431×
----------------------------------------------------------------------------------------------------
name                   n       C_nnz       Ocean        Auto    ratio
c-big             345241   447991461      59.956     424.620    7.08×
dielFilterV3clx   420408   247299354      43.882     149.524    3.41×
road_usa        23947347   119546805      11.921      38.195    3.20×
pre2              659033   323445872      15.166      46.248    3.05×
road_central    14081816    69990710       8.864      26.422    2.98×
TSOPF_RS_b2383_c1   38120    74318317      10.189      29.942    2.94×
TSOPF_RS_b2383     38120    74318317      10.191      29.932    2.94×
bloweybq           10001   100020001       3.954      11.546    2.92×
in-2004          1382908   213255458      32.095      90.029    2.81×
inline_1          503712   253084638      47.848     130.764    2.73×
Stanford_Berkeley  683446    78130972     119.775     325.410    2.72×
hugetrace-00010 12057441    74977771       7.317      19.709    2.69×
hugetrace-00020 16002413    99652167      10.242      27.523    2.69×
hugetric-00010   6592765    41276239       4.505      12.097    2.69×
hugetric-00020   7122792    44609736       4.899      13.072    2.67×
lowThrust_4        13562    28327028       2.691       7.036    2.61×
hugebubbles-0000018318143   113009849      11.068      28.838    2.61×
hugebubbles-0002021198119   132690161      15.538      39.798    2.56×
germany_osm     11548845    42720261       5.337      13.669    2.56×
hugebubbles-0001019458087   121526577      14.482      36.931    2.55×
  ... 另有 282 个

====================================================================================================
Auto vs opSparse:赢 243 / 输 75,几何均值(Auto/opSparse) 0.522×
----------------------------------------------------------------------------------------------------
name                   n       C_nnz    opSparse        Auto    ratio
road_central    14081816    69990710       8.652      26.422    3.05×
hugetrace-00020 16002413    99652167       9.142      27.523    3.01×
hugebubbles-0002021198119   132690161      13.552      39.798    2.94×
hugebubbles-0000018318143   113009849       9.906      28.838    2.91×
hugebubbles-0001019458087   121526577      12.750      36.931    2.90×
wb-edu           9845725   630077764      91.272     249.866    2.74×
hugetrace-00010 12057441    74977771       7.248      19.709    2.72×
hugetric-00010   6592765    41276239       4.596      12.097    2.63×
hugetric-00020   7122792    44609736       4.993      13.072    2.62×
germany_osm     11548845    42720261       5.755      13.669    2.38×
webbase-1M       1000005    51111996      14.038      32.808    2.34×
rajat31          4690002    53118754       5.112      10.519    2.06×
dielFilterV3clx   420408   247299354      73.311     149.524    2.04×
inline_1          503712   253084638      69.079     130.764    1.89×
web-Google        916428    29710164       4.024       7.414    1.84×
cage15           5154859   929023247      96.434     165.731    1.72×
nlpkkt80         1062400   154663144      17.782      29.179    1.64×
web-BerkStan      685230    78350597       9.319      15.242    1.64×
cage14           1505785   236999813      25.605      40.005    1.56×
F2                 71505    39648121      11.945      18.484    1.55×
  ... 另有 55 个

====================================================================================================
Auto vs HSMU:赢 311 / 输 26,几何均值(Auto/HSMU) 0.699×
----------------------------------------------------------------------------------------------------
name                   n       C_nnz        HSMU        Auto    ratio
c-big             345241   447991461      67.461     424.620    6.29×
dielFilterV3clx   420408   247299354      74.297     149.524    2.01×
inline_1          503712   253084638      72.640     130.764    1.80×
Stanford_Berkeley  683446    78130972     203.790     325.410    1.60×
lowThrust_4        13562    28327028       4.730       7.036    1.49×
bloweybq           10001   100020001       7.842      11.546    1.47×
F2                 71505    39648121      12.721      18.484    1.45×
Flan_1565        1564794   509685948     146.444     205.802    1.41×
dielFilterV3real 1102824   688649400     206.522     273.031    1.32×
F1                343791   224484403      66.621      84.223    1.26×
dielFilterV2real 1157456   325027200      65.576      80.869    1.23×
cage15           5154859   929023247     136.596     165.731    1.21×
hangGlider_3       10260    83182632       8.499      10.059    1.18×
nlpkkt80         1062400   154663144      24.760      29.179    1.18×
cage14           1505785   236999813      35.306      40.005    1.13×
wb-edu           9845725   630077764     222.495     249.866    1.12×
case9              14454    52372050       7.843       8.675    1.11×
CO                221119   100124359      16.950      18.713    1.10×
hugebubbles-0001019458087   121526577      34.062      36.931    1.08×
TSOPF_FS_b9_c6     14454    52372050       8.046       8.687    1.08×
  ... 另有 6 个

====================================================================================================
Auto vs dense:赢 138 / 输 0,几何均值(Auto/dense) 0.002×
----------------------------------------------------------------------------------------------------
name                   n       C_nnz       dense        Auto    ratio

====================================================================================================
Auto vs cuBLAS:赢 138 / 输 0,几何均值(Auto/cuBLAS) 0.008×
----------------------------------------------------------------------------------------------------
name                   n       C_nnz      cuBLAS        Auto    ratio
