############################################################
#  SpGEMM 6 法对比  →  compare/ocean337/methods_cmp_v24_dcfuse.csv(稳定,resume)
#  cuSPARSE / Auto(ours) / Ocean / opSparse / HSMU / dense
#  模式:REFRESH=Auto(只重跑该列)
############################################################
### [1/3] 编译 spgemm_test(DBG=1) + spgemm_dense + cublas ###
  ✓ done
### [1b/3] 备份 HSMU /tmp CSV → /tmp/hsmu_backup_20260830_034210 ###
  ✓ 备份 0 个
### [2/3] 跑对比(compare_methods.py --out compare/ocean337/methods_cmp_v24_dcfuse.csv --dir ./data/ocean/square --refresh-col Auto)###
Refresh 仅 'Auto' 列 × 337 阵(DENSE_TIMEOUT=600s)→ compare/ocean337/methods_cmp_v24_dcfuse.csv

[1/337] 333SP          Auto=10.714     (10.3s)
[2/337] 3Dspectralwave Auto=31.37      (14.6s)
[3/337] 3Dspectralwave2 Auto=13.267     (9.1s)
[4/337] 3dtube         Auto=6.762      (5.5s)
[5/337] AS365          Auto=11.829     (11.1s)
[6/337] BenElechi1     Auto=9.556      (7.9s)
[7/337] Bump_2911      Auto=108.015    (44.4s)
[8/337] CO             Auto=18.244     (7.2s)
[9/337] Chevron4       Auto=4.477      (7.8s)
[10/337] CoupCons3D     Auto=19.23      (13.0s)
[11/337] Cube_Coup_dt0  Auto=355.081    (45.1s)
[12/337] CurlCurl_2     Auto=6.84       (7.3s)
[13/337] CurlCurl_3     Auto=9.945      (8.5s)
[14/337] CurlCurl_4     Auto=18.772     (11.8s)
[15/337] Dubcova3       Auto=4.207      (6.1s)
[16/337] Emilia_923     Auto=36.222     (13.1s)
[17/337] F1             Auto=69.388     (12.2s)
[18/337] F2             Auto=14.584     (6.4s)
[19/337] FEM_3D_thermal2 Auto=2.492      (6.3s)
[20/337] Fault_639      Auto=25.466     (11.0s)
[21/337] Flan_1565      Auto=142.5      (43.3s)
[22/337] Freescale1     Auto=9.027      (13.7s)
[23/337] Ga10As10H30    Auto=26.76      (6.7s)
[24/337] Ga19As19H42    Auto=46.374     (7.6s)
[25/337] Ga3As3H12      Auto=54.496     (7.0s)
[26/337] Ga41As41H72    Auto=103.006    (10.5s)
[27/337] GaAsH6         Auto=21.679     (6.0s)
[28/337] Ge87H76        Auto=40.763     (7.4s)
[29/337] Ge99H100       Auto=44.798     (7.4s)
[30/337] Geo_1438       Auto=54.938     (18.7s)
[31/337] H2O            Auto=5.145      (5.6s)
[32/337] HTC_336_4438   Auto=20.145     (5.6s)
[33/337] HTC_336_9129   Auto=20.32      (5.8s)
[34/337] Hook_1498      Auto=59.506     (32.1s)
[35/337] Long_Coup_dt6  Auto=99.973     (36.2s)
[36/337] M6             Auto=10.93      (9.7s)
[37/337] ML_Laplace     Auto=38.984     (15.3s)
[38/337] NLR            Auto=13.016     (10.5s)
[39/337] Reuters911     Auto=5.498      (5.2s)
[40/337] Serena         Auto=64.709     (31.9s)
[41/337] Si10H16        Auto=3.437      (5.3s)
[42/337] Si34H36        Auto=22.374     (6.4s)
[43/337] Si41Ge41H72    Auto=89.235     (9.4s)
[44/337] Si87H76        Auto=30.11      (8.0s)
[45/337] SiO            Auto=4.495      (5.4s)
[46/337] SiO2           Auto=234.209    (9.3s)
[47/337] Stanford_Berkeley Auto=329.352    (8.5s)
[48/337] StocF-1465     Auto=17.6       (10.1s)
[49/337] TSC_OPF_1047   Auto=5.858      (5.5s)
[50/337] TSC_OPF_300    Auto=5.708      (5.4s)
[51/337] TSOPF_FS_b300  Auto=71.869     (6.9s)
[52/337] TSOPF_FS_b300_c2 Auto=272.175    (23.7s)
[53/337] TSOPF_FS_b39_c7 Auto=25.246     (5.9s)
[54/337] TSOPF_FS_b9_c6 Auto=9.073      (5.3s)
[55/337] TSOPF_RS_b2052_c1 Auto=8.683      (7.6s)
[56/337] TSOPF_RS_b2383 Auto=30.011     (11.3s)
[57/337] TSOPF_RS_b2383_c1 Auto=29.975     (11.4s)
[58/337] TSOPF_RS_b678_c2 Auto=8.864      (8.3s)
[59/337] Zd_Jac2        Auto=5.643      (5.7s)
[60/337] Zd_Jac2_db     Auto=1.984      (5.4s)
[61/337] Zd_Jac3        Auto=6.758      (6.0s)
[62/337] Zd_Jac3_db     Auto=1.942      (5.3s)
[63/337] Zd_Jac6        Auto=5.909      (5.8s)
[64/337] Zd_Jac6_db     Auto=1.808      (5.5s)
[65/337] a0nsdsil       Auto=18.033     (5.7s)
[66/337] a2nnsnsl       Auto=19.209     (5.7s)
[67/337] a5esindl       Auto=11.803     (5.8s)
[68/337] af_0_k101      Auto=11.358     (9.0s)
[69/337] af_1_k101      Auto=11.328     (9.0s)
[70/337] af_2_k101      Auto=11.344     (9.0s)
[71/337] af_3_k101      Auto=11.298     (9.0s)
[72/337] af_4_k101      Auto=11.346     (9.0s)
[73/337] af_5_k101      Auto=11.344     (9.0s)
[74/337] af_shell1      Auto=10.854     (8.6s)
[75/337] af_shell10     Auto=28.974     (16.0s)
[76/337] af_shell2      Auto=10.851     (8.6s)
[77/337] af_shell3      Auto=10.902     (8.6s)
[78/337] af_shell4      Auto=10.848     (8.7s)
[79/337] af_shell5      Auto=10.86      (8.6s)
[80/337] af_shell6      Auto=10.878     (8.6s)
[81/337] af_shell7      Auto=10.861     (8.7s)
[82/337] af_shell8      Auto=10.856     (8.7s)
[83/337] af_shell9      Auto=10.87      (8.8s)
[84/337] appu           Auto=11.045     (6.2s)
[85/337] atmosmodd      Auto=4.147      (8.6s)
[86/337] atmosmodj      Auto=4.149      (8.5s)
[87/337] atmosmodl      Auto=4.354      (8.3s)
[88/337] atmosmodm      Auto=4.369      (8.4s)
[89/337] audikw_1       Auto=166.556    (38.4s)
[90/337] auto           Auto=5.543      (6.6s)
[91/337] av41092        Auto=6.595      (6.0s)
[92/337] bbmat          Auto=3.26       (5.7s)
[93/337] bcsstk30       Auto=3.211      (5.3s)
[94/337] bcsstk35       Auto=1.631      (5.3s)
[95/337] bcsstk36       Auto=1.521      (5.3s)
[96/337] bcsstk39       Auto=2.043      (5.5s)
[97/337] bloweya        Auto=7.43       (5.5s)
[98/337] bloweybl       Auto=6.094      (5.5s)
[99/337] bloweybq       Auto=11.562     (5.4s)
[100/337] bmw3_2         Auto=9.795      (7.3s)
[101/337] bmw7st_1       Auto=6.639      (6.9s)
[102/337] bmwcra_1       Auto=13.894     (7.5s)
[103/337] bone010        Auto=80.782     (31.5s)
[104/337] boneS01        Auto=6.986      (6.5s)
[105/337] boneS10        Auto=56.096     (15.7s)
[106/337] brainpc2       Auto=10.241     (5.8s)
[107/337] bundle1        Auto=6.231      (5.3s)
[108/337] c-43           Auto=2.907      (5.2s)
[109/337] c-45           Auto=4.299      (5.2s)
[110/337] c-53           Auto=6.096      (5.4s)
[111/337] c-57           Auto=17.069     (5.8s)
[112/337] c-58           Auto=8.393      (5.4s)
[113/337] c-62           Auto=8.503      (5.4s)
[114/337] c-62ghs        Auto=7.428      (5.4s)
[115/337] c-64           Auto=21.488     (5.8s)
[116/337] c-64b          Auto=21.442     (5.7s)
[117/337] c-66           Auto=8.517      (5.4s)
[118/337] c-66b          Auto=8.231      (5.3s)
[119/337] c-67           Auto=9.482      (5.4s)
[120/337] c-67b          Auto=8.681      (5.4s)
[121/337] c-71           Auto=14.986     (5.5s)
[122/337] c-73           Auto=78.483     (23.6s)
[123/337] c-73b          Auto=77.626     (23.4s)
[124/337] c-big          Auto=301.005    (22.2s)
[125/337] cage13         Auto=9.565      (8.3s)
[126/337] cage14         Auto=37.578     (17.5s)
[127/337] cage15         Auto=149.247    (64.3s)
[128/337] cant           Auto=4.456      (5.9s)
[129/337] case39         Auto=50.564     (19.6s)
[130/337] case9          Auto=9.147      (5.3s)
[131/337] cfd2           Auto=2.705      (5.8s)
[132/337] circuit_4      Auto=18.048     (5.9s)
[133/337] cnr-2000       Auto=9.673      (5.9s)
[134/337] conf5_4-8x8-05 Auto=2.142      (6.0s)
[135/337] conf5_4-8x8-10 Auto=2.134      (6.1s)
[136/337] conf5_4-8x8-15 Auto=2.13       (6.0s)
[137/337] conf5_4-8x8-20 Auto=2.137      (6.0s)
[138/337] conf6_0-8x8-20 Auto=2.132      (6.0s)
[139/337] conf6_0-8x8-30 Auto=2.129      (6.1s)
[140/337] conf6_0-8x8-80 Auto=2.136      (6.1s)
[141/337] consph         Auto=7.757      (6.3s)
[142/337] cop20k_A       Auto=3.386      (5.8s)
[143/337] crankseg_1     Auto=36.233     (7.4s)
[144/337] crankseg_2     Auto=56.709     (8.4s)
[145/337] crplat2        Auto=1.047      (5.2s)
[146/337] crystk02       Auto=1.626      (5.3s)
[147/337] crystk03       Auto=2.397      (5.4s)
[148/337] ct20stif       Auto=2.973      (5.7s)
[149/337] delaunay_n21   Auto=6.283      (7.2s)
[150/337] delaunay_n22   Auto=12.168     (9.2s)
[151/337] delaunay_n23   Auto=23.96      (13.4s)
[152/337] delaunay_n24   Auto=47.696     (35.2s)
[153/337] dielFilterV2clx Auto=35.863     (12.3s)
[154/337] dielFilterV2real Auto=66.965     (30.6s)
[155/337] dielFilterV3clx Auto=128.1      (15.4s)
[156/337] dielFilterV3real Auto=289.874    (42.9s)
[157/337] email-Enron    Auto=5.286      (5.4s)
[158/337] eu-2005        Auto=62.588     (9.9s)
[159/337] ex11           Auto=1.662      (5.4s)
[160/337] exdata_1       Auto=14.59      (5.6s)
[161/337] fcondp2        Auto=9.162      (6.4s)
[162/337] fem_filter     Auto=7.122      (6.1s)
[163/337] fem_hifreq_circuit Auto=25.165     (14.5s)
[164/337] filter3D       Auto=4.004      (5.8s)
[165/337] fp             Auto=3.195      (5.4s)
[166/337] fullb          Auto=11.085     (6.4s)
[167/337] gearbox        Auto=9.412      (6.1s)
[168/337] germany_osm    Auto=13.712     (10.1s)
[169/337] gsm_106857     Auto=27.484     (11.4s)
[170/337] gupta1         Auto=38.904     (19.8s)
[171/337] gupta2         Auto=97.519     (20.9s)
[172/337] gupta3         Auto=149.214    (7.5s)
[173/337] gyro           Auto=2.39       (5.4s)
[174/337] gyro_k         Auto=2.451      (5.3s)
[175/337] halfb          Auto=10.419     (6.4s)
[176/337] hangGlider_3   Auto=10.02      (5.4s)
[177/337] hangGlider_4   Auto=6.897      (5.6s)
[178/337] hangGlider_5   Auto=7.097      (5.7s)
[179/337] hood           Auto=8.94       (7.5s)
[180/337] hugebubbles-00000 Auto=28.833     (18.8s)
[181/337] hugebubbles-00010 Auto=36.877     (19.3s)
[182/337] hugebubbles-00020 Auto=39.92      (22.0s)
[183/337] hugetrace-00010 Auto=19.738     (13.0s)
[184/337] hugetrace-00020 Auto=27.526     (15.9s)
[185/337] hugetric-00010 Auto=12.09      (9.7s)
[186/337] hugetric-00020 Auto=13.048     (10.0s)
[187/337] iChem_Jacobian Auto=3.251      (6.9s)
[188/337] in-2004        Auto=98.485     (9.2s)
[189/337] inline_1       Auto=89.213     (14.7s)
[190/337] invextr1_new   Auto=4.112      (5.7s)
[191/337] kim2           Auto=6.628      (10.6s)
[192/337] kkt_power      Auto=27.509     (9.2s)
[193/337] laminar_duct3D Auto=4.931      (6.6s)
[194/337] largebasis     Auto=3.575      (7.2s)
[195/337] ldoor          Auto=35.866     (15.5s)
[196/337] li             Auto=3.582      (5.7s)
[197/337] lowThrust_10   Auto=5.182      (5.3s)
[198/337] lowThrust_11   Auto=5.268      (5.5s)
[199/337] lowThrust_12   Auto=5.243      (5.3s)
[200/337] lowThrust_13   Auto=5.337      (5.3s)
[201/337] lowThrust_4    Auto=7.078      (5.3s)
[202/337] lowThrust_5    Auto=4.337      (5.2s)
[203/337] lowThrust_6    Auto=4.626      (5.3s)
[204/337] lowThrust_7    Auto=4.704      (5.3s)
[205/337] lowThrust_8    Auto=4.928      (5.3s)
[206/337] lowThrust_9    Auto=5.074      (5.3s)
[207/337] m14b           Auto=2.865      (5.7s)
[208/337] m_t1           Auto=15.904     (7.2s)
[209/337] mixtank_new    Auto=4.257      (5.8s)
[210/337] mono_500Hz     Auto=8.141      (8.3s)
[211/337] mouse_gene     Auto=590.823    (30.3s)
[212/337] msc10848       Auto=3.451      (5.3s)
[213/337] msc23052       Auto=1.544      (5.3s)
[214/337] msdoor         Auto=16.276     (9.5s)
[215/337] mult_dcop_01   Auto=18.03      (20.0s)
[216/337] mult_dcop_02   Auto=18.071     (20.0s)
[217/337] mult_dcop_03   Auto=18.01      (19.9s)
[218/337] nasasrb        Auto=2.776      (5.6s)
[219/337] nd12k          Auto=70.572     (8.6s)
[220/337] nd24k          Auto=150.359    (12.0s)
[221/337] nd3k           Auto=11.903     (6.1s)
[222/337] nd6k           Auto=28.128     (6.7s)
[223/337] nemeth01       Auto=0.598      (5.2s)
[224/337] nemeth18       Auto=0.561      (5.2s)
[225/337] nemeth19       Auto=0.637      (5.2s)
[226/337] nemeth20       Auto=1.044      (5.3s)
[227/337] nemeth21       Auto=1.886      (5.3s)
[228/337] nemeth22       Auto=1.983      (5.3s)
[229/337] nemeth23       Auto=2.344      (5.5s)
[230/337] nemeth24       Auto=2.357      (5.4s)
[231/337] nemeth25       Auto=2.355      (5.7s)
[232/337] nemeth26       Auto=2.341      (5.4s)
[233/337] net100         Auto=9.243      (5.7s)
[234/337] net125         Auto=13.071     (6.0s)
[235/337] net150         Auto=17.702     (6.2s)
[236/337] net50          Auto=4.462      (5.4s)
[237/337] net75          Auto=6.373      (5.6s)
[238/337] nlpkkt120      Auto=71.476     (35.6s)
[239/337] nlpkkt80       Auto=29.229     (10.3s)
[240/337] ns3Da          Auto=4.891      (6.0s)
[241/337] offshore       Auto=3.473      (6.1s)
[242/337] ohne2          Auto=19.095     (8.7s)
[243/337] oilpan         Auto=3.057      (5.7s)
[244/337] olafu          Auto=1.597      (5.3s)
[245/337] opt1           Auto=4.038      (5.3s)
[246/337] para-10        Auto=21.944     (7.0s)
[247/337] para-4         Auto=15.775     (7.1s)
[248/337] para-5         Auto=21.945     (7.0s)
[249/337] para-6         Auto=21.916     (6.9s)
[250/337] para-7         Auto=21.949     (7.0s)
[251/337] para-8         Auto=21.949     (7.0s)
[252/337] para-9         Auto=21.957     (7.1s)
[253/337] patents        Auto=10.174     (11.2s)
[254/337] pattern1       Auto=70.424     (7.2s)
[255/337] pcrystk02      Auto=1.634      (5.3s)
[256/337] pcrystk03      Auto=2.399      (5.3s)
[257/337] pct20stif      Auto=2.978      (5.5s)
[258/337] pdb1HYS        Auto=8.492      (6.0s)
[259/337] pf2177         Auto=4.603      (5.3s)
[260/337] pkustk01       Auto=1.594      (5.3s)
[261/337] pkustk02       Auto=1.034      (5.3s)
[262/337] pkustk03       Auto=2.972      (5.5s)
[263/337] pkustk04       Auto=24.426     (6.1s)
[264/337] pkustk05       Auto=3.039      (5.3s)
[265/337] pkustk06       Auto=3.441      (5.4s)
[266/337] pkustk07       Auto=5.629      (5.4s)
[267/337] pkustk08       Auto=7.551      (5.5s)
[268/337] pkustk09       Auto=1.384      (5.3s)
[269/337] pkustk10       Auto=3.906      (5.6s)
[270/337] pkustk11       Auto=6.37       (5.8s)
[271/337] pkustk12       Auto=64.759     (20.8s)
[272/337] pkustk13       Auto=12.047     (5.9s)
[273/337] pkustk14       Auto=27.921     (7.0s)
[274/337] pli            Auto=3.621      (5.2s)
[275/337] poisson3Db     Auto=4.56       (6.2s)
[276/337] pre2           Auto=47.568     (21.7s)
[277/337] pwtk           Auto=8.518      (7.4s)
[278/337] raefsky3       Auto=1.114      (5.6s)
[279/337] raefsky4       Auto=1.961      (5.4s)
[280/337] rajat16        Auto=42.38      (21.6s)
[281/337] rajat17        Auto=42.457     (21.6s)
[282/337] rajat18        Auto=38.607     (21.6s)
[283/337] rajat20        Auto=57.391     (21.7s)
[284/337] rajat25        Auto=51.379     (21.7s)
[285/337] rajat28        Auto=40.551     (21.5s)
[286/337] rajat31        Auto=10.503     (13.2s)
[287/337] ramage02       Auto=6.322      (5.5s)
[288/337] rgg_n_2_19_s0  Auto=5.871      (5.9s)
[289/337] rgg_n_2_20_s0  Auto=10.606     (6.8s)
[290/337] rgg_n_2_21_s0  Auto=21.034     (8.8s)
[291/337] rgg_n_2_22_s0  Auto=42.0       (13.2s)
[292/337] rma10          Auto=2.895      (5.8s)
[293/337] road_central   Auto=26.921     (14.7s)
[294/337] road_usa       Auto=38.709     (18.8s)
[295/337] s3dkq4m2       Auto=3.73       (6.0s)
[296/337] s3dkt3m2       Auto=2.528      (5.9s)
[297/337] ship_001       Auto=10.144     (6.1s)
[298/337] ship_003       Auto=8.963      (6.4s)
[299/337] shipsec1       Auto=6.549      (6.5s)
[300/337] shipsec5       Auto=8.883      (6.9s)
[301/337] shipsec8       Auto=6.374      (6.2s)
[302/337] sinc18         Auto=3.597      (5.5s)
[303/337] sme3Da         Auto=2.618      (5.4s)
[304/337] sme3Db         Auto=5.95       (6.0s)
[305/337] sme3Dc         Auto=9.253      (6.6s)
[306/337] soc-Slashdot0811 Auto=14.89      (5.6s)
[307/337] soc-Slashdot0902 Auto=15.185     (5.7s)
[308/337] sparsine       Auto=3.58       (5.5s)
[309/337] srb1           Auto=2.683      (5.4s)
[310/337] std1_Jac2      Auto=4.428      (5.5s)
[311/337] std1_Jac3      Auto=4.926      (5.8s)
[312/337] std1_Jac3_db   Auto=1.521      (5.2s)
[313/337] t3dh           Auto=6.236      (6.1s)
[314/337] t3dh_a         Auto=6.202      (6.1s)
[315/337] t3dh_e         Auto=6.237      (6.2s)
[316/337] thermal2       Auto=3.981      (7.4s)
[317/337] thread         Auto=10.499     (6.0s)
[318/337] torso1         Auto=196.364    (9.2s)
[319/337] torso3         Auto=3.279      (6.9s)
[320/337] trdheim        Auto=2.769      (5.3s)
[321/337] troll          Auto=10.956     (6.4s)
[322/337] tsyl201        Auto=3.584      (5.3s)
[323/337] vanbody        Auto=2.831      (5.5s)
[324/337] vsp_bcsstk30_500sep_10in_1Kout Auto=7.281      (5.7s)
[325/337] vsp_befref_fxm_2_4_air02 Auto=5.227      (5.3s)
[326/337] vsp_model1_crew1_cr42_south31 Auto=19.582     (19.6s)
[327/337] vsp_msc10848_300sep_100in_1Kout Auto=7.435      (5.5s)
[328/337] vsp_south31_slptsk Auto=17.809     (19.5s)
[329/337] water_tank     Auto=2.072      (5.8s)
[330/337] wb-edu         Auto=776.736    (35.3s)
[331/337] web-BerkStan   Auto=16.32      (6.8s)
[332/337] web-Google     Auto=12.536     (7.1s)
[333/337] web-NotreDame  Auto=10.288     (5.5s)
[334/337] webbase-1M     Auto=44.504     (6.7s)
[335/337] windscreen     Auto=2.108      (5.5s)
[336/337] x104           Auto=13.701     (7.3s)
[337/337] xenon2         Auto=3.054      (6.6s)

=== 几何均值(ms) ===
  cu          31.581
  Auto        10.629
  Ocean        6.978
  opSparse    17.433
  HSMU        14.426
  bhSparse    40.528
  dense     2477.293
  cublas     634.532

=== Auto 选择(共 337 阵)===  hash 337 / merge3 0

=== Auto vs cuSPARSE:赢 248 / 输 23,几何均值(Auto/cuSPARSE) 0.223× ===
  name                   n       C_nnz  cuSPARSE      Auto    ratio
  Stanford_Berkeley  683446    79091728    45.694   329.352    7.21×
  webbase-1M       1000005    51111996     9.512    44.504    4.68×
  hugetric-00020   7122792    44609736     5.449    13.048    2.39×
  hugetric-00010   6592765    41276239     5.104    12.090    2.37×
  web-Google        916428    29710164     7.529    12.536    1.67×
  TSOPF_RS_b2383     38120    74430151    19.261    30.011    1.56×
  TSOPF_RS_b2383_c1   38120    74430151    19.273    29.975    1.56×
  Chevron4          711450    17706328     3.089     4.477    1.45×
  c-71               76638    53141454    11.109    14.986    1.35×
  Freescale1       3428755    45276331     6.943     9.027    1.30×
  M6               3501776    68984930     8.464    10.930    1.29×
  NLR              4163763    82016497    10.102    13.016    1.29×
  AS365            3799275    74616587     9.225    11.829    1.28×
  333SP            3712815    71961733     8.466    10.714    1.27×
  c-big             345241   447991461   242.664   301.005    1.24×
  ... 另有 8 个

=== Auto vs Ocean:赢 28 / 输 308,几何均值(Auto/Ocean) 1.504× ===
  name                   n       C_nnz     Ocean      Auto    ratio
  c-big             345241   447991461    59.956   301.005    5.02×
  Cube_Coup_dt0    2164760   552667840    87.763   355.081    4.05×
  road_usa        23947347   119546805    11.921    38.709    3.25×
  web-Google        916428    29710164     3.950    12.536    3.17×
  pre2              659033   323445872    15.166    47.568    3.14×
  in-2004          1382908   213255458    32.095    98.485    3.07×
  road_central    14081816    69990710     8.864    26.921    3.04×
  TSOPF_RS_b2383     38120    74430151    10.191    30.011    2.94×
  TSOPF_RS_b2383_c1   38120    74430151    10.189    29.975    2.94×
  bloweybq           10001   100020001     3.954    11.562    2.92×
  dielFilterV3clx   420408   247299354    43.882   128.100    2.92×
  kkt_power        2063494    93265642     9.950    27.509    2.76×
  Stanford_Berkeley  683446    79091728   119.775   329.352    2.75×
  hugetrace-00010 12057441    74977771     7.317    19.738    2.70×
  hugetrace-00020 16002413    99652167    10.242    27.526    2.69×
  ... 另有 293 个

=== Auto vs opSparse:赢 227 / 输 91,几何均值(Auto/opSparse) 0.553× ===
  name                   n       C_nnz  opSparse      Auto    ratio
  wb-edu           9845725   630198728    91.272   776.736    8.51×
  webbase-1M       1000005    51111996    14.038    44.504    3.17×
  web-Google        916428    29710164     4.024    12.536    3.12×
  road_central    14081816    69990710     8.652    26.921    3.11×
  hugetrace-00020 16002413    99652167     9.142    27.526    3.01×
  hugebubbles-0002021198119   132690161    13.552    39.920    2.95×
  hugebubbles-0000018318143   113009849     9.906    28.833    2.91×
  hugebubbles-0001019458087   121526577    12.750    36.877    2.89×
  Cube_Coup_dt0    2164760   552667840   123.740   355.081    2.87×
  hugetrace-00010 12057441    74977771     7.248    19.738    2.72×
  kkt_power        2063494    93265642    10.147    27.509    2.71×
  hugetric-00010   6592765    41276239     4.596    12.090    2.63×
  hugetric-00020   7122792    44609736     4.993    13.048    2.61×
  germany_osm     11548845    42720261     5.755    13.712    2.38×
  rajat31          4690002    53118754     5.112    10.503    2.05×
  ... 另有 76 个

=== Auto vs HSMU:赢 298 / 输 39,几何均值(Auto/HSMU) 0.737× ===
  name                   n       C_nnz      HSMU      Auto    ratio
  c-big             345241   447991461    67.461   301.005    4.46×
  wb-edu           9845725   630198728   222.495   776.736    3.49×
  Cube_Coup_dt0    2164760   552667840   134.682   355.081    2.64×
  dielFilterV3clx   420408   247299354    74.297   128.100    1.72×
  Stanford_Berkeley  683446    79091728   203.790   329.352    1.62×
  lowThrust_4        13562    28327028     4.730     7.078    1.50×
  bloweybq           10001   100020001     7.842    11.562    1.47×
  kkt_power        2063494    93265642    19.175    27.509    1.43×
  dielFilterV3real 1102824   688649400   206.522   289.874    1.40×
  web-Google        916428    29710164     9.392    12.536    1.33×
  inline_1          503712   253084638    72.640    89.213    1.23×
  ML_Laplace        377002    95882884    32.148    38.984    1.21×
  CurlCurl_4       2380515   133384865    15.900    18.772    1.18×
  nlpkkt80         1062400   154663144    24.760    29.229    1.18×
  hangGlider_3       10260    83182632     8.499    10.020    1.18×
  ... 另有 24 个

=== Auto vs bhSparse:赢 316 / 输 1,几何均值(Auto/bhSparse) 0.235× ===
  name                   n       C_nnz  bhSparse      Auto    ratio
  Cube_Coup_dt0    2164760   552667840   278.281   355.081    1.28×

=== Auto vs dense:赢 138 / 输 0,几何均值(Auto/dense) 0.002× ===
  name                   n       C_nnz     dense      Auto    ratio

=== Auto vs cuBLAS:赢 138 / 输 0,几何均值(Auto/cuBLAS) 0.008× ===
  name                   n       C_nnz    cuBLAS      Auto    ratio
  ✓ CSV: compare/ocean337/methods_cmp_v24_dcfuse.csv (337 阵)
### [3/3] 报告 + 柱状图 ###
  ✓ compare/ocean337/methods_cmp_v24_dcfuse_report.txt
  ✗ 画图失败

############################################################
#  完成!稳定产物(HSMU /tmp CSV 由 EXIT trap 已恢复):
#    compare/ocean337/methods_cmp_v24_dcfuse.csv          (6 法 timing,resume)
#    compare/ocean337/methods_cmp_v24_dcfuse_report.txt       (Auto vs 各基线 输赢)
#    compare/ocean337/methods_cmp_v24_dcfuse_bar.png          (按密度类别柱状图)
############################################################

================ Auto vs 各基线 输赢 ====================
Auto vs cuSPARSE:赢 248 / 输 23,几何均值(Auto/cuSPARSE) 0.223×
----------------------------------------------------------------------------------------------------
name                   n       C_nnz    cuSPARSE        Auto    ratio
Stanford_Berkeley  683446    79091728      45.694     329.352    7.21×
webbase-1M       1000005    51111996       9.512      44.504    4.68×
hugetric-00020   7122792    44609736       5.449      13.048    2.39×
hugetric-00010   6592765    41276239       5.104      12.090    2.37×
web-Google        916428    29710164       7.529      12.536    1.67×
TSOPF_RS_b2383     38120    74430151      19.261      30.011    1.56×
TSOPF_RS_b2383_c1   38120    74430151      19.273      29.975    1.56×
Chevron4          711450    17706328       3.089       4.477    1.45×
c-71               76638    53141454      11.109      14.986    1.35×
Freescale1       3428755    45276331       6.943       9.027    1.30×
M6               3501776    68984930       8.464      10.930    1.29×
NLR              4163763    82016497      10.102      13.016    1.29×
AS365            3799275    74616587       9.225      11.829    1.28×
333SP            3712815    71961733       8.466      10.714    1.27×
c-big             345241   447991461     242.664     301.005    1.24×
delaunay_n22     4194304    86836968       9.811      12.168    1.24×
delaunay_n23     8388608   173665202      19.678      23.960    1.22×
circuit_4          80209   178549009      14.965      18.048    1.21×
delaunay_n21     2097152    43417524       5.251       6.283    1.20×
atmosmodd        1270432    31215208       3.899       4.147    1.06×
  ... 另有 3 个

====================================================================================================
Auto vs Ocean:赢 28 / 输 308,几何均值(Auto/Ocean) 1.504×
----------------------------------------------------------------------------------------------------
name                   n       C_nnz       Ocean        Auto    ratio
c-big             345241   447991461      59.956     301.005    5.02×
Cube_Coup_dt0    2164760   552667840      87.763     355.081    4.05×
road_usa        23947347   119546805      11.921      38.709    3.25×
web-Google        916428    29710164       3.950      12.536    3.17×
pre2              659033   323445872      15.166      47.568    3.14×
in-2004          1382908   213255458      32.095      98.485    3.07×
road_central    14081816    69990710       8.864      26.921    3.04×
TSOPF_RS_b2383     38120    74430151      10.191      30.011    2.94×
TSOPF_RS_b2383_c1   38120    74430151      10.189      29.975    2.94×
bloweybq           10001   100020001       3.954      11.562    2.92×
dielFilterV3clx   420408   247299354      43.882     128.100    2.92×
kkt_power        2063494    93265642       9.950      27.509    2.76×
Stanford_Berkeley  683446    79091728     119.775     329.352    2.75×
hugetrace-00010 12057441    74977771       7.317      19.738    2.70×
hugetrace-00020 16002413    99652167      10.242      27.526    2.69×
hugetric-00010   6592765    41276239       4.505      12.090    2.68×
hugetric-00020   7122792    44609736       4.899      13.048    2.66×
lowThrust_4        13562    28327028       2.691       7.078    2.63×
hugebubbles-0000018318143   113009849      11.068      28.833    2.61×
webbase-1M       1000005    51111996      17.289      44.504    2.57×
  ... 另有 288 个

====================================================================================================
Auto vs opSparse:赢 227 / 输 91,几何均值(Auto/opSparse) 0.553×
----------------------------------------------------------------------------------------------------
name                   n       C_nnz    opSparse        Auto    ratio
wb-edu           9845725   630198728      91.272     776.736    8.51×
webbase-1M       1000005    51111996      14.038      44.504    3.17×
web-Google        916428    29710164       4.024      12.536    3.12×
road_central    14081816    69990710       8.652      26.921    3.11×
hugetrace-00020 16002413    99652167       9.142      27.526    3.01×
hugebubbles-0002021198119   132690161      13.552      39.920    2.95×
hugebubbles-0000018318143   113009849       9.906      28.833    2.91×
hugebubbles-0001019458087   121526577      12.750      36.877    2.89×
Cube_Coup_dt0    2164760   552667840     123.740     355.081    2.87×
hugetrace-00010 12057441    74977771       7.248      19.738    2.72×
kkt_power        2063494    93265642      10.147      27.509    2.71×
hugetric-00010   6592765    41276239       4.596      12.090    2.63×
hugetric-00020   7122792    44609736       4.993      13.048    2.61×
germany_osm     11548845    42720261       5.755      13.712    2.38×
rajat31          4690002    53118754       5.112      10.503    2.05×
web-BerkStan      685230    78350597       9.319      16.320    1.75×
dielFilterV3clx   420408   247299354      73.311     128.100    1.75×
nlpkkt80         1062400   154663144      17.782      29.229    1.64×
cage15           5154859   929023247      96.434     149.247    1.55×
rgg_n_2_19_s0     524288    19604004       3.851       5.871    1.52×
  ... 另有 71 个

====================================================================================================
Auto vs HSMU:赢 298 / 输 39,几何均值(Auto/HSMU) 0.737×
----------------------------------------------------------------------------------------------------
name                   n       C_nnz        HSMU        Auto    ratio
c-big             345241   447991461      67.461     301.005    4.46×
wb-edu           9845725   630198728     222.495     776.736    3.49×
Cube_Coup_dt0    2164760   552667840     134.682     355.081    2.64×
dielFilterV3clx   420408   247299354      74.297     128.100    1.72×
Stanford_Berkeley  683446    79091728     203.790     329.352    1.62×
lowThrust_4        13562    28327028       4.730       7.078    1.50×
bloweybq           10001   100020001       7.842      11.562    1.47×
kkt_power        2063494    93265642      19.175      27.509    1.43×
dielFilterV3real 1102824   688649400     206.522     289.874    1.40×
web-Google        916428    29710164       9.392      12.536    1.33×
inline_1          503712   253084638      72.640      89.213    1.23×
ML_Laplace        377002    95882884      32.148      38.984    1.21×
CurlCurl_4       2380515   133384865      15.900      18.772    1.18×
nlpkkt80         1062400   154663144      24.760      29.229    1.18×
hangGlider_3       10260    83182632       8.499      10.020    1.18×
case9              14454    52372050       7.843       9.147    1.17×
F2                 71505    40060673      12.721      14.584    1.15×
TSOPF_FS_b9_c6     14454    52372050       8.046       9.073    1.13×
CurlCurl_2        806529    44546339       6.113       6.840    1.12×
web-BerkStan      685230    78350597      14.745      16.320    1.11×
  ... 另有 19 个

====================================================================================================
Auto vs dense:赢 138 / 输 0,几何均值(Auto/dense) 0.002×
----------------------------------------------------------------------------------------------------
name                   n       C_nnz       dense        Auto    ratio

====================================================================================================
Auto vs cuBLAS:赢 138 / 输 0,几何均值(Auto/cuBLAS) 0.008×
----------------------------------------------------------------------------------------------------
name                   n       C_nnz      cuBLAS        Auto    ratio
