Refresh 仅 'Auto' 列 × 337 阵(DENSE_TIMEOUT=600s)→ compare/ocean337/methods_cmp_clean.csv.csv

[1/337] 333SP          Auto=10.597     (9.1s)
[2/337] 3Dspectralwave Auto=31.152     (13.9s)
[3/337] 3Dspectralwave2 Auto=13.253     (8.9s)
[4/337] 3dtube         Auto=7.209      (5.4s)
[5/337] AS365          Auto=11.765     (9.8s)
[6/337] BenElechi1     Auto=9.8        (7.6s)
[7/337] Bump_2911      Auto=109.369    (48.6s)
[8/337] CO             Auto=17.52      (8.2s)
[9/337] Chevron4       Auto=4.635      (7.9s)
[10/337] CoupCons3D     Auto=19.17      (12.5s)
[11/337] Cube_Coup_dt0  Auto=504.126    (48.5s)
[12/337] CurlCurl_2     Auto=7.958      (7.1s)
[13/337] CurlCurl_3     Auto=12.065     (8.1s)
[14/337] CurlCurl_4     Auto=23.06      (11.4s)
[15/337] Dubcova3       Auto=4.539      (6.0s)
[16/337] Emilia_923     Auto=36.371     (12.5s)
[17/337] F1             Auto=72.184     (11.8s)
[18/337] F2             Auto=15.27      (6.1s)
[19/337] FEM_3D_thermal2 Auto=2.683      (6.2s)
[20/337] Fault_639      Auto=25.726     (10.4s)
[21/337] Flan_1565      Auto=138.966    (47.1s)
[22/337] Freescale1     Auto=9.566      (13.6s)
[23/337] Ga10As10H30    Auto=35.067     (6.6s)
[24/337] Ga19As19H42    Auto=62.765     (7.4s)
[25/337] Ga3As3H12      Auto=83.87      (6.9s)
[26/337] Ga41As41H72    Auto=136.648    (10.2s)
[27/337] GaAsH6         Auto=32.171     (5.9s)
[28/337] Ge87H76        Auto=54.381     (7.3s)
[29/337] Ge99H100       Auto=59.843     (7.3s)
[30/337] Geo_1438       Auto=55.066     (18.0s)
[31/337] H2O            Auto=4.952      (5.5s)
[32/337] HTC_336_4438   Auto=38.132     (5.7s)
[33/337] HTC_336_9129   Auto=31.871     (5.7s)
[34/337] Hook_1498      Auto=59.691     (36.7s)
[35/337] Long_Coup_dt6  Auto=98.527     (39.1s)
[36/337] M6             Auto=10.858     (9.3s)
[37/337] ML_Laplace     Auto=39.08      (14.4s)
[38/337] NLR            Auto=12.953     (10.1s)
[39/337] Reuters911     Auto=5.459      (4.9s)
[40/337] Serena         Auto=64.808     (36.0s)
[41/337] Si10H16        Auto=4.116      (5.2s)
[42/337] Si34H36        Auto=28.038     (6.3s)
[43/337] Si41Ge41H72    Auto=122.882    (9.2s)
[44/337] Si87H76        Auto=33.113     (7.6s)
[45/337] SiO            Auto=5.493      (5.4s)
[46/337] SiO2           Auto=409.947    (10.1s)
[47/337] Stanford_Berkeley Auto=291.58     (8.5s)
[48/337] StocF-1465     Auto=22.033     (10.1s)
[49/337] TSC_OPF_1047   Auto=5.821      (5.4s)
[50/337] TSC_OPF_300    Auto=5.63       (5.2s)
[51/337] TSOPF_FS_b300  Auto=194.66     (7.5s)
[52/337] TSOPF_FS_b300_c2 Auto=859.026    (29.2s)
[53/337] TSOPF_FS_b39_c7 Auto=38.209     (5.8s)
[54/337] TSOPF_FS_b9_c6 Auto=8.894      (5.4s)
[55/337] TSOPF_RS_b2052_c1 Auto=9.937      (7.5s)
[56/337] TSOPF_RS_b2383 Auto=41.291     (11.2s)
[57/337] TSOPF_RS_b2383_c1 Auto=41.307     (11.1s)
[58/337] TSOPF_RS_b678_c2 Auto=10.022     (8.2s)
[59/337] Zd_Jac2        Auto=7.526      (5.6s)
[60/337] Zd_Jac2_db     Auto=2.06       (5.1s)
[61/337] Zd_Jac3        Auto=9.345      (5.6s)
[62/337] Zd_Jac3_db     Auto=2.046      (5.3s)
[63/337] Zd_Jac6        Auto=8.216      (5.5s)
[64/337] Zd_Jac6_db     Auto=1.908      (5.2s)
[65/337] a0nsdsil       Auto=34.12      (5.7s)
[66/337] a2nnsnsl       Auto=30.306     (5.9s)
[67/337] a5esindl       Auto=24.071     (5.5s)
[68/337] af_0_k101      Auto=13.264     (8.9s)
[69/337] af_1_k101      Auto=13.287     (8.7s)
[70/337] af_2_k101      Auto=13.335     (8.8s)
[71/337] af_3_k101      Auto=13.315     (8.8s)
[72/337] af_4_k101      Auto=13.335     (8.8s)
[73/337] af_5_k101      Auto=13.523     (8.9s)
[74/337] af_shell1      Auto=12.36      (8.6s)
[75/337] af_shell10     Auto=34.511     (16.2s)
[76/337] af_shell2      Auto=12.378     (8.6s)
[77/337] af_shell3      Auto=12.367     (8.6s)
[78/337] af_shell4      Auto=12.358     (8.5s)
[79/337] af_shell5      Auto=12.395     (8.7s)
[80/337] af_shell6      Auto=12.406     (8.4s)
[81/337] af_shell7      Auto=12.377     (8.4s)
[82/337] af_shell8      Auto=12.408     (8.6s)
[83/337] af_shell9      Auto=12.41      (8.4s)
[84/337] appu           Auto=11.124     (6.1s)
[85/337] atmosmodd      Auto=4.133      (8.4s)
[86/337] atmosmodj      Auto=4.123      (8.3s)
[87/337] atmosmodl      Auto=4.313      (8.1s)
[88/337] atmosmodm      Auto=4.314      (8.0s)
[89/337] audikw_1       Auto=181.636    (40.8s)
[90/337] auto           Auto=6.863      (5.9s)
[91/337] av41092        Auto=9.133      (5.5s)
[92/337] bbmat          Auto=3.228      (5.5s)
[93/337] bcsstk30       Auto=3.207      (5.1s)
[94/337] bcsstk35       Auto=1.663      (5.1s)
[95/337] bcsstk36       Auto=1.523      (5.1s)
[96/337] bcsstk39       Auto=2.127      (5.2s)
[97/337] bloweya        Auto=11.199     (5.3s)
[98/337] bloweybl       Auto=8.737      (5.2s)
[99/337] bloweybq       Auto=11.24      (5.2s)
[100/337] bmw3_2         Auto=9.948      (7.1s)
[101/337] bmw7st_1       Auto=6.745      (6.5s)
[102/337] bmwcra_1       Auto=13.86      (7.3s)
[103/337] bone010        Auto=78.701     (34.2s)
[104/337] boneS01        Auto=6.852      (6.0s)
[105/337] boneS10        Auto=56.536     (15.5s)
[106/337] brainpc2       Auto=19.032     (5.4s)
[107/337] bundle1        Auto=6.164      (5.0s)
[108/337] c-43           Auto=2.937      (4.9s)
[109/337] c-45           Auto=4.304      (5.3s)
[110/337] c-53           Auto=9.617      (5.2s)
[111/337] c-57           Auto=30.082     (5.6s)
[112/337] c-58           Auto=10.859     (5.1s)
[113/337] c-62           Auto=9.895      (5.1s)
[114/337] c-62ghs        Auto=9.745      (5.2s)
[115/337] c-64           Auto=31.761     (5.6s)
[116/337] c-64b          Auto=31.719     (5.6s)
[117/337] c-66           Auto=9.893      (5.1s)
[118/337] c-66b          Auto=10.955     (5.0s)
[119/337] c-67           Auto=13.533     (5.2s)
[120/337] c-67b          Auto=13.782     (5.1s)
[121/337] c-71           Auto=20.15      (5.2s)
[122/337] c-73           Auto=132.799    (26.3s)
[123/337] c-73b          Auto=132.742    (25.8s)
[124/337] c-big          Auto=291.348    (24.1s)
[125/337] cage13         Auto=9.948      (7.8s)
[126/337] cage14         Auto=39.241     (16.6s)
[127/337] cage15         Auto=154.603    (65.4s)
[128/337] cant           Auto=4.42       (5.8s)
[129/337] case39         Auto=73.662     (22.0s)
[130/337] case9          Auto=8.839      (5.2s)
[131/337] cfd2           Auto=2.839      (5.5s)
[132/337] circuit_4      Auto=21.906     (5.4s)
[133/337] cnr-2000       Auto=9.562      (5.5s)
[134/337] conf5_4-8x8-05 Auto=2.129      (5.9s)
[135/337] conf5_4-8x8-10 Auto=2.13       (5.9s)
[136/337] conf5_4-8x8-15 Auto=2.124      (5.8s)
[137/337] conf5_4-8x8-20 Auto=2.126      (5.8s)
[138/337] conf6_0-8x8-20 Auto=2.126      (5.8s)
[139/337] conf6_0-8x8-30 Auto=2.131      (5.9s)
[140/337] conf6_0-8x8-80 Auto=2.125      (5.9s)
[141/337] consph         Auto=7.555      (6.1s)
[142/337] cop20k_A       Auto=3.443      (5.4s)
[143/337] crankseg_1     Auto=48.683     (7.3s)
[144/337] crankseg_2     Auto=81.009     (8.2s)
[145/337] crplat2        Auto=1.038      (4.9s)
[146/337] crystk02       Auto=1.668      (5.0s)
[147/337] crystk03       Auto=2.366      (5.3s)
[148/337] ct20stif       Auto=3.069      (5.4s)
[149/337] delaunay_n21   Auto=6.346      (6.9s)
[150/337] delaunay_n22   Auto=12.13      (9.0s)
[151/337] delaunay_n23   Auto=23.949     (13.1s)
[152/337] delaunay_n24   Auto=47.715     (37.3s)
[153/337] dielFilterV2clx Auto=35.658     (11.8s)
[154/337] dielFilterV2real Auto=66.043     (32.1s)
[155/337] dielFilterV3clx Auto=131.663    (14.7s)
[156/337] dielFilterV3real Auto=305.474    (44.5s)
[157/337] email-Enron    Auto=6.143      (5.0s)
[158/337] eu-2005        Auto=63.323     (9.5s)
[159/337] ex11           Auto=1.684      (5.2s)
[160/337] exdata_1       Auto=14.495     (5.4s)
[161/337] fcondp2        Auto=9.281      (6.0s)
[162/337] fem_filter     Auto=8.033      (5.7s)
[163/337] fem_hifreq_circuit Auto=25.155     (14.0s)
[164/337] filter3D       Auto=3.951      (5.5s)
[165/337] fp             Auto=3.274      (5.1s)
[166/337] fullb          Auto=10.983     (6.3s)
[167/337] gearbox        Auto=9.399      (5.8s)
[168/337] germany_osm    Auto=13.61      (9.6s)
[169/337] gsm_106857     Auto=28.047     (10.9s)
[170/337] gupta1         Auto=68.124     (19.4s)
[171/337] gupta2         Auto=144.357    (20.8s)
[172/337] gupta3         Auto=371.28     (8.7s)
[173/337] gyro           Auto=2.31       (5.0s)
[174/337] gyro_k         Auto=2.312      (5.0s)
[175/337] halfb          Auto=10.446     (6.2s)
[176/337] hangGlider_3   Auto=10.251     (5.1s)
[177/337] hangGlider_4   Auto=10.232     (5.5s)
[178/337] hangGlider_5   Auto=10.711     (5.5s)
[179/337] hood           Auto=9.036      (7.3s)
[180/337] hugebubbles-00000 Auto=28.788     (17.9s)
[181/337] hugebubbles-00010 Auto=36.869     (18.6s)
[182/337] hugebubbles-00020 Auto=39.766     (20.1s)
[183/337] hugetrace-00010 Auto=19.696     (12.4s)
[184/337] hugetrace-00020 Auto=27.463     (15.2s)
[185/337] hugetric-00010 Auto=12.024     (9.1s)
[186/337] hugetric-00020 Auto=13.022     (9.5s)
[187/337] iChem_Jacobian Auto=4.011      (6.6s)
[188/337] in-2004        Auto=104.664    (9.0s)
[189/337] inline_1       Auto=89.435     (14.2s)
[190/337] invextr1_new   Auto=4.056      (5.6s)
[191/337] kim2           Auto=7.833      (10.0s)
[192/337] kkt_power      Auto=32.005     (8.7s)
[193/337] laminar_duct3D Auto=4.948      (6.3s)
[194/337] largebasis     Auto=3.497      (6.9s)
[195/337] ldoor          Auto=36.483     (14.8s)
[196/337] li             Auto=3.584      (5.2s)
[197/337] lowThrust_10   Auto=9.494      (5.1s)
[198/337] lowThrust_11   Auto=9.111      (5.1s)
[199/337] lowThrust_12   Auto=9.182      (5.1s)
[200/337] lowThrust_13   Auto=9.112      (5.0s)
[201/337] lowThrust_4    Auto=6.867      (5.0s)
[202/337] lowThrust_5    Auto=7.649      (5.1s)
[203/337] lowThrust_6    Auto=8.088      (5.0s)
[204/337] lowThrust_7    Auto=8.344      (5.0s)
[205/337] lowThrust_8    Auto=8.583      (5.1s)
[206/337] lowThrust_9    Auto=8.838      (5.0s)
[207/337] m14b           Auto=3.459      (5.3s)
[208/337] m_t1           Auto=16.017     (7.2s)
[209/337] mixtank_new    Auto=4.298      (5.6s)
[210/337] mono_500Hz     Auto=8.076      (7.9s)
[211/337] mouse_gene     Auto=1233.626   (32.5s)
[212/337] msc10848       Auto=3.651      (5.1s)
[213/337] msc23052       Auto=1.568      (5.1s)
[214/337] msdoor         Auto=16.308     (9.0s)
[215/337] mult_dcop_01   Auto=38.425     (19.7s)
[216/337] mult_dcop_02   Auto=38.447     (24.4s)
[217/337] mult_dcop_03   Auto=38.96      (19.9s)
[218/337] nasasrb        Auto=2.806      (5.3s)
[219/337] nd12k          Auto=118.147    (8.5s)
[220/337] nd24k          Auto=249.516    (12.1s)
[221/337] nd3k           Auto=11.957     (5.6s)
[222/337] nd6k           Auto=44.109     (6.4s)
[223/337] nemeth01       Auto=0.577      (5.0s)
[224/337] nemeth18       Auto=0.55       (4.9s)
[225/337] nemeth19       Auto=0.636      (5.0s)
[226/337] nemeth20       Auto=1.028      (5.0s)
[227/337] nemeth21       Auto=1.823      (5.1s)
[228/337] nemeth22       Auto=2.064      (5.1s)
[229/337] nemeth23       Auto=2.33       (5.1s)
[230/337] nemeth24       Auto=2.357      (5.1s)
[231/337] nemeth25       Auto=2.344      (5.2s)
[232/337] nemeth26       Auto=2.365      (5.2s)
[233/337] net100         Auto=18.761     (5.5s)
[234/337] net125         Auto=27.363     (5.8s)
[235/337] net150         Auto=37.003     (6.1s)
[236/337] net50          Auto=7.459      (5.1s)
[237/337] net75          Auto=14.452     (5.2s)
[238/337] nlpkkt120      Auto=73.73      (35.2s)
[239/337] nlpkkt80       Auto=30.023     (10.0s)
[240/337] ns3Da          Auto=5.187      (5.6s)
[241/337] offshore       Auto=4.224      (5.9s)
[242/337] ohne2          Auto=19.037     (8.7s)
[243/337] oilpan         Auto=3.071      (5.5s)
[244/337] olafu          Auto=1.654      (5.1s)
[245/337] opt1           Auto=4.199      (5.1s)
[246/337] para-10        Auto=22.138     (6.7s)
[247/337] para-4         Auto=15.994     (6.8s)
[248/337] para-5         Auto=22.137     (6.7s)
[249/337] para-6         Auto=22.045     (6.7s)
[250/337] para-7         Auto=22.063     (6.7s)
[251/337] para-8         Auto=22.082     (7.1s)
[252/337] para-9         Auto=22.153     (6.7s)
[253/337] patents        Auto=11.181     (10.3s)
[254/337] pattern1       Auto=155.069    (7.4s)
[255/337] pcrystk02      Auto=1.672      (4.9s)
[256/337] pcrystk03      Auto=2.362      (5.0s)
[257/337] pct20stif      Auto=3.033      (5.1s)
[258/337] pdb1HYS        Auto=8.679      (5.8s)
[259/337] pf2177         Auto=4.58       (5.0s)
[260/337] pkustk01       Auto=1.664      (5.0s)
[261/337] pkustk02       Auto=1.067      (5.0s)
[262/337] pkustk03       Auto=2.986      (5.3s)
[263/337] pkustk04       Auto=46.894     (5.9s)
[264/337] pkustk05       Auto=3.084      (5.1s)
[265/337] pkustk06       Auto=3.476      (5.2s)
[266/337] pkustk07       Auto=6.427      (5.1s)
[267/337] pkustk08       Auto=8.62       (5.3s)
[268/337] pkustk09       Auto=1.367      (5.0s)
[269/337] pkustk10       Auto=4.021      (5.2s)
[270/337] pkustk11       Auto=6.365      (5.6s)
[271/337] pkustk12       Auto=120.043    (20.2s)
[272/337] pkustk13       Auto=12.091     (5.6s)
[273/337] pkustk14       Auto=29.533     (6.6s)
[274/337] pli            Auto=3.495      (5.0s)
[275/337] poisson3Db     Auto=4.503      (5.9s)
[276/337] pre2           Auto=44.998     (21.2s)
[277/337] pwtk           Auto=8.636      (7.1s)
[278/337] raefsky3       Auto=1.13       (5.4s)
[279/337] raefsky4       Auto=2.017      (5.1s)
[280/337] rajat16        Auto=69.369     (20.7s)
[281/337] rajat17        Auto=69.251     (21.3s)
[282/337] rajat18        Auto=65.908     (20.9s)
[283/337] rajat20        Auto=71.205     (20.9s)
[284/337] rajat25        Auto=72.656     (21.2s)
[285/337] rajat28        Auto=72.744     (24.9s)
[286/337] rajat31        Auto=10.884     (12.8s)
[287/337] ramage02       Auto=6.981      (5.2s)
[288/337] rgg_n_2_19_s0  Auto=5.569      (5.6s)
[289/337] rgg_n_2_20_s0  Auto=10.581     (6.5s)
[290/337] rgg_n_2_21_s0  Auto=21.085     (8.5s)
[291/337] rgg_n_2_22_s0  Auto=42.796     (12.7s)
[292/337] rma10          Auto=2.895      (5.6s)
[293/337] road_central   Auto=26.36      (14.3s)
[294/337] road_usa       Auto=38.153     (18.0s)
[295/337] s3dkq4m2       Auto=3.804      (5.8s)
[296/337] s3dkt3m2       Auto=2.569      (5.6s)
[297/337] ship_001       Auto=11.241     (5.9s)
[298/337] ship_003       Auto=8.902      (6.2s)
[299/337] shipsec1       Auto=6.679      (6.2s)
[300/337] shipsec5       Auto=8.904      (6.6s)
[301/337] shipsec8       Auto=6.517      (6.1s)
[302/337] sinc18         Auto=6.678      (5.3s)
[303/337] sme3Da         Auto=2.692      (5.3s)
[304/337] sme3Db         Auto=5.991      (5.7s)
[305/337] sme3Dc         Auto=9.273      (6.1s)
[306/337] soc-Slashdot0811 Auto=18.521     (5.3s)
[307/337] soc-Slashdot0902 Auto=19.379     (5.5s)
[308/337] sparsine       Auto=3.594      (5.4s)
[309/337] srb1           Auto=2.794      (5.1s)
[310/337] std1_Jac2      Auto=5.717      (5.4s)
[311/337] std1_Jac3      Auto=6.709      (5.5s)
[312/337] std1_Jac3_db   Auto=1.521      (5.1s)
[313/337] t3dh           Auto=6.183      (5.9s)
[314/337] t3dh_a         Auto=6.179      (5.8s)
[315/337] t3dh_e         Auto=6.162      (5.7s)
[316/337] thermal2       Auto=3.984      (7.3s)
[317/337] thread         Auto=12.106     (5.8s)
[318/337] torso1         Auto=367.095    (10.0s)
[319/337] torso3         Auto=3.767      (6.6s)
[320/337] trdheim        Auto=2.86       (5.0s)
[321/337] troll          Auto=11.147     (6.2s)
[322/337] tsyl201        Auto=3.589      (5.1s)
[323/337] vanbody        Auto=2.896      (5.3s)
[324/337] vsp_bcsstk30_500sep_10in_1Kout Auto=7.209      (5.6s)
[325/337] vsp_befref_fxm_2_4_air02 Auto=5.173      (5.0s)
[326/337] vsp_model1_crew1_cr42_south31 Auto=38.736     (19.1s)
[327/337] vsp_msc10848_300sep_100in_1Kout Auto=7.757      (5.2s)
[328/337] vsp_south31_slptsk Auto=34.83      (18.9s)
[329/337] water_tank     Auto=2.091      (5.5s)
[330/337] wb-edu         Auto=777.065    (35.0s)
[331/337] web-BerkStan   Auto=17.182     (6.5s)
[332/337] web-Google     Auto=13.069     (6.8s)
[333/337] web-NotreDame  Auto=10.348     (5.3s)
[334/337] webbase-1M     Auto=45.224     (6.3s)
[335/337] windscreen     Auto=2.096      (5.2s)
[336/337] x104           Auto=13.588     (6.8s)
[337/337] xenon2         Auto=3.329      (6.2s)

=== 几何均值(ms) ===
  cu          31.581
  Auto        12.339
  Ocean        5.918
  opSparse    17.433
  HSMU        14.426
  bhSparse    40.528
  dense     2477.293
  cublas     634.532

=== Auto 选择(共 337 阵)===  hash 337 / merge3 0

=== Auto vs cuSPARSE:赢 237 / 输 34,几何均值(Auto/cuSPARSE) 0.252× ===
  name                   n       C_nnz  cuSPARSE      Auto    ratio
  Stanford_Berkeley  683446    78130972    45.694   291.580    6.38×
  webbase-1M       1000005    51111996     9.512    45.224    4.75×
  hugetric-00020   7122792    44609736     5.449    13.022    2.39×
  hugetric-00010   6592765    41276239     5.104    12.024    2.36×
  TSOPF_RS_b2383     38120    74318317    19.261    41.291    2.14×
  TSOPF_RS_b2383_c1   38120    74318317    19.273    41.307    2.14×
  c-71               76638    52538716    11.109    20.150    1.81×
  web-Google        916428    29710164     7.529    13.069    1.74×
  Chevron4          711450    17706328     3.089     4.635    1.50×
  circuit_4          80209    87091024    14.965    21.906    1.46×
  Freescale1       3428755    45276331     6.943     9.566    1.38×
  M6               3501776    68984930     8.464    10.858    1.28×
  NLR              4163763    82016497    10.102    12.953    1.28×
  AS365            3799275    74616587     9.225    11.765    1.28×
  333SP            3712815    71961733     8.466    10.597    1.25×
  ... 另有 19 个

=== Auto vs Ocean:赢 10 / 输 327,几何均值(Auto/Ocean) 2.085× ===
  name                   n       C_nnz     Ocean      Auto    ratio
  wb-edu           9845725   630077764     1.462   777.065  531.51×
  Cube_Coup_dt0    2164760   552667840     4.027   504.126  125.19×
  Flan_1565        1564794   509685948     4.027   138.966   34.51×
  Ga41As41H72       268096   231455088     4.027   136.648   33.93×
  Si41Ge41H72       185639   173776869     4.027   122.882   30.51×
  Bump_2911        2911419   560173611     4.027   109.369   27.16×
  Long_Coup_dt6    1470152   388670368     4.027    98.527   24.47×
  Ga3As3H12          61349    62181563     4.027    83.870   20.83×
  F1                343791   224484403     4.027    72.184   17.93×
  Serena           1391349   315805689     4.027    64.808   16.09×
  Ga19As19H42       133123   108051533     4.027    62.765   15.59×
  Ge99H100          112985   105811785     4.027    59.843   14.86×
  Hook_1498        1498023   312415749     4.027    59.691   14.82×
  Geo_1438         1437960   274478976     4.027    55.066   13.67×
  Ge87H76           112985    99053985     4.027    54.381   13.50×
  ... 另有 312 个

=== Auto vs opSparse:赢 207 / 输 111,几何均值(Auto/opSparse) 0.630× ===
  name                   n       C_nnz  opSparse      Auto    ratio
  wb-edu           9845725   630077764    91.272   777.065    8.51×
  Cube_Coup_dt0    2164760   552667840   123.740   504.126    4.07×
  web-Google        916428    29710164     4.024    13.069    3.25×
  webbase-1M       1000005    51111996    14.038    45.224    3.22×
  kkt_power        2063494    93265642    10.147    32.005    3.15×
  road_central    14081816    69990710     8.652    26.360    3.05×
  hugetrace-00020 16002413    99652167     9.142    27.463    3.00×
  hugebubbles-0002021198119   132690161    13.552    39.766    2.93×
  hugebubbles-0000018318143   113009849     9.906    28.788    2.91×
  hugebubbles-0001019458087   121526577    12.750    36.869    2.89×
  hugetrace-00010 12057441    74977771     7.248    19.696    2.72×
  hugetric-00010   6592765    41276239     4.596    12.024    2.62×
  hugetric-00020   7122792    44609736     4.993    13.022    2.61×
  germany_osm     11548845    42720261     5.755    13.610    2.36×
  rajat31          4690002    53118754     5.112    10.884    2.13×
  ... 另有 96 个

=== Auto vs HSMU:赢 249 / 输 88,几何均值(Auto/HSMU) 0.855× ===
  name                   n       C_nnz      HSMU      Auto    ratio
  c-big             345241   447991461    67.461   291.348    4.32×
  Cube_Coup_dt0    2164760   552667840   134.682   504.126    3.74×
  wb-edu           9845725   630077764   222.495   777.065    3.49×
  a0nsdsil           80016   175955042    19.060    34.120    1.79×
  dielFilterV3clx   420408   247299354    74.297   131.663    1.77×
  kkt_power        2063494    93265642    19.175    32.005    1.67×
  lowThrust_10       18260    51144876     6.213     9.494    1.53×
  lowThrust_8        17702    48095374     5.717     8.583    1.50×
  vsp_model1_crew1_cr42_south31   45101   394768783    25.899    38.736    1.50×
  dielFilterV3real 1102824   688649400   206.522   305.474    1.48×
  a5esindl           60008   175505062    16.318    24.071    1.48×
  lowThrust_4        13562    28327028     4.730     6.867    1.45×
  CurlCurl_4       2380515   133384865    15.900    23.060    1.45×
  bloweybq           10001   100020001     7.842    11.240    1.43×
  Stanford_Berkeley  683446    78130972   203.790   291.580    1.43×
  ... 另有 73 个

=== Auto vs bhSparse:赢 315 / 输 2,几何均值(Auto/bhSparse) 0.266× ===
  name                   n       C_nnz  bhSparse      Auto    ratio
  Cube_Coup_dt0    2164760   552667840   278.281   504.126    1.81×
  torso1            116158    19600778   296.575   367.095    1.24×

=== Auto vs dense:赢 138 / 输 0,几何均值(Auto/dense) 0.003× ===
  name                   n       C_nnz     dense      Auto    ratio

=== Auto vs cuBLAS:赢 137 / 输 1,几何均值(Auto/cuBLAS) 0.010× ===
  name                   n       C_nnz    cuBLAS      Auto    ratio
  gupta3             16783   270864545   299.118   371.280    1.24×
