############################################################
#  SpGEMM 6 法对比  →  compare/ocean337/methods_cmp_v27_harness.csv(稳定,resume)
#  cuSPARSE / Auto(ours) / Ocean / opSparse / HSMU / dense
#  模式:REFRESH=Auto(只重跑该列)
############################################################
### [1/3] 编译 spgemm_test(DBG=1) + spgemm_dense + cublas ###
  ✓ done
### [1b/3] 备份 HSMU /tmp CSV → /tmp/hsmu_backup_20260830_125826 ###
  ✓ 备份 0 个
### [2/3] 跑对比(compare_methods.py --out compare/ocean337/methods_cmp_v27_harness.csv --dir ./data/ocean/square --refresh-col Auto)###
Refresh 仅 'Auto' 列 × 337 阵(DENSE_TIMEOUT=600s)→ compare/ocean337/methods_cmp_v27_harness.csv

[1/337] 333SP          Auto=10.691     (18.6s)
[2/337] 3Dspectralwave Auto=110.256    (33.0s)
[3/337] 3Dspectralwave2 Auto=103.423    (21.1s)
[4/337] 3dtube         Auto=6.845      (11.3s)
[5/337] AS365          Auto=11.785     (20.3s)
[6/337] BenElechi1     Auto=9.088      (15.8s)
[7/337] Bump_2911      Auto=107.713    (89.2s)
[8/337] CO             Auto=19.453     (14.7s)
[9/337] Chevron4       Auto=4.309      (15.5s)
[10/337] CoupCons3D     Auto=17.607     (25.7s)
[11/337] Cube_Coup_dt0  Auto=110.788    (88.8s)
[12/337] CurlCurl_2     Auto=5.376      (14.8s)
[13/337] CurlCurl_3     Auto=7.98       (17.0s)
[14/337] CurlCurl_4     Auto=15.617     (23.3s)
[15/337] Dubcova3       Auto=2.95       (12.2s)
[16/337] Emilia_923     Auto=34.079     (26.3s)
[17/337] F1             Auto=124.965    (24.9s)
[18/337] F2             Auto=17.544     (12.9s)
[19/337] FEM_3D_thermal2 Auto=2.289      (12.9s)
[20/337] Fault_639      Auto=24.768     (21.9s)
[21/337] Flan_1565      Auto=142.338    (86.5s)
[22/337] Freescale1     Auto=8.944      (27.0s)
[23/337] Ga10As10H30    Auto=40.03      (13.5s)
[24/337] Ga19As19H42    Auto=75.426     (15.8s)
[25/337] Ga3As3H12      Auto=53.243     (13.8s)
[26/337] Ga41As41H72    Auto=223.412    (22.2s)
[27/337] GaAsH6         Auto=21.455     (12.0s)
[28/337] Ge87H76        Auto=63.297     (14.7s)
[29/337] Ge99H100       Auto=70.816     (14.9s)
[30/337] Geo_1438       Auto=51.84      (37.0s)
[31/337] H2O            Auto=5.122      (11.2s)
[32/337] HTC_336_4438   Auto=18.124     (11.2s)
[33/337] HTC_336_9129   Auto=22.501     (11.1s)
[34/337] Hook_1498      Auto=55.604     (63.5s)
[35/337] Long_Coup_dt6  Auto=89.428     (71.5s)
[36/337] M6             Auto=10.903     (19.0s)
[37/337] ML_Laplace     Auto=24.871     (29.5s)
[38/337] NLR            Auto=13.009     (20.9s)
[39/337] Reuters911     Auto=5.396      (10.5s)
[40/337] Serena         Auto=64.565     (63.0s)
[41/337] Si10H16        Auto=3.482      (10.5s)
[42/337] Si34H36        Auto=31.296     (12.9s)
[43/337] Si41Ge41H72    Auto=170.353    (19.6s)
[44/337] Si87H76        Auto=40.34      (16.2s)
[45/337] SiO            Auto=5.258      (10.9s)
[46/337] SiO2           Auto=240.996    (18.4s)
[47/337] Stanford_Berkeley Auto=292.512    (16.7s)
[48/337] StocF-1465     Auto=12.628     (20.1s)
[49/337] TSC_OPF_1047   Auto=5.541      (11.1s)
[50/337] TSC_OPF_300    Auto=5.685      (10.6s)
[51/337] TSOPF_FS_b300  Auto=71.646     (14.0s)
[52/337] TSOPF_FS_b300_c2 Auto=272.627    (47.8s)
[53/337] TSOPF_FS_b39_c7 Auto=25.158     (12.0s)
[54/337] TSOPF_FS_b9_c6 Auto=8.671      (10.4s)
[55/337] TSOPF_RS_b2052_c1 Auto=8.43       (15.2s)
[56/337] TSOPF_RS_b2383 Auto=29.922     (22.4s)
[57/337] TSOPF_RS_b2383_c1 Auto=29.919     (22.5s)
[58/337] TSOPF_RS_b678_c2 Auto=8.808      (16.5s)
[59/337] Zd_Jac2        Auto=3.864      (11.4s)
[60/337] Zd_Jac2_db     Auto=1.702      (10.6s)
[61/337] Zd_Jac3        Auto=5.194      (11.7s)
[62/337] Zd_Jac3_db     Auto=1.875      (10.6s)
[63/337] Zd_Jac6        Auto=4.58       (11.5s)
[64/337] Zd_Jac6_db     Auto=1.784      (10.7s)
[65/337] a0nsdsil       Auto=18.092     (11.5s)
[66/337] a2nnsnsl       Auto=18.342     (11.4s)
[67/337] a5esindl       Auto=11.273     (11.4s)
[68/337] af_0_k101      Auto=11.37      (17.9s)
[69/337] af_1_k101      Auto=11.361     (17.9s)
[70/337] af_2_k101      Auto=11.354     (17.9s)
[71/337] af_3_k101      Auto=11.343     (18.0s)
[72/337] af_4_k101      Auto=11.341     (18.1s)
[73/337] af_5_k101      Auto=11.371     (17.9s)
[74/337] af_shell1      Auto=10.639     (17.2s)
[75/337] af_shell10     Auto=28.968     (31.8s)
[76/337] af_shell2      Auto=10.848     (17.2s)
[77/337] af_shell3      Auto=10.85      (17.1s)
[78/337] af_shell4      Auto=10.854     (17.0s)
[79/337] af_shell5      Auto=10.857     (17.2s)
[80/337] af_shell6      Auto=10.665     (17.2s)
[81/337] af_shell7      Auto=10.84      (17.1s)
[82/337] af_shell8      Auto=10.877     (17.2s)
[83/337] af_shell9      Auto=10.672     (17.3s)
[84/337] appu           Auto=10.549     (12.4s)
[85/337] atmosmodd      Auto=4.15       (17.0s)
[86/337] atmosmodj      Auto=4.145      (17.0s)
[87/337] atmosmodl      Auto=4.362      (16.5s)
[88/337] atmosmodm      Auto=4.337      (16.5s)
[89/337] audikw_1       Auto=199.921    (76.3s)
[90/337] auto           Auto=4.722      (12.4s)
[91/337] av41092        Auto=6.601      (11.4s)
[92/337] bbmat          Auto=2.495      (11.4s)
[93/337] bcsstk30       Auto=2.716      (10.6s)
[94/337] bcsstk35       Auto=1.283      (10.5s)
[95/337] bcsstk36       Auto=1.088      (10.5s)
[96/337] bcsstk39       Auto=1.587      (10.9s)
[97/337] bloweya        Auto=7.042      (10.8s)
[98/337] bloweybl       Auto=5.393      (10.8s)
[99/337] bloweybq       Auto=11.547     (10.8s)
[100/337] bmw3_2         Auto=9.318      (14.6s)
[101/337] bmw7st_1       Auto=6.458      (13.3s)
[102/337] bmwcra_1       Auto=14.793     (14.8s)
[103/337] bone010        Auto=80.803     (62.8s)
[104/337] boneS01        Auto=6.063      (12.6s)
[105/337] boneS10        Auto=56.172     (31.4s)
[106/337] brainpc2       Auto=10.302     (11.5s)
[107/337] bundle1        Auto=6.236      (10.7s)
[108/337] c-43           Auto=2.525      (10.3s)
[109/337] c-45           Auto=4.161      (10.4s)
[110/337] c-53           Auto=5.893      (10.6s)
[111/337] c-57           Auto=17.058     (11.6s)
[112/337] c-58           Auto=7.679      (10.8s)
[113/337] c-62           Auto=7.422      (10.8s)
[114/337] c-62ghs        Auto=7.396      (10.8s)
[115/337] c-64           Auto=20.54      (11.7s)
[116/337] c-64b          Auto=20.871     (11.6s)
[117/337] c-66           Auto=7.011      (10.8s)
[118/337] c-66b          Auto=7.259      (10.6s)
[119/337] c-67           Auto=8.631      (10.8s)
[120/337] c-67b          Auto=8.329      (10.8s)
[121/337] c-71           Auto=14.042     (10.9s)
[122/337] c-73           Auto=76.835     (48.4s)
[123/337] c-73b          Auto=75.103     (48.0s)
[124/337] c-big          Auto=291.323    (44.1s)
[125/337] cage13         Auto=8.263      (16.3s)
[126/337] cage14         Auto=36.915     (34.1s)
[127/337] cage15         Auto=148.12     (128.0s)
[128/337] cant           Auto=4.267      (11.7s)
[129/337] case39         Auto=50.414     (39.6s)
[130/337] case9          Auto=8.621      (10.6s)
[131/337] cfd2           Auto=2.303      (11.3s)
[132/337] circuit_4      Auto=17.09      (11.1s)
[133/337] cnr-2000       Auto=8.515      (11.6s)
[134/337] conf5_4-8x8-05 Auto=1.899      (12.1s)
[135/337] conf5_4-8x8-10 Auto=1.913      (12.2s)
[136/337] conf5_4-8x8-15 Auto=1.901      (12.1s)
[137/337] conf5_4-8x8-20 Auto=1.898      (12.0s)
[138/337] conf6_0-8x8-20 Auto=1.919      (12.0s)
[139/337] conf6_0-8x8-30 Auto=1.896      (12.0s)
[140/337] conf6_0-8x8-80 Auto=1.914      (12.1s)
[141/337] consph         Auto=7.789      (12.6s)
[142/337] cop20k_A       Auto=2.962      (11.3s)
[143/337] crankseg_1     Auto=72.65      (15.2s)
[144/337] crankseg_2     Auto=115.816    (17.2s)
[145/337] crplat2        Auto=1.009      (10.4s)
[146/337] crystk02       Auto=1.28       (10.5s)
[147/337] crystk03       Auto=2.062      (10.7s)
[148/337] ct20stif       Auto=2.486      (11.2s)
[149/337] delaunay_n21   Auto=6.266      (14.0s)
[150/337] delaunay_n22   Auto=12.136     (18.3s)
[151/337] delaunay_n23   Auto=23.916     (26.6s)
[152/337] delaunay_n24   Auto=47.704     (69.3s)
[153/337] dielFilterV2clx Auto=33.871     (24.4s)
[154/337] dielFilterV2real Auto=66.838     (61.1s)
[155/337] dielFilterV3clx Auto=162.836    (30.5s)
[156/337] dielFilterV3real Auto=273.597    (84.8s)
[157/337] email-Enron    Auto=5.012      (10.4s)
[158/337] eu-2005        Auto=64.647     (19.7s)
[159/337] ex11           Auto=1.337      (10.8s)
[160/337] exdata_1       Auto=14.253     (11.1s)
[161/337] fcondp2        Auto=8.63       (12.5s)
[162/337] fem_filter     Auto=4.235      (11.7s)
[163/337] fem_hifreq_circuit Auto=25.124     (28.6s)
[164/337] filter3D       Auto=3.27       (11.4s)
[165/337] fp             Auto=2.921      (10.7s)
[166/337] fullb          Auto=9.863      (12.7s)
[167/337] gearbox        Auto=8.799      (12.2s)
[168/337] germany_osm    Auto=18.416     (19.9s)
[169/337] gsm_106857     Auto=27.675     (22.5s)
[170/337] gupta1         Auto=38.776     (38.6s)
[171/337] gupta2         Auto=97.187     (41.7s)
[172/337] gupta3         Auto=147.885    (15.4s)
[173/337] gyro           Auto=1.775      (10.4s)
[174/337] gyro_k         Auto=1.796      (10.4s)
[175/337] halfb          Auto=9.613      (12.8s)
[176/337] hangGlider_3   Auto=9.98       (10.7s)
[177/337] hangGlider_4   Auto=6.867      (11.4s)
[178/337] hangGlider_5   Auto=7.116      (11.6s)
[179/337] hood           Auto=8.092      (14.7s)
[180/337] hugebubbles-00000 Auto=33.246     (36.9s)
[181/337] hugebubbles-00010 Auto=36.062     (37.5s)
[182/337] hugebubbles-00020 Auto=39.062     (40.7s)
[183/337] hugetrace-00010 Auto=21.606     (25.5s)
[184/337] hugetrace-00020 Auto=28.709     (31.3s)
[185/337] hugetric-00010 Auto=12.116     (19.1s)
[186/337] hugetric-00020 Auto=13.08      (19.9s)
[187/337] iChem_Jacobian Auto=2.699      (13.8s)
[188/337] in-2004        Auto=219.52     (19.8s)
[189/337] inline_1       Auto=128.097    (29.9s)
[190/337] invextr1_new   Auto=3.296      (11.5s)
[191/337] kim2           Auto=6.092      (20.5s)
[192/337] kkt_power      Auto=14.805     (18.0s)
[193/337] laminar_duct3D Auto=5.015      (12.9s)
[194/337] largebasis     Auto=3.164      (14.2s)
[195/337] ldoor          Auto=34.128     (30.2s)
[196/337] li             Auto=2.639      (10.9s)
[197/337] lowThrust_10   Auto=5.155      (10.5s)
[198/337] lowThrust_11   Auto=5.29       (10.6s)
[199/337] lowThrust_12   Auto=5.295      (10.5s)
[200/337] lowThrust_13   Auto=5.314      (10.6s)
[201/337] lowThrust_4    Auto=6.722      (10.5s)
[202/337] lowThrust_5    Auto=4.297      (10.5s)
[203/337] lowThrust_6    Auto=4.642      (10.5s)
[204/337] lowThrust_7    Auto=4.702      (10.5s)
[205/337] lowThrust_8    Auto=4.961      (10.6s)
[206/337] lowThrust_9    Auto=5.04       (10.6s)
[207/337] m14b           Auto=2.403      (11.1s)
[208/337] m_t1           Auto=12.88      (14.2s)
[209/337] mixtank_new    Auto=3.895      (11.6s)
[210/337] mono_500Hz     Auto=8.919      (16.4s)
[211/337] mouse_gene     Auto=587.351    (58.4s)
[212/337] msc10848       Auto=3.018      (10.7s)
[213/337] msc23052       Auto=1.182      (10.6s)
[214/337] msdoor         Auto=15.04      (18.9s)
[215/337] mult_dcop_01   Auto=17.978     (39.7s)
[216/337] mult_dcop_02   Auto=17.881     (39.4s)
[217/337] mult_dcop_03   Auto=18.047     (39.6s)
[218/337] nasasrb        Auto=2.276      (11.2s)
[219/337] nd12k          Auto=81.711     (17.2s)
[220/337] nd24k          Auto=259.267    (22.9s)
[221/337] nd3k           Auto=11.574     (11.5s)
[222/337] nd6k           Auto=28.094     (13.2s)
[223/337] nemeth01       Auto=0.766      (10.5s)
[224/337] nemeth18       Auto=0.703      (10.4s)
[225/337] nemeth19       Auto=0.869      (10.4s)
[226/337] nemeth20       Auto=1.113      (10.6s)
[227/337] nemeth21       Auto=1.436      (10.6s)
[228/337] nemeth22       Auto=1.796      (10.9s)
[229/337] nemeth23       Auto=2.129      (10.8s)
[230/337] nemeth24       Auto=2.136      (10.6s)
[231/337] nemeth25       Auto=2.137      (10.8s)
[232/337] nemeth26       Auto=2.14       (11.0s)
[233/337] net100         Auto=9.201      (11.5s)
[234/337] net125         Auto=12.99      (12.0s)
[235/337] net150         Auto=17.999     (12.4s)
[236/337] net50          Auto=4.459      (10.6s)
[237/337] net75          Auto=6.357      (11.0s)
[238/337] nlpkkt120      Auto=71.614     (70.7s)
[239/337] nlpkkt80       Auto=28.596     (20.5s)
[240/337] ns3Da          Auto=5.522      (11.6s)
[241/337] offshore       Auto=3.265      (12.3s)
[242/337] ohne2          Auto=22.895     (17.4s)
[243/337] oilpan         Auto=2.643      (11.3s)
[244/337] olafu          Auto=1.094      (10.5s)
[245/337] opt1           Auto=4.1        (10.8s)
[246/337] para-10        Auto=21.276     (13.8s)
[247/337] para-4         Auto=15.696     (14.0s)
[248/337] para-5         Auto=21.261     (13.9s)
[249/337] para-6         Auto=21.329     (13.8s)
[250/337] para-7         Auto=21.247     (14.0s)
[251/337] para-8         Auto=21.305     (13.9s)
[252/337] para-9         Auto=21.252     (13.9s)
[253/337] patents        Auto=9.38       (21.6s)
[254/337] pattern1       Auto=70.691     (14.1s)
[255/337] pcrystk02      Auto=1.276      (10.3s)
[256/337] pcrystk03      Auto=2.075      (10.5s)
[257/337] pct20stif      Auto=2.495      (10.7s)
[258/337] pdb1HYS        Auto=8.775      (11.8s)
[259/337] pf2177         Auto=4.173      (10.4s)
[260/337] pkustk01       Auto=1.104      (10.2s)
[261/337] pkustk02       Auto=1.026      (10.2s)
[262/337] pkustk03       Auto=2.572      (10.9s)
[263/337] pkustk04       Auto=22.696     (12.2s)
[264/337] pkustk05       Auto=2.547      (10.6s)
[265/337] pkustk06       Auto=2.948      (10.6s)
[266/337] pkustk07       Auto=7.057      (10.7s)
[267/337] pkustk08       Auto=10.031     (10.9s)
[268/337] pkustk09       Auto=1.381      (10.3s)
[269/337] pkustk10       Auto=3.419      (10.8s)
[270/337] pkustk11       Auto=5.95       (11.4s)
[271/337] pkustk12       Auto=63.919     (41.0s)
[272/337] pkustk13       Auto=12.477     (11.8s)
[273/337] pkustk14       Auto=50.841     (14.1s)
[274/337] pli            Auto=2.62       (10.4s)
[275/337] poisson3Db     Auto=3.912      (12.4s)
[276/337] pre2           Auto=46.262     (43.0s)
[277/337] pwtk           Auto=7.937      (14.7s)
[278/337] raefsky3       Auto=1.119      (11.2s)
[279/337] raefsky4       Auto=1.672      (10.7s)
[280/337] rajat16        Auto=46.725     (42.8s)
[281/337] rajat17        Auto=43.142     (42.5s)
[282/337] rajat18        Auto=39.245     (42.0s)
[283/337] rajat20        Auto=39.656     (42.4s)
[284/337] rajat25        Auto=40.077     (42.9s)
[285/337] rajat28        Auto=41.448     (42.5s)
[286/337] rajat31        Auto=10.64      (26.0s)
[287/337] ramage02       Auto=8.426      (10.7s)
[288/337] rgg_n_2_19_s0  Auto=4.403      (11.6s)
[289/337] rgg_n_2_20_s0  Auto=9.235      (13.5s)
[290/337] rgg_n_2_21_s0  Auto=18.457     (17.4s)
[291/337] rgg_n_2_22_s0  Auto=37.316     (25.9s)
[292/337] rma10          Auto=2.298      (11.7s)
[293/337] road_central   Auto=24.954     (29.1s)
[294/337] road_usa       Auto=41.66      (36.6s)
[295/337] s3dkq4m2       Auto=3.35       (12.1s)
[296/337] s3dkt3m2       Auto=2.503      (11.5s)
[297/337] ship_001       Auto=14.142     (12.0s)
[298/337] ship_003       Auto=8.512      (13.1s)
[299/337] shipsec1       Auto=5.905      (12.8s)
[300/337] shipsec5       Auto=7.885      (13.6s)
[301/337] shipsec8       Auto=5.586      (12.4s)
[302/337] sinc18         Auto=3.607      (11.1s)
[303/337] sme3Da         Auto=2.068      (10.7s)
[304/337] sme3Db         Auto=6.377      (11.8s)
[305/337] sme3Dc         Auto=10.034     (12.9s)
[306/337] soc-Slashdot0811 Auto=12.835     (11.1s)
[307/337] soc-Slashdot0902 Auto=13.497     (11.2s)
[308/337] sparsine       Auto=3.586      (11.1s)
[309/337] srb1           Auto=2.3        (10.9s)
[310/337] std1_Jac2      Auto=3.234      (11.0s)
[311/337] std1_Jac3      Auto=4.141      (11.3s)
[312/337] std1_Jac3_db   Auto=1.506      (10.5s)
[313/337] t3dh           Auto=6.218      (12.0s)
[314/337] t3dh_a         Auto=6.093      (12.3s)
[315/337] t3dh_e         Auto=6.187      (12.0s)
[316/337] thermal2       Auto=3.965      (14.6s)
[317/337] thread         Auto=15.402     (12.0s)
[318/337] torso1         Auto=183.579    (18.1s)
[319/337] torso3         Auto=3.09       (13.7s)
[320/337] trdheim        Auto=2.256      (10.5s)
[321/337] troll          Auto=10.711     (12.5s)
[322/337] tsyl201        Auto=3.568      (10.6s)
[323/337] vanbody        Auto=2.306      (11.1s)
[324/337] vsp_bcsstk30_500sep_10in_1Kout Auto=6.398      (11.4s)
[325/337] vsp_befref_fxm_2_4_air02 Auto=4.872      (10.4s)
[326/337] vsp_model1_crew1_cr42_south31 Auto=19.517     (38.8s)
[327/337] vsp_msc10848_300sep_100in_1Kout Auto=7.983      (10.7s)
[328/337] vsp_south31_slptsk Auto=17.71      (38.8s)
[329/337] water_tank     Auto=1.679      (11.7s)
[330/337] wb-edu         Auto=259.157    (67.5s)
[331/337] web-BerkStan   Auto=18.195     (13.4s)
[332/337] web-Google     Auto=7.41       (14.2s)
[333/337] web-NotreDame  Auto=8.544      (10.9s)
[334/337] webbase-1M     Auto=30.214     (13.2s)
[335/337] windscreen     Auto=1.728      (10.9s)
[336/337] x104           Auto=13.926     (14.5s)
[337/337] xenon2         Auto=2.545      (12.9s)

=== 几何均值(ms) ===
  cu          31.581
  Auto        10.323
  Ocean        6.978
  opSparse    17.433
  HSMU        14.426
  bhSparse    40.528
  dense     2477.293
  cublas     634.532

=== Auto 选择(共 171 阵)===  hash 171 / merge3 0

=== Auto vs cuSPARSE:赢 249 / 输 22,几何均值(Auto/cuSPARSE) 0.213× ===
  name                   n       C_nnz  cuSPARSE      Auto    ratio
  Stanford_Berkeley  683446    78130972    45.694   292.512    6.40×
  3Dspectralwave2   292008   205185672    28.313   103.423    3.65×
  webbase-1M       1000005    51111996     9.512    30.214    3.18×
  hugetric-00020   7122792    44609736     5.449    13.080    2.40×
  hugetric-00010   6592765    41276239     5.104    12.116    2.37×
  TSOPF_RS_b2383     38120    74318317    19.261    29.922    1.55×
  TSOPF_RS_b2383_c1   38120    74318317    19.273    29.919    1.55×
  Chevron4          711450    17706328     3.089     4.309    1.39×
  Freescale1       3428755    45276331     6.943     8.944    1.29×
  M6               3501776    68984930     8.464    10.903    1.29×
  NLR              4163763    82016497    10.102    13.009    1.29×
  AS365            3799275    74616587     9.225    11.785    1.28×
  c-71               76638    52538716    11.109    14.042    1.26×
  333SP            3712815    71961733     8.466    10.691    1.26×
  delaunay_n22     4194304    86836968     9.811    12.136    1.24×
  ... 另有 7 个

=== Auto vs Ocean:赢 32 / 输 304,几何均值(Auto/Ocean) 1.465× ===
  name                   n       C_nnz     Ocean      Auto    ratio
  in-2004          1382908   213255458    32.095   219.520    6.84×
  c-big             345241   447991461    59.956   291.323    4.86×
  3Dspectralwave2   292008   205185672    22.501   103.423    4.60×
  Ga41As41H72       268096   231455088    52.140   223.412    4.28×
  crankseg_2         63838   104590168    27.751   115.816    4.17×
  crankseg_1         52804    75096904    18.348    72.650    3.96×
  Si41Ge41H72       185639   173776869    44.985   170.353    3.79×
  dielFilterV3clx   420408   247299354    43.882   162.836    3.71×
  road_usa        23947347   119546805    11.921    41.660    3.49×
  Ge99H100          112985   105811785    20.264    70.816    3.49×
  germany_osm     11548845    42720261     5.337    18.416    3.45×
  Ge87H76           112985    99053985    18.509    63.297    3.42×
  F1                343791   224484403    36.747   124.965    3.40×
  pkustk14          151926    72584244    15.675    50.841    3.24×
  nd24k              72000   189190604    80.041   259.267    3.24×
  ... 另有 289 个

=== Auto vs opSparse:赢 226 / 输 92,几何均值(Auto/opSparse) 0.531× ===
  name                   n       C_nnz  opSparse      Auto    ratio
  hugebubbles-0000018318143   113009849     9.906    33.246    3.36×
  germany_osm     11548845    42720261     5.755    18.416    3.20×
  hugetrace-00020 16002413    99652167     9.142    28.709    3.14×
  hugetrace-00010 12057441    74977771     7.248    21.606    2.98×
  in-2004          1382908   213255458    75.438   219.520    2.91×
  road_central    14081816    69990710     8.652    24.954    2.88×
  hugebubbles-0002021198119   132690161    13.552    39.062    2.88×
  wb-edu           9845725   630077764    91.272   259.157    2.84×
  hugebubbles-0001019458087   121526577    12.750    36.062    2.83×
  hugetric-00010   6592765    41276239     4.596    12.116    2.64×
  hugetric-00020   7122792    44609736     4.993    13.080    2.62×
  dielFilterV3clx   420408   247299354    73.311   162.836    2.22×
  webbase-1M       1000005    51111996    14.038    30.214    2.15×
  rajat31          4690002    53118754     5.112    10.640    2.08×
  web-BerkStan      685230    78350597     9.319    18.195    1.95×
  ... 另有 77 个

=== Auto vs HSMU:赢 298 / 输 39,几何均值(Auto/HSMU) 0.716× ===
  name                   n       C_nnz      HSMU      Auto    ratio
  c-big             345241   447991461    67.461   291.323    4.32×
  3Dspectralwave2   292008   205185672    41.808   103.423    2.47×
  dielFilterV3clx   420408   247299354    74.297   162.836    2.19×
  F1                343791   224484403    66.621   124.965    1.88×
  inline_1          503712   253084638    72.640   128.097    1.76×
  pkustk14          151926    72584244    29.650    50.841    1.71×
  Ge99H100          112985   105811785    46.335    70.816    1.53×
  Ga41As41H72       268096   231455088   146.753   223.412    1.52×
  Ge87H76           112985    99053985    42.436    63.297    1.49×
  bloweybq           10001   100020001     7.842    11.547    1.47×
  crankseg_2         63838   104590168    79.271   115.816    1.46×
  nd24k              72000   189190604   179.008   259.267    1.45×
  Stanford_Berkeley  683446    78130972   203.790   292.512    1.44×
  lowThrust_4        13562    28327028     4.730     6.722    1.42×
  crankseg_1         52804    75096904    52.432    72.650    1.39×
  ... 另有 24 个

=== Auto vs bhSparse:赢 314 / 输 3,几何均值(Auto/bhSparse) 0.229× ===
  name                   n       C_nnz  bhSparse      Auto    ratio
  3Dspectralwave2   292008   205185672    38.436   103.423    2.69×
  3Dspectralwave    680943   490478007    87.620   110.256    1.26×
  dielFilterV3clx   420408   247299354   159.309   162.836    1.02×

=== Auto vs dense:赢 138 / 输 0,几何均值(Auto/dense) 0.002× ===
  name                   n       C_nnz     dense      Auto    ratio

=== Auto vs cuBLAS:赢 138 / 输 0,几何均值(Auto/cuBLAS) 0.008× ===
  name                   n       C_nnz    cuBLAS      Auto    ratio
  ✓ CSV: compare/ocean337/methods_cmp_v27_harness.csv (337 阵)
### [3/3] 报告 + 柱状图 ###
  ✓ compare/ocean337/methods_cmp_v27_harness_report.txt
  ✗ 画图失败

############################################################
#  完成!稳定产物(HSMU /tmp CSV 由 EXIT trap 已恢复):
#    compare/ocean337/methods_cmp_v27_harness.csv          (6 法 timing,resume)
#    compare/ocean337/methods_cmp_v27_harness_report.txt       (Auto vs 各基线 输赢)
#    compare/ocean337/methods_cmp_v27_harness_bar.png          (按密度类别柱状图)
############################################################

================ Auto vs 各基线 输赢 ====================
Auto vs cuSPARSE:赢 249 / 输 22,几何均值(Auto/cuSPARSE) 0.213×
----------------------------------------------------------------------------------------------------
name                   n       C_nnz    cuSPARSE        Auto    ratio
Stanford_Berkeley  683446    78130972      45.694     292.512    6.40×
3Dspectralwave2   292008   205185672      28.313     103.423    3.65×
webbase-1M       1000005    51111996       9.512      30.214    3.18×
hugetric-00020   7122792    44609736       5.449      13.080    2.40×
hugetric-00010   6592765    41276239       5.104      12.116    2.37×
TSOPF_RS_b2383     38120    74318317      19.261      29.922    1.55×
TSOPF_RS_b2383_c1   38120    74318317      19.273      29.919    1.55×
Chevron4          711450    17706328       3.089       4.309    1.39×
Freescale1       3428755    45276331       6.943       8.944    1.29×
M6               3501776    68984930       8.464      10.903    1.29×
NLR              4163763    82016497      10.102      13.009    1.29×
AS365            3799275    74616587       9.225      11.785    1.28×
c-71               76638    52538716      11.109      14.042    1.26×
333SP            3712815    71961733       8.466      10.691    1.26×
delaunay_n22     4194304    86836968       9.811      12.136    1.24×
delaunay_n23     8388608   173665202      19.678      23.916    1.22×
c-big             345241   447991461     242.664     291.323    1.20×
delaunay_n21     2097152    43417524       5.251       6.266    1.19×
circuit_4          80209    87091024      14.965      17.090    1.14×
atmosmodd        1270432    31215208       3.899       4.150    1.06×
  ... 另有 2 个

====================================================================================================
Auto vs Ocean:赢 32 / 输 304,几何均值(Auto/Ocean) 1.465×
----------------------------------------------------------------------------------------------------
name                   n       C_nnz       Ocean        Auto    ratio
in-2004          1382908   213255458      32.095     219.520    6.84×
c-big             345241   447991461      59.956     291.323    4.86×
3Dspectralwave2   292008   205185672      22.501     103.423    4.60×
Ga41As41H72       268096   231455088      52.140     223.412    4.28×
crankseg_2         63838   104590168      27.751     115.816    4.17×
crankseg_1         52804    75096904      18.348      72.650    3.96×
Si41Ge41H72       185639   173776869      44.985     170.353    3.79×
dielFilterV3clx   420408   247299354      43.882     162.836    3.71×
road_usa        23947347   119546805      11.921      41.660    3.49×
Ge99H100          112985   105811785      20.264      70.816    3.49×
germany_osm     11548845    42720261       5.337      18.416    3.45×
Ge87H76           112985    99053985      18.509      63.297    3.42×
F1                343791   224484403      36.747     124.965    3.40×
pkustk14          151926    72584244      15.675      50.841    3.24×
nd24k              72000   189190604      80.041     259.267    3.24×
Ga19As19H42       133123   108051533      23.299      75.426    3.24×
pre2              659033   323445872      15.166      46.262    3.05×
hugebubbles-0000018318143   113009849      11.068      33.246    3.00×
hugetrace-00010 12057441    74977771       7.317      21.606    2.95×
TSOPF_RS_b2383_c1   38120    74318317      10.189      29.919    2.94×
  ... 另有 284 个

====================================================================================================
Auto vs opSparse:赢 226 / 输 92,几何均值(Auto/opSparse) 0.531×
----------------------------------------------------------------------------------------------------
name                   n       C_nnz    opSparse        Auto    ratio
hugebubbles-0000018318143   113009849       9.906      33.246    3.36×
germany_osm     11548845    42720261       5.755      18.416    3.20×
hugetrace-00020 16002413    99652167       9.142      28.709    3.14×
hugetrace-00010 12057441    74977771       7.248      21.606    2.98×
in-2004          1382908   213255458      75.438     219.520    2.91×
road_central    14081816    69990710       8.652      24.954    2.88×
hugebubbles-0002021198119   132690161      13.552      39.062    2.88×
wb-edu           9845725   630077764      91.272     259.157    2.84×
hugebubbles-0001019458087   121526577      12.750      36.062    2.83×
hugetric-00010   6592765    41276239       4.596      12.116    2.64×
hugetric-00020   7122792    44609736       4.993      13.080    2.62×
dielFilterV3clx   420408   247299354      73.311     162.836    2.22×
webbase-1M       1000005    51111996      14.038      30.214    2.15×
rajat31          4690002    53118754       5.112      10.640    2.08×
web-BerkStan      685230    78350597       9.319      18.195    1.95×
inline_1          503712   253084638      69.079     128.097    1.85×
web-Google        916428    29710164       4.024       7.410    1.84×
F1                343791   224484403      68.031     124.965    1.84×
Ga41As41H72       268096   231455088     131.394     223.412    1.70×
nlpkkt80         1062400   154663144      17.782      28.596    1.61×
  ... 另有 72 个

====================================================================================================
Auto vs HSMU:赢 298 / 输 39,几何均值(Auto/HSMU) 0.716×
----------------------------------------------------------------------------------------------------
name                   n       C_nnz        HSMU        Auto    ratio
c-big             345241   447991461      67.461     291.323    4.32×
3Dspectralwave2   292008   205185672      41.808     103.423    2.47×
dielFilterV3clx   420408   247299354      74.297     162.836    2.19×
F1                343791   224484403      66.621     124.965    1.88×
inline_1          503712   253084638      72.640     128.097    1.76×
pkustk14          151926    72584244      29.650      50.841    1.71×
Ge99H100          112985   105811785      46.335      70.816    1.53×
Ga41As41H72       268096   231455088     146.753     223.412    1.52×
Ge87H76           112985    99053985      42.436      63.297    1.49×
bloweybq           10001   100020001       7.842      11.547    1.47×
crankseg_2         63838   104590168      79.271     115.816    1.46×
nd24k              72000   189190604     179.008     259.267    1.45×
Stanford_Berkeley  683446    78130972     203.790     292.512    1.44×
lowThrust_4        13562    28327028       4.730       6.722    1.42×
crankseg_1         52804    75096904      52.432      72.650    1.39×
F2                 71505    39648121      12.721      17.544    1.38×
Si34H36            97569    65211697      22.838      31.296    1.37×
dielFilterV3real 1102824   688649400     206.522     273.597    1.32×
Ga19As19H42       133123   108051533      57.385      75.426    1.31×
web-BerkStan      685230    78350597      14.745      18.195    1.23×
  ... 另有 19 个

====================================================================================================
Auto vs dense:赢 138 / 输 0,几何均值(Auto/dense) 0.002×
----------------------------------------------------------------------------------------------------
name                   n       C_nnz       dense        Auto    ratio

====================================================================================================
Auto vs cuBLAS:赢 138 / 输 0,几何均值(Auto/cuBLAS) 0.008×
----------------------------------------------------------------------------------------------------
name                   n       C_nnz      cuBLAS        Auto    ratio
