Refresh 仅 'Auto' 列 × 337 阵(DENSE_TIMEOUT=600s)→ compare/ocean337/methods_cmp_clean.csv.csv

[1/337] 333SP          Auto=10.666     (9.5s)
[2/337] 3Dspectralwave Auto=32.363     (14.4s)
[3/337] 3Dspectralwave2 Auto=13.19      (9.0s)
[4/337] 3dtube         Auto=6.735      (5.6s)
[5/337] AS365          Auto=11.842     (10.1s)
[6/337] BenElechi1     Auto=9.463      (7.9s)
[7/337] Bump_2911      Auto=107.335    (44.7s)
[8/337] CO             Auto=18.176     (6.9s)
[9/337] Chevron4       Auto=4.353      (7.9s)
[10/337] CoupCons3D     Auto=19.152     (12.7s)
[11/337] Cube_Coup_dt0  Auto=346.807    (45.7s)
[12/337] CurlCurl_2     Auto=6.724      (7.2s)
[13/337] CurlCurl_3     Auto=9.723      (8.5s)
[14/337] CurlCurl_4     Auto=18.691     (11.8s)
[15/337] Dubcova3       Auto=4.145      (6.1s)
[16/337] Emilia_923     Auto=36.073     (13.0s)
[17/337] F1             Auto=69.218     (12.2s)
[18/337] F2             Auto=14.635     (6.5s)
[19/337] FEM_3D_thermal2 Auto=2.424      (6.4s)
[20/337] Fault_639      Auto=25.317     (10.8s)
[21/337] Flan_1565      Auto=142.113    (43.5s)
[22/337] Freescale1     Auto=8.959      (13.4s)
[23/337] Ga10As10H30    Auto=26.692     (6.7s)
[24/337] Ga19As19H42    Auto=46.586     (7.4s)
[25/337] Ga3As3H12      Auto=54.244     (6.9s)
[26/337] Ga41As41H72    Auto=102.377    (10.3s)
[27/337] GaAsH6         Auto=21.639     (6.1s)
[28/337] Ge87H76        Auto=40.6       (7.3s)
[29/337] Ge99H100       Auto=44.628     (7.4s)
[30/337] Geo_1438       Auto=54.618     (18.5s)
[31/337] H2O            Auto=5.144      (5.7s)
[32/337] HTC_336_4438   Auto=19.836     (5.6s)
[33/337] HTC_336_9129   Auto=19.17      (5.5s)
[34/337] Hook_1498      Auto=59.144     (31.5s)
[35/337] Long_Coup_dt6  Auto=99.448     (36.3s)
[36/337] M6             Auto=11.551     (9.6s)
[37/337] ML_Laplace     Auto=38.901     (15.1s)
[38/337] NLR            Auto=13.028     (10.6s)
[39/337] Reuters911     Auto=5.468      (5.2s)
[40/337] Serena         Auto=64.354     (32.2s)
[41/337] Si10H16        Auto=3.442      (5.3s)
[42/337] Si34H36        Auto=22.325     (6.6s)
[43/337] Si41Ge41H72    Auto=88.887     (9.3s)
[44/337] Si87H76        Auto=30.021     (8.0s)
[45/337] SiO            Auto=4.516      (5.4s)
[46/337] SiO2           Auto=245.121    (9.2s)
[47/337] Stanford_Berkeley Auto=328.799    (8.6s)
[48/337] StocF-1465     Auto=17.354     (10.3s)
[49/337] TSC_OPF_1047   Auto=5.808      (5.6s)
[50/337] TSC_OPF_300    Auto=5.663      (5.4s)
[51/337] TSOPF_FS_b300  Auto=73.162     (7.0s)
[52/337] TSOPF_FS_b300_c2 Auto=273.561    (24.0s)
[53/337] TSOPF_FS_b39_c7 Auto=25.22      (5.8s)
[54/337] TSOPF_FS_b9_c6 Auto=9.323      (5.2s)
[55/337] TSOPF_RS_b2052_c1 Auto=8.686      (8.1s)
[56/337] TSOPF_RS_b2383 Auto=30.649     (11.2s)
[57/337] TSOPF_RS_b2383_c1 Auto=30.666     (11.3s)
[58/337] TSOPF_RS_b678_c2 Auto=8.868      (8.5s)
[59/337] Zd_Jac2        Auto=5.459      (5.7s)
[60/337] Zd_Jac2_db     Auto=1.975      (5.3s)
[61/337] Zd_Jac3        Auto=6.603      (5.8s)
[62/337] Zd_Jac3_db     Auto=1.889      (5.3s)
[63/337] Zd_Jac6        Auto=6.119      (5.7s)
[64/337] Zd_Jac6_db     Auto=1.815      (5.4s)
[65/337] a0nsdsil       Auto=16.118     (5.6s)
[66/337] a2nnsnsl       Auto=19.327     (5.8s)
[67/337] a5esindl       Auto=13.286     (5.7s)
[68/337] af_0_k101      Auto=11.233     (8.9s)
[69/337] af_1_k101      Auto=11.261     (9.1s)
[70/337] af_2_k101      Auto=11.293     (9.0s)
[71/337] af_3_k101      Auto=11.257     (8.9s)
[72/337] af_4_k101      Auto=11.271     (9.1s)
[73/337] af_5_k101      Auto=11.238     (9.1s)
[74/337] af_shell1      Auto=10.766     (8.6s)
[75/337] af_shell10     Auto=28.8       (16.1s)
[76/337] af_shell2      Auto=10.763     (8.6s)
[77/337] af_shell3      Auto=10.755     (8.6s)
[78/337] af_shell4      Auto=10.766     (8.7s)
[79/337] af_shell5      Auto=10.81      (8.7s)
[80/337] af_shell6      Auto=10.791     (8.7s)
[81/337] af_shell7      Auto=10.86      (8.6s)
[82/337] af_shell8      Auto=10.762     (8.8s)
[83/337] af_shell9      Auto=10.748     (8.7s)
[84/337] appu           Auto=11.009     (6.3s)
[85/337] atmosmodd      Auto=4.169      (8.6s)
[86/337] atmosmodj      Auto=4.14       (8.6s)
[87/337] atmosmodl      Auto=4.332      (8.6s)
[88/337] atmosmodm      Auto=4.355      (8.3s)
[89/337] audikw_1       Auto=168.91     (38.5s)
[90/337] auto           Auto=5.575      (6.5s)
[91/337] av41092        Auto=6.879      (6.0s)
[92/337] bbmat          Auto=3.279      (5.8s)
[93/337] bcsstk30       Auto=3.172      (5.3s)
[94/337] bcsstk35       Auto=1.624      (5.6s)
[95/337] bcsstk36       Auto=1.506      (5.5s)
[96/337] bcsstk39       Auto=2.036      (5.6s)
[97/337] bloweya        Auto=7.725      (5.4s)
[98/337] bloweybl       Auto=6.386      (5.5s)
[99/337] bloweybq       Auto=11.301     (5.4s)
[100/337] bmw3_2         Auto=9.751      (7.3s)
[101/337] bmw7st_1       Auto=6.589      (6.6s)
[102/337] bmwcra_1       Auto=13.832     (7.5s)
[103/337] bone010        Auto=80.656     (31.9s)
[104/337] boneS01        Auto=6.889      (6.3s)
[105/337] boneS10        Auto=55.904     (15.7s)
[106/337] brainpc2       Auto=10.891     (5.7s)
[107/337] bundle1        Auto=6.21       (5.1s)
[108/337] c-43           Auto=2.93       (5.1s)
[109/337] c-45           Auto=4.307      (5.4s)
[110/337] c-53           Auto=6.143      (5.4s)
[111/337] c-57           Auto=17.518     (5.8s)
[112/337] c-58           Auto=7.492      (5.3s)
[113/337] c-62           Auto=8.343      (5.4s)
[114/337] c-62ghs        Auto=7.556      (5.3s)
[115/337] c-64           Auto=21.596     (5.9s)
[116/337] c-64b          Auto=21.605     (5.8s)
[117/337] c-66           Auto=8.406      (5.4s)
[118/337] c-66b          Auto=8.153      (5.3s)
[119/337] c-67           Auto=9.477      (5.4s)
[120/337] c-67b          Auto=8.682      (5.4s)
[121/337] c-71           Auto=14.746     (5.5s)
[122/337] c-73           Auto=78.06      (23.9s)
[123/337] c-73b          Auto=79.069     (24.0s)
[124/337] c-big          Auto=291.357    (21.9s)
[125/337] cage13         Auto=9.436      (8.2s)
[126/337] cage14         Auto=36.897     (16.7s)
[127/337] cage15         Auto=148.071    (62.5s)
[128/337] cant           Auto=4.417      (5.9s)
[129/337] case39         Auto=50.818     (19.6s)
[130/337] case9          Auto=8.887      (5.2s)
[131/337] cfd2           Auto=2.621      (5.5s)
[132/337] circuit_4      Auto=16.566     (5.4s)
[133/337] cnr-2000       Auto=9.46       (5.7s)
[134/337] conf5_4-8x8-05 Auto=2.123      (6.1s)
[135/337] conf5_4-8x8-10 Auto=2.138      (5.9s)
[136/337] conf5_4-8x8-15 Auto=2.13       (6.0s)
[137/337] conf5_4-8x8-20 Auto=2.126      (6.0s)
[138/337] conf6_0-8x8-20 Auto=2.115      (6.0s)
[139/337] conf6_0-8x8-30 Auto=2.115      (6.0s)
[140/337] conf6_0-8x8-80 Auto=2.118      (6.0s)
[141/337] consph         Auto=7.699      (6.2s)
[142/337] cop20k_A       Auto=3.339      (5.6s)
[143/337] crankseg_1     Auto=36.282     (7.4s)
[144/337] crankseg_2     Auto=56.596     (8.2s)
[145/337] crplat2        Auto=1.04       (5.2s)
[146/337] crystk02       Auto=1.619      (5.3s)
[147/337] crystk03       Auto=2.372      (5.4s)
[148/337] ct20stif       Auto=2.955      (5.5s)
[149/337] delaunay_n21   Auto=6.278      (7.2s)
[150/337] delaunay_n22   Auto=12.309     (9.2s)
[151/337] delaunay_n23   Auto=23.907     (13.3s)
[152/337] delaunay_n24   Auto=47.694     (34.7s)
[153/337] dielFilterV2clx Auto=35.457     (12.0s)
[154/337] dielFilterV2real Auto=66.612     (30.3s)
[155/337] dielFilterV3clx Auto=128.171    (15.0s)
[156/337] dielFilterV3real Auto=287.014    (42.4s)
[157/337] email-Enron    Auto=5.199      (5.1s)
[158/337] eu-2005        Auto=61.941     (9.8s)
[159/337] ex11           Auto=1.61       (5.4s)
[160/337] exdata_1       Auto=14.621     (5.6s)
[161/337] fcondp2        Auto=9.061      (6.3s)
[162/337] fem_filter     Auto=7.007      (6.0s)
[163/337] fem_hifreq_circuit Auto=24.998     (14.2s)
[164/337] filter3D       Auto=3.921      (5.7s)
[165/337] fp             Auto=3.154      (5.2s)
[166/337] fullb          Auto=10.968     (6.4s)
[167/337] gearbox        Auto=9.364      (5.9s)
[168/337] germany_osm    Auto=13.66      (9.8s)
[169/337] gsm_106857     Auto=27.514     (11.1s)
[170/337] gupta1         Auto=39.693     (19.2s)
[171/337] gupta2         Auto=97.645     (20.7s)
[172/337] gupta3         Auto=150.621    (7.6s)
[173/337] gyro           Auto=2.38       (5.2s)
[174/337] gyro_k         Auto=2.37       (5.3s)
[175/337] halfb          Auto=10.374     (6.4s)
[176/337] hangGlider_3   Auto=9.793      (5.4s)
[177/337] hangGlider_4   Auto=7.181      (5.8s)
[178/337] hangGlider_5   Auto=7.464      (5.8s)
[179/337] hood           Auto=8.86       (7.3s)
[180/337] hugebubbles-00000 Auto=28.827     (18.0s)
[181/337] hugebubbles-00010 Auto=36.884     (18.5s)
[182/337] hugebubbles-00020 Auto=39.835     (20.2s)
[183/337] hugetrace-00010 Auto=19.74      (12.6s)
[184/337] hugetrace-00020 Auto=27.494     (15.7s)
[185/337] hugetric-00010 Auto=12.075     (9.5s)
[186/337] hugetric-00020 Auto=13.211     (9.8s)
[187/337] iChem_Jacobian Auto=3.223      (6.8s)
[188/337] in-2004        Auto=98.592     (9.1s)
[189/337] inline_1       Auto=89.079     (14.4s)
[190/337] invextr1_new   Auto=4.064      (5.9s)
[191/337] kim2           Auto=6.518      (10.3s)
[192/337] kkt_power      Auto=27.254     (8.9s)
[193/337] laminar_duct3D Auto=4.89       (6.5s)
[194/337] largebasis     Auto=3.48       (7.1s)
[195/337] ldoor          Auto=35.571     (15.0s)
[196/337] li             Auto=3.594      (5.5s)
[197/337] lowThrust_10   Auto=5.273      (5.3s)
[198/337] lowThrust_11   Auto=5.226      (5.4s)
[199/337] lowThrust_12   Auto=5.382      (5.3s)
[200/337] lowThrust_13   Auto=5.468      (5.4s)
[201/337] lowThrust_4    Auto=6.873      (5.1s)
[202/337] lowThrust_5    Auto=4.419      (5.2s)
[203/337] lowThrust_6    Auto=4.711      (5.2s)
[204/337] lowThrust_7    Auto=4.802      (5.2s)
[205/337] lowThrust_8    Auto=5.032      (5.3s)
[206/337] lowThrust_9    Auto=5.191      (5.2s)
[207/337] m14b           Auto=2.828      (5.7s)
[208/337] m_t1           Auto=15.853     (7.1s)
[209/337] mixtank_new    Auto=4.275      (5.7s)
[210/337] mono_500Hz     Auto=8.073      (8.1s)
[211/337] mouse_gene     Auto=598.397    (29.0s)
[212/337] msc10848       Auto=3.433      (5.4s)
[213/337] msc23052       Auto=1.546      (5.2s)
[214/337] msdoor         Auto=16.212     (9.4s)
[215/337] mult_dcop_01   Auto=19.512     (19.7s)
[216/337] mult_dcop_02   Auto=19.524     (19.8s)
[217/337] mult_dcop_03   Auto=19.734     (19.7s)
[218/337] nasasrb        Auto=2.774      (5.5s)
[219/337] nd12k          Auto=70.42      (8.5s)
[220/337] nd24k          Auto=150.245    (11.7s)
[221/337] nd3k           Auto=11.881     (5.8s)
[222/337] nd6k           Auto=29.242     (6.6s)
[223/337] nemeth01       Auto=0.586      (5.2s)
[224/337] nemeth18       Auto=0.548      (5.2s)
[225/337] nemeth19       Auto=0.656      (5.2s)
[226/337] nemeth20       Auto=1.062      (5.2s)
[227/337] nemeth21       Auto=1.838      (5.3s)
[228/337] nemeth22       Auto=1.97       (5.3s)
[229/337] nemeth23       Auto=2.324      (5.4s)
[230/337] nemeth24       Auto=2.331      (5.4s)
[231/337] nemeth25       Auto=2.346      (5.3s)
[232/337] nemeth26       Auto=2.357      (5.4s)
[233/337] net100         Auto=9.684      (5.8s)
[234/337] net125         Auto=13.618     (5.9s)
[235/337] net150         Auto=18.369     (6.2s)
[236/337] net50          Auto=4.651      (5.2s)
[237/337] net75          Auto=6.689      (5.7s)
[238/337] nlpkkt120      Auto=69.718     (35.5s)
[239/337] nlpkkt80       Auto=28.973     (10.2s)
[240/337] ns3Da          Auto=4.918      (5.7s)
[241/337] offshore       Auto=3.427      (6.0s)
[242/337] ohne2          Auto=18.965     (8.7s)
[243/337] oilpan         Auto=3.012      (5.6s)
[244/337] olafu          Auto=1.577      (5.2s)
[245/337] opt1           Auto=4.019      (5.2s)
[246/337] para-10        Auto=21.532     (6.9s)
[247/337] para-4         Auto=15.706     (6.9s)
[248/337] para-5         Auto=21.545     (6.9s)
[249/337] para-6         Auto=21.589     (6.7s)
[250/337] para-7         Auto=21.594     (6.9s)
[251/337] para-8         Auto=21.54      (6.9s)
[252/337] para-9         Auto=21.495     (6.9s)
[253/337] patents        Auto=10.161     (10.7s)
[254/337] pattern1       Auto=72.371     (7.1s)
[255/337] pcrystk02      Auto=1.649      (5.2s)
[256/337] pcrystk03      Auto=2.401      (5.2s)
[257/337] pct20stif      Auto=2.971      (5.5s)
[258/337] pdb1HYS        Auto=8.385      (5.8s)
[259/337] pf2177         Auto=4.633      (5.2s)
[260/337] pkustk01       Auto=1.571      (5.2s)
[261/337] pkustk02       Auto=1.041      (5.1s)
[262/337] pkustk03       Auto=2.964      (5.4s)
[263/337] pkustk04       Auto=24.733     (6.0s)
[264/337] pkustk05       Auto=3.01       (5.4s)
[265/337] pkustk06       Auto=3.424      (5.4s)
[266/337] pkustk07       Auto=5.625      (5.3s)
[267/337] pkustk08       Auto=7.508      (5.4s)
[268/337] pkustk09       Auto=1.382      (5.3s)
[269/337] pkustk10       Auto=3.88       (5.5s)
[270/337] pkustk11       Auto=6.302      (5.6s)
[271/337] pkustk12       Auto=65.296     (20.5s)
[272/337] pkustk13       Auto=11.985     (5.8s)
[273/337] pkustk14       Auto=27.734     (6.9s)
[274/337] pli            Auto=3.6        (5.2s)
[275/337] poisson3Db     Auto=4.503      (6.1s)
[276/337] pre2           Auto=47.663     (21.2s)
[277/337] pwtk           Auto=8.428      (7.2s)
[278/337] raefsky3       Auto=1.109      (5.5s)
[279/337] raefsky4       Auto=1.928      (5.4s)
[280/337] rajat16        Auto=47.873     (21.0s)
[281/337] rajat17        Auto=42.969     (21.4s)
[282/337] rajat18        Auto=43.27      (21.1s)
[283/337] rajat20        Auto=44.0       (21.3s)
[284/337] rajat25        Auto=50.544     (21.5s)
[285/337] rajat28        Auto=40.33      (21.2s)
[286/337] rajat31        Auto=10.527     (13.1s)
[287/337] ramage02       Auto=6.28       (5.4s)
[288/337] rgg_n_2_19_s0  Auto=5.784      (5.8s)
[289/337] rgg_n_2_20_s0  Auto=10.467     (6.9s)
[290/337] rgg_n_2_21_s0  Auto=20.624     (8.8s)
[291/337] rgg_n_2_22_s0  Auto=41.281     (13.1s)
[292/337] rma10          Auto=2.86       (5.8s)
[293/337] road_central   Auto=26.922     (14.4s)
[294/337] road_usa       Auto=38.191     (18.5s)
[295/337] s3dkq4m2       Auto=3.702      (5.9s)
[296/337] s3dkt3m2       Auto=2.495      (5.7s)
[297/337] ship_001       Auto=10.101     (5.9s)
[298/337] ship_003       Auto=8.916      (6.4s)
[299/337] shipsec1       Auto=6.513      (6.4s)
[300/337] shipsec5       Auto=8.803      (6.8s)
[301/337] shipsec8       Auto=6.302      (6.2s)
[302/337] sinc18         Auto=3.811      (5.6s)
[303/337] sme3Da         Auto=2.714      (5.4s)
[304/337] sme3Db         Auto=5.893      (5.9s)
[305/337] sme3Dc         Auto=9.253      (6.4s)
[306/337] soc-Slashdot0811 Auto=14.446     (5.6s)
[307/337] soc-Slashdot0902 Auto=14.184     (5.5s)
[308/337] sparsine       Auto=3.585      (5.5s)
[309/337] srb1           Auto=2.668      (5.3s)
[310/337] std1_Jac2      Auto=4.455      (5.4s)
[311/337] std1_Jac3      Auto=5.047      (5.6s)
[312/337] std1_Jac3_db   Auto=1.525      (5.2s)
[313/337] t3dh           Auto=6.15       (5.9s)
[314/337] t3dh_a         Auto=6.158      (6.0s)
[315/337] t3dh_e         Auto=6.17       (6.0s)
[316/337] thermal2       Auto=3.973      (7.2s)
[317/337] thread         Auto=10.446     (5.9s)
[318/337] torso1         Auto=200.268    (9.2s)
[319/337] torso3         Auto=3.228      (6.9s)
[320/337] trdheim        Auto=2.757      (5.4s)
[321/337] troll          Auto=10.874     (6.4s)
[322/337] tsyl201        Auto=3.585      (5.3s)
[323/337] vanbody        Auto=2.791      (5.5s)
[324/337] vsp_bcsstk30_500sep_10in_1Kout Auto=7.221      (5.6s)
[325/337] vsp_befref_fxm_2_4_air02 Auto=5.209      (5.2s)
[326/337] vsp_model1_crew1_cr42_south31 Auto=20.149     (19.5s)
[327/337] vsp_msc10848_300sep_100in_1Kout Auto=7.465      (5.4s)
[328/337] vsp_south31_slptsk Auto=18.606     (19.2s)
[329/337] water_tank     Auto=2.043      (5.8s)
[330/337] wb-edu         Auto=1261.287   (35.2s)
[331/337] web-BerkStan   Auto=17.111     (6.8s)
[332/337] web-Google     Auto=12.38      (6.9s)
[333/337] web-NotreDame  Auto=10.079     (5.3s)
[334/337] webbase-1M     Auto=45.017     (6.6s)
[335/337] windscreen     Auto=2.09       (5.5s)
[336/337] x104           Auto=13.632     (7.1s)
[337/337] xenon2         Auto=2.945      (6.4s)

=== 几何均值(ms) ===
  cu          31.581
  Auto        10.623
  Ocean        5.918
  opSparse    17.433
  HSMU        14.426
  bhSparse    40.528
  dense     2477.293
  cublas     634.532

=== Auto 选择(共 337 阵)===  hash 337 / merge3 0

=== Auto vs cuSPARSE:赢 248 / 输 23,几何均值(Auto/cuSPARSE) 0.223× ===
  name                   n       C_nnz  cuSPARSE      Auto    ratio
  Stanford_Berkeley  683446    78130972    45.694   328.799    7.20×
  webbase-1M       1000005    51111996     9.512    45.017    4.73×
  hugetric-00020   7122792    44609736     5.449    13.211    2.42×
  hugetric-00010   6592765    41276239     5.104    12.075    2.37×
  web-Google        916428    29710164     7.529    12.380    1.64×
  TSOPF_RS_b2383     38120    74318317    19.261    30.649    1.59×
  TSOPF_RS_b2383_c1   38120    74318317    19.273    30.666    1.59×
  Chevron4          711450    17706328     3.089     4.353    1.41×
  M6               3501776    68984930     8.464    11.551    1.36×
  c-71               76638    52538716    11.109    14.746    1.33×
  Freescale1       3428755    45276331     6.943     8.959    1.29×
  NLR              4163763    82016497    10.102    13.028    1.29×
  AS365            3799275    74616587     9.225    11.842    1.28×
  333SP            3712815    71961733     8.466    10.666    1.26×
  delaunay_n22     4194304    86836968     9.811    12.309    1.25×
  ... 另有 8 个

=== Auto vs Ocean:赢 28 / 输 309,几何均值(Auto/Ocean) 1.795× ===
  name                   n       C_nnz     Ocean      Auto    ratio
  wb-edu           9845725   630077764     1.462  1261.287  862.71×
  Cube_Coup_dt0    2164760   552667840     4.027   346.807   86.12×
  Flan_1565        1564794   509685948     4.027   142.113   35.29×
  Bump_2911        2911419   560173611     4.027   107.335   26.65×
  Ga41As41H72       268096   231455088     4.027   102.377   25.42×
  Long_Coup_dt6    1470152   388670368     4.027    99.448   24.70×
  Si41Ge41H72       185639   173776869     4.027    88.887   22.07×
  F1                343791   224484403     4.027    69.218   17.19×
  Serena           1391349   315805689     4.027    64.354   15.98×
  Hook_1498        1498023   312415749     4.027    59.144   14.69×
  Geo_1438         1437960   274478976     4.027    54.618   13.56×
  Ga3As3H12          61349    62181563     4.027    54.244   13.47×
  Ga19As19H42       133123   108051533     4.027    46.586   11.57×
  Ge99H100          112985   105811785     4.027    44.628   11.08×
  Ge87H76           112985    99053985     4.027    40.600   10.08×
  ... 另有 294 个

=== Auto vs opSparse:赢 229 / 输 89,几何均值(Auto/opSparse) 0.552× ===
  name                   n       C_nnz  opSparse      Auto    ratio
  wb-edu           9845725   630077764    91.272  1261.287   13.82×
  webbase-1M       1000005    51111996    14.038    45.017    3.21×
  road_central    14081816    69990710     8.652    26.922    3.11×
  web-Google        916428    29710164     4.024    12.380    3.08×
  hugetrace-00020 16002413    99652167     9.142    27.494    3.01×
  hugebubbles-0002021198119   132690161    13.552    39.835    2.94×
  hugebubbles-0000018318143   113009849     9.906    28.827    2.91×
  hugebubbles-0001019458087   121526577    12.750    36.884    2.89×
  Cube_Coup_dt0    2164760   552667840   123.740   346.807    2.80×
  hugetrace-00010 12057441    74977771     7.248    19.740    2.72×
  kkt_power        2063494    93265642    10.147    27.254    2.69×
  hugetric-00020   7122792    44609736     4.993    13.211    2.65×
  hugetric-00010   6592765    41276239     4.596    12.075    2.63×
  germany_osm     11548845    42720261     5.755    13.660    2.37×
  rajat31          4690002    53118754     5.112    10.527    2.06×
  ... 另有 74 个

=== Auto vs HSMU:赢 299 / 输 38,几何均值(Auto/HSMU) 0.736× ===
  name                   n       C_nnz      HSMU      Auto    ratio
  wb-edu           9845725   630077764   222.495  1261.287    5.67×
  c-big             345241   447991461    67.461   291.357    4.32×
  Cube_Coup_dt0    2164760   552667840   134.682   346.807    2.58×
  dielFilterV3clx   420408   247299354    74.297   128.171    1.73×
  Stanford_Berkeley  683446    78130972   203.790   328.799    1.61×
  lowThrust_4        13562    28327028     4.730     6.873    1.45×
  bloweybq           10001   100020001     7.842    11.301    1.44×
  kkt_power        2063494    93265642    19.175    27.254    1.42×
  dielFilterV3real 1102824   688649400   206.522   287.014    1.39×
  web-Google        916428    29710164     9.392    12.380    1.32×
  inline_1          503712   253084638    72.640    89.079    1.23×
  ML_Laplace        377002    95882884    32.148    38.901    1.21×
  CurlCurl_4       2380515   133384865    15.900    18.691    1.18×
  nlpkkt80         1062400   154663144    24.760    28.973    1.17×
  web-BerkStan      685230    78350597    14.745    17.111    1.16×
  ... 另有 23 个

=== Auto vs bhSparse:赢 316 / 输 1,几何均值(Auto/bhSparse) 0.235× ===
  name                   n       C_nnz  bhSparse      Auto    ratio
  Cube_Coup_dt0    2164760   552667840   278.281   346.807    1.25×

=== Auto vs dense:赢 138 / 输 0,几何均值(Auto/dense) 0.002× ===
  name                   n       C_nnz     dense      Auto    ratio

=== Auto vs cuBLAS:赢 138 / 输 0,几何均值(Auto/cuBLAS) 0.008× ===
  name                   n       C_nnz    cuBLAS      Auto    ratio
