############################################################
#  SpGEMM 6 法对比  →  compare/ocean337/methods_cmp_v25_cntfix.csv(稳定,resume)
#  cuSPARSE / Auto(ours) / Ocean / opSparse / HSMU / dense
#  模式:REFRESH=Auto(只重跑该列)
############################################################
### [1/3] 编译 spgemm_test(DBG=1) + spgemm_dense + cublas ###
  ✓ done
### [1b/3] 备份 HSMU /tmp CSV → /tmp/hsmu_backup_20260830_051438 ###
  ✓ 备份 0 个
### [2/3] 跑对比(compare_methods.py --out compare/ocean337/methods_cmp_v25_cntfix.csv --dir ./data/ocean/square --refresh-col Auto)###
Refresh 仅 'Auto' 列 × 337 阵(DENSE_TIMEOUT=600s)→ compare/ocean337/methods_cmp_v25_cntfix.csv

[1/337] 333SP          Auto=10.653     (9.4s)
[2/337] 3Dspectralwave Auto=31.418     (14.3s)
[3/337] 3Dspectralwave2 Auto=13.206     (9.0s)
[4/337] 3dtube         Auto=6.765      (5.5s)
[5/337] AS365          Auto=11.802     (9.9s)
[6/337] BenElechi1     Auto=9.499      (7.7s)
[7/337] Bump_2911      Auto=107.348    (43.8s)
[8/337] CO             Auto=18.217     (7.1s)
[9/337] Chevron4       Auto=4.478      (7.8s)
[10/337] CoupCons3D     Auto=19.171     (12.6s)
[11/337] Cube_Coup_dt0  Auto=353.963    (44.5s)
[12/337] CurlCurl_2     Auto=6.797      (7.2s)
[13/337] CurlCurl_3     Auto=9.94       (8.6s)
[14/337] CurlCurl_4     Auto=18.692     (11.6s)
[15/337] Dubcova3       Auto=4.122      (6.1s)
[16/337] Emilia_923     Auto=36.121     (12.9s)
[17/337] F1             Auto=69.071     (12.0s)
[18/337] F2             Auto=14.459     (6.3s)
[19/337] FEM_3D_thermal2 Auto=2.476      (6.4s)
[20/337] Fault_639      Auto=25.368     (10.6s)
[21/337] Flan_1565      Auto=142.278    (42.4s)
[22/337] Freescale1     Auto=8.953      (13.4s)
[23/337] Ga10As10H30    Auto=26.626     (6.7s)
[24/337] Ga19As19H42    Auto=46.352     (7.4s)
[25/337] Ga3As3H12      Auto=54.28      (6.7s)
[26/337] Ga41As41H72    Auto=102.711    (10.2s)
[27/337] GaAsH6         Auto=21.397     (5.9s)
[28/337] Ge87H76        Auto=40.668     (7.1s)
[29/337] Ge99H100       Auto=44.477     (7.4s)
[30/337] Geo_1438       Auto=54.79      (18.3s)
[31/337] H2O            Auto=5.129      (5.7s)
[32/337] HTC_336_4438   Auto=24.478     (5.6s)
[33/337] HTC_336_9129   Auto=19.255     (5.5s)
[34/337] Hook_1498      Auto=59.451     (31.5s)
[35/337] Long_Coup_dt6  Auto=99.949     (35.7s)
[36/337] M6             Auto=10.897     (9.6s)
[37/337] ML_Laplace     Auto=38.88      (14.8s)
[38/337] NLR            Auto=13.015     (10.4s)
[39/337] Reuters911     Auto=5.472      (5.2s)
[40/337] Serena         Auto=64.559     (31.7s)
[41/337] Si10H16        Auto=3.447      (5.2s)
[42/337] Si34H36        Auto=22.237     (6.5s)
[43/337] Si41Ge41H72    Auto=88.67      (9.2s)
[44/337] Si87H76        Auto=29.969     (8.0s)
[45/337] SiO            Auto=4.52       (5.5s)
[46/337] SiO2           Auto=235.298    (9.1s)
[47/337] Stanford_Berkeley Auto=332.413    (8.5s)
[48/337] StocF-1465     Auto=17.543     (10.1s)
[49/337] TSC_OPF_1047   Auto=5.858      (5.5s)
[50/337] TSC_OPF_300    Auto=5.675      (5.3s)
[51/337] TSOPF_FS_b300  Auto=71.828     (7.0s)
[52/337] TSOPF_FS_b300_c2 Auto=272.165    (23.6s)
[53/337] TSOPF_FS_b39_c7 Auto=25.174     (5.8s)
[54/337] TSOPF_FS_b9_c6 Auto=9.103      (5.2s)
[55/337] TSOPF_RS_b2052_c1 Auto=8.617      (7.6s)
[56/337] TSOPF_RS_b2383 Auto=29.935     (11.2s)
[57/337] TSOPF_RS_b2383_c1 Auto=29.909     (11.2s)
[58/337] TSOPF_RS_b678_c2 Auto=8.838      (8.3s)
[59/337] Zd_Jac2        Auto=5.517      (5.8s)
[60/337] Zd_Jac2_db     Auto=1.967      (5.3s)
[61/337] Zd_Jac3        Auto=6.396      (5.8s)
[62/337] Zd_Jac3_db     Auto=1.918      (5.3s)
[63/337] Zd_Jac6        Auto=5.893      (5.6s)
[64/337] Zd_Jac6_db     Auto=1.79       (5.3s)
[65/337] a0nsdsil       Auto=16.054     (5.7s)
[66/337] a2nnsnsl       Auto=20.016     (5.8s)
[67/337] a5esindl       Auto=13.661     (5.6s)
[68/337] af_0_k101      Auto=11.308     (9.0s)
[69/337] af_1_k101      Auto=11.299     (8.9s)
[70/337] af_2_k101      Auto=11.308     (8.8s)
[71/337] af_3_k101      Auto=11.332     (8.8s)
[72/337] af_4_k101      Auto=11.338     (8.8s)
[73/337] af_5_k101      Auto=11.296     (9.1s)
[74/337] af_shell1      Auto=10.794     (8.5s)
[75/337] af_shell10     Auto=28.877     (16.0s)
[76/337] af_shell2      Auto=10.82      (8.6s)
[77/337] af_shell3      Auto=10.797     (8.7s)
[78/337] af_shell4      Auto=10.8       (8.6s)
[79/337] af_shell5      Auto=10.828     (8.6s)
[80/337] af_shell6      Auto=10.807     (8.6s)
[81/337] af_shell7      Auto=10.801     (8.6s)
[82/337] af_shell8      Auto=10.836     (8.6s)
[83/337] af_shell9      Auto=10.815     (8.7s)
[84/337] appu           Auto=10.999     (6.1s)
[85/337] atmosmodd      Auto=4.146      (8.6s)
[86/337] atmosmodj      Auto=4.167      (8.7s)
[87/337] atmosmodl      Auto=4.332      (8.4s)
[88/337] atmosmodm      Auto=4.327      (8.2s)
[89/337] audikw_1       Auto=166.347    (37.7s)
[90/337] auto           Auto=5.515      (6.2s)
[91/337] av41092        Auto=6.701      (5.7s)
[92/337] bbmat          Auto=3.239      (5.6s)
[93/337] bcsstk30       Auto=3.183      (5.3s)
[94/337] bcsstk35       Auto=1.662      (5.3s)
[95/337] bcsstk36       Auto=1.513      (5.3s)
[96/337] bcsstk39       Auto=2.026      (5.5s)
[97/337] bloweya        Auto=7.286      (5.3s)
[98/337] bloweybl       Auto=6.295      (5.4s)
[99/337] bloweybq       Auto=11.524     (5.4s)
[100/337] bmw3_2         Auto=9.752      (7.7s)
[101/337] bmw7st_1       Auto=6.612      (6.7s)
[102/337] bmwcra_1       Auto=13.855     (7.3s)
[103/337] bone010        Auto=80.645     (31.4s)
[104/337] boneS01        Auto=6.892      (6.3s)
[105/337] boneS10        Auto=55.982     (15.6s)
[106/337] brainpc2       Auto=10.187     (5.6s)
[107/337] bundle1        Auto=6.188      (5.2s)
[108/337] c-43           Auto=2.941      (5.1s)
[109/337] c-45           Auto=4.25       (5.3s)
[110/337] c-53           Auto=5.964      (5.2s)
[111/337] c-57           Auto=16.949     (5.9s)
[112/337] c-58           Auto=7.528      (5.3s)
[113/337] c-62           Auto=7.555      (5.3s)
[114/337] c-62ghs        Auto=8.637      (5.3s)
[115/337] c-64           Auto=21.363     (5.7s)
[116/337] c-64b          Auto=21.487     (5.8s)
[117/337] c-66           Auto=8.691      (5.3s)
[118/337] c-66b          Auto=8.943      (5.3s)
[119/337] c-67           Auto=8.937      (5.3s)
[120/337] c-67b          Auto=8.898      (5.3s)
[121/337] c-71           Auto=15.029     (5.6s)
[122/337] c-73           Auto=78.059     (23.3s)
[123/337] c-73b          Auto=77.389     (23.3s)
[124/337] c-big          Auto=292.336    (21.9s)
[125/337] cage13         Auto=9.53       (8.2s)
[126/337] cage14         Auto=37.149     (17.1s)
[127/337] cage15         Auto=148.901    (63.4s)
[128/337] cant           Auto=4.452      (5.8s)
[129/337] case39         Auto=50.468     (19.4s)
[130/337] case9          Auto=9.063      (5.2s)
[131/337] cfd2           Auto=2.64       (5.6s)
[132/337] circuit_4      Auto=17.736     (5.5s)
[133/337] cnr-2000       Auto=9.605      (5.7s)
[134/337] conf5_4-8x8-05 Auto=2.115      (6.0s)
[135/337] conf5_4-8x8-10 Auto=2.115      (6.0s)
[136/337] conf5_4-8x8-15 Auto=2.115      (6.0s)
[137/337] conf5_4-8x8-20 Auto=2.117      (6.0s)
[138/337] conf6_0-8x8-20 Auto=2.114      (6.1s)
[139/337] conf6_0-8x8-30 Auto=2.115      (6.0s)
[140/337] conf6_0-8x8-80 Auto=2.118      (6.0s)
[141/337] consph         Auto=7.748      (6.3s)
[142/337] cop20k_A       Auto=3.358      (5.7s)
[143/337] crankseg_1     Auto=36.18      (7.4s)
[144/337] crankseg_2     Auto=56.548     (8.2s)
[145/337] crplat2        Auto=1.038      (5.1s)
[146/337] crystk02       Auto=1.612      (5.2s)
[147/337] crystk03       Auto=2.371      (5.4s)
[148/337] ct20stif       Auto=2.952      (5.6s)
[149/337] delaunay_n21   Auto=6.268      (7.2s)
[150/337] delaunay_n22   Auto=12.137     (9.2s)
[151/337] delaunay_n23   Auto=23.919     (13.4s)
[152/337] delaunay_n24   Auto=47.693     (35.0s)
[153/337] dielFilterV2clx Auto=35.665     (12.1s)
[154/337] dielFilterV2real Auto=66.738     (30.5s)
[155/337] dielFilterV3clx Auto=127.957    (15.1s)
[156/337] dielFilterV3real Auto=287.551    (42.4s)
[157/337] email-Enron    Auto=5.371      (5.1s)
[158/337] eu-2005        Auto=62.448     (9.8s)
[159/337] ex11           Auto=1.652      (5.6s)
[160/337] exdata_1       Auto=14.578     (5.6s)
[161/337] fcondp2        Auto=9.111      (6.2s)
[162/337] fem_filter     Auto=7.077      (6.0s)
[163/337] fem_hifreq_circuit Auto=25.096     (14.3s)
[164/337] filter3D       Auto=3.935      (5.7s)
[165/337] fp             Auto=3.159      (5.4s)
[166/337] fullb          Auto=11.029     (6.4s)
[167/337] gearbox        Auto=9.388      (6.2s)
[168/337] germany_osm    Auto=13.648     (10.0s)
[169/337] gsm_106857     Auto=27.363     (11.2s)
[170/337] gupta1         Auto=38.718     (19.2s)
[171/337] gupta2         Auto=97.113     (20.7s)
[172/337] gupta3         Auto=148.45     (7.5s)
[173/337] gyro           Auto=2.356      (5.3s)
[174/337] gyro_k         Auto=2.362      (5.2s)
[175/337] halfb          Auto=10.368     (6.4s)
[176/337] hangGlider_3   Auto=10.03      (5.5s)
[177/337] hangGlider_4   Auto=6.902      (5.7s)
[178/337] hangGlider_5   Auto=7.08       (5.6s)
[179/337] hood           Auto=8.918      (7.2s)
[180/337] hugebubbles-00000 Auto=28.816     (18.5s)
[181/337] hugebubbles-00010 Auto=36.885     (18.8s)
[182/337] hugebubbles-00020 Auto=39.853     (20.5s)
[183/337] hugetrace-00010 Auto=19.739     (12.8s)
[184/337] hugetrace-00020 Auto=27.488     (15.7s)
[185/337] hugetric-00010 Auto=12.08      (9.6s)
[186/337] hugetric-00020 Auto=13.066     (10.5s)
[187/337] iChem_Jacobian Auto=3.273      (6.8s)
[188/337] in-2004        Auto=97.937     (9.2s)
[189/337] inline_1       Auto=89.392     (14.6s)
[190/337] invextr1_new   Auto=4.065      (5.8s)
[191/337] kim2           Auto=6.585      (10.2s)
[192/337] kkt_power      Auto=27.466     (9.7s)
[193/337] laminar_duct3D Auto=4.904      (6.5s)
[194/337] largebasis     Auto=3.566      (7.3s)
[195/337] ldoor          Auto=35.761     (15.1s)
[196/337] li             Auto=3.566      (5.5s)
[197/337] lowThrust_10   Auto=5.194      (5.3s)
[198/337] lowThrust_11   Auto=5.219      (5.3s)
[199/337] lowThrust_12   Auto=5.216      (5.3s)
[200/337] lowThrust_13   Auto=5.281      (5.3s)
[201/337] lowThrust_4    Auto=7.025      (5.2s)
[202/337] lowThrust_5    Auto=4.355      (5.3s)
[203/337] lowThrust_6    Auto=4.606      (5.3s)
[204/337] lowThrust_7    Auto=4.684      (5.4s)
[205/337] lowThrust_8    Auto=4.996      (5.3s)
[206/337] lowThrust_9    Auto=5.049      (5.3s)
[207/337] m14b           Auto=2.859      (5.6s)
[208/337] m_t1           Auto=15.844     (7.2s)
[209/337] mixtank_new    Auto=4.241      (5.8s)
[210/337] mono_500Hz     Auto=8.122      (8.2s)
[211/337] mouse_gene     Auto=587.53     (29.1s)
[212/337] msc10848       Auto=3.413      (5.3s)
[213/337] msc23052       Auto=1.544      (5.3s)
[214/337] msdoor         Auto=16.212     (9.5s)
[215/337] mult_dcop_01   Auto=18.069     (19.6s)
[216/337] mult_dcop_02   Auto=17.9       (19.5s)
[217/337] mult_dcop_03   Auto=18.042     (19.4s)
[218/337] nasasrb        Auto=2.746      (5.6s)
[219/337] nd12k          Auto=70.565     (8.5s)
[220/337] nd24k          Auto=150.262    (11.7s)
[221/337] nd3k           Auto=11.895     (5.8s)
[222/337] nd6k           Auto=28.083     (6.7s)
[223/337] nemeth01       Auto=0.583      (5.3s)
[224/337] nemeth18       Auto=0.544      (5.1s)
[225/337] nemeth19       Auto=0.636      (5.2s)
[226/337] nemeth20       Auto=1.04       (5.2s)
[227/337] nemeth21       Auto=1.829      (5.3s)
[228/337] nemeth22       Auto=1.964      (5.4s)
[229/337] nemeth23       Auto=2.322      (5.4s)
[230/337] nemeth24       Auto=2.331      (5.5s)
[231/337] nemeth25       Auto=2.338      (5.4s)
[232/337] nemeth26       Auto=2.336      (5.4s)
[233/337] net100         Auto=9.208      (5.6s)
[234/337] net125         Auto=13.774     (6.1s)
[235/337] net150         Auto=18.107     (6.3s)
[236/337] net50          Auto=4.455      (5.2s)
[237/337] net75          Auto=6.337      (5.4s)
[238/337] nlpkkt120      Auto=71.442     (35.2s)
[239/337] nlpkkt80       Auto=29.162     (10.1s)
[240/337] ns3Da          Auto=4.861      (5.8s)
[241/337] offshore       Auto=3.474      (6.1s)
[242/337] ohne2          Auto=19.149     (8.6s)
[243/337] oilpan         Auto=3.077      (5.7s)
[244/337] olafu          Auto=1.582      (5.3s)
[245/337] opt1           Auto=4.018      (5.3s)
[246/337] para-10        Auto=21.872     (6.8s)
[247/337] para-4         Auto=15.785     (6.9s)
[248/337] para-5         Auto=21.881     (6.9s)
[249/337] para-6         Auto=21.97      (7.0s)
[250/337] para-7         Auto=21.829     (6.9s)
[251/337] para-8         Auto=21.923     (6.9s)
[252/337] para-9         Auto=21.876     (6.9s)
[253/337] patents        Auto=10.158     (10.8s)
[254/337] pattern1       Auto=70.247     (6.9s)
[255/337] pcrystk02      Auto=1.623      (5.1s)
[256/337] pcrystk03      Auto=2.369      (5.2s)
[257/337] pct20stif      Auto=2.962      (5.4s)
[258/337] pdb1HYS        Auto=8.44       (6.0s)
[259/337] pf2177         Auto=4.613      (5.2s)
[260/337] pkustk01       Auto=1.587      (5.2s)
[261/337] pkustk02       Auto=1.017      (5.1s)
[262/337] pkustk03       Auto=2.978      (5.5s)
[263/337] pkustk04       Auto=24.031     (6.1s)
[264/337] pkustk05       Auto=3.008      (5.4s)
[265/337] pkustk06       Auto=3.398      (5.5s)
[266/337] pkustk07       Auto=5.652      (5.4s)
[267/337] pkustk08       Auto=7.544      (5.5s)
[268/337] pkustk09       Auto=1.386      (5.3s)
[269/337] pkustk10       Auto=3.896      (5.5s)
[270/337] pkustk11       Auto=6.304      (5.6s)
[271/337] pkustk12       Auto=64.706     (20.3s)
[272/337] pkustk13       Auto=12.07      (5.9s)
[273/337] pkustk14       Auto=27.961     (6.9s)
[274/337] pli            Auto=3.598      (5.2s)
[275/337] poisson3Db     Auto=4.541      (6.2s)
[276/337] pre2           Auto=47.734     (21.2s)
[277/337] pwtk           Auto=8.477      (7.3s)
[278/337] raefsky3       Auto=1.113      (5.7s)
[279/337] raefsky4       Auto=1.946      (5.5s)
[280/337] rajat16        Auto=58.738     (21.2s)
[281/337] rajat17        Auto=46.114     (20.9s)
[282/337] rajat18        Auto=50.115     (21.1s)
[283/337] rajat20        Auto=39.205     (21.0s)
[284/337] rajat25        Auto=43.402     (21.0s)
[285/337] rajat28        Auto=44.036     (20.9s)
[286/337] rajat31        Auto=10.533     (13.0s)
[287/337] ramage02       Auto=6.314      (5.4s)
[288/337] rgg_n_2_19_s0  Auto=5.853      (5.9s)
[289/337] rgg_n_2_20_s0  Auto=10.616     (6.8s)
[290/337] rgg_n_2_21_s0  Auto=20.993     (8.8s)
[291/337] rgg_n_2_22_s0  Auto=42.123     (13.1s)
[292/337] rma10          Auto=2.915      (5.9s)
[293/337] road_central   Auto=26.905     (14.5s)
[294/337] road_usa       Auto=38.696     (18.6s)
[295/337] s3dkq4m2       Auto=3.73       (6.0s)
[296/337] s3dkt3m2       Auto=2.512      (5.8s)
[297/337] ship_001       Auto=10.193     (6.0s)
[298/337] ship_003       Auto=8.983      (6.4s)
[299/337] shipsec1       Auto=6.569      (6.4s)
[300/337] shipsec5       Auto=8.925      (6.8s)
[301/337] shipsec8       Auto=6.37       (6.2s)
[302/337] sinc18         Auto=3.617      (5.5s)
[303/337] sme3Da         Auto=2.64       (5.4s)
[304/337] sme3Db         Auto=5.938      (5.9s)
[305/337] sme3Dc         Auto=9.253      (6.7s)
[306/337] soc-Slashdot0811 Auto=14.271     (5.6s)
[307/337] soc-Slashdot0902 Auto=14.706     (5.6s)
[308/337] sparsine       Auto=3.59       (5.5s)
[309/337] srb1           Auto=2.696      (5.5s)
[310/337] std1_Jac2      Auto=4.418      (5.5s)
[311/337] std1_Jac3      Auto=5.074      (5.8s)
[312/337] std1_Jac3_db   Auto=1.526      (5.2s)
[313/337] t3dh           Auto=6.236      (6.1s)
[314/337] t3dh_a         Auto=6.229      (6.1s)
[315/337] t3dh_e         Auto=6.225      (6.0s)
[316/337] thermal2       Auto=4.022      (7.3s)
[317/337] thread         Auto=10.533     (6.1s)
[318/337] torso1         Auto=197.979    (9.2s)
[319/337] torso3         Auto=3.266      (6.8s)
[320/337] trdheim        Auto=2.785      (5.2s)
[321/337] troll          Auto=11.023     (6.4s)
[322/337] tsyl201        Auto=3.583      (5.4s)
[323/337] vanbody        Auto=2.846      (5.6s)
[324/337] vsp_bcsstk30_500sep_10in_1Kout Auto=7.294      (5.8s)
[325/337] vsp_befref_fxm_2_4_air02 Auto=5.213      (5.2s)
[326/337] vsp_model1_crew1_cr42_south31 Auto=19.585     (19.6s)
[327/337] vsp_msc10848_300sep_100in_1Kout Auto=7.434      (5.4s)
[328/337] vsp_south31_slptsk Auto=17.715     (19.5s)
[329/337] water_tank     Auto=2.09       (5.8s)
[330/337] wb-edu         Auto=745.629    (35.3s)
[331/337] web-BerkStan   Auto=16.416     (6.7s)
[332/337] web-Google     Auto=12.53      (7.0s)
[333/337] web-NotreDame  Auto=10.282     (5.5s)
[334/337] webbase-1M     Auto=45.658     (6.6s)
[335/337] windscreen     Auto=2.103      (5.5s)
[336/337] x104           Auto=13.686     (7.2s)
[337/337] xenon2         Auto=3.008      (6.4s)

=== 几何均值(ms) ===
  cu          31.581
  Auto        10.607
  Ocean        6.978
  opSparse    17.433
  HSMU        14.426
  bhSparse    40.528
  dense     2477.293
  cublas     634.532

=== Auto 选择(共 337 阵)===  hash 337 / merge3 0

=== Auto vs cuSPARSE:赢 247 / 输 24,几何均值(Auto/cuSPARSE) 0.223× ===
  name                   n       C_nnz  cuSPARSE      Auto    ratio
  Stanford_Berkeley  683446    78130972    45.694   332.413    7.27×
  webbase-1M       1000005    51111996     9.512    45.658    4.80×
  hugetric-00020   7122792    44609736     5.449    13.066    2.40×
  hugetric-00010   6592765    41276239     5.104    12.080    2.37×
  web-Google        916428    29710164     7.529    12.530    1.66×
  TSOPF_RS_b2383     38120    74318317    19.261    29.935    1.55×
  TSOPF_RS_b2383_c1   38120    74318317    19.273    29.909    1.55×
  Chevron4          711450    17706328     3.089     4.478    1.45×
  c-71               76638    52538716    11.109    15.029    1.35×
  Freescale1       3428755    45276331     6.943     8.953    1.29×
  NLR              4163763    82016497    10.102    13.015    1.29×
  M6               3501776    68984930     8.464    10.897    1.29×
  AS365            3799275    74616587     9.225    11.802    1.28×
  333SP            3712815    71961733     8.466    10.653    1.26×
  delaunay_n22     4194304    86836968     9.811    12.137    1.24×
  ... 另有 9 个

=== Auto vs Ocean:赢 28 / 输 308,几何均值(Auto/Ocean) 1.501× ===
  name                   n       C_nnz     Ocean      Auto    ratio
  c-big             345241   447991461    59.956   292.336    4.88×
  Cube_Coup_dt0    2164760   552667840    87.763   353.963    4.03×
  road_usa        23947347   119546805    11.921    38.696    3.25×
  web-Google        916428    29710164     3.950    12.530    3.17×
  pre2              659033   323445872    15.166    47.734    3.15×
  in-2004          1382908   213255458    32.095    97.937    3.05×
  road_central    14081816    69990710     8.864    26.905    3.04×
  TSOPF_RS_b2383     38120    74318317    10.191    29.935    2.94×
  TSOPF_RS_b2383_c1   38120    74318317    10.189    29.909    2.94×
  dielFilterV3clx   420408   247299354    43.882   127.957    2.92×
  bloweybq           10001   100020001     3.954    11.524    2.91×
  Stanford_Berkeley  683446    78130972   119.775   332.413    2.78×
  kkt_power        2063494    93265642     9.950    27.466    2.76×
  hugetrace-00010 12057441    74977771     7.317    19.739    2.70×
  hugetrace-00020 16002413    99652167    10.242    27.488    2.68×
  ... 另有 293 个

=== Auto vs opSparse:赢 229 / 输 89,几何均值(Auto/opSparse) 0.551× ===
  name                   n       C_nnz  opSparse      Auto    ratio
  wb-edu           9845725   630077764    91.272   745.629    8.17×
  webbase-1M       1000005    51111996    14.038    45.658    3.25×
  web-Google        916428    29710164     4.024    12.530    3.11×
  road_central    14081816    69990710     8.652    26.905    3.11×
  hugetrace-00020 16002413    99652167     9.142    27.488    3.01×
  hugebubbles-0002021198119   132690161    13.552    39.853    2.94×
  hugebubbles-0000018318143   113009849     9.906    28.816    2.91×
  hugebubbles-0001019458087   121526577    12.750    36.885    2.89×
  Cube_Coup_dt0    2164760   552667840   123.740   353.963    2.86×
  hugetrace-00010 12057441    74977771     7.248    19.739    2.72×
  kkt_power        2063494    93265642    10.147    27.466    2.71×
  hugetric-00010   6592765    41276239     4.596    12.080    2.63×
  hugetric-00020   7122792    44609736     4.993    13.066    2.62×
  germany_osm     11548845    42720261     5.755    13.648    2.37×
  rajat31          4690002    53118754     5.112    10.533    2.06×
  ... 另有 74 个

=== Auto vs HSMU:赢 299 / 输 38,几何均值(Auto/HSMU) 0.735× ===
  name                   n       C_nnz      HSMU      Auto    ratio
  c-big             345241   447991461    67.461   292.336    4.33×
  wb-edu           9845725   630077764   222.495   745.629    3.35×
  Cube_Coup_dt0    2164760   552667840   134.682   353.963    2.63×
  dielFilterV3clx   420408   247299354    74.297   127.957    1.72×
  Stanford_Berkeley  683446    78130972   203.790   332.413    1.63×
  lowThrust_4        13562    28327028     4.730     7.025    1.49×
  bloweybq           10001   100020001     7.842    11.524    1.47×
  kkt_power        2063494    93265642    19.175    27.466    1.43×
  dielFilterV3real 1102824   688649400   206.522   287.551    1.39×
  web-Google        916428    29710164     9.392    12.530    1.33×
  inline_1          503712   253084638    72.640    89.392    1.23×
  ML_Laplace        377002    95882884    32.148    38.880    1.21×
  hangGlider_3       10260    83182632     8.499    10.030    1.18×
  nlpkkt80         1062400   154663144    24.760    29.162    1.18×
  CurlCurl_4       2380515   133384865    15.900    18.692    1.18×
  ... 另有 23 个

=== Auto vs bhSparse:赢 316 / 输 1,几何均值(Auto/bhSparse) 0.235× ===
  name                   n       C_nnz  bhSparse      Auto    ratio
  Cube_Coup_dt0    2164760   552667840   278.281   353.963    1.27×

=== Auto vs dense:赢 138 / 输 0,几何均值(Auto/dense) 0.002× ===
  name                   n       C_nnz     dense      Auto    ratio

=== Auto vs cuBLAS:赢 138 / 输 0,几何均值(Auto/cuBLAS) 0.008× ===
  name                   n       C_nnz    cuBLAS      Auto    ratio
  ✓ CSV: compare/ocean337/methods_cmp_v25_cntfix.csv (337 阵)
### [3/3] 报告 + 柱状图 ###
  ✓ compare/ocean337/methods_cmp_v25_cntfix_report.txt
  ✗ 画图失败

############################################################
#  完成!稳定产物(HSMU /tmp CSV 由 EXIT trap 已恢复):
#    compare/ocean337/methods_cmp_v25_cntfix.csv          (6 法 timing,resume)
#    compare/ocean337/methods_cmp_v25_cntfix_report.txt       (Auto vs 各基线 输赢)
#    compare/ocean337/methods_cmp_v25_cntfix_bar.png          (按密度类别柱状图)
############################################################

================ Auto vs 各基线 输赢 ====================
Auto vs cuSPARSE:赢 247 / 输 24,几何均值(Auto/cuSPARSE) 0.223×
----------------------------------------------------------------------------------------------------
name                   n       C_nnz    cuSPARSE        Auto    ratio
Stanford_Berkeley  683446    78130972      45.694     332.413    7.27×
webbase-1M       1000005    51111996       9.512      45.658    4.80×
hugetric-00020   7122792    44609736       5.449      13.066    2.40×
hugetric-00010   6592765    41276239       5.104      12.080    2.37×
web-Google        916428    29710164       7.529      12.530    1.66×
TSOPF_RS_b2383     38120    74318317      19.261      29.935    1.55×
TSOPF_RS_b2383_c1   38120    74318317      19.273      29.909    1.55×
Chevron4          711450    17706328       3.089       4.478    1.45×
c-71               76638    52538716      11.109      15.029    1.35×
Freescale1       3428755    45276331       6.943       8.953    1.29×
NLR              4163763    82016497      10.102      13.015    1.29×
M6               3501776    68984930       8.464      10.897    1.29×
AS365            3799275    74616587       9.225      11.802    1.28×
333SP            3712815    71961733       8.466      10.653    1.26×
delaunay_n22     4194304    86836968       9.811      12.137    1.24×
delaunay_n23     8388608   173665202      19.678      23.919    1.22×
c-big             345241   447991461     242.664     292.336    1.20×
delaunay_n21     2097152    43417524       5.251       6.268    1.19×
circuit_4          80209    87091024      14.965      17.736    1.19×
c-62ghs            41731    38084477       8.099       8.637    1.07×
  ... 另有 4 个

====================================================================================================
Auto vs Ocean:赢 28 / 输 308,几何均值(Auto/Ocean) 1.501×
----------------------------------------------------------------------------------------------------
name                   n       C_nnz       Ocean        Auto    ratio
c-big             345241   447991461      59.956     292.336    4.88×
Cube_Coup_dt0    2164760   552667840      87.763     353.963    4.03×
road_usa        23947347   119546805      11.921      38.696    3.25×
web-Google        916428    29710164       3.950      12.530    3.17×
pre2              659033   323445872      15.166      47.734    3.15×
in-2004          1382908   213255458      32.095      97.937    3.05×
road_central    14081816    69990710       8.864      26.905    3.04×
TSOPF_RS_b2383     38120    74318317      10.191      29.935    2.94×
TSOPF_RS_b2383_c1   38120    74318317      10.189      29.909    2.94×
dielFilterV3clx   420408   247299354      43.882     127.957    2.92×
bloweybq           10001   100020001       3.954      11.524    2.91×
Stanford_Berkeley  683446    78130972     119.775     332.413    2.78×
kkt_power        2063494    93265642       9.950      27.466    2.76×
hugetrace-00010 12057441    74977771       7.317      19.739    2.70×
hugetrace-00020 16002413    99652167      10.242      27.488    2.68×
hugetric-00010   6592765    41276239       4.505      12.080    2.68×
hugetric-00020   7122792    44609736       4.899      13.066    2.67×
webbase-1M       1000005    51111996      17.289      45.658    2.64×
lowThrust_4        13562    28327028       2.691       7.025    2.61×
hugebubbles-0000018318143   113009849      11.068      28.816    2.60×
  ... 另有 288 个

====================================================================================================
Auto vs opSparse:赢 229 / 输 89,几何均值(Auto/opSparse) 0.551×
----------------------------------------------------------------------------------------------------
name                   n       C_nnz    opSparse        Auto    ratio
wb-edu           9845725   630077764      91.272     745.629    8.17×
webbase-1M       1000005    51111996      14.038      45.658    3.25×
web-Google        916428    29710164       4.024      12.530    3.11×
road_central    14081816    69990710       8.652      26.905    3.11×
hugetrace-00020 16002413    99652167       9.142      27.488    3.01×
hugebubbles-0002021198119   132690161      13.552      39.853    2.94×
hugebubbles-0000018318143   113009849       9.906      28.816    2.91×
hugebubbles-0001019458087   121526577      12.750      36.885    2.89×
Cube_Coup_dt0    2164760   552667840     123.740     353.963    2.86×
hugetrace-00010 12057441    74977771       7.248      19.739    2.72×
kkt_power        2063494    93265642      10.147      27.466    2.71×
hugetric-00010   6592765    41276239       4.596      12.080    2.63×
hugetric-00020   7122792    44609736       4.993      13.066    2.62×
germany_osm     11548845    42720261       5.755      13.648    2.37×
rajat31          4690002    53118754       5.112      10.533    2.06×
web-BerkStan      685230    78350597       9.319      16.416    1.76×
dielFilterV3clx   420408   247299354      73.311     127.957    1.75×
nlpkkt80         1062400   154663144      17.782      29.162    1.64×
cage15           5154859   929023247      96.434     148.901    1.54×
rgg_n_2_19_s0     524288    19604004       3.851       5.853    1.52×
  ... 另有 69 个

====================================================================================================
Auto vs HSMU:赢 299 / 输 38,几何均值(Auto/HSMU) 0.735×
----------------------------------------------------------------------------------------------------
name                   n       C_nnz        HSMU        Auto    ratio
c-big             345241   447991461      67.461     292.336    4.33×
wb-edu           9845725   630077764     222.495     745.629    3.35×
Cube_Coup_dt0    2164760   552667840     134.682     353.963    2.63×
dielFilterV3clx   420408   247299354      74.297     127.957    1.72×
Stanford_Berkeley  683446    78130972     203.790     332.413    1.63×
lowThrust_4        13562    28327028       4.730       7.025    1.49×
bloweybq           10001   100020001       7.842      11.524    1.47×
kkt_power        2063494    93265642      19.175      27.466    1.43×
dielFilterV3real 1102824   688649400     206.522     287.551    1.39×
web-Google        916428    29710164       9.392      12.530    1.33×
inline_1          503712   253084638      72.640      89.392    1.23×
ML_Laplace        377002    95882884      32.148      38.880    1.21×
hangGlider_3       10260    83182632       8.499      10.030    1.18×
nlpkkt80         1062400   154663144      24.760      29.162    1.18×
CurlCurl_4       2380515   133384865      15.900      18.692    1.18×
case9              14454    52372050       7.843       9.063    1.16×
F2                 71505    39648121      12.721      14.459    1.14×
TSOPF_FS_b9_c6     14454    52372050       8.046       9.103    1.13×
web-BerkStan      685230    78350597      14.745      16.416    1.11×
CurlCurl_2        806529    44546339       6.113       6.797    1.11×
  ... 另有 18 个

====================================================================================================
Auto vs dense:赢 138 / 输 0,几何均值(Auto/dense) 0.002×
----------------------------------------------------------------------------------------------------
name                   n       C_nnz       dense        Auto    ratio

====================================================================================================
Auto vs cuBLAS:赢 138 / 输 0,几何均值(Auto/cuBLAS) 0.008×
----------------------------------------------------------------------------------------------------
name                   n       C_nnz      cuBLAS        Auto    ratio
