Refresh 仅 'Auto' 列 × 337 阵(DENSE_TIMEOUT=600s)→ compare/ocean337/methods_cmp_clean.csv.csv

[1/337] 333SP          Auto=10.682     (9.4s)
[2/337] 3Dspectralwave Auto=31.421     (14.4s)
[3/337] 3Dspectralwave2 Auto=13.321     (9.1s)
[4/337] 3dtube         Auto=6.856      (5.6s)
[5/337] AS365          Auto=11.839     (10.3s)
[6/337] BenElechi1     Auto=9.57       (7.7s)
[7/337] Bump_2911      Auto=107.979    (44.3s)
[8/337] CO             Auto=18.286     (7.2s)
[9/337] Chevron4       Auto=4.398      (7.6s)
[10/337] CoupCons3D     Auto=19.274     (12.9s)
[11/337] Cube_Coup_dt0  Auto=342.803    (44.9s)
[12/337] CurlCurl_2     Auto=6.592      (7.3s)
[13/337] CurlCurl_3     Auto=9.871      (8.4s)
[14/337] CurlCurl_4     Auto=18.477     (11.8s)
[15/337] Dubcova3       Auto=4.23       (5.9s)
[16/337] Emilia_923     Auto=36.156     (13.2s)
[17/337] F1             Auto=69.346     (12.2s)
[18/337] F2             Auto=14.662     (6.3s)
[19/337] FEM_3D_thermal2 Auto=2.422      (6.3s)
[20/337] Fault_639      Auto=25.393     (10.9s)
[21/337] Flan_1565      Auto=142.187    (42.6s)
[22/337] Freescale1     Auto=8.966      (13.4s)
[23/337] Ga10As10H30    Auto=26.873     (6.7s)
[24/337] Ga19As19H42    Auto=46.425     (7.5s)
[25/337] Ga3As3H12      Auto=55.056     (6.9s)
[26/337] Ga41As41H72    Auto=102.594    (10.5s)
[27/337] GaAsH6         Auto=21.564     (6.1s)
[28/337] Ge87H76        Auto=40.674     (7.1s)
[29/337] Ge99H100       Auto=44.493     (7.4s)
[30/337] Geo_1438       Auto=54.532     (18.5s)
[31/337] H2O            Auto=5.155      (5.6s)
[32/337] HTC_336_4438   Auto=24.302     (5.6s)
[33/337] HTC_336_9129   Auto=21.625     (5.6s)
[34/337] Hook_1498      Auto=59.377     (31.9s)
[35/337] Long_Coup_dt6  Auto=99.813     (36.2s)
[36/337] M6             Auto=10.927     (9.6s)
[37/337] ML_Laplace     Auto=38.987     (14.9s)
[38/337] NLR            Auto=13.019     (10.6s)
[39/337] Reuters911     Auto=5.518      (5.2s)
[40/337] Serena         Auto=64.467     (31.8s)
[41/337] Si10H16        Auto=3.501      (5.2s)
[42/337] Si34H36        Auto=22.303     (6.5s)
[43/337] Si41Ge41H72    Auto=89.146     (9.3s)
[44/337] Si87H76        Auto=30.025     (8.1s)
[45/337] SiO            Auto=4.541      (5.5s)
[46/337] SiO2           Auto=245.487    (9.2s)
[47/337] Stanford_Berkeley Auto=331.8      (8.8s)
[48/337] StocF-1465     Auto=17.527     (10.5s)
[49/337] TSC_OPF_1047   Auto=5.823      (5.7s)
[50/337] TSC_OPF_300    Auto=5.642      (5.4s)
[51/337] TSOPF_FS_b300  Auto=73.198     (7.1s)
[52/337] TSOPF_FS_b300_c2 Auto=276.275    (24.0s)
[53/337] TSOPF_FS_b39_c7 Auto=25.177     (5.9s)
[54/337] TSOPF_FS_b9_c6 Auto=8.889      (5.4s)
[55/337] TSOPF_RS_b2052_c1 Auto=8.619      (7.6s)
[56/337] TSOPF_RS_b2383 Auto=30.634     (11.4s)
[57/337] TSOPF_RS_b2383_c1 Auto=30.667     (11.5s)
[58/337] TSOPF_RS_b678_c2 Auto=8.892      (8.3s)
[59/337] Zd_Jac2        Auto=5.48       (5.7s)
[60/337] Zd_Jac2_db     Auto=2.042      (5.4s)
[61/337] Zd_Jac3        Auto=6.573      (5.9s)
[62/337] Zd_Jac3_db     Auto=2.008      (5.3s)
[63/337] Zd_Jac6        Auto=5.984      (5.9s)
[64/337] Zd_Jac6_db     Auto=1.9        (5.3s)
[65/337] a0nsdsil       Auto=17.746     (5.7s)
[66/337] a2nnsnsl       Auto=18.63      (5.8s)
[67/337] a5esindl       Auto=13.632     (5.6s)
[68/337] af_0_k101      Auto=11.284     (8.9s)
[69/337] af_1_k101      Auto=11.31      (8.9s)
[70/337] af_2_k101      Auto=11.341     (8.9s)
[71/337] af_3_k101      Auto=11.337     (8.9s)
[72/337] af_4_k101      Auto=11.343     (8.9s)
[73/337] af_5_k101      Auto=11.316     (8.9s)
[74/337] af_shell1      Auto=10.789     (8.6s)
[75/337] af_shell10     Auto=28.782     (16.0s)
[76/337] af_shell2      Auto=10.778     (8.5s)
[77/337] af_shell3      Auto=10.748     (8.6s)
[78/337] af_shell4      Auto=10.825     (8.5s)
[79/337] af_shell5      Auto=10.77      (8.6s)
[80/337] af_shell6      Auto=10.804     (8.7s)
[81/337] af_shell7      Auto=10.787     (8.5s)
[82/337] af_shell8      Auto=10.762     (8.6s)
[83/337] af_shell9      Auto=10.765     (8.5s)
[84/337] appu           Auto=11.19      (6.1s)
[85/337] atmosmodd      Auto=4.131      (8.4s)
[86/337] atmosmodj      Auto=4.149      (8.4s)
[87/337] atmosmodl      Auto=4.333      (8.3s)
[88/337] atmosmodm      Auto=4.338      (8.3s)
[89/337] audikw_1       Auto=165.93     (37.7s)
[90/337] auto           Auto=5.433      (6.3s)
[91/337] av41092        Auto=6.675      (5.7s)
[92/337] bbmat          Auto=3.245      (5.7s)
[93/337] bcsstk30       Auto=3.229      (5.3s)
[94/337] bcsstk35       Auto=1.668      (5.3s)
[95/337] bcsstk36       Auto=1.543      (5.3s)
[96/337] bcsstk39       Auto=2.12       (5.5s)
[97/337] bloweya        Auto=7.404      (5.3s)
[98/337] bloweybl       Auto=5.914      (5.3s)
[99/337] bloweybq       Auto=11.282     (5.3s)
[100/337] bmw3_2         Auto=9.706      (7.2s)
[101/337] bmw7st_1       Auto=6.659      (6.7s)
[102/337] bmwcra_1       Auto=13.814     (7.4s)
[103/337] bone010        Auto=80.486     (31.3s)
[104/337] boneS01        Auto=6.859      (6.2s)
[105/337] boneS10        Auto=56.188     (15.6s)
[106/337] brainpc2       Auto=10.833     (5.6s)
[107/337] bundle1        Auto=6.19       (5.2s)
[108/337] c-43           Auto=2.555      (5.1s)
[109/337] c-45           Auto=4.24       (5.1s)
[110/337] c-53           Auto=6.081      (5.2s)
[111/337] c-57           Auto=17.558     (5.7s)
[112/337] c-58           Auto=8.519      (5.2s)
[113/337] c-62           Auto=8.704      (5.2s)
[114/337] c-62ghs        Auto=8.755      (5.2s)
[115/337] c-64           Auto=21.519     (5.8s)
[116/337] c-64b          Auto=21.549     (5.7s)
[117/337] c-66           Auto=8.086      (5.2s)
[118/337] c-66b          Auto=8.161      (5.3s)
[119/337] c-67           Auto=9.496      (5.4s)
[120/337] c-67b          Auto=8.704      (5.3s)
[121/337] c-71           Auto=14.319     (5.4s)
[122/337] c-73           Auto=78.317     (23.3s)
[123/337] c-73b          Auto=78.193     (23.2s)
[124/337] c-big          Auto=291.922    (21.8s)
[125/337] cage13         Auto=9.287      (8.1s)
[126/337] cage14         Auto=37.001     (17.2s)
[127/337] cage15         Auto=148.432    (63.5s)
[128/337] cant           Auto=4.532      (5.8s)
[129/337] case39         Auto=50.864     (19.5s)
[130/337] case9          Auto=8.846      (5.2s)
[131/337] cfd2           Auto=2.674      (5.6s)
[132/337] circuit_4      Auto=17.141     (5.4s)
[133/337] cnr-2000       Auto=9.6        (5.6s)
[134/337] conf5_4-8x8-05 Auto=2.121      (5.9s)
[135/337] conf5_4-8x8-10 Auto=2.121      (5.9s)
[136/337] conf5_4-8x8-15 Auto=2.123      (5.9s)
[137/337] conf5_4-8x8-20 Auto=2.122      (5.9s)
[138/337] conf6_0-8x8-20 Auto=2.126      (6.1s)
[139/337] conf6_0-8x8-30 Auto=2.13       (6.1s)
[140/337] conf6_0-8x8-80 Auto=2.124      (6.1s)
[141/337] consph         Auto=7.787      (6.2s)
[142/337] cop20k_A       Auto=3.411      (5.6s)
[143/337] crankseg_1     Auto=36.363     (7.3s)
[144/337] crankseg_2     Auto=56.639     (8.1s)
[145/337] crplat2        Auto=1.032      (5.1s)
[146/337] crystk02       Auto=1.685      (5.2s)
[147/337] crystk03       Auto=2.379      (5.4s)
[148/337] ct20stif       Auto=3.028      (5.6s)
[149/337] delaunay_n21   Auto=6.256      (7.0s)
[150/337] delaunay_n22   Auto=12.13      (9.1s)
[151/337] delaunay_n23   Auto=23.899     (13.2s)
[152/337] delaunay_n24   Auto=47.68      (34.6s)
[153/337] dielFilterV2clx Auto=35.555     (12.0s)
[154/337] dielFilterV2real Auto=66.607     (30.1s)
[155/337] dielFilterV3clx Auto=128.39     (15.0s)
[156/337] dielFilterV3real Auto=291.303    (42.6s)
[157/337] email-Enron    Auto=5.249      (5.1s)
[158/337] eu-2005        Auto=62.2       (9.7s)
[159/337] ex11           Auto=1.68       (5.4s)
[160/337] exdata_1       Auto=14.52      (5.4s)
[161/337] fcondp2        Auto=9.166      (6.2s)
[162/337] fem_filter     Auto=7.057      (5.8s)
[163/337] fem_hifreq_circuit Auto=25.093     (14.3s)
[164/337] filter3D       Auto=3.923      (5.7s)
[165/337] fp             Auto=3.281      (5.3s)
[166/337] fullb          Auto=10.923     (6.3s)
[167/337] gearbox        Auto=9.369      (6.1s)
[168/337] germany_osm    Auto=13.649     (9.7s)
[169/337] gsm_106857     Auto=27.375     (11.2s)
[170/337] gupta1         Auto=39.662     (19.2s)
[171/337] gupta2         Auto=98.466     (20.5s)
[172/337] gupta3         Auto=150.155    (7.5s)
[173/337] gyro           Auto=2.41       (5.2s)
[174/337] gyro_k         Auto=2.411      (5.2s)
[175/337] halfb          Auto=10.366     (6.3s)
[176/337] hangGlider_3   Auto=10.313     (5.3s)
[177/337] hangGlider_4   Auto=7.143      (5.6s)
[178/337] hangGlider_5   Auto=7.478      (5.6s)
[179/337] hood           Auto=8.9        (7.3s)
[180/337] hugebubbles-00000 Auto=28.823     (18.3s)
[181/337] hugebubbles-00010 Auto=36.921     (18.8s)
[182/337] hugebubbles-00020 Auto=39.851     (20.7s)
[183/337] hugetrace-00010 Auto=19.746     (12.7s)
[184/337] hugetrace-00020 Auto=27.503     (15.7s)
[185/337] hugetric-00010 Auto=12.111     (9.6s)
[186/337] hugetric-00020 Auto=13.055     (9.9s)
[187/337] iChem_Jacobian Auto=3.185      (6.8s)
[188/337] in-2004        Auto=98.688     (9.2s)
[189/337] inline_1       Auto=89.187     (14.5s)
[190/337] invextr1_new   Auto=4.054      (5.7s)
[191/337] kim2           Auto=6.504      (10.1s)
[192/337] kkt_power      Auto=27.323     (9.0s)
[193/337] laminar_duct3D Auto=4.963      (6.4s)
[194/337] largebasis     Auto=3.516      (7.0s)
[195/337] ldoor          Auto=35.679     (15.1s)
[196/337] li             Auto=3.503      (5.5s)
[197/337] lowThrust_10   Auto=5.237      (5.2s)
[198/337] lowThrust_11   Auto=5.208      (5.2s)
[199/337] lowThrust_12   Auto=5.37       (5.2s)
[200/337] lowThrust_13   Auto=5.411      (5.2s)
[201/337] lowThrust_4    Auto=6.929      (5.1s)
[202/337] lowThrust_5    Auto=4.421      (5.3s)
[203/337] lowThrust_6    Auto=4.749      (5.2s)
[204/337] lowThrust_7    Auto=4.82       (5.2s)
[205/337] lowThrust_8    Auto=5.069      (5.2s)
[206/337] lowThrust_9    Auto=5.151      (5.3s)
[207/337] m14b           Auto=2.781      (5.5s)
[208/337] m_t1           Auto=16.001     (7.0s)
[209/337] mixtank_new    Auto=4.242      (5.6s)
[210/337] mono_500Hz     Auto=8.024      (8.1s)
[211/337] mouse_gene     Auto=598.432    (29.1s)
[212/337] msc10848       Auto=3.416      (5.3s)
[213/337] msc23052       Auto=1.553      (5.3s)
[214/337] msdoor         Auto=16.028     (9.3s)
[215/337] mult_dcop_01   Auto=19.419     (19.5s)
[216/337] mult_dcop_02   Auto=19.65      (19.4s)
[217/337] mult_dcop_03   Auto=19.905     (19.5s)
[218/337] nasasrb        Auto=2.797      (5.5s)
[219/337] nd12k          Auto=70.604     (8.5s)
[220/337] nd24k          Auto=150.296    (11.8s)
[221/337] nd3k           Auto=12.013     (5.8s)
[222/337] nd6k           Auto=29.241     (6.6s)
[223/337] nemeth01       Auto=0.581      (5.1s)
[224/337] nemeth18       Auto=0.543      (5.3s)
[225/337] nemeth19       Auto=0.63       (5.1s)
[226/337] nemeth20       Auto=1.049      (5.2s)
[227/337] nemeth21       Auto=1.859      (5.2s)
[228/337] nemeth22       Auto=1.94       (5.2s)
[229/337] nemeth23       Auto=2.297      (5.3s)
[230/337] nemeth24       Auto=2.308      (5.3s)
[231/337] nemeth25       Auto=2.299      (5.4s)
[232/337] nemeth26       Auto=2.303      (5.4s)
[233/337] net100         Auto=9.653      (5.6s)
[234/337] net125         Auto=13.618     (5.9s)
[235/337] net150         Auto=18.382     (6.1s)
[236/337] net50          Auto=4.68       (5.3s)
[237/337] net75          Auto=6.65       (5.4s)
[238/337] nlpkkt120      Auto=69.796     (35.3s)
[239/337] nlpkkt80       Auto=29.021     (10.2s)
[240/337] ns3Da          Auto=4.912      (5.7s)
[241/337] offshore       Auto=3.427      (6.0s)
[242/337] ohne2          Auto=18.954     (8.6s)
[243/337] oilpan         Auto=3.03       (5.7s)
[244/337] olafu          Auto=1.66       (5.2s)
[245/337] opt1           Auto=4.091      (5.2s)
[246/337] para-10        Auto=21.616     (6.9s)
[247/337] para-4         Auto=15.648     (6.9s)
[248/337] para-5         Auto=21.6       (7.0s)
[249/337] para-6         Auto=21.638     (6.9s)
[250/337] para-7         Auto=21.605     (6.8s)
[251/337] para-8         Auto=21.634     (6.9s)
[252/337] para-9         Auto=21.656     (6.9s)
[253/337] patents        Auto=10.164     (10.9s)
[254/337] pattern1       Auto=72.552     (6.9s)
[255/337] pcrystk02      Auto=1.677      (5.2s)
[256/337] pcrystk03      Auto=2.406      (5.2s)
[257/337] pct20stif      Auto=3.046      (5.2s)
[258/337] pdb1HYS        Auto=8.369      (5.8s)
[259/337] pf2177         Auto=4.607      (5.3s)
[260/337] pkustk01       Auto=1.662      (5.1s)
[261/337] pkustk02       Auto=1.014      (5.1s)
[262/337] pkustk03       Auto=2.959      (5.3s)
[263/337] pkustk04       Auto=24.761     (6.0s)
[264/337] pkustk05       Auto=3.088      (5.2s)
[265/337] pkustk06       Auto=3.51       (5.3s)
[266/337] pkustk07       Auto=5.736      (5.3s)
[267/337] pkustk08       Auto=7.634      (5.5s)
[268/337] pkustk09       Auto=1.368      (5.1s)
[269/337] pkustk10       Auto=3.977      (5.5s)
[270/337] pkustk11       Auto=6.359      (5.6s)
[271/337] pkustk12       Auto=65.429     (20.2s)
[272/337] pkustk13       Auto=12.101     (5.8s)
[273/337] pkustk14       Auto=27.929     (6.7s)
[274/337] pli            Auto=3.55       (5.2s)
[275/337] poisson3Db     Auto=4.524      (6.2s)
[276/337] pre2           Auto=47.727     (21.1s)
[277/337] pwtk           Auto=8.514      (7.6s)
[278/337] raefsky3       Auto=1.153      (5.9s)
[279/337] raefsky4       Auto=1.996      (5.3s)
[280/337] rajat16        Auto=46.251     (21.3s)
[281/337] rajat17        Auto=54.656     (21.0s)
[282/337] rajat18        Auto=37.941     (21.0s)
[283/337] rajat20        Auto=38.65      (21.1s)
[284/337] rajat25        Auto=45.266     (21.0s)
[285/337] rajat28        Auto=53.205     (21.0s)
[286/337] rajat31        Auto=10.524     (13.1s)
[287/337] ramage02       Auto=6.369      (5.4s)
[288/337] rgg_n_2_19_s0  Auto=5.597      (5.8s)
[289/337] rgg_n_2_20_s0  Auto=10.526     (6.7s)
[290/337] rgg_n_2_21_s0  Auto=20.754     (8.7s)
[291/337] rgg_n_2_22_s0  Auto=41.414     (13.0s)
[292/337] rma10          Auto=2.901      (5.8s)
[293/337] road_central   Auto=26.4       (14.6s)
[294/337] road_usa       Auto=38.724     (18.6s)
[295/337] s3dkq4m2       Auto=3.735      (6.1s)
[296/337] s3dkt3m2       Auto=2.487      (5.8s)
[297/337] ship_001       Auto=10.099     (5.9s)
[298/337] ship_003       Auto=8.947      (6.4s)
[299/337] shipsec1       Auto=6.614      (6.3s)
[300/337] shipsec5       Auto=8.839      (6.8s)
[301/337] shipsec8       Auto=6.356      (6.2s)
[302/337] sinc18         Auto=3.776      (5.5s)
[303/337] sme3Da         Auto=2.67       (5.4s)
[304/337] sme3Db         Auto=5.878      (5.9s)
[305/337] sme3Dc         Auto=9.118      (6.5s)
[306/337] soc-Slashdot0811 Auto=14.133     (5.7s)
[307/337] soc-Slashdot0902 Auto=14.113     (5.6s)
[308/337] sparsine       Auto=3.619      (5.4s)
[309/337] srb1           Auto=2.714      (5.3s)
[310/337] std1_Jac2      Auto=4.473      (5.5s)
[311/337] std1_Jac3      Auto=4.968      (5.6s)
[312/337] std1_Jac3_db   Auto=1.521      (5.2s)
[313/337] t3dh           Auto=6.21       (5.9s)
[314/337] t3dh_a         Auto=6.219      (6.0s)
[315/337] t3dh_e         Auto=6.228      (5.9s)
[316/337] thermal2       Auto=3.975      (7.3s)
[317/337] thread         Auto=10.473     (5.9s)
[318/337] torso1         Auto=196.961    (9.1s)
[319/337] torso3         Auto=3.231      (6.7s)
[320/337] trdheim        Auto=2.847      (5.3s)
[321/337] troll          Auto=10.944     (6.3s)
[322/337] tsyl201        Auto=3.576      (5.4s)
[323/337] vanbody        Auto=2.897      (5.7s)
[324/337] vsp_bcsstk30_500sep_10in_1Kout Auto=7.198      (5.7s)
[325/337] vsp_befref_fxm_2_4_air02 Auto=5.193      (5.2s)
[326/337] vsp_model1_crew1_cr42_south31 Auto=20.058     (19.1s)
[327/337] vsp_msc10848_300sep_100in_1Kout Auto=7.359      (5.4s)
[328/337] vsp_south31_slptsk Auto=18.734     (19.3s)
[329/337] water_tank     Auto=2.074      (5.7s)
[330/337] wb-edu         Auto=774.224    (35.0s)
[331/337] web-BerkStan   Auto=16.446     (6.7s)
[332/337] web-Google     Auto=12.476     (7.1s)
[333/337] web-NotreDame  Auto=10.316     (5.3s)
[334/337] webbase-1M     Auto=44.509     (6.5s)
[335/337] windscreen     Auto=2.123      (5.4s)
[336/337] x104           Auto=13.62      (7.1s)
[337/337] xenon2         Auto=2.895      (6.4s)

=== 几何均值(ms) ===
  cu          31.581
  Auto        10.649
  Ocean        5.918
  opSparse    17.433
  HSMU        14.426
  bhSparse    40.528
  dense     2477.293
  cublas     634.532

=== Auto 选择(共 337 阵)===  hash 337 / merge3 0

=== Auto vs cuSPARSE:赢 247 / 输 24,几何均值(Auto/cuSPARSE) 0.224× ===
  name                   n       C_nnz  cuSPARSE      Auto    ratio
  Stanford_Berkeley  683446    78130972    45.694   331.800    7.26×
  webbase-1M       1000005    51111996     9.512    44.509    4.68×
  hugetric-00020   7122792    44609736     5.449    13.055    2.40×
  hugetric-00010   6592765    41276239     5.104    12.111    2.37×
  web-Google        916428    29710164     7.529    12.476    1.66×
  TSOPF_RS_b2383_c1   38120    74318317    19.273    30.667    1.59×
  TSOPF_RS_b2383     38120    74318317    19.261    30.634    1.59×
  Chevron4          711450    17706328     3.089     4.398    1.42×
  Freescale1       3428755    45276331     6.943     8.966    1.29×
  M6               3501776    68984930     8.464    10.927    1.29×
  c-71               76638    52538716    11.109    14.319    1.29×
  NLR              4163763    82016497    10.102    13.019    1.29×
  AS365            3799275    74616587     9.225    11.839    1.28×
  333SP            3712815    71961733     8.466    10.682    1.26×
  delaunay_n22     4194304    86836968     9.811    12.130    1.24×
  ... 另有 9 个

=== Auto vs Ocean:赢 25 / 输 312,几何均值(Auto/Ocean) 1.799× ===
  name                   n       C_nnz     Ocean      Auto    ratio
  wb-edu           9845725   630077764     1.462   774.224  529.56×
  Cube_Coup_dt0    2164760   552667840     4.027   342.803   85.13×
  Flan_1565        1564794   509685948     4.027   142.187   35.31×
  Bump_2911        2911419   560173611     4.027   107.979   26.81×
  Ga41As41H72       268096   231455088     4.027   102.594   25.48×
  Long_Coup_dt6    1470152   388670368     4.027    99.813   24.79×
  Si41Ge41H72       185639   173776869     4.027    89.146   22.14×
  F1                343791   224484403     4.027    69.346   17.22×
  Serena           1391349   315805689     4.027    64.467   16.01×
  Hook_1498        1498023   312415749     4.027    59.377   14.74×
  Ga3As3H12          61349    62181563     4.027    55.056   13.67×
  Geo_1438         1437960   274478976     4.027    54.532   13.54×
  Ga19As19H42       133123   108051533     4.027    46.425   11.53×
  Ge99H100          112985   105811785     4.027    44.493   11.05×
  Ge87H76           112985    99053985     4.027    40.674   10.10×
  ... 另有 297 个

=== Auto vs opSparse:赢 227 / 输 91,几何均值(Auto/opSparse) 0.553× ===
  name                   n       C_nnz  opSparse      Auto    ratio
  wb-edu           9845725   630077764    91.272   774.224    8.48×
  webbase-1M       1000005    51111996    14.038    44.509    3.17×
  web-Google        916428    29710164     4.024    12.476    3.10×
  road_central    14081816    69990710     8.652    26.400    3.05×
  hugetrace-00020 16002413    99652167     9.142    27.503    3.01×
  hugebubbles-0002021198119   132690161    13.552    39.851    2.94×
  hugebubbles-0000018318143   113009849     9.906    28.823    2.91×
  hugebubbles-0001019458087   121526577    12.750    36.921    2.90×
  Cube_Coup_dt0    2164760   552667840   123.740   342.803    2.77×
  hugetrace-00010 12057441    74977771     7.248    19.746    2.72×
  kkt_power        2063494    93265642    10.147    27.323    2.69×
  hugetric-00010   6592765    41276239     4.596    12.111    2.64×
  hugetric-00020   7122792    44609736     4.993    13.055    2.61×
  germany_osm     11548845    42720261     5.755    13.649    2.37×
  rajat31          4690002    53118754     5.112    10.524    2.06×
  ... 另有 76 个

=== Auto vs HSMU:赢 300 / 输 37,几何均值(Auto/HSMU) 0.738× ===
  name                   n       C_nnz      HSMU      Auto    ratio
  c-big             345241   447991461    67.461   291.922    4.33×
  wb-edu           9845725   630077764   222.495   774.224    3.48×
  Cube_Coup_dt0    2164760   552667840   134.682   342.803    2.55×
  dielFilterV3clx   420408   247299354    74.297   128.390    1.73×
  Stanford_Berkeley  683446    78130972   203.790   331.800    1.63×
  lowThrust_4        13562    28327028     4.730     6.929    1.46×
  bloweybq           10001   100020001     7.842    11.282    1.44×
  kkt_power        2063494    93265642    19.175    27.323    1.42×
  dielFilterV3real 1102824   688649400   206.522   291.303    1.41×
  web-Google        916428    29710164     9.392    12.476    1.33×
  inline_1          503712   253084638    72.640    89.187    1.23×
  hangGlider_3       10260    83182632     8.499    10.313    1.21×
  ML_Laplace        377002    95882884    32.148    38.987    1.21×
  nlpkkt80         1062400   154663144    24.760    29.021    1.17×
  CurlCurl_4       2380515   133384865    15.900    18.477    1.16×
  ... 另有 22 个

=== Auto vs bhSparse:赢 316 / 输 1,几何均值(Auto/bhSparse) 0.236× ===
  name                   n       C_nnz  bhSparse      Auto    ratio
  Cube_Coup_dt0    2164760   552667840   278.281   342.803    1.23×

=== Auto vs dense:赢 138 / 输 0,几何均值(Auto/dense) 0.002× ===
  name                   n       C_nnz     dense      Auto    ratio

=== Auto vs cuBLAS:赢 138 / 输 0,几何均值(Auto/cuBLAS) 0.008× ===
  name                   n       C_nnz    cuBLAS      Auto    ratio
