Refresh 仅 'Auto' 列 × 337 阵(DENSE_TIMEOUT=600s)→ compare/ocean337/methods_cmp_clean.csv.csv

[1/337] 333SP          Auto=10.643     (9.3s)
[2/337] 3Dspectralwave Auto=39.335     (14.5s)
[3/337] 3Dspectralwave2 Auto=16.478     (8.9s)
[4/337] 3dtube         Auto=8.477      (5.5s)
[5/337] AS365          Auto=12.147     (9.8s)
[6/337] BenElechi1     Auto=9.839      (7.7s)
[7/337] Bump_2911      Auto=108.233    (48.1s)
[8/337] CO             Auto=29.011     (7.2s)
[9/337] Chevron4       Auto=4.323      (7.8s)
[10/337] CoupCons3D     Auto=19.19      (12.4s)
[11/337] Cube_Coup_dt0  Auto=346.314    (49.7s)
[12/337] CurlCurl_2     Auto=7.946      (7.3s)
[13/337] CurlCurl_3     Auto=12.091     (8.2s)
[14/337] CurlCurl_4     Auto=22.997     (11.5s)
[15/337] Dubcova3       Auto=4.538      (6.0s)
[16/337] Emilia_923     Auto=36.391     (12.5s)
[17/337] F1             Auto=97.917     (11.9s)
[18/337] F2             Auto=20.205     (6.2s)
[19/337] FEM_3D_thermal2 Auto=2.677      (6.4s)
[20/337] Fault_639      Auto=25.672     (10.6s)
[21/337] Flan_1565      Auto=139.543    (46.7s)
[22/337] Freescale1     Auto=9.413      (14.0s)
[23/337] Ga10As10H30    Auto=44.369     (6.6s)
[24/337] Ga19As19H42    Auto=76.984     (7.4s)
[25/337] Ga3As3H12      Auto=89.135     (6.8s)
[26/337] Ga41As41H72    Auto=149.272    (10.3s)
[27/337] GaAsH6         Auto=35.735     (6.0s)
[28/337] Ge87H76        Auto=67.922     (7.3s)
[29/337] Ge99H100       Auto=74.77      (7.4s)
[30/337] Geo_1438       Auto=55.141     (18.0s)
[31/337] H2O            Auto=7.418      (5.4s)
[32/337] HTC_336_4438   Auto=48.746     (5.8s)
[33/337] HTC_336_9129   Auto=44.449     (5.6s)
[34/337] Hook_1498      Auto=59.678     (36.1s)
[35/337] Long_Coup_dt6  Auto=100.399    (40.5s)
[36/337] M6             Auto=11.214     (10.7s)
[37/337] ML_Laplace     Auto=39.151     (15.6s)
[38/337] NLR            Auto=13.434     (11.0s)
[39/337] Reuters911     Auto=5.759      (6.2s)
[40/337] Serena         Auto=64.82      (35.6s)
[41/337] Si10H16        Auto=5.71       (6.9s)
[42/337] Si34H36        Auto=35.929     (7.8s)
[43/337] Si41Ge41H72    Auto=148.518    (10.9s)
[44/337] Si87H76        Auto=49.87      (9.1s)
[45/337] SiO            Auto=7.433      (6.4s)
[46/337] SiO2           Auto=421.437    (10.8s)
[47/337] Stanford_Berkeley Auto=277.317    (9.7s)
[48/337] StocF-1465     Auto=21.968     (11.1s)
[49/337] TSC_OPF_1047   Auto=6.022      (6.9s)
[50/337] TSC_OPF_300    Auto=6.175      (6.8s)
[51/337] TSOPF_FS_b300  Auto=145.425    (8.1s)
[52/337] TSOPF_FS_b300_c2 Auto=625.341    (31.5s)
[53/337] TSOPF_FS_b39_c7 Auto=31.862     (7.4s)
[54/337] TSOPF_FS_b9_c6 Auto=9.723      (6.9s)
[55/337] TSOPF_RS_b2052_c1 Auto=15.81      (9.0s)
[56/337] TSOPF_RS_b2383 Auto=41.296     (12.4s)
[57/337] TSOPF_RS_b2383_c1 Auto=41.304     (12.6s)
[58/337] TSOPF_RS_b678_c2 Auto=15.549     (9.7s)
[59/337] Zd_Jac2        Auto=8.461      (7.2s)
[60/337] Zd_Jac2_db     Auto=2.55       (6.8s)
[61/337] Zd_Jac3        Auto=10.461     (7.4s)
[62/337] Zd_Jac3_db     Auto=2.573      (6.8s)
[63/337] Zd_Jac6        Auto=9.22       (7.4s)
[64/337] Zd_Jac6_db     Auto=2.404      (6.8s)
[65/337] a0nsdsil       Auto=52.827     (7.5s)
[66/337] a2nnsnsl       Auto=47.695     (7.5s)
[67/337] a5esindl       Auto=37.951     (7.0s)
[68/337] af_0_k101      Auto=13.258     (10.4s)
[69/337] af_1_k101      Auto=13.278     (10.0s)
[70/337] af_2_k101      Auto=13.291     (9.9s)
[71/337] af_3_k101      Auto=13.282     (10.0s)
[72/337] af_4_k101      Auto=13.29      (9.5s)
[73/337] af_5_k101      Auto=13.293     (9.3s)
[74/337] af_shell1      Auto=12.354     (8.8s)
[75/337] af_shell10     Auto=34.554     (16.2s)
[76/337] af_shell2      Auto=12.333     (9.4s)
[77/337] af_shell3      Auto=12.319     (9.0s)
[78/337] af_shell4      Auto=12.353     (9.3s)
[79/337] af_shell5      Auto=12.32      (8.4s)
[80/337] af_shell6      Auto=12.334     (8.4s)
[81/337] af_shell7      Auto=12.333     (8.5s)
[82/337] af_shell8      Auto=12.335     (8.4s)
[83/337] af_shell9      Auto=12.374     (8.4s)
[84/337] appu           Auto=11.193     (5.9s)
[85/337] atmosmodd      Auto=4.043      (8.2s)
[86/337] atmosmodj      Auto=4.047      (8.4s)
[87/337] atmosmodl      Auto=4.246      (8.0s)
[88/337] atmosmodm      Auto=4.238      (8.0s)
[89/337] audikw_1       Auto=258.655    (41.8s)
[90/337] auto           Auto=6.968      (6.1s)
[91/337] av41092        Auto=9.246      (5.6s)
[92/337] bbmat          Auto=4.457      (5.5s)
[93/337] bcsstk30       Auto=3.543      (5.0s)
[94/337] bcsstk35       Auto=1.716      (5.2s)
[95/337] bcsstk36       Auto=1.92       (5.2s)
[96/337] bcsstk39       Auto=2.142      (5.2s)
[97/337] bloweya        Auto=17.471     (5.3s)
[98/337] bloweybl       Auto=14.986     (5.2s)
[99/337] bloweybq       Auto=12.269     (5.2s)
[100/337] bmw3_2         Auto=10.094     (7.3s)
[101/337] bmw7st_1       Auto=6.906      (6.6s)
[102/337] bmwcra_1       Auto=15.682     (7.4s)
[103/337] bone010        Auto=82.47      (35.6s)
[104/337] boneS01        Auto=6.884      (6.0s)
[105/337] boneS10        Auto=56.924     (15.2s)
[106/337] brainpc2       Auto=28.4       (5.7s)
[107/337] bundle1        Auto=6.431      (5.1s)
[108/337] c-43           Auto=3.446      (4.9s)
[109/337] c-45           Auto=4.456      (4.9s)
[110/337] c-53           Auto=10.454     (5.1s)
[111/337] c-57           Auto=35.582     (5.6s)
[112/337] c-58           Auto=13.284     (5.1s)
[113/337] c-62           Auto=13.355     (5.1s)
[114/337] c-62ghs        Auto=13.44      (5.1s)
[115/337] c-64           Auto=33.413     (5.6s)
[116/337] c-64b          Auto=33.375     (5.8s)
[117/337] c-66           Auto=13.093     (5.1s)
[118/337] c-66b          Auto=13.727     (5.2s)
[119/337] c-67           Auto=17.265     (5.2s)
[120/337] c-67b          Auto=17.158     (5.1s)
[121/337] c-71           Auto=19.738     (5.3s)
[122/337] c-73           Auto=311.892    (28.9s)
[123/337] c-73b          Auto=309.903    (28.8s)
[124/337] c-big          Auto=313.0      (26.0s)
[125/337] cage13         Auto=10.168     (7.9s)
[126/337] cage14         Auto=39.297     (16.6s)
[127/337] cage15         Auto=154.97     (66.2s)
[128/337] cant           Auto=4.61       (5.7s)
[129/337] case39         Auto=77.13      (23.7s)
[130/337] case9          Auto=9.637      (5.1s)
[131/337] cfd2           Auto=2.814      (5.5s)
[132/337] circuit_4      Auto=29.083     (5.3s)
[133/337] cnr-2000       Auto=12.838     (5.6s)
[134/337] conf5_4-8x8-05 Auto=2.135      (5.8s)
[135/337] conf5_4-8x8-10 Auto=2.141      (6.0s)
[136/337] conf5_4-8x8-15 Auto=2.133      (5.9s)
[137/337] conf5_4-8x8-20 Auto=2.134      (5.9s)
[138/337] conf6_0-8x8-20 Auto=2.147      (5.8s)
[139/337] conf6_0-8x8-30 Auto=2.133      (5.9s)
[140/337] conf6_0-8x8-80 Auto=2.148      (5.8s)
[141/337] consph         Auto=7.924      (6.1s)
[142/337] cop20k_A       Auto=3.475      (5.5s)
[143/337] crankseg_1     Auto=59.135     (7.5s)
[144/337] crankseg_2     Auto=94.137     (8.3s)
[145/337] crplat2        Auto=1.049      (5.0s)
[146/337] crystk02       Auto=1.725      (5.0s)
[147/337] crystk03       Auto=2.435      (5.3s)
[148/337] ct20stif       Auto=3.068      (5.4s)
[149/337] delaunay_n21   Auto=6.123      (6.8s)
[150/337] delaunay_n22   Auto=11.961     (9.0s)
[151/337] delaunay_n23   Auto=23.608     (13.1s)
[152/337] delaunay_n24   Auto=47.213     (40.6s)
[153/337] dielFilterV2clx Auto=40.303     (11.7s)
[154/337] dielFilterV2real Auto=66.961     (34.2s)
[155/337] dielFilterV3clx Auto=156.283    (14.8s)
[156/337] dielFilterV3real Auto=309.259    (46.3s)
[157/337] email-Enron    Auto=8.315      (5.1s)
[158/337] eu-2005        Auto=82.584     (9.7s)
[159/337] ex11           Auto=1.753      (5.3s)
[160/337] exdata_1       Auto=14.813     (5.4s)
[161/337] fcondp2        Auto=9.493      (6.1s)
[162/337] fem_filter     Auto=8.387      (5.7s)
[163/337] fem_hifreq_circuit Auto=27.828     (13.9s)
[164/337] filter3D       Auto=4.037      (5.5s)
[165/337] fp             Auto=3.409      (5.1s)
[166/337] fullb          Auto=11.049     (6.1s)
[167/337] gearbox        Auto=9.574      (5.9s)
[168/337] germany_osm    Auto=13.254     (9.7s)
[169/337] gsm_106857     Auto=29.733     (11.1s)
[170/337] gupta1         Auto=72.972     (23.5s)
[171/337] gupta2         Auto=166.807    (24.9s)
[172/337] gupta3         Auto=308.003    (8.3s)
[173/337] gyro           Auto=2.906      (5.0s)
[174/337] gyro_k         Auto=2.924      (5.0s)
[175/337] halfb          Auto=10.632     (6.2s)
[176/337] hangGlider_3   Auto=11.224     (5.2s)
[177/337] hangGlider_4   Auto=21.853     (5.6s)
[178/337] hangGlider_5   Auto=23.052     (5.7s)
[179/337] hood           Auto=9.059      (7.2s)
[180/337] hugebubbles-00000 Auto=27.894     (17.8s)
[181/337] hugebubbles-00010 Auto=36.97      (18.5s)
[182/337] hugebubbles-00020 Auto=39.783     (19.8s)
[183/337] hugetrace-00010 Auto=19.214     (13.1s)
[184/337] hugetrace-00020 Auto=26.989     (15.7s)
[185/337] hugetric-00010 Auto=11.874     (9.4s)
[186/337] hugetric-00020 Auto=12.815     (9.7s)
[187/337] iChem_Jacobian Auto=4.019      (6.6s)
[188/337] in-2004        Auto=110.698    (9.0s)
[189/337] inline_1       Auto=117.859    (15.1s)
[190/337] invextr1_new   Auto=5.137      (5.6s)
[191/337] kim2           Auto=7.826      (10.0s)
[192/337] kkt_power      Auto=32.007     (8.9s)
[193/337] laminar_duct3D Auto=5.968      (6.3s)
[194/337] largebasis     Auto=3.514      (6.9s)
[195/337] ldoor          Auto=36.59      (14.9s)
[196/337] li             Auto=4.379      (5.3s)
[197/337] lowThrust_10   Auto=11.206     (5.2s)
[198/337] lowThrust_11   Auto=11.023     (5.2s)
[199/337] lowThrust_12   Auto=11.211     (5.1s)
[200/337] lowThrust_13   Auto=11.224     (5.1s)
[201/337] lowThrust_4    Auto=7.417      (5.1s)
[202/337] lowThrust_5    Auto=9.171      (5.2s)
[203/337] lowThrust_6    Auto=9.831      (5.2s)
[204/337] lowThrust_7    Auto=10.028     (5.1s)
[205/337] lowThrust_8    Auto=10.419     (5.1s)
[206/337] lowThrust_9    Auto=12.354     (5.1s)
[207/337] m14b           Auto=3.513      (5.4s)
[208/337] m_t1           Auto=18.009     (6.9s)
[209/337] mixtank_new    Auto=5.527      (5.6s)
[210/337] mono_500Hz     Auto=8.685      (8.1s)
[211/337] mouse_gene     Auto=1155.488   (36.3s)
[212/337] msc10848       Auto=4.737      (5.3s)
[213/337] msc23052       Auto=1.579      (5.1s)
[214/337] msdoor         Auto=16.396     (9.1s)
[215/337] mult_dcop_01   Auto=68.909     (23.7s)
[216/337] mult_dcop_02   Auto=68.924     (23.9s)
[217/337] mult_dcop_03   Auto=69.584     (23.8s)
[218/337] nasasrb        Auto=2.87       (5.5s)
[219/337] nd12k          Auto=132.011    (8.8s)
[220/337] nd24k          Auto=276.06     (12.2s)
[221/337] nd3k           Auto=12.072     (5.8s)
[222/337] nd6k           Auto=49.447     (6.6s)
[223/337] nemeth01       Auto=0.776      (5.1s)
[224/337] nemeth18       Auto=0.725      (5.1s)
[225/337] nemeth19       Auto=0.893      (5.1s)
[226/337] nemeth20       Auto=1.104      (5.1s)
[227/337] nemeth21       Auto=1.794      (5.2s)
[228/337] nemeth22       Auto=1.921      (5.2s)
[229/337] nemeth23       Auto=2.284      (5.2s)
[230/337] nemeth24       Auto=2.31       (5.2s)
[231/337] nemeth25       Auto=2.32       (5.2s)
[232/337] nemeth26       Auto=2.317      (5.2s)
[233/337] net100         Auto=20.195     (5.5s)
[234/337] net125         Auto=33.459     (6.0s)
[235/337] net150         Auto=45.411     (6.2s)
[236/337] net50          Auto=7.968      (5.2s)
[237/337] net75          Auto=13.194     (5.3s)
[238/337] nlpkkt120      Auto=74.18      (39.8s)
[239/337] nlpkkt80       Auto=30.237     (10.1s)
[240/337] ns3Da          Auto=6.935      (5.5s)
[241/337] offshore       Auto=4.234      (5.9s)
[242/337] ohne2          Auto=25.363     (8.5s)
[243/337] oilpan         Auto=3.08       (5.5s)
[244/337] olafu          Auto=1.679      (5.1s)
[245/337] opt1           Auto=5.195      (5.1s)
[246/337] para-10        Auto=26.781     (6.7s)
[247/337] para-4         Auto=19.925     (6.7s)
[248/337] para-5         Auto=26.728     (6.8s)
[249/337] para-6         Auto=26.793     (6.7s)
[250/337] para-7         Auto=26.791     (6.8s)
[251/337] para-8         Auto=26.873     (6.9s)
[252/337] para-9         Auto=26.833     (6.8s)
[253/337] patents        Auto=11.372     (10.6s)
[254/337] pattern1       Auto=149.4      (7.4s)
[255/337] pcrystk02      Auto=1.729      (5.0s)
[256/337] pcrystk03      Auto=2.446      (5.1s)
[257/337] pct20stif      Auto=3.09       (5.2s)
[258/337] pdb1HYS        Auto=11.317     (5.7s)
[259/337] pf2177         Auto=4.655      (5.1s)
[260/337] pkustk01       Auto=1.78       (5.0s)
[261/337] pkustk02       Auto=1.114      (5.0s)
[262/337] pkustk03       Auto=3.01       (5.2s)
[263/337] pkustk04       Auto=57.39      (6.1s)
[264/337] pkustk05       Auto=3.276      (5.1s)
[265/337] pkustk06       Auto=3.878      (5.2s)
[266/337] pkustk07       Auto=8.036      (5.2s)
[267/337] pkustk08       Auto=10.843     (5.3s)
[268/337] pkustk09       Auto=1.383      (5.0s)
[269/337] pkustk10       Auto=4.07       (5.4s)
[270/337] pkustk11       Auto=6.746      (5.5s)
[271/337] pkustk12       Auto=167.117    (25.2s)
[272/337] pkustk13       Auto=15.376     (5.7s)
[273/337] pkustk14       Auto=36.526     (6.7s)
[274/337] pli            Auto=4.398      (5.0s)
[275/337] poisson3Db     Auto=4.958      (5.9s)
[276/337] pre2           Auto=81.481     (25.4s)
[277/337] pwtk           Auto=8.763      (7.2s)
[278/337] raefsky3       Auto=1.147      (5.3s)
[279/337] raefsky4       Auto=2.071      (5.3s)
[280/337] rajat16        Auto=147.799    (25.6s)
[281/337] rajat17        Auto=149.301    (25.5s)
[282/337] rajat18        Auto=149.561    (25.5s)
[283/337] rajat20        Auto=143.543    (25.8s)
[284/337] rajat25        Auto=145.485    (25.7s)
[285/337] rajat28        Auto=152.671    (25.6s)
[286/337] rajat31        Auto=10.654     (13.0s)
[287/337] ramage02       Auto=8.677      (5.3s)
[288/337] rgg_n_2_19_s0  Auto=5.603      (5.7s)
[289/337] rgg_n_2_20_s0  Auto=10.738     (6.6s)
[290/337] rgg_n_2_21_s0  Auto=21.171     (8.6s)
[291/337] rgg_n_2_22_s0  Auto=43.164     (12.8s)
[292/337] rma10          Auto=2.954      (5.7s)
[293/337] road_central   Auto=26.214     (14.1s)
[294/337] road_usa       Auto=36.467     (19.7s)
[295/337] s3dkq4m2       Auto=3.82       (5.8s)
[296/337] s3dkt3m2       Auto=2.562      (5.7s)
[297/337] ship_001       Auto=14.813     (5.8s)
[298/337] ship_003       Auto=9.381      (6.3s)
[299/337] shipsec1       Auto=6.676      (6.3s)
[300/337] shipsec5       Auto=8.891      (6.6s)
[301/337] shipsec8       Auto=6.388      (6.2s)
[302/337] sinc18         Auto=7.027      (5.4s)
[303/337] sme3Da         Auto=3.543      (5.3s)
[304/337] sme3Db         Auto=7.895      (5.9s)
[305/337] sme3Dc         Auto=12.387     (6.2s)
[306/337] soc-Slashdot0811 Auto=23.101     (5.5s)
[307/337] soc-Slashdot0902 Auto=24.135     (5.4s)
[308/337] sparsine       Auto=4.716      (5.3s)
[309/337] srb1           Auto=2.781      (5.2s)
[310/337] std1_Jac2      Auto=6.29       (5.5s)
[311/337] std1_Jac3      Auto=7.368      (5.5s)
[312/337] std1_Jac3_db   Auto=1.837      (5.0s)
[313/337] t3dh           Auto=6.595      (5.9s)
[314/337] t3dh_a         Auto=6.593      (6.0s)
[315/337] t3dh_e         Auto=6.619      (5.8s)
[316/337] thermal2       Auto=3.954      (7.2s)
[317/337] thread         Auto=15.0       (5.8s)
[318/337] torso1         Auto=358.76     (10.0s)
[319/337] torso3         Auto=3.79       (6.7s)
[320/337] trdheim        Auto=2.947      (5.2s)
[321/337] troll          Auto=11.214     (6.2s)
[322/337] tsyl201        Auto=4.176      (5.1s)
[323/337] vanbody        Auto=2.926      (5.3s)
[324/337] vsp_bcsstk30_500sep_10in_1Kout Auto=8.008      (5.5s)
[325/337] vsp_befref_fxm_2_4_air02 Auto=5.401      (5.1s)
[326/337] vsp_model1_crew1_cr42_south31 Auto=62.302     (23.5s)
[327/337] vsp_msc10848_300sep_100in_1Kout Auto=9.987      (5.2s)
[328/337] vsp_south31_slptsk Auto=60.76      (23.5s)
[329/337] water_tank     Auto=2.098      (5.7s)
[330/337] wb-edu         Auto=1403.161   (43.1s)
[331/337] web-BerkStan   Auto=18.976     (6.5s)
[332/337] web-Google     Auto=13.301     (6.8s)
[333/337] web-NotreDame  Auto=12.829     (5.2s)
[334/337] webbase-1M     Auto=53.142     (6.5s)
[335/337] windscreen     Auto=2.105      (5.3s)
[336/337] x104           Auto=15.565     (7.0s)
[337/337] xenon2         Auto=3.323      (6.3s)

=== 几何均值(ms) ===
  cu          31.581
  Auto        13.953
  Ocean        5.918
  opSparse    17.433
  HSMU        14.426
  bhSparse    40.528
  dense     2477.293
  cublas     634.532

=== Auto 选择(共 337 阵)===  hash 337 / merge3 0

=== Auto vs cuSPARSE:赢 229 / 输 42,几何均值(Auto/cuSPARSE) 0.285× ===
  name                   n       C_nnz  cuSPARSE      Auto    ratio
  Stanford_Berkeley  683446    78130972    45.694   277.317    6.07×
  webbase-1M       1000005    51111996     9.512    53.142    5.59×
  hugetric-00020   7122792    44609736     5.449    12.815    2.35×
  hugetric-00010   6592765    41276239     5.104    11.874    2.33×
  TSOPF_RS_b2383     38120    74318317    19.261    41.296    2.14×
  TSOPF_RS_b2383_c1   38120    74318317    19.273    41.304    2.14×
  circuit_4          80209    87091024    14.965    29.083    1.94×
  c-71               76638    52538716    11.109    19.738    1.78×
  web-Google        916428    29710164     7.529    13.301    1.77×
  a0nsdsil           80016   175955042    30.239    52.827    1.75×
  TSOPF_RS_b2052_c1   25626    30950093     9.076    15.810    1.74×
  a2nnsnsl           80016   158275840    27.854    47.695    1.71×
  c-62ghs            41731    38084477     8.099    13.440    1.66×
  TSOPF_RS_b678_c2   35696    40139105     9.924    15.549    1.57×
  c-62               41731    38084477     8.970    13.355    1.49×
  ... 另有 27 个

=== Auto vs Ocean:赢 5 / 输 332,几何均值(Auto/Ocean) 2.357× ===
  name                   n       C_nnz     Ocean      Auto    ratio
  wb-edu           9845725   630077764     1.462  1403.161  959.75×
  Cube_Coup_dt0    2164760   552667840     4.027   346.314   86.00×
  Ga41As41H72       268096   231455088     4.027   149.272   37.07×
  Si41Ge41H72       185639   173776869     4.027   148.518   36.88×
  Flan_1565        1564794   509685948     4.027   139.543   34.65×
  Bump_2911        2911419   560173611     4.027   108.233   26.88×
  Long_Coup_dt6    1470152   388670368     4.027   100.399   24.93×
  F1                343791   224484403     4.027    97.917   24.32×
  Ga3As3H12          61349    62181563     4.027    89.135   22.13×
  Ga19As19H42       133123   108051533     4.027    76.984   19.12×
  Ge99H100          112985   105811785     4.027    74.770   18.57×
  Ge87H76           112985    99053985     4.027    67.922   16.87×
  Serena           1391349   315805689     4.027    64.820   16.10×
  Hook_1498        1498023   312415749     4.027    59.678   14.82×
  Geo_1438         1437960   274478976     4.027    55.141   13.69×
  ... 另有 317 个

=== Auto vs opSparse:赢 176 / 输 142,几何均值(Auto/opSparse) 0.699× ===
  name                   n       C_nnz  opSparse      Auto    ratio
  wb-edu           9845725   630077764    91.272  1403.161   15.37×
  webbase-1M       1000005    51111996    14.038    53.142    3.79×
  web-Google        916428    29710164     4.024    13.301    3.31×
  kkt_power        2063494    93265642    10.147    32.007    3.15×
  road_central    14081816    69990710     8.652    26.214    3.03×
  hugetrace-00020 16002413    99652167     9.142    26.989    2.95×
  hugebubbles-0002021198119   132690161    13.552    39.783    2.94×
  hugebubbles-0001019458087   121526577    12.750    36.970    2.90×
  hugebubbles-0000018318143   113009849     9.906    27.894    2.82×
  Cube_Coup_dt0    2164760   552667840   123.740   346.314    2.80×
  hugetrace-00010 12057441    74977771     7.248    19.214    2.65×
  hugetric-00010   6592765    41276239     4.596    11.874    2.58×
  hugetric-00020   7122792    44609736     4.993    12.815    2.57×
  germany_osm     11548845    42720261     5.755    13.254    2.30×
  CO                221119   100124359    13.505    29.011    2.15×
  ... 另有 127 个

=== Auto vs HSMU:赢 202 / 输 135,几何均值(Auto/HSMU) 0.967× ===
  name                   n       C_nnz      HSMU      Auto    ratio
  wb-edu           9845725   630077764   222.495  1403.161    6.31×
  c-big             345241   447991461    67.461   313.000    4.64×
  a0nsdsil           80016   175955042    19.060    52.827    2.77×
  rajat28            87190   898546696    56.107   152.671    2.72×
  rajat18            94294   878610938    55.627   149.561    2.69×
  rajat25            87190   898546696    54.811   145.485    2.65×
  rajat20            86916   893444162    54.438   143.543    2.64×
  c-73              169422  1705845986   120.474   311.892    2.59×
  c-73b             169422  1705845986   120.305   309.903    2.58×
  Cube_Coup_dt0    2164760   552667840   134.682   346.314    2.57×
  rajat17            94294   891678715    59.094   149.301    2.53×
  mult_dcop_03       25187   518559199    27.868    69.584    2.50×
  mult_dcop_01       25187   518559249    28.153    68.909    2.45×
  mult_dcop_02       25187   518559249    28.289    68.924    2.44×
  rajat16            94294   891678715    61.163   147.799    2.42×
  ... 另有 120 个

=== Auto vs bhSparse:赢 315 / 输 2,几何均值(Auto/bhSparse) 0.295× ===
  name                   n       C_nnz  bhSparse      Auto    ratio
  Cube_Coup_dt0    2164760   552667840   278.281   346.314    1.24×
  torso1            116158    19600778   296.575   358.760    1.21×

=== Auto vs dense:赢 138 / 输 0,几何均值(Auto/dense) 0.003× ===
  name                   n       C_nnz     dense      Auto    ratio

=== Auto vs cuBLAS:赢 137 / 输 1,几何均值(Auto/cuBLAS) 0.011× ===
  name                   n       C_nnz    cuBLAS      Auto    ratio
  gupta3             16783   270864545   299.118   308.003    1.03×
