Refresh 仅 'Auto' 列 × 337 阵(DENSE_TIMEOUT=600s)→ compare/ocean337/methods_cmp_clean.csv.csv

[1/337] 333SP          Auto=10.675     (10.1s)
[2/337] 3Dspectralwave Auto=31.303     (14.5s)
[3/337] 3Dspectralwave2 Auto=13.244     (8.8s)
[4/337] 3dtube         Auto=6.914      (5.6s)
[5/337] AS365          Auto=11.813     (10.5s)
[6/337] BenElechi1     Auto=9.572      (7.9s)
[7/337] Bump_2911      Auto=106.6      (44.8s)
[8/337] CO             Auto=18.274     (7.2s)
[9/337] Chevron4       Auto=4.408      (7.8s)
[10/337] CoupCons3D     Auto=19.271     (12.7s)
[11/337] Cube_Coup_dt0  Auto=343.971    (45.2s)
[12/337] CurlCurl_2     Auto=6.562      (7.2s)
[13/337] CurlCurl_3     Auto=9.838      (8.3s)
[14/337] CurlCurl_4     Auto=18.483     (11.7s)
[15/337] Dubcova3       Auto=4.203      (6.0s)
[16/337] Emilia_923     Auto=36.017     (13.0s)
[17/337] F1             Auto=69.234     (12.0s)
[18/337] F2             Auto=14.6       (6.3s)
[19/337] FEM_3D_thermal2 Auto=2.426      (6.2s)
[20/337] Fault_639      Auto=25.32      (10.8s)
[21/337] Flan_1565      Auto=141.771    (42.8s)
[22/337] Freescale1     Auto=8.96       (13.5s)
[23/337] Ga10As10H30    Auto=26.514     (6.7s)
[24/337] Ga19As19H42    Auto=46.348     (7.6s)
[25/337] Ga3As3H12      Auto=54.467     (6.8s)
[26/337] Ga41As41H72    Auto=102.45     (10.4s)
[27/337] GaAsH6         Auto=21.354     (6.1s)
[28/337] Ge87H76        Auto=40.716     (7.2s)
[29/337] Ge99H100       Auto=44.53      (7.3s)
[30/337] Geo_1438       Auto=54.48      (18.4s)
[31/337] H2O            Auto=5.135      (5.8s)
[32/337] HTC_336_4438   Auto=23.534     (5.8s)
[33/337] HTC_336_9129   Auto=24.199     (5.6s)
[34/337] Hook_1498      Auto=59.323     (31.7s)
[35/337] Long_Coup_dt6  Auto=99.408     (35.9s)
[36/337] M6             Auto=10.905     (9.5s)
[37/337] ML_Laplace     Auto=38.993     (14.8s)
[38/337] NLR            Auto=13.164     (10.4s)
[39/337] Reuters911     Auto=5.51       (5.0s)
[40/337] Serena         Auto=64.362     (31.6s)
[41/337] Si10H16        Auto=3.515      (5.1s)
[42/337] Si34H36        Auto=22.235     (6.2s)
[43/337] Si41Ge41H72    Auto=88.926     (9.2s)
[44/337] Si87H76        Auto=29.918     (7.8s)
[45/337] SiO            Auto=4.553      (5.3s)
[46/337] SiO2           Auto=241.427    (9.1s)
[47/337] Stanford_Berkeley Auto=327.447    (8.4s)
[48/337] StocF-1465     Auto=17.383     (9.9s)
[49/337] TSC_OPF_1047   Auto=5.819      (5.5s)
[50/337] TSC_OPF_300    Auto=5.614      (5.3s)
[51/337] TSOPF_FS_b300  Auto=73.146     (6.9s)
[52/337] TSOPF_FS_b300_c2 Auto=273.36     (24.0s)
[53/337] TSOPF_FS_b39_c7 Auto=25.43      (5.8s)
[54/337] TSOPF_FS_b9_c6 Auto=8.837      (5.2s)
[55/337] TSOPF_RS_b2052_c1 Auto=8.551      (7.5s)
[56/337] TSOPF_RS_b2383 Auto=30.603     (11.1s)
[57/337] TSOPF_RS_b2383_c1 Auto=30.589     (11.0s)
[58/337] TSOPF_RS_b678_c2 Auto=8.909      (8.2s)
[59/337] Zd_Jac2        Auto=5.41       (5.6s)
[60/337] Zd_Jac2_db     Auto=2.031      (5.3s)
[61/337] Zd_Jac3        Auto=6.467      (5.7s)
[62/337] Zd_Jac3_db     Auto=1.996      (5.3s)
[63/337] Zd_Jac6        Auto=5.956      (5.6s)
[64/337] Zd_Jac6_db     Auto=1.947      (5.2s)
[65/337] a0nsdsil       Auto=15.561     (5.8s)
[66/337] a2nnsnsl       Auto=20.237     (5.8s)
[67/337] a5esindl       Auto=12.567     (5.6s)
[68/337] af_0_k101      Auto=11.297     (8.8s)
[69/337] af_1_k101      Auto=11.286     (9.0s)
[70/337] af_2_k101      Auto=11.274     (9.1s)
[71/337] af_3_k101      Auto=11.255     (8.9s)
[72/337] af_4_k101      Auto=11.257     (8.9s)
[73/337] af_5_k101      Auto=11.283     (8.9s)
[74/337] af_shell1      Auto=10.725     (8.6s)
[75/337] af_shell10     Auto=28.615     (17.7s)
[76/337] af_shell2      Auto=10.728     (8.6s)
[77/337] af_shell3      Auto=10.738     (8.5s)
[78/337] af_shell4      Auto=10.764     (8.6s)
[79/337] af_shell5      Auto=10.711     (8.5s)
[80/337] af_shell6      Auto=10.71      (8.6s)
[81/337] af_shell7      Auto=10.741     (8.6s)
[82/337] af_shell8      Auto=10.714     (8.7s)
[83/337] af_shell9      Auto=10.759     (8.6s)
[84/337] appu           Auto=11.185     (6.1s)
[85/337] atmosmodd      Auto=4.134      (8.4s)
[86/337] atmosmodj      Auto=4.15       (8.4s)
[87/337] atmosmodl      Auto=4.35       (8.2s)
[88/337] atmosmodm      Auto=4.346      (8.2s)
[89/337] audikw_1       Auto=165.846    (37.6s)
[90/337] auto           Auto=5.416      (6.2s)
[91/337] av41092        Auto=6.872      (5.7s)
[92/337] bbmat          Auto=3.239      (5.8s)
[93/337] bcsstk30       Auto=3.224      (5.2s)
[94/337] bcsstk35       Auto=1.683      (5.3s)
[95/337] bcsstk36       Auto=1.54       (5.2s)
[96/337] bcsstk39       Auto=2.124      (5.4s)
[97/337] bloweya        Auto=7.073      (5.4s)
[98/337] bloweybl       Auto=6.269      (5.4s)
[99/337] bloweybq       Auto=11.272     (5.4s)
[100/337] bmw3_2         Auto=9.683      (7.3s)
[101/337] bmw7st_1       Auto=6.623      (6.6s)
[102/337] bmwcra_1       Auto=13.762     (7.4s)
[103/337] bone010        Auto=80.341     (31.6s)
[104/337] boneS01        Auto=6.844      (6.2s)
[105/337] boneS10        Auto=56.0       (15.6s)
[106/337] brainpc2       Auto=10.806     (5.7s)
[107/337] bundle1        Auto=6.191      (5.2s)
[108/337] c-43           Auto=2.847      (5.1s)
[109/337] c-45           Auto=4.211      (5.1s)
[110/337] c-53           Auto=6.106      (5.3s)
[111/337] c-57           Auto=17.51      (5.7s)
[112/337] c-58           Auto=8.322      (5.2s)
[113/337] c-62           Auto=7.09       (5.3s)
[114/337] c-62ghs        Auto=6.95       (5.3s)
[115/337] c-64           Auto=21.682     (5.7s)
[116/337] c-64b          Auto=21.602     (5.7s)
[117/337] c-66           Auto=7.827      (5.2s)
[118/337] c-66b          Auto=7.779      (5.3s)
[119/337] c-67           Auto=8.965      (5.3s)
[120/337] c-67b          Auto=9.447      (5.2s)
[121/337] c-71           Auto=15.063     (5.4s)
[122/337] c-73           Auto=79.421     (24.0s)
[123/337] c-73b          Auto=78.374     (23.7s)
[124/337] c-big          Auto=291.616    (22.0s)
[125/337] cage13         Auto=9.267      (8.1s)
[126/337] cage14         Auto=37.038     (16.7s)
[127/337] cage15         Auto=148.44     (62.1s)
[128/337] cant           Auto=4.504      (5.8s)
[129/337] case39         Auto=50.946     (19.6s)
[130/337] case9          Auto=8.858      (5.3s)
[131/337] cfd2           Auto=2.671      (5.6s)
[132/337] circuit_4      Auto=16.955     (5.5s)
[133/337] cnr-2000       Auto=9.658      (5.8s)
[134/337] conf5_4-8x8-05 Auto=2.128      (5.9s)
[135/337] conf5_4-8x8-10 Auto=2.117      (5.9s)
[136/337] conf5_4-8x8-15 Auto=2.113      (6.0s)
[137/337] conf5_4-8x8-20 Auto=2.119      (6.1s)
[138/337] conf6_0-8x8-20 Auto=2.125      (6.0s)
[139/337] conf6_0-8x8-30 Auto=2.115      (5.9s)
[140/337] conf6_0-8x8-80 Auto=2.114      (5.9s)
[141/337] consph         Auto=7.756      (6.1s)
[142/337] cop20k_A       Auto=3.397      (5.6s)
[143/337] crankseg_1     Auto=36.337     (7.5s)
[144/337] crankseg_2     Auto=56.772     (8.2s)
[145/337] crplat2        Auto=1.039      (5.2s)
[146/337] crystk02       Auto=1.691      (5.2s)
[147/337] crystk03       Auto=2.407      (5.4s)
[148/337] ct20stif       Auto=3.016      (5.5s)
[149/337] delaunay_n21   Auto=6.283      (7.0s)
[150/337] delaunay_n22   Auto=12.162     (9.3s)
[151/337] delaunay_n23   Auto=23.923     (13.4s)
[152/337] delaunay_n24   Auto=47.772     (34.8s)
[153/337] dielFilterV2clx Auto=35.907     (12.0s)
[154/337] dielFilterV2real Auto=67.353     (30.0s)
[155/337] dielFilterV3clx Auto=128.219    (15.0s)
[156/337] dielFilterV3real Auto=287.53     (42.2s)
[157/337] email-Enron    Auto=5.429      (5.2s)
[158/337] eu-2005        Auto=62.439     (9.7s)
[159/337] ex11           Auto=1.686      (5.3s)
[160/337] exdata_1       Auto=14.516     (5.4s)
[161/337] fcondp2        Auto=9.178      (6.2s)
[162/337] fem_filter     Auto=7.125      (5.9s)
[163/337] fem_hifreq_circuit Auto=25.136     (14.3s)
[164/337] filter3D       Auto=3.938      (5.7s)
[165/337] fp             Auto=3.31       (5.3s)
[166/337] fullb          Auto=10.958     (6.3s)
[167/337] gearbox        Auto=9.388      (6.0s)
[168/337] germany_osm    Auto=13.675     (9.9s)
[169/337] gsm_106857     Auto=27.441     (11.1s)
[170/337] gupta1         Auto=39.721     (19.2s)
[171/337] gupta2         Auto=98.077     (20.7s)
[172/337] gupta3         Auto=151.629    (7.8s)
[173/337] gyro           Auto=2.411      (5.3s)
[174/337] gyro_k         Auto=2.386      (5.2s)
[175/337] halfb          Auto=10.387     (6.4s)
[176/337] hangGlider_3   Auto=9.78       (5.3s)
[177/337] hangGlider_4   Auto=7.191      (5.7s)
[178/337] hangGlider_5   Auto=7.422      (5.7s)
[179/337] hood           Auto=8.895      (7.2s)
[180/337] hugebubbles-00000 Auto=28.828     (17.9s)
[181/337] hugebubbles-00010 Auto=36.886     (18.5s)
[182/337] hugebubbles-00020 Auto=39.822     (20.1s)
[183/337] hugetrace-00010 Auto=19.734     (12.7s)
[184/337] hugetrace-00020 Auto=27.53      (15.6s)
[185/337] hugetric-00010 Auto=12.102     (9.5s)
[186/337] hugetric-00020 Auto=13.043     (9.8s)
[187/337] iChem_Jacobian Auto=3.169      (6.9s)
[188/337] in-2004        Auto=97.61      (9.1s)
[189/337] inline_1       Auto=89.462     (14.3s)
[190/337] invextr1_new   Auto=4.07       (5.6s)
[191/337] kim2           Auto=6.517      (10.1s)
[192/337] kkt_power      Auto=27.395     (9.1s)
[193/337] laminar_duct3D Auto=4.968      (6.4s)
[194/337] largebasis     Auto=3.51       (7.2s)
[195/337] ldoor          Auto=35.8       (15.1s)
[196/337] li             Auto=3.516      (5.5s)
[197/337] lowThrust_10   Auto=5.268      (5.3s)
[198/337] lowThrust_11   Auto=5.272      (5.3s)
[199/337] lowThrust_12   Auto=5.396      (5.2s)
[200/337] lowThrust_13   Auto=5.402      (5.3s)
[201/337] lowThrust_4    Auto=6.911      (5.2s)
[202/337] lowThrust_5    Auto=4.452      (5.3s)
[203/337] lowThrust_6    Auto=4.749      (5.3s)
[204/337] lowThrust_7    Auto=4.81       (5.2s)
[205/337] lowThrust_8    Auto=5.036      (5.3s)
[206/337] lowThrust_9    Auto=5.225      (5.2s)
[207/337] m14b           Auto=2.791      (5.5s)
[208/337] m_t1           Auto=15.975     (7.1s)
[209/337] mixtank_new    Auto=4.289      (5.7s)
[210/337] mono_500Hz     Auto=8.04       (8.1s)
[211/337] mouse_gene     Auto=598.911    (28.8s)
[212/337] msc10848       Auto=3.429      (5.2s)
[213/337] msc23052       Auto=1.558      (5.2s)
[214/337] msdoor         Auto=16.055     (9.3s)
[215/337] mult_dcop_01   Auto=19.581     (19.5s)
[216/337] mult_dcop_02   Auto=19.535     (19.8s)
[217/337] mult_dcop_03   Auto=20.105     (19.8s)
[218/337] nasasrb        Auto=2.811      (5.5s)
[219/337] nd12k          Auto=70.762     (8.5s)
[220/337] nd24k          Auto=150.608    (11.7s)
[221/337] nd3k           Auto=11.992     (5.8s)
[222/337] nd6k           Auto=29.29      (6.6s)
[223/337] nemeth01       Auto=0.587      (5.3s)
[224/337] nemeth18       Auto=0.551      (5.1s)
[225/337] nemeth19       Auto=0.637      (5.1s)
[226/337] nemeth20       Auto=1.051      (5.1s)
[227/337] nemeth21       Auto=1.87       (5.4s)
[228/337] nemeth22       Auto=1.972      (5.3s)
[229/337] nemeth23       Auto=2.33       (5.3s)
[230/337] nemeth24       Auto=2.332      (5.4s)
[231/337] nemeth25       Auto=2.344      (5.3s)
[232/337] nemeth26       Auto=2.342      (5.3s)
[233/337] net100         Auto=9.705      (5.7s)
[234/337] net125         Auto=13.663     (5.8s)
[235/337] net150         Auto=18.424     (6.2s)
[236/337] net50          Auto=4.683      (5.4s)
[237/337] net75          Auto=6.676      (5.4s)
[238/337] nlpkkt120      Auto=70.857     (35.2s)
[239/337] nlpkkt80       Auto=29.042     (10.1s)
[240/337] ns3Da          Auto=4.908      (5.7s)
[241/337] offshore       Auto=3.436      (6.1s)
[242/337] ohne2          Auto=19.087     (8.7s)
[243/337] oilpan         Auto=3.049      (5.6s)
[244/337] olafu          Auto=1.682      (5.2s)
[245/337] opt1           Auto=4.103      (5.3s)
[246/337] para-10        Auto=21.643     (6.9s)
[247/337] para-4         Auto=15.752     (6.8s)
[248/337] para-5         Auto=21.667     (6.9s)
[249/337] para-6         Auto=21.693     (7.0s)
[250/337] para-7         Auto=21.728     (6.8s)
[251/337] para-8         Auto=21.702     (6.8s)
[252/337] para-9         Auto=21.59      (7.0s)
[253/337] patents        Auto=10.171     (10.7s)
[254/337] pattern1       Auto=72.779     (7.1s)
[255/337] pcrystk02      Auto=1.688      (5.1s)
[256/337] pcrystk03      Auto=2.396      (5.2s)
[257/337] pct20stif      Auto=3.041      (5.4s)
[258/337] pdb1HYS        Auto=8.322      (5.9s)
[259/337] pf2177         Auto=4.606      (5.3s)
[260/337] pkustk01       Auto=1.68       (5.1s)
[261/337] pkustk02       Auto=1.041      (5.1s)
[262/337] pkustk03       Auto=2.97       (5.4s)
[263/337] pkustk04       Auto=24.992     (6.1s)
[264/337] pkustk05       Auto=3.106      (5.3s)
[265/337] pkustk06       Auto=3.484      (5.3s)
[266/337] pkustk07       Auto=5.711      (5.3s)
[267/337] pkustk08       Auto=7.658      (5.3s)
[268/337] pkustk09       Auto=1.382      (5.3s)
[269/337] pkustk10       Auto=3.987      (5.4s)
[270/337] pkustk11       Auto=6.363      (5.6s)
[271/337] pkustk12       Auto=65.493     (20.6s)
[272/337] pkustk13       Auto=12.142     (5.8s)
[273/337] pkustk14       Auto=28.052     (6.8s)
[274/337] pli            Auto=3.53       (5.2s)
[275/337] poisson3Db     Auto=4.519      (6.0s)
[276/337] pre2           Auto=47.696     (21.2s)
[277/337] pwtk           Auto=8.502      (7.2s)
[278/337] raefsky3       Auto=1.113      (5.5s)
[279/337] raefsky4       Auto=2.016      (5.2s)
[280/337] rajat16        Auto=43.623     (21.3s)
[281/337] rajat17        Auto=54.886     (21.1s)
[282/337] rajat18        Auto=44.837     (21.0s)
[283/337] rajat20        Auto=39.414     (21.1s)
[284/337] rajat25        Auto=50.295     (21.1s)
[285/337] rajat28        Auto=41.271     (21.0s)
[286/337] rajat31        Auto=10.51      (13.0s)
[287/337] ramage02       Auto=6.324      (5.3s)
[288/337] rgg_n_2_19_s0  Auto=5.584      (5.9s)
[289/337] rgg_n_2_20_s0  Auto=10.5       (6.7s)
[290/337] rgg_n_2_21_s0  Auto=20.662     (8.7s)
[291/337] rgg_n_2_22_s0  Auto=41.329     (13.0s)
[292/337] rma10          Auto=2.913      (5.7s)
[293/337] road_central   Auto=26.387     (14.3s)
[294/337] road_usa       Auto=38.159     (18.8s)
[295/337] s3dkq4m2       Auto=3.733      (5.9s)
[296/337] s3dkt3m2       Auto=2.487      (5.7s)
[297/337] ship_001       Auto=10.069     (6.0s)
[298/337] ship_003       Auto=8.96       (6.5s)
[299/337] shipsec1       Auto=6.608      (6.4s)
[300/337] shipsec5       Auto=8.85       (6.7s)
[301/337] shipsec8       Auto=6.373      (6.1s)
[302/337] sinc18         Auto=3.771      (5.5s)
[303/337] sme3Da         Auto=2.664      (5.3s)
[304/337] sme3Db         Auto=5.87       (5.9s)
[305/337] sme3Dc         Auto=9.056      (6.4s)
[306/337] soc-Slashdot0811 Auto=13.402     (5.6s)
[307/337] soc-Slashdot0902 Auto=14.572     (5.6s)
[308/337] sparsine       Auto=3.619      (5.4s)
[309/337] srb1           Auto=2.723      (5.3s)
[310/337] std1_Jac2      Auto=4.461      (5.6s)
[311/337] std1_Jac3      Auto=4.948      (5.7s)
[312/337] std1_Jac3_db   Auto=1.559      (5.2s)
[313/337] t3dh           Auto=6.246      (6.0s)
[314/337] t3dh_a         Auto=6.223      (6.0s)
[315/337] t3dh_e         Auto=6.224      (6.1s)
[316/337] thermal2       Auto=3.983      (7.2s)
[317/337] thread         Auto=10.426     (5.9s)
[318/337] torso1         Auto=188.587    (9.1s)
[319/337] torso3         Auto=3.218      (6.7s)
[320/337] trdheim        Auto=2.912      (5.3s)
[321/337] troll          Auto=11.568     (6.3s)
[322/337] tsyl201        Auto=3.562      (5.3s)
[323/337] vanbody        Auto=2.884      (5.5s)
[324/337] vsp_bcsstk30_500sep_10in_1Kout Auto=7.202      (5.6s)
[325/337] vsp_befref_fxm_2_4_air02 Auto=5.187      (5.2s)
[326/337] vsp_model1_crew1_cr42_south31 Auto=20.072     (19.2s)
[327/337] vsp_msc10848_300sep_100in_1Kout Auto=7.376      (5.4s)
[328/337] vsp_south31_slptsk Auto=18.659     (19.3s)
[329/337] water_tank     Auto=2.099      (5.7s)
[330/337] wb-edu         Auto=1258.986   (35.2s)
[331/337] web-BerkStan   Auto=16.415     (6.7s)
[332/337] web-Google     Auto=12.457     (6.9s)
[333/337] web-NotreDame  Auto=10.266     (5.5s)
[334/337] webbase-1M     Auto=45.594     (6.6s)
[335/337] windscreen     Auto=2.158      (5.4s)
[336/337] x104           Auto=13.632     (7.0s)
[337/337] xenon2         Auto=2.912      (6.4s)

=== 几何均值(ms) ===
  cu          31.581
  Auto        10.656
  Ocean        5.918
  opSparse    17.433
  HSMU        14.426
  bhSparse    40.528
  dense     2477.293
  cublas     634.532

=== Auto 选择(共 337 阵)===  hash 337 / merge3 0

=== Auto vs cuSPARSE:赢 248 / 输 23,几何均值(Auto/cuSPARSE) 0.223× ===
  name                   n       C_nnz  cuSPARSE      Auto    ratio
  Stanford_Berkeley  683446    78130972    45.694   327.447    7.17×
  webbase-1M       1000005    51111996     9.512    45.594    4.79×
  hugetric-00020   7122792    44609736     5.449    13.043    2.39×
  hugetric-00010   6592765    41276239     5.104    12.102    2.37×
  web-Google        916428    29710164     7.529    12.457    1.65×
  TSOPF_RS_b2383     38120    74318317    19.261    30.603    1.59×
  TSOPF_RS_b2383_c1   38120    74318317    19.273    30.589    1.59×
  Chevron4          711450    17706328     3.089     4.408    1.43×
  c-71               76638    52538716    11.109    15.063    1.36×
  NLR              4163763    82016497    10.102    13.164    1.30×
  Freescale1       3428755    45276331     6.943     8.960    1.29×
  M6               3501776    68984930     8.464    10.905    1.29×
  AS365            3799275    74616587     9.225    11.813    1.28×
  333SP            3712815    71961733     8.466    10.675    1.26×
  delaunay_n22     4194304    86836968     9.811    12.162    1.24×
  ... 另有 8 个

=== Auto vs Ocean:赢 26 / 输 311,几何均值(Auto/Ocean) 1.801× ===
  name                   n       C_nnz     Ocean      Auto    ratio
  wb-edu           9845725   630077764     1.462  1258.986  861.14×
  Cube_Coup_dt0    2164760   552667840     4.027   343.971   85.42×
  Flan_1565        1564794   509685948     4.027   141.771   35.21×
  Bump_2911        2911419   560173611     4.027   106.600   26.47×
  Ga41As41H72       268096   231455088     4.027   102.450   25.44×
  Long_Coup_dt6    1470152   388670368     4.027    99.408   24.69×
  Si41Ge41H72       185639   173776869     4.027    88.926   22.08×
  F1                343791   224484403     4.027    69.234   17.19×
  Serena           1391349   315805689     4.027    64.362   15.98×
  Hook_1498        1498023   312415749     4.027    59.323   14.73×
  Geo_1438         1437960   274478976     4.027    54.480   13.53×
  Ga3As3H12          61349    62181563     4.027    54.467   13.53×
  Ga19As19H42       133123   108051533     4.027    46.348   11.51×
  Ge99H100          112985   105811785     4.027    44.530   11.06×
  Ge87H76           112985    99053985     4.027    40.716   10.11×
  ... 另有 296 个

=== Auto vs opSparse:赢 226 / 输 92,几何均值(Auto/opSparse) 0.554× ===
  name                   n       C_nnz  opSparse      Auto    ratio
  wb-edu           9845725   630077764    91.272  1258.986   13.79×
  webbase-1M       1000005    51111996    14.038    45.594    3.25×
  web-Google        916428    29710164     4.024    12.457    3.10×
  road_central    14081816    69990710     8.652    26.387    3.05×
  hugetrace-00020 16002413    99652167     9.142    27.530    3.01×
  hugebubbles-0002021198119   132690161    13.552    39.822    2.94×
  hugebubbles-0000018318143   113009849     9.906    28.828    2.91×
  hugebubbles-0001019458087   121526577    12.750    36.886    2.89×
  Cube_Coup_dt0    2164760   552667840   123.740   343.971    2.78×
  hugetrace-00010 12057441    74977771     7.248    19.734    2.72×
  kkt_power        2063494    93265642    10.147    27.395    2.70×
  hugetric-00010   6592765    41276239     4.596    12.102    2.63×
  hugetric-00020   7122792    44609736     4.993    13.043    2.61×
  germany_osm     11548845    42720261     5.755    13.675    2.38×
  rajat31          4690002    53118754     5.112    10.510    2.06×
  ... 另有 77 个

=== Auto vs HSMU:赢 299 / 输 38,几何均值(Auto/HSMU) 0.739× ===
  name                   n       C_nnz      HSMU      Auto    ratio
  wb-edu           9845725   630077764   222.495  1258.986    5.66×
  c-big             345241   447991461    67.461   291.616    4.32×
  Cube_Coup_dt0    2164760   552667840   134.682   343.971    2.55×
  dielFilterV3clx   420408   247299354    74.297   128.219    1.73×
  Stanford_Berkeley  683446    78130972   203.790   327.447    1.61×
  lowThrust_4        13562    28327028     4.730     6.911    1.46×
  bloweybq           10001   100020001     7.842    11.272    1.44×
  kkt_power        2063494    93265642    19.175    27.395    1.43×
  dielFilterV3real 1102824   688649400   206.522   287.530    1.39×
  web-Google        916428    29710164     9.392    12.457    1.33×
  inline_1          503712   253084638    72.640    89.462    1.23×
  ML_Laplace        377002    95882884    32.148    38.993    1.21×
  nlpkkt80         1062400   154663144    24.760    29.042    1.17×
  CurlCurl_4       2380515   133384865    15.900    18.483    1.16×
  hangGlider_3       10260    83182632     8.499     9.780    1.15×
  ... 另有 23 个

=== Auto vs bhSparse:赢 316 / 输 1,几何均值(Auto/bhSparse) 0.236× ===
  name                   n       C_nnz  bhSparse      Auto    ratio
  Cube_Coup_dt0    2164760   552667840   278.281   343.971    1.24×

=== Auto vs dense:赢 138 / 输 0,几何均值(Auto/dense) 0.002× ===
  name                   n       C_nnz     dense      Auto    ratio

=== Auto vs cuBLAS:赢 138 / 输 0,几何均值(Auto/cuBLAS) 0.008× ===
  name                   n       C_nnz    cuBLAS      Auto    ratio
