Refresh 仅 'Auto' 列 × 337 阵(DENSE_TIMEOUT=600s)→ compare/ocean337/methods_cmp_clean.csv.csv

[1/337] 333SP          Auto=10.614     (9.0s)
[2/337] 3Dspectralwave Auto=39.498     (14.8s)
[3/337] 3Dspectralwave2 Auto=16.402     (8.9s)
[4/337] 3dtube         Auto=7.702      (5.4s)
[5/337] AS365          Auto=12.106     (10.4s)
[6/337] BenElechi1     Auto=9.797      (7.8s)
[7/337] Bump_2911      Auto=107.528    (48.3s)
[8/337] CO             Auto=28.818     (6.8s)
[9/337] Chevron4       Auto=4.304      (7.5s)
[10/337] CoupCons3D     Auto=19.107     (12.6s)
[11/337] Cube_Coup_dt0  Auto=342.274    (48.9s)
[12/337] CurlCurl_2     Auto=7.927      (7.0s)
[13/337] CurlCurl_3     Auto=12.152     (8.4s)
[14/337] CurlCurl_4     Auto=22.943     (11.7s)
[15/337] Dubcova3       Auto=4.554      (5.9s)
[16/337] Emilia_923     Auto=36.229     (12.5s)
[17/337] F1             Auto=97.17      (12.0s)
[18/337] F2             Auto=19.688     (6.2s)
[19/337] FEM_3D_thermal2 Auto=2.754      (6.3s)
[20/337] Fault_639      Auto=25.529     (10.5s)
[21/337] Flan_1565      Auto=138.9      (47.2s)
[22/337] Freescale1     Auto=9.348      (14.0s)
[23/337] Ga10As10H30    Auto=42.772     (6.5s)
[24/337] Ga19As19H42    Auto=73.202     (7.3s)
[25/337] Ga3As3H12      Auto=88.693     (6.8s)
[26/337] Ga41As41H72    Auto=148.297    (10.3s)
[27/337] GaAsH6         Auto=35.534     (5.9s)
[28/337] Ge87H76        Auto=64.946     (7.3s)
[29/337] Ge99H100       Auto=71.411     (7.2s)
[30/337] Geo_1438       Auto=54.922     (18.3s)
[31/337] H2O            Auto=7.356      (5.4s)
[32/337] HTC_336_4438   Auto=41.927     (5.6s)
[33/337] HTC_336_9129   Auto=34.172     (5.5s)
[34/337] Hook_1498      Auto=59.253     (36.6s)
[35/337] Long_Coup_dt6  Auto=98.789     (40.4s)
[36/337] M6             Auto=11.22      (10.4s)
[37/337] ML_Laplace     Auto=38.976     (14.9s)
[38/337] NLR            Auto=13.387     (10.4s)
[39/337] Reuters911     Auto=5.732      (5.0s)
[40/337] Serena         Auto=64.389     (36.0s)
[41/337] Si10H16        Auto=5.477      (5.2s)
[42/337] Si34H36        Auto=34.817     (6.3s)
[43/337] Si41Ge41H72    Auto=140.102    (9.3s)
[44/337] Si87H76        Auto=49.956     (7.7s)
[45/337] SiO            Auto=7.228      (5.1s)
[46/337] SiO2           Auto=417.036    (10.3s)
[47/337] Stanford_Berkeley Auto=289.413    (8.4s)
[48/337] StocF-1465     Auto=22.007     (10.2s)
[49/337] TSC_OPF_1047   Auto=6.042      (5.4s)
[50/337] TSC_OPF_300    Auto=6.134      (5.1s)
[51/337] TSOPF_FS_b300  Auto=187.271    (7.5s)
[52/337] TSOPF_FS_b300_c2 Auto=868.712    (31.5s)
[53/337] TSOPF_FS_b39_c7 Auto=40.725     (6.0s)
[54/337] TSOPF_FS_b9_c6 Auto=9.625      (5.2s)
[55/337] TSOPF_RS_b2052_c1 Auto=15.807     (7.6s)
[56/337] TSOPF_RS_b2383 Auto=39.694     (11.1s)
[57/337] TSOPF_RS_b2383_c1 Auto=39.779     (11.2s)
[58/337] TSOPF_RS_b678_c2 Auto=15.447     (8.3s)
[59/337] Zd_Jac2        Auto=8.366      (5.8s)
[60/337] Zd_Jac2_db     Auto=2.567      (5.2s)
[61/337] Zd_Jac3        Auto=10.329     (5.7s)
[62/337] Zd_Jac3_db     Auto=2.578      (5.2s)
[63/337] Zd_Jac6        Auto=8.876      (5.6s)
[64/337] Zd_Jac6_db     Auto=2.387      (5.1s)
[65/337] a0nsdsil       Auto=37.021     (5.7s)
[66/337] a2nnsnsl       Auto=36.681     (5.6s)
[67/337] a5esindl       Auto=26.987     (5.6s)
[68/337] af_0_k101      Auto=13.237     (9.0s)
[69/337] af_1_k101      Auto=13.243     (9.2s)
[70/337] af_2_k101      Auto=13.178     (9.1s)
[71/337] af_3_k101      Auto=13.279     (9.3s)
[72/337] af_4_k101      Auto=13.21      (9.1s)
[73/337] af_5_k101      Auto=13.233     (9.1s)
[74/337] af_shell1      Auto=12.313     (8.4s)
[75/337] af_shell10     Auto=34.477     (15.9s)
[76/337] af_shell2      Auto=12.287     (8.5s)
[77/337] af_shell3      Auto=12.271     (8.4s)
[78/337] af_shell4      Auto=12.3       (8.6s)
[79/337] af_shell5      Auto=12.29      (8.6s)
[80/337] af_shell6      Auto=12.302     (8.5s)
[81/337] af_shell7      Auto=12.298     (8.5s)
[82/337] af_shell8      Auto=12.297     (8.5s)
[83/337] af_shell9      Auto=12.378     (8.4s)
[84/337] appu           Auto=11.172     (6.0s)
[85/337] atmosmodd      Auto=4.026      (8.3s)
[86/337] atmosmodj      Auto=4.038      (8.3s)
[87/337] atmosmodl      Auto=4.355      (8.1s)
[88/337] atmosmodm      Auto=4.241      (8.1s)
[89/337] audikw_1       Auto=254.685    (42.3s)
[90/337] auto           Auto=6.902      (6.0s)
[91/337] av41092        Auto=10.053     (5.6s)
[92/337] bbmat          Auto=4.455      (5.5s)
[93/337] bcsstk30       Auto=3.529      (5.2s)
[94/337] bcsstk35       Auto=1.721      (5.2s)
[95/337] bcsstk36       Auto=1.563      (5.1s)
[96/337] bcsstk39       Auto=2.151      (5.3s)
[97/337] bloweya        Auto=11.823     (5.3s)
[98/337] bloweybl       Auto=9.894      (5.3s)
[99/337] bloweybq       Auto=12.22      (5.3s)
[100/337] bmw3_2         Auto=10.119     (7.1s)
[101/337] bmw7st_1       Auto=6.839      (6.4s)
[102/337] bmwcra_1       Auto=15.467     (7.3s)
[103/337] bone010        Auto=82.119     (36.0s)
[104/337] boneS01        Auto=6.868      (6.1s)
[105/337] boneS10        Auto=56.616     (15.3s)
[106/337] brainpc2       Auto=21.431     (5.5s)
[107/337] bundle1        Auto=6.407      (5.2s)
[108/337] c-43           Auto=3.515      (4.9s)
[109/337] c-45           Auto=4.426      (5.0s)
[110/337] c-53           Auto=11.605     (5.2s)
[111/337] c-57           Auto=34.438     (5.7s)
[112/337] c-58           Auto=13.009     (5.2s)
[113/337] c-62           Auto=12.276     (5.1s)
[114/337] c-62ghs        Auto=12.89      (5.1s)
[115/337] c-64           Auto=37.984     (5.6s)
[116/337] c-64b          Auto=37.874     (5.7s)
[117/337] c-66           Auto=13.18      (5.2s)
[118/337] c-66b          Auto=11.948     (5.3s)
[119/337] c-67           Auto=17.162     (5.2s)
[120/337] c-67b          Auto=17.065     (5.2s)
[121/337] c-71           Auto=20.841     (5.3s)
[122/337] c-73           Auto=146.724    (28.6s)
[123/337] c-73b          Auto=147.601    (28.6s)
[124/337] c-big          Auto=293.192    (26.4s)
[125/337] cage13         Auto=10.164     (8.0s)
[126/337] cage14         Auto=39.098     (16.7s)
[127/337] cage15         Auto=154.822    (67.4s)
[128/337] cant           Auto=4.606      (5.8s)
[129/337] case39         Auto=77.293     (24.1s)
[130/337] case9          Auto=9.666      (5.1s)
[131/337] cfd2           Auto=2.82       (5.5s)
[132/337] circuit_4      Auto=24.7       (5.4s)
[133/337] cnr-2000       Auto=11.718     (5.6s)
[134/337] conf5_4-8x8-05 Auto=2.132      (5.9s)
[135/337] conf5_4-8x8-10 Auto=2.135      (5.8s)
[136/337] conf5_4-8x8-15 Auto=2.139      (5.9s)
[137/337] conf5_4-8x8-20 Auto=2.132      (5.8s)
[138/337] conf6_0-8x8-20 Auto=2.127      (5.9s)
[139/337] conf6_0-8x8-30 Auto=2.138      (5.8s)
[140/337] conf6_0-8x8-80 Auto=2.129      (5.9s)
[141/337] consph         Auto=7.934      (6.1s)
[142/337] cop20k_A       Auto=3.502      (5.6s)
[143/337] crankseg_1     Auto=56.978     (7.4s)
[144/337] crankseg_2     Auto=93.159     (8.2s)
[145/337] crplat2        Auto=1.053      (5.0s)
[146/337] crystk02       Auto=1.73       (5.0s)
[147/337] crystk03       Auto=2.45       (5.3s)
[148/337] ct20stif       Auto=3.122      (5.5s)
[149/337] delaunay_n21   Auto=6.108      (7.0s)
[150/337] delaunay_n22   Auto=11.976     (8.9s)
[151/337] delaunay_n23   Auto=23.582     (13.1s)
[152/337] delaunay_n24   Auto=47.057     (39.8s)
[153/337] dielFilterV2clx Auto=40.35      (11.9s)
[154/337] dielFilterV2real Auto=67.016     (35.1s)
[155/337] dielFilterV3clx Auto=160.126    (14.9s)
[156/337] dielFilterV3real Auto=307.458    (47.1s)
[157/337] email-Enron    Auto=8.205      (5.0s)
[158/337] eu-2005        Auto=81.965     (9.8s)
[159/337] ex11           Auto=1.751      (5.3s)
[160/337] exdata_1       Auto=14.764     (5.4s)
[161/337] fcondp2        Auto=9.509      (6.0s)
[162/337] fem_filter     Auto=8.489      (5.8s)
[163/337] fem_hifreq_circuit Auto=27.823     (14.3s)
[164/337] filter3D       Auto=4.023      (5.5s)
[165/337] fp             Auto=3.419      (5.1s)
[166/337] fullb          Auto=11.048     (6.2s)
[167/337] gearbox        Auto=9.555      (5.8s)
[168/337] germany_osm    Auto=13.302     (9.6s)
[169/337] gsm_106857     Auto=29.41      (11.3s)
[170/337] gupta1         Auto=72.843     (23.8s)
[171/337] gupta2         Auto=159.252    (25.3s)
[172/337] gupta3         Auto=375.111    (8.8s)
[173/337] gyro           Auto=2.788      (5.1s)
[174/337] gyro_k         Auto=2.811      (5.1s)
[175/337] halfb          Auto=10.608     (6.2s)
[176/337] hangGlider_3   Auto=11.243     (5.2s)
[177/337] hangGlider_4   Auto=11.745     (5.5s)
[178/337] hangGlider_5   Auto=12.284     (5.5s)
[179/337] hood           Auto=9.518      (7.1s)
[180/337] hugebubbles-00000 Auto=27.925     (18.0s)
[181/337] hugebubbles-00010 Auto=37.003     (18.5s)
[182/337] hugebubbles-00020 Auto=39.821     (19.9s)
[183/337] hugetrace-00010 Auto=19.207     (12.7s)
[184/337] hugetrace-00020 Auto=27.036     (15.9s)
[185/337] hugetric-00010 Auto=11.885     (9.4s)
[186/337] hugetric-00020 Auto=12.876     (9.9s)
[187/337] iChem_Jacobian Auto=4.027      (6.8s)
[188/337] in-2004        Auto=105.341    (9.0s)
[189/337] inline_1       Auto=118.474    (14.4s)
[190/337] invextr1_new   Auto=4.96       (5.6s)
[191/337] kim2           Auto=7.836      (10.1s)
[192/337] kkt_power      Auto=31.979     (8.9s)
[193/337] laminar_duct3D Auto=5.997      (6.4s)
[194/337] largebasis     Auto=3.469      (6.9s)
[195/337] ldoor          Auto=36.551     (14.8s)
[196/337] li             Auto=4.417      (5.3s)
[197/337] lowThrust_10   Auto=10.332     (5.2s)
[198/337] lowThrust_11   Auto=9.833      (5.2s)
[199/337] lowThrust_12   Auto=10.0       (5.1s)
[200/337] lowThrust_13   Auto=9.893      (5.1s)
[201/337] lowThrust_4    Auto=7.419      (5.0s)
[202/337] lowThrust_5    Auto=8.439      (5.0s)
[203/337] lowThrust_6    Auto=8.953      (5.2s)
[204/337] lowThrust_7    Auto=9.24       (5.2s)
[205/337] lowThrust_8    Auto=9.339      (5.1s)
[206/337] lowThrust_9    Auto=9.597      (5.1s)
[207/337] m14b           Auto=3.521      (5.4s)
[208/337] m_t1           Auto=17.995     (6.8s)
[209/337] mixtank_new    Auto=5.406      (5.6s)
[210/337] mono_500Hz     Auto=8.676      (7.9s)
[211/337] mouse_gene     Auto=1241.875   (37.2s)
[212/337] msc10848       Auto=4.54       (5.1s)
[213/337] msc23052       Auto=1.578      (5.0s)
[214/337] msdoor         Auto=16.395     (9.1s)
[215/337] mult_dcop_01   Auto=40.874     (24.0s)
[216/337] mult_dcop_02   Auto=40.905     (23.9s)
[217/337] mult_dcop_03   Auto=41.177     (23.9s)
[218/337] nasasrb        Auto=2.879      (5.4s)
[219/337] nd12k          Auto=131.719    (8.7s)
[220/337] nd24k          Auto=275.182    (12.3s)
[221/337] nd3k           Auto=12.033     (5.6s)
[222/337] nd6k           Auto=44.278     (6.6s)
[223/337] nemeth01       Auto=0.764      (5.0s)
[224/337] nemeth18       Auto=0.719      (5.0s)
[225/337] nemeth19       Auto=0.874      (5.0s)
[226/337] nemeth20       Auto=1.104      (5.0s)
[227/337] nemeth21       Auto=1.802      (5.1s)
[228/337] nemeth22       Auto=1.912      (5.2s)
[229/337] nemeth23       Auto=2.28       (5.2s)
[230/337] nemeth24       Auto=2.342      (5.2s)
[231/337] nemeth25       Auto=2.317      (5.2s)
[232/337] nemeth26       Auto=2.363      (5.2s)
[233/337] net100         Auto=18.985     (5.6s)
[234/337] net125         Auto=27.657     (5.8s)
[235/337] net150         Auto=37.449     (6.2s)
[236/337] net50          Auto=7.489      (5.2s)
[237/337] net75          Auto=14.528     (5.3s)
[238/337] nlpkkt120      Auto=74.056     (40.2s)
[239/337] nlpkkt80       Auto=30.149     (9.9s)
[240/337] ns3Da          Auto=6.727      (5.6s)
[241/337] offshore       Auto=4.222      (5.9s)
[242/337] ohne2          Auto=23.505     (8.5s)
[243/337] oilpan         Auto=3.088      (5.5s)
[244/337] olafu          Auto=1.707      (5.0s)
[245/337] opt1           Auto=5.178      (5.1s)
[246/337] para-10        Auto=26.044     (6.8s)
[247/337] para-4         Auto=19.474     (6.8s)
[248/337] para-5         Auto=26.597     (6.8s)
[249/337] para-6         Auto=26.248     (6.8s)
[250/337] para-7         Auto=26.139     (6.9s)
[251/337] para-8         Auto=26.259     (6.9s)
[252/337] para-9         Auto=26.144     (6.8s)
[253/337] patents        Auto=11.279     (10.5s)
[254/337] pattern1       Auto=156.248    (7.4s)
[255/337] pcrystk02      Auto=1.73       (5.0s)
[256/337] pcrystk03      Auto=2.456      (5.0s)
[257/337] pct20stif      Auto=3.1        (5.1s)
[258/337] pdb1HYS        Auto=11.191     (5.8s)
[259/337] pf2177         Auto=4.654      (5.2s)
[260/337] pkustk01       Auto=1.774      (5.0s)
[261/337] pkustk02       Auto=1.095      (4.9s)
[262/337] pkustk03       Auto=3.023      (5.2s)
[263/337] pkustk04       Auto=48.484     (5.9s)
[264/337] pkustk05       Auto=3.276      (5.1s)
[265/337] pkustk06       Auto=3.733      (5.1s)
[266/337] pkustk07       Auto=8.057      (5.2s)
[267/337] pkustk08       Auto=10.827     (5.3s)
[268/337] pkustk09       Auto=1.397      (5.0s)
[269/337] pkustk10       Auto=4.083      (5.2s)
[270/337] pkustk11       Auto=6.742      (5.5s)
[271/337] pkustk12       Auto=123.979    (24.9s)
[272/337] pkustk13       Auto=15.239     (5.7s)
[273/337] pkustk14       Auto=35.815     (6.8s)
[274/337] pli            Auto=4.374      (5.1s)
[275/337] poisson3Db     Auto=4.838      (6.0s)
[276/337] pre2           Auto=81.314     (25.6s)
[277/337] pwtk           Auto=8.72       (7.1s)
[278/337] raefsky3       Auto=1.138      (5.3s)
[279/337] raefsky4       Auto=2.068      (5.1s)
[280/337] rajat16        Auto=80.925     (25.3s)
[281/337] rajat17        Auto=75.23      (25.3s)
[282/337] rajat18        Auto=70.804     (25.4s)
[283/337] rajat20        Auto=78.074     (25.3s)
[284/337] rajat25        Auto=90.722     (25.5s)
[285/337] rajat28        Auto=77.061     (25.5s)
[286/337] rajat31        Auto=10.671     (12.9s)
[287/337] ramage02       Auto=8.729      (5.2s)
[288/337] rgg_n_2_19_s0  Auto=5.633      (5.7s)
[289/337] rgg_n_2_20_s0  Auto=10.624     (6.6s)
[290/337] rgg_n_2_21_s0  Auto=21.204     (8.6s)
[291/337] rgg_n_2_22_s0  Auto=43.311     (13.0s)
[292/337] rma10          Auto=2.98       (5.6s)
[293/337] road_central   Auto=26.234     (14.1s)
[294/337] road_usa       Auto=35.963     (18.2s)
[295/337] s3dkq4m2       Auto=3.824      (5.8s)
[296/337] s3dkt3m2       Auto=2.575      (5.7s)
[297/337] ship_001       Auto=14.654     (5.8s)
[298/337] ship_003       Auto=9.397      (6.3s)
[299/337] shipsec1       Auto=6.724      (6.3s)
[300/337] shipsec5       Auto=8.897      (6.6s)
[301/337] shipsec8       Auto=6.38       (5.9s)
[302/337] sinc18         Auto=6.6        (5.4s)
[303/337] sme3Da         Auto=3.421      (5.2s)
[304/337] sme3Db         Auto=7.719      (5.8s)
[305/337] sme3Dc         Auto=12.125     (6.2s)
[306/337] soc-Slashdot0811 Auto=22.644     (5.3s)
[307/337] soc-Slashdot0902 Auto=23.63      (5.4s)
[308/337] sparsine       Auto=4.724      (5.3s)
[309/337] srb1           Auto=2.775      (5.2s)
[310/337] std1_Jac2      Auto=6.161      (5.3s)
[311/337] std1_Jac3      Auto=7.517      (5.5s)
[312/337] std1_Jac3_db   Auto=1.823      (5.0s)
[313/337] t3dh           Auto=6.603      (5.9s)
[314/337] t3dh_a         Auto=6.605      (5.8s)
[315/337] t3dh_e         Auto=6.604      (5.8s)
[316/337] thermal2       Auto=3.99       (7.2s)
[317/337] thread         Auto=14.969     (5.9s)
[318/337] torso1         Auto=362.827    (9.9s)
[319/337] torso3         Auto=3.78       (6.5s)
[320/337] trdheim        Auto=2.946      (5.0s)
[321/337] troll          Auto=11.264     (6.2s)
[322/337] tsyl201        Auto=4.158      (5.2s)
[323/337] vanbody        Auto=2.952      (5.4s)
[324/337] vsp_bcsstk30_500sep_10in_1Kout Auto=7.999      (5.6s)
[325/337] vsp_befref_fxm_2_4_air02 Auto=5.382      (5.1s)
[326/337] vsp_model1_crew1_cr42_south31 Auto=42.215     (23.6s)
[327/337] vsp_msc10848_300sep_100in_1Kout Auto=9.385      (5.3s)
[328/337] vsp_south31_slptsk Auto=37.802     (23.5s)
[329/337] water_tank     Auto=2.093      (5.6s)
[330/337] wb-edu         Auto=784.161    (39.7s)
[331/337] web-BerkStan   Auto=18.678     (6.5s)
[332/337] web-Google     Auto=13.302     (6.7s)
[333/337] web-NotreDame  Auto=11.895     (5.3s)
[334/337] webbase-1M     Auto=47.969     (6.6s)
[335/337] windscreen     Auto=2.135      (5.4s)
[336/337] x104           Auto=15.555     (7.0s)
[337/337] xenon2         Auto=3.339      (6.2s)

=== 几何均值(ms) ===
  cu          31.581
  Auto        13.341
  Ocean        5.918
  opSparse    17.433
  HSMU        14.426
  bhSparse    40.528
  dense     2477.293
  cublas     634.532

=== Auto 选择(共 337 阵)===  hash 337 / merge3 0

=== Auto vs cuSPARSE:赢 232 / 输 39,几何均值(Auto/cuSPARSE) 0.274× ===
  name                   n       C_nnz  cuSPARSE      Auto    ratio
  Stanford_Berkeley  683446    78130972    45.694   289.413    6.33×
  webbase-1M       1000005    51111996     9.512    47.969    5.04×
  hugetric-00020   7122792    44609736     5.449    12.876    2.36×
  hugetric-00010   6592765    41276239     5.104    11.885    2.33×
  TSOPF_RS_b2383_c1   38120    74318317    19.273    39.779    2.06×
  TSOPF_RS_b2383     38120    74318317    19.261    39.694    2.06×
  c-71               76638    52538716    11.109    20.841    1.88×
  web-Google        916428    29710164     7.529    13.302    1.77×
  TSOPF_RS_b2052_c1   25626    30950093     9.076    15.807    1.74×
  circuit_4          80209    87091024    14.965    24.700    1.65×
  c-62ghs            41731    38084477     8.099    12.890    1.59×
  TSOPF_RS_b678_c2   35696    40139105     9.924    15.447    1.56×
  c-58               37595    40461781     9.330    13.009    1.39×
  Chevron4          711450    17706328     3.089     4.304    1.39×
  c-66               49989    41844075     9.534    13.180    1.38×
  ... 另有 24 个

=== Auto vs Ocean:赢 5 / 输 332,几何均值(Auto/Ocean) 2.254× ===
  name                   n       C_nnz     Ocean      Auto    ratio
  wb-edu           9845725   630077764     1.462   784.161  536.36×
  Cube_Coup_dt0    2164760   552667840     4.027   342.274   84.99×
  Ga41As41H72       268096   231455088     4.027   148.297   36.83×
  Si41Ge41H72       185639   173776869     4.027   140.102   34.79×
  Flan_1565        1564794   509685948     4.027   138.900   34.49×
  Bump_2911        2911419   560173611     4.027   107.528   26.70×
  Long_Coup_dt6    1470152   388670368     4.027    98.789   24.53×
  F1                343791   224484403     4.027    97.170   24.13×
  Ga3As3H12          61349    62181563     4.027    88.693   22.02×
  Ga19As19H42       133123   108051533     4.027    73.202   18.18×
  Ge99H100          112985   105811785     4.027    71.411   17.73×
  Ge87H76           112985    99053985     4.027    64.946   16.13×
  Serena           1391349   315805689     4.027    64.389   15.99×
  Hook_1498        1498023   312415749     4.027    59.253   14.71×
  Geo_1438         1437960   274478976     4.027    54.922   13.64×
  ... 另有 317 个

=== Auto vs opSparse:赢 177 / 输 141,几何均值(Auto/opSparse) 0.681× ===
  name                   n       C_nnz  opSparse      Auto    ratio
  wb-edu           9845725   630077764    91.272   784.161    8.59×
  webbase-1M       1000005    51111996    14.038    47.969    3.42×
  web-Google        916428    29710164     4.024    13.302    3.31×
  kkt_power        2063494    93265642    10.147    31.979    3.15×
  road_central    14081816    69990710     8.652    26.234    3.03×
  hugetrace-00020 16002413    99652167     9.142    27.036    2.96×
  hugebubbles-0002021198119   132690161    13.552    39.821    2.94×
  hugebubbles-0001019458087   121526577    12.750    37.003    2.90×
  hugebubbles-0000018318143   113009849     9.906    27.925    2.82×
  Cube_Coup_dt0    2164760   552667840   123.740   342.274    2.77×
  hugetrace-00010 12057441    74977771     7.248    19.207    2.65×
  hugetric-00010   6592765    41276239     4.596    11.885    2.59×
  hugetric-00020   7122792    44609736     4.993    12.876    2.58×
  germany_osm     11548845    42720261     5.755    13.302    2.31×
  dielFilterV3clx   420408   247299354    73.311   160.126    2.18×
  ... 另有 126 个

=== Auto vs HSMU:赢 209 / 输 128,几何均值(Auto/HSMU) 0.925× ===
  name                   n       C_nnz      HSMU      Auto    ratio
  c-big             345241   447991461    67.461   293.192    4.35×
  wb-edu           9845725   630077764   222.495   784.161    3.52×
  Cube_Coup_dt0    2164760   552667840   134.682   342.274    2.54×
  dielFilterV3clx   420408   247299354    74.297   160.126    2.16×
  a0nsdsil           80016   175955042    19.060    37.021    1.94×
  CO                221119   100124359    16.950    28.818    1.70×
  kkt_power        2063494    93265642    19.175    31.979    1.67×
  lowThrust_10       18260    51144876     6.213    10.332    1.66×
  rajat25            87190   898546696    54.811    90.722    1.66×
  a5esindl           60008   175505062    16.318    26.987    1.65×
  lowThrust_8        17702    48095374     5.717     9.339    1.63×
  inline_1          503712   253084638    72.640   118.474    1.63×
  vsp_model1_crew1_cr42_south31   45101   394768783    25.899    42.215    1.63×
  pre2              659033   323445872    51.607    81.314    1.58×
  lowThrust_4        13562    28327028     4.730     7.419    1.57×
  ... 另有 113 个

=== Auto vs bhSparse:赢 314 / 输 3,几何均值(Auto/bhSparse) 0.288× ===
  name                   n       C_nnz  bhSparse      Auto    ratio
  Cube_Coup_dt0    2164760   552667840   278.281   342.274    1.23×
  torso1            116158    19600778   296.575   362.827    1.22×
  dielFilterV3clx   420408   247299354   159.309   160.126    1.01×

=== Auto vs dense:赢 138 / 输 0,几何均值(Auto/dense) 0.003× ===
  name                   n       C_nnz     dense      Auto    ratio

=== Auto vs cuBLAS:赢 137 / 输 1,几何均值(Auto/cuBLAS) 0.011× ===
  name                   n       C_nnz    cuBLAS      Auto    ratio
  gupta3             16783   270864545   299.118   375.111    1.25×
