Refresh 仅 'Auto' 列 × 337 阵(DENSE_TIMEOUT=600s)→ compare/ocean337/methods_cmp_clean.csv.csv

[1/337] 333SP          Auto=10.753     (9.3s)
[2/337] 3Dspectralwave Auto=31.691     (14.4s)
[3/337] 3Dspectralwave2 Auto=13.362     (9.2s)
[4/337] 3dtube         Auto=6.907      (5.6s)
[5/337] AS365          Auto=11.839     (10.1s)
[6/337] BenElechi1     Auto=9.585      (7.8s)
[7/337] Bump_2911      Auto=107.71     (44.6s)
[8/337] CO             Auto=18.316     (7.3s)
[9/337] Chevron4       Auto=4.435      (7.8s)
[10/337] CoupCons3D     Auto=19.283     (12.9s)
[11/337] Cube_Coup_dt0  Auto=497.063    (45.7s)
[12/337] CurlCurl_2     Auto=6.617      (7.2s)
[13/337] CurlCurl_3     Auto=9.951      (8.5s)
[14/337] CurlCurl_4     Auto=18.545     (11.8s)
[15/337] Dubcova3       Auto=4.225      (6.1s)
[16/337] Emilia_923     Auto=36.2       (13.3s)
[17/337] F1             Auto=68.983     (12.4s)
[18/337] F2             Auto=14.75      (6.4s)
[19/337] FEM_3D_thermal2 Auto=2.457      (6.4s)
[20/337] Fault_639      Auto=25.424     (11.0s)
[21/337] Flan_1565      Auto=142.013    (43.1s)
[22/337] Freescale1     Auto=9.008      (13.6s)
[23/337] Ga10As10H30    Auto=26.588     (6.9s)
[24/337] Ga19As19H42    Auto=46.315     (7.6s)
[25/337] Ga3As3H12      Auto=54.702     (6.8s)
[26/337] Ga41As41H72    Auto=102.551    (10.4s)
[27/337] GaAsH6         Auto=21.77      (6.1s)
[28/337] Ge87H76        Auto=40.597     (7.2s)
[29/337] Ge99H100       Auto=44.552     (7.5s)
[30/337] Geo_1438       Auto=54.459     (18.7s)
[31/337] H2O            Auto=5.14       (5.6s)
[32/337] HTC_336_4438   Auto=26.442     (5.7s)
[33/337] HTC_336_9129   Auto=20.569     (5.7s)
[34/337] Hook_1498      Auto=59.283     (32.2s)
[35/337] Long_Coup_dt6  Auto=98.304     (36.4s)
[36/337] M6             Auto=10.945     (9.8s)
[37/337] ML_Laplace     Auto=39.042     (15.1s)
[38/337] NLR            Auto=13.05      (10.7s)
[39/337] Reuters911     Auto=5.508      (5.4s)
[40/337] Serena         Auto=64.499     (32.3s)
[41/337] Si10H16        Auto=3.495      (5.4s)
[42/337] Si34H36        Auto=22.352     (6.5s)
[43/337] Si41Ge41H72    Auto=88.819     (9.4s)
[44/337] Si87H76        Auto=30.185     (8.1s)
[45/337] SiO            Auto=4.593      (5.5s)
[46/337] SiO2           Auto=240.553    (9.3s)
[47/337] Stanford_Berkeley Auto=332.655    (8.9s)
[48/337] StocF-1465     Auto=17.465     (10.2s)
[49/337] TSC_OPF_1047   Auto=5.92       (5.7s)
[50/337] TSC_OPF_300    Auto=5.623      (5.3s)
[51/337] TSOPF_FS_b300  Auto=72.582     (7.2s)
[52/337] TSOPF_FS_b300_c2 Auto=271.715    (24.5s)
[53/337] TSOPF_FS_b39_c7 Auto=25.461     (6.1s)
[54/337] TSOPF_FS_b9_c6 Auto=8.882      (5.4s)
[55/337] TSOPF_RS_b2052_c1 Auto=8.665      (7.8s)
[56/337] TSOPF_RS_b2383 Auto=30.86      (11.5s)
[57/337] TSOPF_RS_b2383_c1 Auto=30.849     (11.4s)
[58/337] TSOPF_RS_b678_c2 Auto=8.908      (8.4s)
[59/337] Zd_Jac2        Auto=5.48       (5.7s)
[60/337] Zd_Jac2_db     Auto=2.055      (5.4s)
[61/337] Zd_Jac3        Auto=6.77       (5.9s)
[62/337] Zd_Jac3_db     Auto=2.05       (5.4s)
[63/337] Zd_Jac6        Auto=6.085      (5.7s)
[64/337] Zd_Jac6_db     Auto=1.925      (5.4s)
[65/337] a0nsdsil       Auto=21.653     (5.9s)
[66/337] a2nnsnsl       Auto=22.562     (5.8s)
[67/337] a5esindl       Auto=15.557     (6.0s)
[68/337] af_0_k101      Auto=11.315     (9.0s)
[69/337] af_1_k101      Auto=11.326     (9.0s)
[70/337] af_2_k101      Auto=11.338     (9.0s)
[71/337] af_3_k101      Auto=11.369     (9.0s)
[72/337] af_4_k101      Auto=11.284     (8.9s)
[73/337] af_5_k101      Auto=11.305     (9.0s)
[74/337] af_shell1      Auto=10.811     (8.8s)
[75/337] af_shell10     Auto=29.105     (16.5s)
[76/337] af_shell2      Auto=10.817     (8.8s)
[77/337] af_shell3      Auto=10.763     (8.7s)
[78/337] af_shell4      Auto=10.806     (8.7s)
[79/337] af_shell5      Auto=10.809     (8.8s)
[80/337] af_shell6      Auto=10.783     (8.7s)
[81/337] af_shell7      Auto=10.801     (8.6s)
[82/337] af_shell8      Auto=10.79      (8.8s)
[83/337] af_shell9      Auto=10.809     (8.6s)
[84/337] appu           Auto=11.219     (6.4s)
[85/337] atmosmodd      Auto=4.157      (8.6s)
[86/337] atmosmodj      Auto=4.149      (8.6s)
[87/337] atmosmodl      Auto=4.39       (8.4s)
[88/337] atmosmodm      Auto=4.369      (8.3s)
[89/337] audikw_1       Auto=166.058    (38.2s)
[90/337] auto           Auto=5.444      (6.4s)
[91/337] av41092        Auto=6.932      (5.9s)
[92/337] bbmat          Auto=3.29       (5.7s)
[93/337] bcsstk30       Auto=3.256      (5.4s)
[94/337] bcsstk35       Auto=1.706      (5.4s)
[95/337] bcsstk36       Auto=1.592      (5.3s)
[96/337] bcsstk39       Auto=2.138      (5.5s)
[97/337] bloweya        Auto=8.354      (5.5s)
[98/337] bloweybl       Auto=6.764      (5.5s)
[99/337] bloweybq       Auto=11.302     (5.5s)
[100/337] bmw3_2         Auto=9.724      (7.4s)
[101/337] bmw7st_1       Auto=6.653      (6.7s)
[102/337] bmwcra_1       Auto=13.805     (7.5s)
[103/337] bone010        Auto=80.446     (31.5s)
[104/337] boneS01        Auto=6.885      (6.4s)
[105/337] boneS10        Auto=56.211     (15.8s)
[106/337] brainpc2       Auto=12.035     (5.8s)
[107/337] bundle1        Auto=6.215      (5.3s)
[108/337] c-43           Auto=2.898      (5.1s)
[109/337] c-45           Auto=4.215      (5.2s)
[110/337] c-53           Auto=6.753      (5.3s)
[111/337] c-57           Auto=18.728     (5.9s)
[112/337] c-58           Auto=7.57       (5.4s)
[113/337] c-62           Auto=7.974      (5.4s)
[114/337] c-62ghs        Auto=8.781      (5.4s)
[115/337] c-64           Auto=21.694     (5.8s)
[116/337] c-64b          Auto=21.443     (5.8s)
[117/337] c-66           Auto=8.67       (5.3s)
[118/337] c-66b          Auto=8.759      (5.4s)
[119/337] c-67           Auto=9.569      (5.3s)
[120/337] c-67b          Auto=9.607      (5.4s)
[121/337] c-71           Auto=15.983     (5.5s)
[122/337] c-73           Auto=87.386     (24.5s)
[123/337] c-73b          Auto=87.774     (24.6s)
[124/337] c-big          Auto=291.517    (22.3s)
[125/337] cage13         Auto=9.387      (8.3s)
[126/337] cage14         Auto=37.059     (17.4s)
[127/337] cage15         Auto=148.3      (64.6s)
[128/337] cant           Auto=4.523      (5.9s)
[129/337] case39         Auto=50.971     (20.1s)
[130/337] case9          Auto=8.905      (5.4s)
[131/337] cfd2           Auto=2.707      (5.7s)
[132/337] circuit_4      Auto=17.962     (5.6s)
[133/337] cnr-2000       Auto=9.624      (5.8s)
[134/337] conf5_4-8x8-05 Auto=2.121      (6.1s)
[135/337] conf5_4-8x8-10 Auto=2.121      (6.1s)
[136/337] conf5_4-8x8-15 Auto=2.121      (6.0s)
[137/337] conf5_4-8x8-20 Auto=2.136      (6.1s)
[138/337] conf6_0-8x8-20 Auto=2.128      (6.1s)
[139/337] conf6_0-8x8-30 Auto=2.12       (6.1s)
[140/337] conf6_0-8x8-80 Auto=2.129      (6.1s)
[141/337] consph         Auto=7.777      (6.4s)
[142/337] cop20k_A       Auto=3.446      (5.8s)
[143/337] crankseg_1     Auto=36.332     (7.5s)
[144/337] crankseg_2     Auto=56.792     (8.2s)
[145/337] crplat2        Auto=1.042      (5.2s)
[146/337] crystk02       Auto=1.716      (5.3s)
[147/337] crystk03       Auto=2.401      (5.4s)
[148/337] ct20stif       Auto=3.07       (5.6s)
[149/337] delaunay_n21   Auto=6.285      (7.1s)
[150/337] delaunay_n22   Auto=12.183     (9.2s)
[151/337] delaunay_n23   Auto=23.956     (13.3s)
[152/337] delaunay_n24   Auto=47.728     (35.1s)
[153/337] dielFilterV2clx Auto=35.892     (12.3s)
[154/337] dielFilterV2real Auto=66.779     (31.0s)
[155/337] dielFilterV3clx Auto=128.361    (15.2s)
[156/337] dielFilterV3real Auto=289.853    (42.9s)
[157/337] email-Enron    Auto=5.469      (5.3s)
[158/337] eu-2005        Auto=62.369     (9.9s)
[159/337] ex11           Auto=1.695      (5.4s)
[160/337] exdata_1       Auto=14.547     (5.6s)
[161/337] fcondp2        Auto=9.26       (6.3s)
[162/337] fem_filter     Auto=7.061      (5.9s)
[163/337] fem_hifreq_circuit Auto=25.135     (14.4s)
[164/337] filter3D       Auto=3.959      (5.8s)
[165/337] fp             Auto=3.297      (5.4s)
[166/337] fullb          Auto=11.01      (6.5s)
[167/337] gearbox        Auto=9.442      (6.3s)
[168/337] germany_osm    Auto=13.738     (10.0s)
[169/337] gsm_106857     Auto=27.463     (11.4s)
[170/337] gupta1         Auto=39.899     (19.6s)
[171/337] gupta2         Auto=97.711     (21.3s)
[172/337] gupta3         Auto=150.814    (7.8s)
[173/337] gyro           Auto=2.445      (5.4s)
[174/337] gyro_k         Auto=2.425      (5.4s)
[175/337] halfb          Auto=10.445     (6.4s)
[176/337] hangGlider_3   Auto=10.305     (5.5s)
[177/337] hangGlider_4   Auto=7.747      (5.8s)
[178/337] hangGlider_5   Auto=8.319      (5.8s)
[179/337] hood           Auto=8.955      (7.6s)
[180/337] hugebubbles-00000 Auto=28.861     (18.7s)
[181/337] hugebubbles-00010 Auto=36.937     (19.4s)
[182/337] hugebubbles-00020 Auto=39.852     (21.3s)
[183/337] hugetrace-00010 Auto=19.826     (13.0s)
[184/337] hugetrace-00020 Auto=27.539     (16.0s)
[185/337] hugetric-00010 Auto=12.11      (9.6s)
[186/337] hugetric-00020 Auto=13.129     (10.1s)
[187/337] iChem_Jacobian Auto=3.197      (6.9s)
[188/337] in-2004        Auto=98.101     (9.3s)
[189/337] inline_1       Auto=89.232     (14.7s)
[190/337] invextr1_new   Auto=4.082      (5.7s)
[191/337] kim2           Auto=6.555      (10.3s)
[192/337] kkt_power      Auto=27.53      (9.2s)
[193/337] laminar_duct3D Auto=5.0        (6.6s)
[194/337] largebasis     Auto=3.513      (7.3s)
[195/337] ldoor          Auto=35.756     (15.2s)
[196/337] li             Auto=3.555      (5.6s)
[197/337] lowThrust_10   Auto=5.611      (5.4s)
[198/337] lowThrust_11   Auto=5.63       (5.3s)
[199/337] lowThrust_12   Auto=5.749      (5.3s)
[200/337] lowThrust_13   Auto=5.822      (5.3s)
[201/337] lowThrust_4    Auto=6.96       (5.3s)
[202/337] lowThrust_5    Auto=4.786      (5.3s)
[203/337] lowThrust_6    Auto=5.035      (5.4s)
[204/337] lowThrust_7    Auto=5.162      (5.3s)
[205/337] lowThrust_8    Auto=5.393      (5.3s)
[206/337] lowThrust_9    Auto=5.554      (5.3s)
[207/337] m14b           Auto=2.816      (5.7s)
[208/337] m_t1           Auto=16.047     (7.1s)
[209/337] mixtank_new    Auto=4.311      (5.7s)
[210/337] mono_500Hz     Auto=8.058      (8.1s)
[211/337] mouse_gene     Auto=606.88     (29.5s)
[212/337] msc10848       Auto=3.451      (5.4s)
[213/337] msc23052       Auto=1.577      (5.3s)
[214/337] msdoor         Auto=16.087     (9.4s)
[215/337] mult_dcop_01   Auto=21.781     (20.1s)
[216/337] mult_dcop_02   Auto=21.865     (19.9s)
[217/337] mult_dcop_03   Auto=22.025     (20.3s)
[218/337] nasasrb        Auto=2.816      (5.6s)
[219/337] nd12k          Auto=70.581     (8.6s)
[220/337] nd24k          Auto=150.414    (11.8s)
[221/337] nd3k           Auto=12.035     (5.8s)
[222/337] nd6k           Auto=28.87      (6.7s)
[223/337] nemeth01       Auto=0.586      (5.2s)
[224/337] nemeth18       Auto=0.548      (5.2s)
[225/337] nemeth19       Auto=0.64       (5.3s)
[226/337] nemeth20       Auto=1.055      (5.2s)
[227/337] nemeth21       Auto=1.874      (5.4s)
[228/337] nemeth22       Auto=1.95       (5.4s)
[229/337] nemeth23       Auto=2.317      (5.4s)
[230/337] nemeth24       Auto=2.305      (5.4s)
[231/337] nemeth25       Auto=2.317      (5.5s)
[232/337] nemeth26       Auto=2.323      (5.4s)
[233/337] net100         Auto=11.275     (5.8s)
[234/337] net125         Auto=16.105     (6.0s)
[235/337] net150         Auto=21.588     (6.4s)
[236/337] net50          Auto=5.165      (5.4s)
[237/337] net75          Auto=7.6        (5.7s)
[238/337] nlpkkt120      Auto=69.812     (35.8s)
[239/337] nlpkkt80       Auto=29.052     (10.4s)
[240/337] ns3Da          Auto=4.968      (5.8s)
[241/337] offshore       Auto=3.479      (6.3s)
[242/337] ohne2          Auto=19.062     (8.8s)
[243/337] oilpan         Auto=3.098      (5.8s)
[244/337] olafu          Auto=1.696      (5.3s)
[245/337] opt1           Auto=4.146      (5.4s)
[246/337] para-10        Auto=21.563     (7.0s)
[247/337] para-4         Auto=15.74      (7.0s)
[248/337] para-5         Auto=21.664     (7.0s)
[249/337] para-6         Auto=21.719     (6.9s)
[250/337] para-7         Auto=21.693     (7.0s)
[251/337] para-8         Auto=21.671     (7.0s)
[252/337] para-9         Auto=21.658     (7.0s)
[253/337] patents        Auto=10.788     (11.1s)
[254/337] pattern1       Auto=72.198     (7.3s)
[255/337] pcrystk02      Auto=1.71       (5.1s)
[256/337] pcrystk03      Auto=2.404      (5.2s)
[257/337] pct20stif      Auto=3.056      (5.3s)
[258/337] pdb1HYS        Auto=8.378      (5.9s)
[259/337] pf2177         Auto=4.626      (5.3s)
[260/337] pkustk01       Auto=1.717      (5.2s)
[261/337] pkustk02       Auto=1.014      (5.2s)
[262/337] pkustk03       Auto=2.995      (5.4s)
[263/337] pkustk04       Auto=26.754     (6.1s)
[264/337] pkustk05       Auto=3.131      (5.4s)
[265/337] pkustk06       Auto=3.52       (5.5s)
[266/337] pkustk07       Auto=5.753      (5.4s)
[267/337] pkustk08       Auto=7.654      (5.5s)
[268/337] pkustk09       Auto=1.387      (5.3s)
[269/337] pkustk10       Auto=4.001      (5.6s)
[270/337] pkustk11       Auto=6.402      (5.7s)
[271/337] pkustk12       Auto=70.375     (20.9s)
[272/337] pkustk13       Auto=12.214     (5.9s)
[273/337] pkustk14       Auto=28.174     (7.1s)
[274/337] pli            Auto=3.562      (5.3s)
[275/337] poisson3Db     Auto=4.58       (6.2s)
[276/337] pre2           Auto=48.024     (21.7s)
[277/337] pwtk           Auto=8.564      (7.4s)
[278/337] raefsky3       Auto=1.144      (5.7s)
[279/337] raefsky4       Auto=2.047      (5.4s)
[280/337] rajat16        Auto=48.512     (21.7s)
[281/337] rajat17        Auto=53.905     (21.4s)
[282/337] rajat18        Auto=44.896     (21.3s)
[283/337] rajat20        Auto=45.206     (21.7s)
[284/337] rajat25        Auto=52.464     (21.5s)
[285/337] rajat28        Auto=61.289     (21.7s)
[286/337] rajat31        Auto=10.554     (13.2s)
[287/337] ramage02       Auto=6.371      (5.4s)
[288/337] rgg_n_2_19_s0  Auto=5.653      (5.9s)
[289/337] rgg_n_2_20_s0  Auto=10.589     (6.8s)
[290/337] rgg_n_2_21_s0  Auto=20.75      (8.9s)
[291/337] rgg_n_2_22_s0  Auto=41.42      (13.1s)
[292/337] rma10          Auto=2.932      (5.8s)
[293/337] road_central   Auto=26.958     (14.6s)
[294/337] road_usa       Auto=38.242     (18.5s)
[295/337] s3dkq4m2       Auto=3.779      (6.0s)
[296/337] s3dkt3m2       Auto=2.507      (5.8s)
[297/337] ship_001       Auto=10.133     (6.0s)
[298/337] ship_003       Auto=8.989      (6.6s)
[299/337] shipsec1       Auto=6.656      (6.5s)
[300/337] shipsec5       Auto=8.884      (6.8s)
[301/337] shipsec8       Auto=6.433      (6.3s)
[302/337] sinc18         Auto=4.121      (5.6s)
[303/337] sme3Da         Auto=2.704      (5.5s)
[304/337] sme3Db         Auto=5.912      (6.1s)
[305/337] sme3Dc         Auto=9.151      (6.5s)
[306/337] soc-Slashdot0811 Auto=14.449     (5.7s)
[307/337] soc-Slashdot0902 Auto=14.971     (5.7s)
[308/337] sparsine       Auto=3.642      (5.5s)
[309/337] srb1           Auto=2.737      (5.4s)
[310/337] std1_Jac2      Auto=4.537      (5.5s)
[311/337] std1_Jac3      Auto=5.041      (5.6s)
[312/337] std1_Jac3_db   Auto=1.548      (5.3s)
[313/337] t3dh           Auto=6.244      (6.1s)
[314/337] t3dh_a         Auto=6.253      (6.1s)
[315/337] t3dh_e         Auto=6.239      (6.1s)
[316/337] thermal2       Auto=4.005      (7.4s)
[317/337] thread         Auto=10.518     (6.0s)
[318/337] torso1         Auto=191.586    (9.1s)
[319/337] torso3         Auto=3.256      (6.8s)
[320/337] trdheim        Auto=2.915      (5.4s)
[321/337] troll          Auto=11.038     (6.3s)
[322/337] tsyl201        Auto=3.587      (5.4s)
[323/337] vanbody        Auto=2.906      (5.6s)
[324/337] vsp_bcsstk30_500sep_10in_1Kout Auto=7.257      (5.8s)
[325/337] vsp_befref_fxm_2_4_air02 Auto=5.211      (5.5s)
[326/337] vsp_model1_crew1_cr42_south31 Auto=23.706     (19.6s)
[327/337] vsp_msc10848_300sep_100in_1Kout Auto=7.415      (5.4s)
[328/337] vsp_south31_slptsk Auto=21.94      (19.5s)
[329/337] water_tank     Auto=2.079      (5.8s)
[330/337] wb-edu         Auto=1247.989   (35.6s)
[331/337] web-BerkStan   Auto=16.408     (6.8s)
[332/337] web-Google     Auto=12.578     (7.1s)
[333/337] web-NotreDame  Auto=10.299     (5.5s)
[334/337] webbase-1M     Auto=45.496     (6.6s)
[335/337] windscreen     Auto=2.118      (5.4s)
[336/337] x104           Auto=13.703     (7.3s)
[337/337] xenon2         Auto=2.958      (6.5s)

=== 几何均值(ms) ===
  cu          31.581
  Auto        10.874
  Ocean        5.918
  opSparse    17.433
  HSMU        14.426
  bhSparse    40.528
  dense     2477.293
  cublas     634.532

=== Auto 选择(共 337 阵)===  hash 337 / merge3 0

=== Auto vs cuSPARSE:赢 247 / 输 24,几何均值(Auto/cuSPARSE) 0.228× ===
  name                   n       C_nnz  cuSPARSE      Auto    ratio
  Stanford_Berkeley  683446    78130972    45.694   332.655    7.28×
  webbase-1M       1000005    51111996     9.512    45.496    4.78×
  hugetric-00020   7122792    44609736     5.449    13.129    2.41×
  hugetric-00010   6592765    41276239     5.104    12.110    2.37×
  web-Google        916428    29710164     7.529    12.578    1.67×
  TSOPF_RS_b2383     38120    74318317    19.261    30.860    1.60×
  TSOPF_RS_b2383_c1   38120    74318317    19.273    30.849    1.60×
  c-71               76638    52538716    11.109    15.983    1.44×
  Chevron4          711450    17706328     3.089     4.435    1.44×
  Freescale1       3428755    45276331     6.943     9.008    1.30×
  M6               3501776    68984930     8.464    10.945    1.29×
  NLR              4163763    82016497    10.102    13.050    1.29×
  AS365            3799275    74616587     9.225    11.839    1.28×
  333SP            3712815    71961733     8.466    10.753    1.27×
  delaunay_n22     4194304    86836968     9.811    12.183    1.24×
  ... 另有 9 个

=== Auto vs Ocean:赢 20 / 输 317,几何均值(Auto/Ocean) 1.837× ===
  name                   n       C_nnz     Ocean      Auto    ratio
  wb-edu           9845725   630077764     1.462  1247.989  853.62×
  Cube_Coup_dt0    2164760   552667840     4.027   497.063  123.43×
  Flan_1565        1564794   509685948     4.027   142.013   35.27×
  Bump_2911        2911419   560173611     4.027   107.710   26.75×
  Ga41As41H72       268096   231455088     4.027   102.551   25.47×
  Long_Coup_dt6    1470152   388670368     4.027    98.304   24.41×
  Si41Ge41H72       185639   173776869     4.027    88.819   22.06×
  F1                343791   224484403     4.027    68.983   17.13×
  Serena           1391349   315805689     4.027    64.499   16.02×
  Hook_1498        1498023   312415749     4.027    59.283   14.72×
  Ga3As3H12          61349    62181563     4.027    54.702   13.58×
  Geo_1438         1437960   274478976     4.027    54.459   13.52×
  Ga19As19H42       133123   108051533     4.027    46.315   11.50×
  Ge99H100          112985   105811785     4.027    44.552   11.06×
  Ge87H76           112985    99053985     4.027    40.597   10.08×
  ... 另有 302 个

=== Auto vs opSparse:赢 222 / 输 96,几何均值(Auto/opSparse) 0.564× ===
  name                   n       C_nnz  opSparse      Auto    ratio
  wb-edu           9845725   630077764    91.272  1247.989   13.67×
  Cube_Coup_dt0    2164760   552667840   123.740   497.063    4.02×
  webbase-1M       1000005    51111996    14.038    45.496    3.24×
  web-Google        916428    29710164     4.024    12.578    3.13×
  road_central    14081816    69990710     8.652    26.958    3.12×
  hugetrace-00020 16002413    99652167     9.142    27.539    3.01×
  hugebubbles-0002021198119   132690161    13.552    39.852    2.94×
  hugebubbles-0000018318143   113009849     9.906    28.861    2.91×
  hugebubbles-0001019458087   121526577    12.750    36.937    2.90×
  hugetrace-00010 12057441    74977771     7.248    19.826    2.74×
  kkt_power        2063494    93265642    10.147    27.530    2.71×
  hugetric-00010   6592765    41276239     4.596    12.110    2.63×
  hugetric-00020   7122792    44609736     4.993    13.129    2.63×
  germany_osm     11548845    42720261     5.755    13.738    2.39×
  rajat31          4690002    53118754     5.112    10.554    2.06×
  ... 另有 81 个

=== Auto vs HSMU:赢 298 / 输 39,几何均值(Auto/HSMU) 0.754× ===
  name                   n       C_nnz      HSMU      Auto    ratio
  wb-edu           9845725   630077764   222.495  1247.989    5.61×
  c-big             345241   447991461    67.461   291.517    4.32×
  Cube_Coup_dt0    2164760   552667840   134.682   497.063    3.69×
  dielFilterV3clx   420408   247299354    74.297   128.361    1.73×
  Stanford_Berkeley  683446    78130972   203.790   332.655    1.63×
  lowThrust_4        13562    28327028     4.730     6.960    1.47×
  bloweybq           10001   100020001     7.842    11.302    1.44×
  kkt_power        2063494    93265642    19.175    27.530    1.44×
  dielFilterV3real 1102824   688649400   206.522   289.853    1.40×
  web-Google        916428    29710164     9.392    12.578    1.34×
  inline_1          503712   253084638    72.640    89.232    1.23×
  ML_Laplace        377002    95882884    32.148    39.042    1.21×
  hangGlider_3       10260    83182632     8.499    10.305    1.21×
  nlpkkt80         1062400   154663144    24.760    29.052    1.17×
  CurlCurl_4       2380515   133384865    15.900    18.545    1.17×
  ... 另有 24 个

=== Auto vs bhSparse:赢 316 / 输 1,几何均值(Auto/bhSparse) 0.240× ===
  name                   n       C_nnz  bhSparse      Auto    ratio
  Cube_Coup_dt0    2164760   552667840   278.281   497.063    1.79×

=== Auto vs dense:赢 138 / 输 0,几何均值(Auto/dense) 0.002× ===
  name                   n       C_nnz     dense      Auto    ratio

=== Auto vs cuBLAS:赢 138 / 输 0,几何均值(Auto/cuBLAS) 0.008× ===
  name                   n       C_nnz    cuBLAS      Auto    ratio
