Refresh 仅 'Auto' 列 × 337 阵(DENSE_TIMEOUT=600s)→ compare/ocean337/methods_cmp_clean.csv.csv

[1/337] 333SP          Auto=10.7       (9.5s)
[2/337] 3Dspectralwave Auto=31.809     (14.6s)
[3/337] 3Dspectralwave2 Auto=13.354     (9.2s)
[4/337] 3dtube         Auto=7.023      (5.5s)
[5/337] AS365          Auto=11.851     (10.2s)
[6/337] BenElechi1     Auto=9.564      (7.7s)
[7/337] Bump_2911      Auto=107.763    (44.9s)
[8/337] CO             Auto=18.296     (7.6s)
[9/337] Chevron4       Auto=4.393      (7.9s)
[10/337] CoupCons3D     Auto=19.281     (13.0s)
[11/337] Cube_Coup_dt0  Auto=504.289    (45.6s)
[12/337] CurlCurl_2     Auto=6.603      (7.3s)
[13/337] CurlCurl_3     Auto=9.86       (8.5s)
[14/337] CurlCurl_4     Auto=18.57      (11.7s)
[15/337] Dubcova3       Auto=4.245      (5.9s)
[16/337] Emilia_923     Auto=36.11      (13.1s)
[17/337] F1             Auto=69.208     (12.4s)
[18/337] F2             Auto=14.496     (6.3s)
[19/337] FEM_3D_thermal2 Auto=2.471      (6.5s)
[20/337] Fault_639      Auto=25.328     (10.9s)
[21/337] Flan_1565      Auto=142.678    (43.4s)
[22/337] Freescale1     Auto=8.987      (13.6s)
[23/337] Ga10As10H30    Auto=26.597     (6.8s)
[24/337] Ga19As19H42    Auto=45.884     (7.9s)
[25/337] Ga3As3H12      Auto=55.123     (6.9s)
[26/337] Ga41As41H72    Auto=102.687    (10.8s)
[27/337] GaAsH6         Auto=21.445     (6.0s)
[28/337] Ge87H76        Auto=40.479     (7.3s)
[29/337] Ge99H100       Auto=44.066     (7.5s)
[30/337] Geo_1438       Auto=54.448     (18.9s)
[31/337] H2O            Auto=5.176      (5.8s)
[32/337] HTC_336_4438   Auto=25.424     (5.8s)
[33/337] HTC_336_9129   Auto=22.07      (5.7s)
[34/337] Hook_1498      Auto=59.364     (32.5s)
[35/337] Long_Coup_dt6  Auto=99.111     (36.2s)
[36/337] M6             Auto=10.938     (9.7s)
[37/337] ML_Laplace     Auto=39.103     (15.0s)
[38/337] NLR            Auto=13.036     (10.8s)
[39/337] Reuters911     Auto=5.528      (5.3s)
[40/337] Serena         Auto=64.431     (32.3s)
[41/337] Si10H16        Auto=3.542      (5.3s)
[42/337] Si34H36        Auto=22.182     (6.6s)
[43/337] Si41Ge41H72    Auto=87.649     (9.4s)
[44/337] Si87H76        Auto=29.915     (8.0s)
[45/337] SiO            Auto=4.653      (5.5s)
[46/337] SiO2           Auto=240.2      (9.4s)
[47/337] Stanford_Berkeley Auto=331.226    (8.6s)
[48/337] StocF-1465     Auto=17.486     (10.4s)
[49/337] TSC_OPF_1047   Auto=6.079      (5.6s)
[50/337] TSC_OPF_300    Auto=5.655      (5.4s)
[51/337] TSOPF_FS_b300  Auto=118.549    (7.5s)
[52/337] TSOPF_FS_b300_c2 Auto=432.747    (25.4s)
[53/337] TSOPF_FS_b39_c7 Auto=31.029     (6.0s)
[54/337] TSOPF_FS_b9_c6 Auto=8.872      (5.3s)
[55/337] TSOPF_RS_b2052_c1 Auto=8.621      (7.6s)
[56/337] TSOPF_RS_b2383 Auto=30.116     (11.4s)
[57/337] TSOPF_RS_b2383_c1 Auto=30.113     (11.5s)
[58/337] TSOPF_RS_b678_c2 Auto=8.931      (8.7s)
[59/337] Zd_Jac2        Auto=5.564      (5.9s)
[60/337] Zd_Jac2_db     Auto=2.075      (5.4s)
[61/337] Zd_Jac3        Auto=6.683      (6.1s)
[62/337] Zd_Jac3_db     Auto=1.993      (5.2s)
[63/337] Zd_Jac6        Auto=5.977      (5.8s)
[64/337] Zd_Jac6_db     Auto=1.885      (5.2s)
[65/337] a0nsdsil       Auto=19.244     (5.7s)
[66/337] a2nnsnsl       Auto=20.459     (5.8s)
[67/337] a5esindl       Auto=15.375     (5.6s)
[68/337] af_0_k101      Auto=11.257     (9.0s)
[69/337] af_1_k101      Auto=11.315     (8.9s)
[70/337] af_2_k101      Auto=11.256     (8.9s)
[71/337] af_3_k101      Auto=11.272     (8.9s)
[72/337] af_4_k101      Auto=11.272     (8.9s)
[73/337] af_5_k101      Auto=11.275     (9.1s)
[74/337] af_shell1      Auto=10.731     (8.5s)
[75/337] af_shell10     Auto=28.635     (15.8s)
[76/337] af_shell2      Auto=10.767     (8.7s)
[77/337] af_shell3      Auto=10.768     (8.6s)
[78/337] af_shell4      Auto=10.756     (8.6s)
[79/337] af_shell5      Auto=10.749     (8.8s)
[80/337] af_shell6      Auto=10.796     (8.6s)
[81/337] af_shell7      Auto=10.72      (8.7s)
[82/337] af_shell8      Auto=10.799     (8.7s)
[83/337] af_shell9      Auto=10.751     (8.6s)
[84/337] appu           Auto=11.221     (6.1s)
[85/337] atmosmodd      Auto=4.124      (8.6s)
[86/337] atmosmodj      Auto=4.114      (8.4s)
[87/337] atmosmodl      Auto=4.349      (8.3s)
[88/337] atmosmodm      Auto=4.342      (8.2s)
[89/337] audikw_1       Auto=170.179    (37.6s)
[90/337] auto           Auto=5.437      (6.3s)
[91/337] av41092        Auto=6.904      (5.7s)
[92/337] bbmat          Auto=3.235      (5.7s)
[93/337] bcsstk30       Auto=3.214      (5.3s)
[94/337] bcsstk35       Auto=1.67       (5.3s)
[95/337] bcsstk36       Auto=1.519      (5.2s)
[96/337] bcsstk39       Auto=2.113      (5.5s)
[97/337] bloweya        Auto=8.594      (5.3s)
[98/337] bloweybl       Auto=6.749      (5.3s)
[99/337] bloweybq       Auto=11.285     (5.3s)
[100/337] bmw3_2         Auto=9.687      (7.2s)
[101/337] bmw7st_1       Auto=6.642      (6.6s)
[102/337] bmwcra_1       Auto=13.757     (7.4s)
[103/337] bone010        Auto=80.217     (31.4s)
[104/337] boneS01        Auto=6.903      (6.4s)
[105/337] boneS10        Auto=55.92      (15.6s)
[106/337] brainpc2       Auto=11.844     (5.7s)
[107/337] bundle1        Auto=6.196      (5.2s)
[108/337] c-43           Auto=2.928      (5.1s)
[109/337] c-45           Auto=4.169      (5.1s)
[110/337] c-53           Auto=6.714      (5.4s)
[111/337] c-57           Auto=19.342     (5.8s)
[112/337] c-58           Auto=9.006      (5.2s)
[113/337] c-62           Auto=8.375      (5.4s)
[114/337] c-62ghs        Auto=7.93       (5.4s)
[115/337] c-64           Auto=24.163     (5.8s)
[116/337] c-64b          Auto=24.11      (5.9s)
[117/337] c-66           Auto=8.971      (5.3s)
[118/337] c-66b          Auto=8.383      (5.4s)
[119/337] c-67           Auto=9.586      (5.3s)
[120/337] c-67b          Auto=9.615      (5.4s)
[121/337] c-71           Auto=15.019     (5.4s)
[122/337] c-73           Auto=86.507     (23.4s)
[123/337] c-73b          Auto=87.77      (23.3s)
[124/337] c-big          Auto=291.194    (21.9s)
[125/337] cage13         Auto=9.271      (8.2s)
[126/337] cage14         Auto=36.95      (16.9s)
[127/337] cage15         Auto=148.149    (63.2s)
[128/337] cant           Auto=4.478      (5.9s)
[129/337] case39         Auto=62.951     (19.5s)
[130/337] case9          Auto=8.868      (5.3s)
[131/337] cfd2           Auto=2.672      (5.7s)
[132/337] circuit_4      Auto=16.098     (5.6s)
[133/337] cnr-2000       Auto=9.575      (5.7s)
[134/337] conf5_4-8x8-05 Auto=2.113      (6.1s)
[135/337] conf5_4-8x8-10 Auto=2.114      (6.0s)
[136/337] conf5_4-8x8-15 Auto=2.128      (6.1s)
[137/337] conf5_4-8x8-20 Auto=2.111      (5.9s)
[138/337] conf6_0-8x8-20 Auto=2.111      (6.1s)
[139/337] conf6_0-8x8-30 Auto=2.11       (6.0s)
[140/337] conf6_0-8x8-80 Auto=2.115      (6.2s)
[141/337] consph         Auto=7.73       (6.4s)
[142/337] cop20k_A       Auto=3.429      (5.7s)
[143/337] crankseg_1     Auto=36.031     (7.4s)
[144/337] crankseg_2     Auto=56.383     (8.3s)
[145/337] crplat2        Auto=1.04       (5.2s)
[146/337] crystk02       Auto=1.703      (5.3s)
[147/337] crystk03       Auto=2.394      (5.4s)
[148/337] ct20stif       Auto=3.019      (5.8s)
[149/337] delaunay_n21   Auto=6.263      (7.2s)
[150/337] delaunay_n22   Auto=12.087     (9.2s)
[151/337] delaunay_n23   Auto=23.831     (13.4s)
[152/337] delaunay_n24   Auto=49.391     (34.7s)
[153/337] dielFilterV2clx Auto=35.621     (12.1s)
[154/337] dielFilterV2real Auto=66.714     (30.4s)
[155/337] dielFilterV3clx Auto=128.305    (15.0s)
[156/337] dielFilterV3real Auto=286.839    (43.0s)
[157/337] email-Enron    Auto=5.393      (5.2s)
[158/337] eu-2005        Auto=62.328     (9.8s)
[159/337] ex11           Auto=1.666      (5.4s)
[160/337] exdata_1       Auto=14.608     (5.5s)
[161/337] fcondp2        Auto=9.19       (6.4s)
[162/337] fem_filter     Auto=7.075      (5.9s)
[163/337] fem_hifreq_circuit Auto=25.148     (14.2s)
[164/337] filter3D       Auto=3.928      (5.6s)
[165/337] fp             Auto=3.256      (5.2s)
[166/337] fullb          Auto=10.993     (6.4s)
[167/337] gearbox        Auto=9.388      (6.0s)
[168/337] germany_osm    Auto=13.678     (9.8s)
[169/337] gsm_106857     Auto=27.609     (11.3s)
[170/337] gupta1         Auto=48.676     (19.4s)
[171/337] gupta2         Auto=113.823    (20.7s)
[172/337] gupta3         Auto=231.101    (8.0s)
[173/337] gyro           Auto=2.401      (5.2s)
[174/337] gyro_k         Auto=2.388      (5.3s)
[175/337] halfb          Auto=10.366     (6.4s)
[176/337] hangGlider_3   Auto=10.287     (5.4s)
[177/337] hangGlider_4   Auto=7.895      (5.8s)
[178/337] hangGlider_5   Auto=8.119      (5.7s)
[179/337] hood           Auto=9.578      (7.5s)
[180/337] hugebubbles-00000 Auto=28.895     (19.5s)
[181/337] hugebubbles-00010 Auto=36.945     (19.3s)
[182/337] hugebubbles-00020 Auto=39.863     (20.4s)
[183/337] hugetrace-00010 Auto=19.787     (12.8s)
[184/337] hugetrace-00020 Auto=27.524     (16.3s)
[185/337] hugetric-00010 Auto=12.099     (9.4s)
[186/337] hugetric-00020 Auto=13.064     (10.0s)
[187/337] iChem_Jacobian Auto=3.359      (6.8s)
[188/337] in-2004        Auto=98.697     (9.1s)
[189/337] inline_1       Auto=89.289     (14.6s)
[190/337] invextr1_new   Auto=4.086      (5.9s)
[191/337] kim2           Auto=6.521      (10.2s)
[192/337] kkt_power      Auto=27.274     (9.3s)
[193/337] laminar_duct3D Auto=4.963      (6.4s)
[194/337] largebasis     Auto=3.495      (7.1s)
[195/337] ldoor          Auto=35.71      (15.2s)
[196/337] li             Auto=3.534      (5.5s)
[197/337] lowThrust_10   Auto=5.645      (5.3s)
[198/337] lowThrust_11   Auto=5.611      (5.3s)
[199/337] lowThrust_12   Auto=5.725      (5.3s)
[200/337] lowThrust_13   Auto=5.834      (5.3s)
[201/337] lowThrust_4    Auto=6.917      (5.2s)
[202/337] lowThrust_5    Auto=4.803      (5.4s)
[203/337] lowThrust_6    Auto=4.979      (5.2s)
[204/337] lowThrust_7    Auto=5.052      (5.2s)
[205/337] lowThrust_8    Auto=5.315      (5.3s)
[206/337] lowThrust_9    Auto=5.44       (5.2s)
[207/337] m14b           Auto=2.796      (5.5s)
[208/337] m_t1           Auto=16.055     (7.1s)
[209/337] mixtank_new    Auto=4.271      (5.8s)
[210/337] mono_500Hz     Auto=8.047      (8.2s)
[211/337] mouse_gene     Auto=598.217    (29.1s)
[212/337] msc10848       Auto=3.408      (5.4s)
[213/337] msc23052       Auto=1.546      (5.2s)
[214/337] msdoor         Auto=16.056     (9.5s)
[215/337] mult_dcop_01   Auto=21.196     (19.7s)
[216/337] mult_dcop_02   Auto=21.073     (19.5s)
[217/337] mult_dcop_03   Auto=21.366     (19.5s)
[218/337] nasasrb        Auto=2.79       (5.5s)
[219/337] nd12k          Auto=70.684     (8.5s)
[220/337] nd24k          Auto=150.395    (11.7s)
[221/337] nd3k           Auto=11.978     (5.8s)
[222/337] nd6k           Auto=33.671     (6.6s)
[223/337] nemeth01       Auto=0.586      (5.2s)
[224/337] nemeth18       Auto=0.566      (5.1s)
[225/337] nemeth19       Auto=0.643      (5.3s)
[226/337] nemeth20       Auto=1.043      (5.1s)
[227/337] nemeth21       Auto=1.857      (5.2s)
[228/337] nemeth22       Auto=1.962      (5.3s)
[229/337] nemeth23       Auto=2.292      (5.4s)
[230/337] nemeth24       Auto=2.322      (5.4s)
[231/337] nemeth25       Auto=2.295      (5.3s)
[232/337] nemeth26       Auto=2.287      (5.4s)
[233/337] net100         Auto=10.986     (5.7s)
[234/337] net125         Auto=15.639     (5.9s)
[235/337] net150         Auto=21.142     (6.2s)
[236/337] net50          Auto=4.978      (5.3s)
[237/337] net75          Auto=7.343      (5.4s)
[238/337] nlpkkt120      Auto=69.818     (35.4s)
[239/337] nlpkkt80       Auto=28.979     (10.2s)
[240/337] ns3Da          Auto=4.891      (5.8s)
[241/337] offshore       Auto=3.441      (6.1s)
[242/337] ohne2          Auto=19.027     (8.7s)
[243/337] oilpan         Auto=3.126      (5.6s)
[244/337] olafu          Auto=1.769      (5.4s)
[245/337] opt1           Auto=4.093      (5.3s)
[246/337] para-10        Auto=21.552     (6.9s)
[247/337] para-4         Auto=15.7       (7.0s)
[248/337] para-5         Auto=22.297     (7.1s)
[249/337] para-6         Auto=21.71      (7.0s)
[250/337] para-7         Auto=21.539     (7.0s)
[251/337] para-8         Auto=21.573     (6.9s)
[252/337] para-9         Auto=21.615     (7.1s)
[253/337] patents        Auto=10.114     (10.8s)
[254/337] pattern1       Auto=73.729     (7.1s)
[255/337] pcrystk02      Auto=1.696      (5.1s)
[256/337] pcrystk03      Auto=2.365      (5.2s)
[257/337] pct20stif      Auto=3.06       (5.5s)
[258/337] pdb1HYS        Auto=8.38       (6.0s)
[259/337] pf2177         Auto=4.611      (5.5s)
[260/337] pkustk01       Auto=1.67       (5.2s)
[261/337] pkustk02       Auto=1.013      (5.1s)
[262/337] pkustk03       Auto=2.961      (5.3s)
[263/337] pkustk04       Auto=26.223     (6.1s)
[264/337] pkustk05       Auto=3.1        (5.4s)
[265/337] pkustk06       Auto=5.109      (5.6s)
[266/337] pkustk07       Auto=5.741      (5.4s)
[267/337] pkustk08       Auto=7.616      (5.5s)
[268/337] pkustk09       Auto=1.366      (5.1s)
[269/337] pkustk10       Auto=3.999      (5.5s)
[270/337] pkustk11       Auto=6.346      (5.6s)
[271/337] pkustk12       Auto=68.9       (20.4s)
[272/337] pkustk13       Auto=12.093     (6.0s)
[273/337] pkustk14       Auto=28.13      (7.0s)
[274/337] pli            Auto=3.511      (5.3s)
[275/337] poisson3Db     Auto=4.524      (6.4s)
[276/337] pre2           Auto=47.743     (21.5s)
[277/337] pwtk           Auto=8.529      (7.4s)
[278/337] raefsky3       Auto=1.124      (5.6s)
[279/337] raefsky4       Auto=1.997      (5.4s)
[280/337] rajat16        Auto=46.907     (21.2s)
[281/337] rajat17        Auto=49.961     (21.2s)
[282/337] rajat18        Auto=43.998     (21.1s)
[283/337] rajat20        Auto=43.604     (21.0s)
[284/337] rajat25        Auto=55.723     (21.2s)
[285/337] rajat28        Auto=44.73      (21.3s)
[286/337] rajat31        Auto=10.552     (13.2s)
[287/337] ramage02       Auto=6.364      (5.5s)
[288/337] rgg_n_2_19_s0  Auto=5.596      (5.9s)
[289/337] rgg_n_2_20_s0  Auto=10.569     (6.8s)
[290/337] rgg_n_2_21_s0  Auto=20.711     (8.8s)
[291/337] rgg_n_2_22_s0  Auto=41.416     (13.0s)
[292/337] rma10          Auto=2.92       (5.8s)
[293/337] road_central   Auto=27.532     (14.8s)
[294/337] road_usa       Auto=38.731     (18.6s)
[295/337] s3dkq4m2       Auto=3.761      (6.1s)
[296/337] s3dkt3m2       Auto=2.492      (5.8s)
[297/337] ship_001       Auto=10.115     (6.1s)
[298/337] ship_003       Auto=8.955      (6.6s)
[299/337] shipsec1       Auto=6.66       (6.5s)
[300/337] shipsec5       Auto=8.853      (6.8s)
[301/337] shipsec8       Auto=6.43       (6.4s)
[302/337] sinc18         Auto=3.935      (5.5s)
[303/337] sme3Da         Auto=2.681      (5.4s)
[304/337] sme3Db         Auto=5.889      (6.0s)
[305/337] sme3Dc         Auto=9.128      (6.6s)
[306/337] soc-Slashdot0811 Auto=15.443     (5.6s)
[307/337] soc-Slashdot0902 Auto=14.997     (5.7s)
[308/337] sparsine       Auto=3.654      (5.6s)
[309/337] srb1           Auto=2.745      (5.5s)
[310/337] std1_Jac2      Auto=4.43       (5.6s)
[311/337] std1_Jac3      Auto=4.974      (5.6s)
[312/337] std1_Jac3_db   Auto=1.528      (5.2s)
[313/337] t3dh           Auto=6.251      (6.1s)
[314/337] t3dh_a         Auto=6.255      (6.1s)
[315/337] t3dh_e         Auto=6.26       (6.1s)
[316/337] thermal2       Auto=3.998      (7.5s)
[317/337] thread         Auto=10.48      (6.0s)
[318/337] torso1         Auto=191.495    (9.2s)
[319/337] torso3         Auto=3.242      (6.8s)
[320/337] trdheim        Auto=2.87       (5.2s)
[321/337] troll          Auto=10.967     (6.3s)
[322/337] tsyl201        Auto=3.563      (5.3s)
[323/337] vanbody        Auto=2.887      (5.6s)
[324/337] vsp_bcsstk30_500sep_10in_1Kout Auto=7.244      (5.8s)
[325/337] vsp_befref_fxm_2_4_air02 Auto=5.201      (5.3s)
[326/337] vsp_model1_crew1_cr42_south31 Auto=23.94      (19.3s)
[327/337] vsp_msc10848_300sep_100in_1Kout Auto=7.382      (5.5s)
[328/337] vsp_south31_slptsk Auto=21.366     (19.5s)
[329/337] water_tank     Auto=2.063      (5.8s)
[330/337] wb-edu         Auto=764.642    (35.3s)
[331/337] web-BerkStan   Auto=16.224     (6.8s)
[332/337] web-Google     Auto=12.455     (7.0s)
[333/337] web-NotreDame  Auto=10.277     (5.4s)
[334/337] webbase-1M     Auto=44.943     (6.7s)
[335/337] windscreen     Auto=2.092      (5.5s)
[336/337] x104           Auto=13.561     (7.3s)
[337/337] xenon2         Auto=2.903      (6.5s)

=== 几何均值(ms) ===
  cu          31.581
  Auto        10.888
  Ocean        5.918
  opSparse    17.433
  HSMU        14.426
  bhSparse    40.528
  dense     2477.293
  cublas     634.532

=== Auto 选择(共 337 阵)===  hash 337 / merge3 0

=== Auto vs cuSPARSE:赢 248 / 输 23,几何均值(Auto/cuSPARSE) 0.227× ===
  name                   n       C_nnz  cuSPARSE      Auto    ratio
  Stanford_Berkeley  683446    78130972    45.694   331.226    7.25×
  webbase-1M       1000005    51111996     9.512    44.943    4.72×
  hugetric-00020   7122792    44609736     5.449    13.064    2.40×
  hugetric-00010   6592765    41276239     5.104    12.099    2.37×
  web-Google        916428    29710164     7.529    12.455    1.65×
  TSOPF_RS_b2383     38120    74318317    19.261    30.116    1.56×
  TSOPF_RS_b2383_c1   38120    74318317    19.273    30.113    1.56×
  Chevron4          711450    17706328     3.089     4.393    1.42×
  c-71               76638    52538716    11.109    15.019    1.35×
  Freescale1       3428755    45276331     6.943     8.987    1.29×
  M6               3501776    68984930     8.464    10.938    1.29×
  NLR              4163763    82016497    10.102    13.036    1.29×
  AS365            3799275    74616587     9.225    11.851    1.28×
  333SP            3712815    71961733     8.466    10.700    1.26×
  delaunay_n22     4194304    86836968     9.811    12.087    1.23×
  ... 另有 8 个

=== Auto vs Ocean:赢 18 / 输 319,几何均值(Auto/Ocean) 1.840× ===
  name                   n       C_nnz     Ocean      Auto    ratio
  wb-edu           9845725   630077764     1.462   764.642  523.01×
  Cube_Coup_dt0    2164760   552667840     4.027   504.289  125.23×
  Flan_1565        1564794   509685948     4.027   142.678   35.43×
  Bump_2911        2911419   560173611     4.027   107.763   26.76×
  Ga41As41H72       268096   231455088     4.027   102.687   25.50×
  Long_Coup_dt6    1470152   388670368     4.027    99.111   24.61×
  Si41Ge41H72       185639   173776869     4.027    87.649   21.77×
  F1                343791   224484403     4.027    69.208   17.19×
  Serena           1391349   315805689     4.027    64.431   16.00×
  Hook_1498        1498023   312415749     4.027    59.364   14.74×
  Ga3As3H12          61349    62181563     4.027    55.123   13.69×
  Geo_1438         1437960   274478976     4.027    54.448   13.52×
  Ga19As19H42       133123   108051533     4.027    45.884   11.39×
  Ge99H100          112985   105811785     4.027    44.066   10.94×
  Ge87H76           112985    99053985     4.027    40.479   10.05×
  ... 另有 304 个

=== Auto vs opSparse:赢 223 / 输 95,几何均值(Auto/opSparse) 0.564× ===
  name                   n       C_nnz  opSparse      Auto    ratio
  wb-edu           9845725   630077764    91.272   764.642    8.38×
  Cube_Coup_dt0    2164760   552667840   123.740   504.289    4.08×
  webbase-1M       1000005    51111996    14.038    44.943    3.20×
  road_central    14081816    69990710     8.652    27.532    3.18×
  web-Google        916428    29710164     4.024    12.455    3.10×
  hugetrace-00020 16002413    99652167     9.142    27.524    3.01×
  hugebubbles-0002021198119   132690161    13.552    39.863    2.94×
  hugebubbles-0000018318143   113009849     9.906    28.895    2.92×
  hugebubbles-0001019458087   121526577    12.750    36.945    2.90×
  hugetrace-00010 12057441    74977771     7.248    19.787    2.73×
  kkt_power        2063494    93265642    10.147    27.274    2.69×
  hugetric-00010   6592765    41276239     4.596    12.099    2.63×
  hugetric-00020   7122792    44609736     4.993    13.064    2.62×
  germany_osm     11548845    42720261     5.755    13.678    2.38×
  rajat31          4690002    53118754     5.112    10.552    2.06×
  ... 另有 80 个

=== Auto vs HSMU:赢 295 / 输 42,几何均值(Auto/HSMU) 0.755× ===
  name                   n       C_nnz      HSMU      Auto    ratio
  c-big             345241   447991461    67.461   291.194    4.32×
  Cube_Coup_dt0    2164760   552667840   134.682   504.289    3.74×
  wb-edu           9845725   630077764   222.495   764.642    3.44×
  dielFilterV3clx   420408   247299354    74.297   128.305    1.73×
  Stanford_Berkeley  683446    78130972   203.790   331.226    1.63×
  lowThrust_4        13562    28327028     4.730     6.917    1.46×
  bloweybq           10001   100020001     7.842    11.285    1.44×
  kkt_power        2063494    93265642    19.175    27.274    1.42×
  dielFilterV3real 1102824   688649400   206.522   286.839    1.39×
  web-Google        916428    29710164     9.392    12.455    1.33×
  inline_1          503712   253084638    72.640    89.289    1.23×
  ML_Laplace        377002    95882884    32.148    39.103    1.22×
  hangGlider_3       10260    83182632     8.499    10.287    1.21×
  pkustk06           43164    10596384     4.289     5.109    1.19×
  nlpkkt80         1062400   154663144    24.760    28.979    1.17×
  ... 另有 27 个

=== Auto vs bhSparse:赢 316 / 输 1,几何均值(Auto/bhSparse) 0.240× ===
  name                   n       C_nnz  bhSparse      Auto    ratio
  Cube_Coup_dt0    2164760   552667840   278.281   504.289    1.81×

=== Auto vs dense:赢 138 / 输 0,几何均值(Auto/dense) 0.002× ===
  name                   n       C_nnz     dense      Auto    ratio

=== Auto vs cuBLAS:赢 138 / 输 0,几何均值(Auto/cuBLAS) 0.008× ===
  name                   n       C_nnz    cuBLAS      Auto    ratio
