对比 100 阵 × ['cu', 'serial', 'merge3', 'Auto'] + Ocean + HSMU → compare/method_cmp_20260721_194544/methods_cmp.csv

[1/100] 1138_bus       n=1138     Auto→merge3 cu=  0.354 serial=  0.279 m3=  0.194 Auto=  0.153 Ocean=  0.207 HSMU=  0.302 (5.0s)
[2/100] 494_bus        n=494      Auto→merge3 cu=  0.348 serial=  0.213 m3=  0.129 Auto=  0.122 Ocean=  0.205 HSMU=   0.29 (4.9s)
[3/100] 662_bus        n=662      Auto→merge3 cu=  0.402 serial=  0.231 m3=  0.138 Auto=  0.131 Ocean=  0.217 HSMU=  0.557 (4.9s)
[4/100] 685_bus        n=685      Auto→merge3 cu=  0.378 serial=  0.244 m3=  0.153 Auto=  0.153 Ocean=   0.22 HSMU=  0.308 (5.0s)
[5/100] arc130         n=130      Auto→hash   cu=  0.371 serial=  1.518 m3=  0.185 Auto=  0.402 Ocean=  0.345 HSMU=  0.417 (5.0s)
[6/100] ash292         n=292      Auto→merge3 cu=  0.398 serial=  0.247 m3=  0.132 Auto=   0.14 Ocean=  0.205 HSMU=  0.301 (4.9s)
[7/100] ash85          n=85       Auto→merge3 cu=  0.363 serial=  0.223 m3=  0.143 Auto=   0.15 Ocean=  0.206 HSMU=  0.295 (5.0s)
[8/100] bcspwr01       n=39       Auto→merge3 cu=   0.34 serial=  0.197 m3=  0.122 Auto=  0.123 Ocean=  0.198 HSMU=  0.287 (4.9s)
[9/100] bcspwr02       n=49       Auto→merge3 cu=  0.391 serial=  0.198 m3=  0.116 Auto=  0.123 Ocean=    0.2 HSMU=  0.276 (4.9s)
[10/100] bcspwr03       n=118      Auto→merge3 cu=  0.382 serial=  0.246 m3=  0.135 Auto=  0.126 Ocean=  0.208 HSMU=  0.541 (5.0s)
[11/100] bcspwr04       n=274      Auto→merge3 cu=  0.366 serial=  0.343 m3=  0.143 Auto=  0.126 Ocean=   0.18 HSMU=  0.299 (4.9s)
[12/100] bcspwr05       n=443      Auto→merge3 cu=  0.381 serial=  0.216 m3=   0.15 Auto=  0.121 Ocean=  0.202 HSMU=  0.286 (5.0s)
[13/100] bcspwr06       n=1454     Auto→merge3 cu=  0.354 serial=  0.262 m3=  0.169 Auto=  0.164 Ocean=  0.218 HSMU=  0.345 (5.0s)
[14/100] bcspwr07       n=1612     Auto→merge3 cu=  0.373 serial=  0.254 m3=  0.194 Auto=  0.199 Ocean=   0.22 HSMU=  0.321 (5.0s)
[15/100] bcspwr08       n=1624     Auto→merge3 cu=  0.356 serial=  0.262 m3=  0.161 Auto=  0.163 Ocean=  0.222 HSMU=   0.31 (5.0s)
[16/100] bcspwr09       n=1723     Auto→merge3 cu=  0.379 serial=  0.262 m3=  0.146 Auto=  0.163 Ocean=  0.225 HSMU=  0.313 (5.0s)
[17/100] bcspwr10       n=5300     Auto→merge3 cu=  0.522 serial=  0.388 m3=  0.186 Auto=  0.176 Ocean=  0.224 HSMU=  0.905 (4.9s)
[18/100] bcsstk01       n=48       Auto→merge3 cu=  0.346 serial=   0.24 m3=  0.126 Auto=  0.125 Ocean=  0.284 HSMU=  0.227 (4.9s)
[19/100] bcsstk02       n=66       Auto→merge3 cu=  0.404 serial=    1.6 m3=  0.146 Auto=  0.127 Ocean=  0.801 HSMU=  0.656 (4.9s)
[20/100] bcsstk03       n=112      Auto→merge3 cu=  0.404 serial=  0.219 m3=  0.125 Auto=  0.135 Ocean=  0.164 HSMU=  0.297 (5.0s)
[21/100] bcsstk04       n=132      Auto→merge3 cu=  0.547 serial=  1.145 m3=  0.178 Auto=  0.177 Ocean=  0.462 HSMU=  0.378 (4.9s)
[22/100] bcsstk05       n=153      Auto→merge3 cu=  0.364 serial=  0.367 m3=  0.154 Auto=  0.142 Ocean=  0.314 HSMU=  0.327 (4.9s)
[23/100] bcsstk06       n=420      Auto→merge3 cu=  0.483 serial=  0.563 m3=  0.165 Auto=  0.159 Ocean=  0.309 HSMU=  0.339 (4.9s)
[24/100] bcsstk07       n=420      Auto→merge3 cu=  0.473 serial=  0.554 m3=  0.191 Auto=  0.154 Ocean=  0.344 HSMU=   0.34 (5.0s)
[25/100] bcsstk08       n=1074     Auto→hash   cu=  0.812 serial=  20.97 m3=  1.055 Auto=    1.2 Ocean=  0.392 HSMU=  0.789 (5.0s)
[26/100] bcsstk09       n=1083     Auto→merge3 cu=  0.469 serial=  0.779 m3=  0.194 Auto=  0.179 Ocean=  0.314 HSMU=  0.352 (5.0s)
[27/100] bcsstk10       n=1086     Auto→merge3 cu=  0.557 serial=  0.964 m3=  0.203 Auto=  0.228 Ocean=  0.446 HSMU=  0.299 (5.0s)
[28/100] bcsstk11       n=1473     Auto→merge3 cu=  0.694 serial=  1.018 m3=  0.223 Auto=   0.22 Ocean=  0.501 HSMU=  0.529 (5.0s)
[29/100] bcsstk12       n=1473     Auto→merge3 cu=  0.588 serial=  1.072 m3=   0.24 Auto=  0.224 Ocean=  0.552 HSMU=  0.526 (5.0s)
[30/100] bcsstk13       n=2003     Auto→merge3 cu=  1.007 serial=  5.987 m3=  0.961 Auto=  1.026 Ocean=  0.644 HSMU=  0.752 (5.1s)
[31/100] bcsstk14       n=1806     Auto→merge3 cu=  0.824 serial=  1.884 m3=  0.526 Auto=   0.49 Ocean=  0.549 HSMU=  0.538 (5.1s)
[32/100] bcsstk15       n=3948     Auto→merge3 cu=  1.189 serial=  2.552 m3=    0.7 Auto=  0.705 Ocean=  0.406 HSMU=  0.571 (5.1s)
[33/100] bcsstk16       n=4884     Auto→merge3 cu=  1.827 serial=  8.718 m3=  1.838 Auto=  1.842 Ocean=  0.859 HSMU=  1.455 (5.4s)
[34/100] bcsstk17       n=10974    Auto→hash   cu=  2.381 serial=  9.521 m3=  1.746 Auto=  2.097 Ocean=  0.773 HSMU=  1.705 (5.6s)
[35/100] bcsstk18       n=11948    Auto→hash   cu=  1.092 serial=  2.404 m3=  0.851 Auto=  1.352 Ocean=  0.378 HSMU=  1.177 (5.3s)
[36/100] bcsstk19       n=817      Auto→merge3 cu=  0.362 serial=  0.233 m3=  0.143 Auto=  0.148 Ocean=  0.316 HSMU=  0.303 (5.0s)
[37/100] bcsstk20       n=485      Auto→merge3 cu=  0.362 serial=  0.214 m3=  0.136 Auto=  0.154 Ocean=  0.178 HSMU=  0.307 (5.0s)
[38/100] bcsstk21       n=3600     Auto→merge3 cu=  0.505 serial=  0.427 m3=  0.225 Auto=  0.197 Ocean=  0.212 HSMU=  0.327 (4.9s)
[39/100] bcsstk22       n=138      Auto→merge3 cu=  0.403 serial=  0.238 m3=  0.126 Auto=  0.127 Ocean=  0.203 HSMU=  0.297 (4.9s)
[40/100] bcsstk23       n=3134     Auto→merge3 cu=  0.774 serial=  1.335 m3=  0.401 Auto=  0.405 Ocean=  0.339 HSMU=  0.503 (5.1s)
[41/100] bcsstk24       n=3562     Auto→merge3 cu=  1.275 serial=  3.164 m3=  0.797 Auto=  0.753 Ocean=  0.637 HSMU=  0.983 (5.2s)
[42/100] bcsstk25       n=15439    Auto→hash   cu=  1.219 serial=  3.568 m3=  1.465 Auto=  1.758 Ocean=  0.485 HSMU=  1.481 (5.5s)
[43/100] bcsstk26       n=1922     Auto→merge3 cu=  0.613 serial=  1.042 m3=  0.218 Auto=  0.221 Ocean=  0.349 HSMU=  0.532 (5.1s)
[44/100] bcsstk27       n=1224     Auto→merge3 cu=  0.798 serial=  2.131 m3=  0.443 Auto=  0.433 Ocean=  0.496 HSMU=  0.654 (5.1s)
[45/100] bcsstk28       n=4410     Auto→merge3 cu=  1.504 serial=  5.263 m3=  1.006 Auto=  1.078 Ocean=  0.676 HSMU=  1.198 (5.3s)
[46/100] bcsstk29       n=13992    Auto→hash   cu=  2.985 serial=  9.065 m3=  2.026 Auto=  2.581 Ocean=  0.911 HSMU=  1.747 (5.5s)
[47/100] bcsstk30       n=28924    Auto→hash   cu=  8.451 serial= 88.155 m3= 15.983 Auto=   7.58 Ocean=  2.373 HSMU=   4.69 (7.3s)
[48/100] bcsstk31       n=35588    Auto→hash   cu=  5.197 serial= 19.567 m3=  4.312 Auto=  4.693 Ocean=  1.296 HSMU=  2.793 (6.2s)
[49/100] bcsstk32       n=44609    Auto→hash   cu=  8.543 serial= 36.566 m3=  7.226 Auto=   7.15 Ocean=  1.828 HSMU=  3.714 (6.9s)
[50/100] bcsstk33       n=8738     Auto→hash   cu=  2.977 serial= 20.529 m3=  3.867 Auto=    2.9 Ocean=  1.522 HSMU=  1.902 (5.5s)
[51/100] bcsstm01       n=48       Auto→merge3 cu=  0.395 serial=  0.191 m3=  0.109 Auto=  0.137 Ocean=  0.156 HSMU=  0.284 (4.9s)
[52/100] bcsstm02       n=66       Auto→merge3 cu=  0.331 serial=  0.171 m3=  0.119 Auto=  0.121 Ocean=  0.173 HSMU=  0.276 (4.9s)
[53/100] bcsstm03       n=112      Auto→merge3 cu=  0.387 serial=  0.184 m3=  0.113 Auto=   0.11 Ocean=  0.176 HSMU=  0.279 (5.0s)
[54/100] bcsstm04       n=132      Auto→merge3 cu=  0.347 serial=  0.184 m3=  0.103 Auto=  0.107 Ocean=  0.172 HSMU=  0.292 (4.9s)
[55/100] bcsstm05       n=153      Auto→merge3 cu=  0.347 serial=  0.191 m3=  0.121 Auto=  0.115 Ocean=  0.173 HSMU=  0.291 (5.0s)
[56/100] bcsstm06       n=420      Auto→merge3 cu=  0.368 serial=  0.179 m3=  0.127 Auto=  0.113 Ocean=  0.175 HSMU=   0.29 (5.0s)
[57/100] bcsstm07       n=420      Auto→merge3 cu=  0.462 serial=  0.611 m3=  0.162 Auto=  0.184 Ocean=  0.341 HSMU=  0.347 (4.9s)
[58/100] bcsstm08       n=1074     Auto→merge3 cu=  0.383 serial=  0.184 m3=  0.113 Auto=  0.119 Ocean=  0.172 HSMU=  0.303 (5.0s)
[59/100] bcsstm09       n=1083     Auto→merge3 cu=  0.355 serial=  0.196 m3=  0.129 Auto=  0.115 Ocean=   0.16 HSMU=  0.288 (4.9s)
[60/100] bcsstm10       n=1086     Auto→merge3 cu=  0.466 serial=  0.901 m3=  0.197 Auto=  0.221 Ocean=  0.452 HSMU=  0.359 (4.9s)
[61/100] bcsstm11       n=1473     Auto→merge3 cu=  0.404 serial=  0.197 m3=  0.123 Auto=  0.133 Ocean=  0.174 HSMU=  0.354 (5.0s)
[62/100] bcsstm12       n=1473     Auto→merge3 cu=  0.456 serial=  0.723 m3=  0.186 Auto=  0.184 Ocean=  0.331 HSMU=  0.339 (5.0s)
[63/100] bcsstm13       n=2003     Auto→merge3 cu=  0.572 serial=  2.774 m3=  0.357 Auto=   0.37 Ocean=  0.453 HSMU=  0.579 (5.0s)
[64/100] bcsstm19       n=817      Auto→merge3 cu=  0.361 serial=  0.195 m3=  0.125 Auto=  0.132 Ocean=  0.161 HSMU=  0.287 (4.9s)
[65/100] bcsstm20       n=485      Auto→merge3 cu=  0.358 serial=  0.177 m3=   0.11 Auto=  0.107 Ocean=  0.166 HSMU=  0.279 (4.9s)
[66/100] bcsstm21       n=3600     Auto→merge3 cu=   0.41 serial=  0.227 m3=  0.157 Auto=  0.136 Ocean=  0.165 HSMU=  0.465 (4.9s)
[67/100] bcsstm22       n=138      Auto→merge3 cu=  0.387 serial=  0.231 m3=  0.111 Auto=  0.109 Ocean=   0.16 HSMU=  0.266 (5.0s)
[68/100] bcsstm23       n=3134     Auto→merge3 cu=  0.393 serial=  0.191 m3=  0.147 Auto=  0.134 Ocean=  0.169 HSMU=  0.458 (4.9s)
[69/100] bcsstm24       n=3562     Auto→merge3 cu=   0.36 serial=  0.187 m3=  0.141 Auto=  0.161 Ocean=  0.171 HSMU=  0.455 (4.9s)
[70/100] bcsstm25       n=15439    Auto→hash   cu=  0.388 serial=  0.232 m3=  0.228 Auto=  0.365 Ocean=  0.186 HSMU=  0.487 (4.9s)
[71/100] bcsstm26       n=1922     Auto→merge3 cu=  0.374 serial=  0.198 m3=  0.125 Auto=  0.129 Ocean=  0.166 HSMU=  0.302 (4.9s)
[72/100] bcsstm27       n=1224     Auto→merge3 cu=  0.843 serial=  2.161 m3=  0.481 Auto=  0.446 Ocean=  0.562 HSMU=  0.651 (5.0s)
[73/100] blckhole       n=2132     Auto→merge3 cu=  0.468 serial=  0.508 m3=  0.193 Auto=  0.187 Ocean=  0.214 HSMU=  0.464 (5.0s)
[74/100] bp_0           n=822      Auto→hash   cu=  0.377 serial= 11.105 m3=   0.58 Auto=  0.493 Ocean=  0.272 HSMU=  0.443 (5.0s)
[75/100] bp_1000        n=822      Auto→hash   cu=   0.38 serial= 17.372 m3=  0.654 Auto=  0.529 Ocean=  0.242 HSMU=  0.417 (5.0s)
[76/100] bp_1200        n=822      Auto→hash   cu=  0.373 serial= 17.706 m3=  0.645 Auto=  0.562 Ocean=   0.26 HSMU=  0.483 (5.1s)
[77/100] bp_1400        n=822      Auto→hash   cu=  0.378 serial= 17.566 m3=  0.635 Auto=  0.602 Ocean=   0.27 HSMU=  0.477 (4.9s)
[78/100] bp_1600        n=822      Auto→hash   cu=  0.395 serial= 17.151 m3=  0.645 Auto=  0.543 Ocean=  0.306 HSMU=  0.489 (4.9s)
[79/100] bp_200         n=822      Auto→hash   cu=  0.366 serial= 13.813 m3=  0.605 Auto=  0.554 Ocean=  0.253 HSMU=  0.472 (5.0s)
[80/100] bp_400         n=822      Auto→hash   cu=   0.39 serial= 15.108 m3=  0.649 Auto=  0.518 Ocean=  0.246 HSMU=  0.465 (5.0s)
[81/100] bp_600         n=822      Auto→hash   cu=  0.337 serial= 16.229 m3=  0.633 Auto=  0.534 Ocean=  0.257 HSMU=  0.472 (4.9s)
[82/100] bp_800         n=822      Auto→hash   cu=  0.395 serial= 16.783 m3=  0.656 Auto=  0.516 Ocean=  0.247 HSMU=  0.461 (5.0s)
[83/100] can_1054       n=1054     Auto→merge3 cu=  0.442 serial=  0.817 m3=  0.185 Auto=  0.177 Ocean=  0.343 HSMU=  0.353 (4.9s)
[84/100] can_1072       n=1072     Auto→merge3 cu=  0.462 serial=   1.08 m3=  0.199 Auto=  0.205 Ocean=  0.366 HSMU=  0.328 (5.0s)
[85/100] can_144        n=144      Auto→merge3 cu=  0.377 serial=  0.293 m3=   0.13 Auto=  0.146 Ocean=  0.332 HSMU=  0.298 (5.0s)
[86/100] can_161        n=161      Auto→merge3 cu=  0.329 serial=  0.254 m3=  0.141 Auto=  0.149 Ocean=  0.295 HSMU=  0.313 (4.9s)
[87/100] can_187        n=187      Auto→merge3 cu=  0.358 serial=  0.195 m3=  0.112 Auto=   0.11 Ocean=  0.321 HSMU=  0.243 (4.8s)
[88/100] can_229        n=229      Auto→merge3 cu=  0.362 serial=  0.253 m3=  0.156 Auto=  0.137 Ocean=  0.251 HSMU=  0.235 (4.6s)
[89/100] can_24         n=24       Auto→merge3 cu=  0.287 serial=  0.231 m3=  0.122 Auto=  0.118 Ocean=  0.168 HSMU=  0.278 (4.8s)
[90/100] can_256        n=256      Auto→merge3 cu=  0.387 serial=  1.843 m3=  0.213 Auto=  0.214 Ocean=  0.317 HSMU=  0.347 (4.9s)
[91/100] can_268        n=268      Auto→merge3 cu=  0.319 serial=  0.672 m3=  0.154 Auto=  0.166 Ocean=  0.306 HSMU=  0.327 (4.7s)
[92/100] can_292        n=292      Auto→merge3 cu=  0.316 serial=  0.477 m3=  0.141 Auto=  0.118 Ocean=  0.318 HSMU=  0.252 (4.4s)
[93/100] can_445        n=445      Auto→merge3 cu=  0.306 serial=  0.269 m3=  0.123 Auto=  0.125 Ocean=  0.335 HSMU=  0.303 (4.7s)
[94/100] can_61         n=61       Auto→merge3 cu=  0.343 serial=  0.341 m3=  0.117 Auto=   0.12 Ocean=  0.381 HSMU=  0.308 (4.9s)
[95/100] can_62         n=62       Auto→merge3 cu=  0.364 serial=  0.198 m3=  0.137 Auto=  0.123 Ocean=  0.169 HSMU=  0.269 (4.8s)
[96/100] can_634        n=634      Auto→merge3 cu=  0.487 serial=  0.432 m3=  0.156 Auto=  0.155 Ocean=  0.338 HSMU=  0.314 (4.8s)
[97/100] can_715        n=715      Auto→merge3 cu=  0.432 serial=  1.748 m3=  0.381 Auto=  0.404 Ocean=  0.352 HSMU=  0.372 (4.9s)
[98/100] can_73         n=73       Auto→merge3 cu=   0.39 serial=   0.27 m3=  0.129 Auto=  0.139 Ocean=  0.178 HSMU=  0.296 (3.7s)
[99/100] can_838        n=838      Auto→merge3 cu=  0.463 serial=  0.757 m3=  0.158 Auto=  0.171 Ocean=  0.329 HSMU=  0.321 (4.6s)
[100/100] can_96         n=96       Auto→merge3 cu=  0.344 serial=   0.22 m3=  0.115 Auto=   0.12 Ocean=  0.293 HSMU=  0.293 (4.9s)

完成 → compare/method_cmp_20260721_194544/methods_cmp.csv

=== 几何均值(ms) ===
  cu          0.516
  serial      0.847
  merge3      0.258
  Auto        0.257
  Ocean       0.302
  HSMU        0.438

=== Auto 选择(共 100 阵)===  hash 20 / merge3 80
  选 hash 的:arc130, bcsstk08, bcsstk17, bcsstk18, bcsstk25, bcsstk29, bcsstk30, bcsstk31, bcsstk32, bcsstk33, bcsstm25, bp_0, bp_1000, bp_1200, bp_1400, bp_1600, bp_200, bp_400, bp_600, bp_800
