对比 100 阵 × ['cu', 'Auto', 'Ocean', 'opSparse', 'HSMU', 'dense'] → compare/method_cmp_20260727_161845/methods_cmp.csv

[1/100] 1138_bus       n=1138     cu=  0.287 Auto=  0.129(merge3) Ocn=   0.19 opSp=  0.701 HSMU=   0.24 dense=   0.781 (4.3s)
[2/100] 494_bus        n=494      cu=  0.245 Auto=  0.093(merge3) Ocn=  0.173 opSp=  0.694 HSMU=  0.231 dense=    0.32 (4.2s)
[3/100] 662_bus        n=662      cu=  0.249 Auto=  0.103(merge3) Ocn=  0.256 opSp=  0.826 HSMU=   0.23 dense=   0.484 (4.4s)
[4/100] 685_bus        n=685      cu=  0.299 Auto=  0.129(merge3) Ocn=  0.207 opSp=  0.776 HSMU=  0.235 dense=   0.489 (4.5s)
[5/100] arc130         n=130      cu=  0.257 Auto=  0.157(merge3) Ocn=  0.348 opSp=  1.064 HSMU=  0.343 dense=   0.214 (4.4s)
[6/100] ash292         n=292      cu=  0.257 Auto=  0.162(merge3) Ocn=  0.204 opSp=  0.571 HSMU=  0.311 dense=   0.278 (4.4s)
[7/100] ash85          n=85       cu=  0.302 Auto=  0.148(merge3) Ocn=  0.204 opSp=  0.588 HSMU=  0.298 dense=   0.219 (4.6s)
[8/100] bcspwr01       n=39       cu=  0.278 Auto=  0.113(merge3) Ocn=  0.197 opSp=  0.816 HSMU=  0.218 dense=   0.166 (4.5s)
[9/100] bcspwr02       n=49       cu=  0.254 Auto=  0.095(merge3) Ocn=  0.162 opSp=  0.753 HSMU=   0.28 dense=    0.17 (4.3s)
[10/100] bcspwr03       n=118      cu=  0.246 Auto=  0.093(merge3) Ocn=  0.198 opSp=  0.717 HSMU=  0.548 dense=   0.183 (4.3s)
[11/100] bcspwr04       n=274      cu=  0.278 Auto=  0.135(merge3) Ocn=    0.2 opSp=  0.952 HSMU=  0.341 dense=   0.235 (4.7s)
[12/100] bcspwr05       n=443      cu=  0.325 Auto=  0.122(merge3) Ocn=  0.256 opSp=  0.877 HSMU=  0.298 dense=    0.37 (4.6s)
[13/100] bcspwr06       n=1454     cu=  0.289 Auto=  0.142(merge3) Ocn=  0.208 opSp=  0.685 HSMU=  0.307 dense=   1.277 (4.6s)
[14/100] bcspwr07       n=1612     cu=  0.287 Auto=  0.147(merge3) Ocn=  0.211 opSp=  0.597 HSMU=  0.304 dense=   1.536 (4.5s)
[15/100] bcspwr08       n=1624     cu=  0.286 Auto=  0.167(merge3) Ocn=  0.226 opSp=  0.564 HSMU=  0.314 dense=   1.636 (4.7s)
[16/100] bcspwr09       n=1723     cu=  0.283 Auto=  0.146(merge3) Ocn=  0.225 opSp=  0.898 HSMU=  0.301 dense=   2.024 (4.6s)
[17/100] bcspwr10       n=5300     cu=  0.365 Auto=  0.189(merge3) Ocn=  0.236 opSp=  0.767 HSMU=  0.948 dense=  36.204 (4.7s)
[18/100] bcsstk01       n=48       cu=  0.272 Auto=  0.121(merge3) Ocn=  0.298 opSp=  0.568 HSMU=  0.296 dense=   0.256 (4.5s)
[19/100] bcsstk02       n=66       cu=  0.338 Auto=  0.142(merge3) Ocn=  0.865 opSp=  0.622 HSMU=  0.704 dense=   0.201 (4.7s)
[20/100] bcsstk03       n=112      cu=  0.289 Auto=  0.132(merge3) Ocn=    0.2 opSp=  0.739 HSMU=  0.289 dense=   0.177 (4.6s)
[21/100] bcsstk04       n=132      cu=  0.373 Auto=  0.145(merge3) Ocn=   0.46 opSp=  0.619 HSMU=  0.374 dense=   0.222 (4.7s)
[22/100] bcsstk05       n=153      cu=  0.344 Auto=  0.138(merge3) Ocn=  0.336 opSp=  0.598 HSMU=  0.324 dense=   0.243 (4.6s)
[23/100] bcsstk06       n=420      cu=  0.379 Auto=  0.157(merge3) Ocn=  0.342 opSp=  0.587 HSMU=  0.346 dense=   0.353 (4.6s)
[24/100] bcsstk07       n=420      cu=  0.388 Auto=  0.153(merge3) Ocn=   0.34 opSp=  0.885 HSMU=   0.34 dense=   0.347 (4.6s)
[25/100] bcsstk08       n=1074     cu=  0.603 Auto=  0.569(hash  ) Ocn=  0.425 opSp=  0.759 HSMU=  0.798 dense=   1.028 (4.8s)
[26/100] bcsstk09       n=1083     cu=  0.449 Auto=  0.175(merge3) Ocn=  0.316 opSp=  0.756 HSMU=  0.337 dense=   0.819 (4.7s)
[27/100] bcsstk10       n=1086     cu=  0.423 Auto=  0.192(merge3) Ocn=  0.457 opSp=  0.612 HSMU=  0.358 dense=   0.762 (4.7s)
[28/100] bcsstk11       n=1473     cu=  0.557 Auto=  0.198(merge3) Ocn=  0.501 opSp=  0.615 HSMU=  0.521 dense=   1.555 (4.7s)
[29/100] bcsstk12       n=1473     cu=  0.609 Auto=    0.2(merge3) Ocn=    0.5 opSp=  0.756 HSMU=  0.508 dense=   1.571 (4.8s)
[30/100] bcsstk13       n=2003     cu=  0.909 Auto=  0.842(hash  ) Ocn=  0.699 opSp=  1.023 HSMU=  0.931 dense=   3.357 (5.0s)
[31/100] bcsstk14       n=1806     cu=   0.79 Auto=  0.313(merge3) Ocn=   0.55 opSp=  0.929 HSMU=  0.538 dense=   2.417 (4.8s)
[32/100] bcsstk15       n=3948     cu=  0.928 Auto=  0.287(hash  ) Ocn=  0.431 opSp=   1.11 HSMU=  0.673 dense=  16.069 (5.1s)
[33/100] bcsstk16       n=4884     cu=  1.669 Auto=  0.499(hash  ) Ocn=  0.776 opSp=  1.041 HSMU=   1.45 dense=  29.392 (5.7s)
[34/100] bcsstk17       n=10974    cu=  2.167 Auto=  0.672(hash  ) Ocn=  0.816 opSp=  1.096 HSMU=  1.755 dense= 308.074 (6.7s)
[35/100] bcsstk18       n=11948    cu=  0.912 Auto=  0.429(hash  ) Ocn=  0.456 opSp=  1.226 HSMU=  1.237 dense= 395.802 (6.1s)
[36/100] bcsstk19       n=817      cu=  0.383 Auto=  0.138(merge3) Ocn=  0.314 opSp=  0.747 HSMU=  0.311 dense=   0.602 (4.7s)
[37/100] bcsstk20       n=485      cu=  0.287 Auto=   0.14(merge3) Ocn=  0.217 opSp=  1.275 HSMU=  0.318 dense=   0.379 (4.6s)
[38/100] bcsstk21       n=3600     cu=  0.471 Auto=  0.193(merge3) Ocn=  0.224 opSp=  0.836 HSMU=  0.417 dense=  12.629 (4.7s)
[39/100] bcsstk22       n=138      cu=  0.309 Auto=  0.125(merge3) Ocn=  0.214 opSp=  0.699 HSMU=  0.291 dense=   0.227 (4.7s)
[40/100] bcsstk23       n=3134     cu=  0.618 Auto=  0.252(merge3) Ocn=  0.362 opSp=  1.276 HSMU=  0.416 dense=   8.849 (4.7s)
[41/100] bcsstk24       n=3562     cu=  1.071 Auto=  0.351(hash  ) Ocn=  0.518 opSp=  1.349 HSMU=  0.773 dense=  12.503 (4.6s)
[42/100] bcsstk25       n=15439    cu=  1.124 Auto=  0.473(hash  ) Ocn=  0.471 opSp=   1.31 HSMU=  1.498 dense= 856.745 (7.2s)
[43/100] bcsstk26       n=1922     cu=  0.426 Auto=  0.168(merge3) Ocn=  0.306 opSp=  0.826 HSMU=  0.417 dense=   2.671 (4.2s)
[44/100] bcsstk27       n=1224     cu=    0.6 Auto=  0.281(merge3) Ocn=  0.431 opSp=  0.864 HSMU=  0.549 dense=   1.124 (4.3s)
[45/100] bcsstk28       n=4410     cu=  1.317 Auto=  0.409(hash  ) Ocn=  0.677 opSp=  1.484 HSMU=  1.917 dense=  21.995 (5.0s)
[46/100] bcsstk29       n=13992    cu=  2.824 Auto=    0.8(hash  ) Ocn=  0.964 opSp=   2.13 HSMU=  1.767 dense= 630.543 (7.1s)
[47/100] bcsstk30       n=28924    cu=  8.574 Auto=  3.215(hash  ) Ocn=  2.403 opSp=  4.218 HSMU=   4.76 dense= 5512.64 (20.8s)
[48/100] bcsstk31       n=35588    cu=  4.921 Auto=  1.335(hash  ) Ocn=  1.162 opSp=  2.182 HSMU=  2.439 dense= 10294.3 (27.4s)
[49/100] bcsstk32       n=44609    cu=  8.075 Auto=  2.128(hash  ) Ocn=  1.789 opSp=  2.971 HSMU=  3.472 dense= 20197.8 (48.9s)
[50/100] bcsstk33       n=8738     cu=  2.851 Auto=  1.008(hash  ) Ocn=  1.433 opSp=  1.454 HSMU=  1.705 dense= 156.406 (5.9s)
[51/100] bcsstm01       n=48       cu=   0.24 Auto=  0.098(merge3) Ocn=  0.135 opSp=  0.874 HSMU=  0.212 dense=   0.156 (4.0s)
[52/100] bcsstm02       n=66       cu=  0.233 Auto=  0.083(merge3) Ocn=  0.135 opSp=  0.649 HSMU=  0.215 dense=   0.166 (4.0s)
[53/100] bcsstm03       n=112      cu=  0.247 Auto=  0.084(merge3) Ocn=  0.139 opSp=  0.861 HSMU=  0.206 dense=   0.169 (4.0s)
[54/100] bcsstm04       n=132      cu=   0.24 Auto=  0.086(merge3) Ocn=   0.14 opSp=  0.575 HSMU=  0.214 dense=   0.178 (4.0s)
[55/100] bcsstm05       n=153      cu=  0.278 Auto=  0.085(merge3) Ocn=   0.14 opSp=  0.775 HSMU=  0.212 dense=   0.189 (4.0s)
[56/100] bcsstm06       n=420      cu=  0.243 Auto=  0.087(merge3) Ocn=  0.142 opSp=  0.616 HSMU=  0.226 dense=   0.289 (4.0s)
[57/100] bcsstm07       n=420      cu=  0.318 Auto=  0.124(merge3) Ocn=  0.274 opSp=  0.701 HSMU=  0.271 dense=    0.29 (4.0s)
[58/100] bcsstm08       n=1074     cu=  0.249 Auto=  0.092(merge3) Ocn=  0.143 opSp=  0.777 HSMU=  0.227 dense=   0.721 (4.1s)
[59/100] bcsstm09       n=1083     cu=  0.255 Auto=  0.095(merge3) Ocn=  0.145 opSp=  0.678 HSMU=  0.221 dense=   0.776 (4.1s)
[60/100] bcsstm10       n=1086     cu=  0.358 Auto=  0.162(merge3) Ocn=  0.393 opSp=  0.585 HSMU=  0.294 dense=   0.724 (4.2s)
[61/100] bcsstm11       n=1473     cu=   0.25 Auto=  0.098(merge3) Ocn=  0.142 opSp=  0.972 HSMU=  0.223 dense=   1.524 (4.1s)
[62/100] bcsstm12       n=1473     cu=  0.329 Auto=  0.151(merge3) Ocn=  0.294 opSp=  0.733 HSMU=  0.273 dense=   1.518 (4.1s)
[63/100] bcsstm13       n=2003     cu=  0.451 Auto=  0.285(merge3) Ocn=  0.377 opSp=  1.326 HSMU=  0.468 dense=   3.081 (4.1s)
[64/100] bcsstm19       n=817      cu=  0.244 Auto=  0.091(merge3) Ocn=  0.142 opSp=  0.536 HSMU=  0.219 dense=   0.553 (3.9s)
[65/100] bcsstm20       n=485      cu=  0.247 Auto=  0.086(merge3) Ocn=   0.14 opSp=  0.696 HSMU=  0.213 dense=   0.591 (4.0s)
[66/100] bcsstm21       n=3600     cu=  0.261 Auto=  0.121(merge3) Ocn=  0.143 opSp=  1.098 HSMU=  0.371 dense=  12.586 (4.0s)
[67/100] bcsstm22       n=138      cu=  0.246 Auto=  0.084(merge3) Ocn=  0.141 opSp=  0.445 HSMU=  0.229 dense=   0.176 (4.1s)
[68/100] bcsstm23       n=3134     cu=  0.249 Auto=  0.115(merge3) Ocn=  0.143 opSp=  0.415 HSMU=  0.364 dense=   8.776 (4.0s)
[69/100] bcsstm24       n=3562     cu=  0.249 Auto=   0.12(merge3) Ocn=  0.144 opSp=   0.76 HSMU=  0.368 dense=   12.36 (4.1s)
[70/100] bcsstm25       n=15439    cu=  0.251 Auto=  0.238(merge3) Ocn=  0.153 opSp=    0.6 HSMU=  0.357 dense= 856.301 (5.8s)
[71/100] bcsstm26       n=1922     cu=  0.253 Auto=  0.103(merge3) Ocn=  0.143 opSp=  1.295 HSMU=  0.226 dense=    2.65 (4.0s)
[72/100] bcsstm27       n=1224     cu=  0.614 Auto=  0.282(merge3) Ocn=   0.43 opSp=  0.696 HSMU=  0.547 dense=   1.117 (4.2s)
[73/100] blckhole       n=2132     cu=  0.312 Auto=  0.153(merge3) Ocn=  0.179 opSp=  0.585 HSMU=  0.376 dense=   3.269 (4.1s)
[74/100] bp_0           n=822      cu=  0.255 Auto=  0.278(hash  ) Ocn=  0.209 opSp=  0.944 HSMU=  0.376 dense=    0.51 (4.1s)
[75/100] bp_1000        n=822      cu=  0.265 Auto=  0.331(hash  ) Ocn=  0.224 opSp=  0.838 HSMU=  0.413 dense=   0.511 (4.1s)
[76/100] bp_1200        n=822      cu=  0.259 Auto=  0.341(hash  ) Ocn=  0.226 opSp=  0.874 HSMU=  0.412 dense=   0.523 (4.1s)
[77/100] bp_1400        n=822      cu=  0.257 Auto=  0.343(hash  ) Ocn=  0.227 opSp=  0.767 HSMU=  0.499 dense=   0.519 (4.1s)
[78/100] bp_1600        n=822      cu=  0.259 Auto=  0.346(hash  ) Ocn=  0.231 opSp=  0.794 HSMU=  0.404 dense=    0.51 (4.1s)
[79/100] bp_200         n=822      cu=  0.259 Auto=  0.293(hash  ) Ocn=  0.218 opSp=  0.825 HSMU=  0.391 dense=   0.515 (4.0s)
[80/100] bp_400         n=822      cu=  0.263 Auto=  0.309(hash  ) Ocn=   0.22 opSp=  0.826 HSMU=  0.392 dense=   0.509 (4.1s)
[81/100] bp_600         n=822      cu=  0.258 Auto=  0.318(hash  ) Ocn=  0.222 opSp=  1.236 HSMU=  0.401 dense=   0.513 (4.0s)
[82/100] bp_800         n=822      cu=  0.257 Auto=  0.337(hash  ) Ocn=  0.221 opSp=  0.533 HSMU=  0.406 dense=   0.519 (4.1s)
[83/100] can_1054       n=1054     cu=  0.324 Auto=  0.149(merge3) Ocn=  0.296 opSp=  0.921 HSMU=   0.28 dense=   0.739 (4.1s)
[84/100] can_1072       n=1072     cu=  0.322 Auto=  0.152(merge3) Ocn=  0.294 opSp=  1.075 HSMU=  0.271 dense=    0.85 (4.1s)
[85/100] can_144        n=144      cu=  0.252 Auto=  0.104(merge3) Ocn=  0.261 opSp=  0.919 HSMU=  0.239 dense=   0.191 (4.0s)
[86/100] can_161        n=161      cu=  0.256 Auto=   0.11(merge3) Ocn=  0.264 opSp=  1.104 HSMU=  0.252 dense=   0.204 (4.1s)
[87/100] can_187        n=187      cu=  0.248 Auto=  0.098(merge3) Ocn=  0.261 opSp=  1.521 HSMU=  0.234 dense=   0.204 (4.0s)
[88/100] can_229        n=229      cu=  0.252 Auto=  0.115(merge3) Ocn=  0.263 opSp=  0.738 HSMU=   0.24 dense=   0.235 (4.0s)
[89/100] can_24         n=24       cu=   0.24 Auto=   0.09(merge3) Ocn=  0.168 opSp=  0.923 HSMU=  0.222 dense=   0.151 (4.0s)
[90/100] can_256        n=256      cu=  0.257 Auto=  0.153(merge3) Ocn=  0.288 opSp=  0.599 HSMU=  0.283 dense=   0.288 (4.0s)
[91/100] can_268        n=268      cu=  0.258 Auto=   0.13(merge3) Ocn=  0.267 opSp=  0.752 HSMU=   0.26 dense=   0.243 (4.1s)
[92/100] can_292        n=292      cu=  0.256 Auto=  0.108(merge3) Ocn=  0.275 opSp=  0.846 HSMU=  0.256 dense=   0.514 (4.1s)
[93/100] can_445        n=445      cu=   0.26 Auto=  0.118(merge3) Ocn=  0.266 opSp=  1.093 HSMU=  0.243 dense=   0.329 (4.0s)
[94/100] can_61         n=61       cu=  0.239 Auto=    0.1(merge3) Ocn=  0.259 opSp=  1.184 HSMU=  0.244 dense=   0.167 (4.0s)
[95/100] can_62         n=62       cu=  0.234 Auto=  0.094(merge3) Ocn=  0.166 opSp=  0.833 HSMU=  0.217 dense=   0.161 (4.1s)
[96/100] can_634        n=634      cu=  0.317 Auto=  0.123(merge3) Ocn=   0.29 opSp=  0.738 HSMU=   0.26 dense=   0.377 (4.1s)
[97/100] can_715        n=715      cu=  0.326 Auto=  0.254(merge3) Ocn=  0.313 opSp=  0.936 HSMU=  0.299 dense=   0.526 (4.1s)
[98/100] can_73         n=73       cu=  0.248 Auto=  0.098(merge3) Ocn=  0.173 opSp=  0.816 HSMU=   0.23 dense=    0.16 (4.0s)
[99/100] can_838        n=838      cu=   0.32 Auto=  0.129(merge3) Ocn=  0.288 opSp=  0.951 HSMU=  0.262 dense=   0.531 (4.1s)
[100/100] can_96         n=96       cu=  0.248 Auto=  0.092(merge3) Ocn=  0.257 opSp=  1.166 HSMU=  0.226 dense=   0.165 (4.0s)

完成 → compare/method_cmp_20260727_161845/methods_cmp.csv

=== 几何均值(ms) ===
  cu           0.389
  Auto         0.181
  Ocean        0.280
  opSparse     0.858
  HSMU         0.389
  dense        1.355

=== Auto 选择(共 100 阵)===  hash 23 / merge3 77

=== Auto vs cuSPARSE:赢 91 / 输 9,几何均值(Auto/cuSPARSE) 0.467× ===
  name                   n       C_nnz  cuSPARSE      Auto    ratio
  bp_1600              822       23625     0.259     0.346    1.34×
  bp_1400              822       23154     0.257     0.343    1.33×
  bp_1200              822       22313     0.259     0.341    1.32×
  bp_800               822       20224     0.257     0.337    1.31×
  bp_1000              822       21373     0.265     0.331    1.25×
  bp_600               822       16464     0.258     0.318    1.23×
  bp_400               822       15238     0.263     0.309    1.17×
  bp_200               822       13197     0.259     0.293    1.13×
  bp_0                 822        9384     0.255     0.278    1.09×

=== Auto vs Ocean:赢 84 / 输 16,几何均值(Auto/Ocean) 0.649× ===
  name                   n       C_nnz     Ocean      Auto    ratio
  bcsstm25           15439       15439     0.153     0.238    1.56×
  bp_800               822       20224     0.221     0.337    1.52×
  bp_1400              822       23154     0.227     0.343    1.51×
  bp_1200              822       22313     0.226     0.341    1.51×
  bp_1600              822       23625     0.231     0.346    1.50×
  bp_1000              822       21373     0.224     0.331    1.48×
  bp_600               822       16464     0.222     0.318    1.43×
  bp_400               822       15238     0.220     0.309    1.40×
  bp_200               822       13197     0.218     0.293    1.34×
  bcsstk08            1074      305612     0.425     0.569    1.34×
  bcsstk30           28924     8946070     2.403     3.215    1.34×
  bp_0                 822        9384     0.209     0.278    1.33×
  bcsstk13            2003      396773     0.699     0.842    1.20×
  bcsstk32           44609     6819653     1.789     2.128    1.19×
  bcsstk31           35588     4713580     1.162     1.335    1.15×
  ... 另有 1 个

=== Auto vs opSparse:赢 100 / 输 0,几何均值(Auto/opSparse) 0.211× ===
  name                   n       C_nnz  opSparse      Auto    ratio

=== Auto vs HSMU:赢 100 / 输 0,几何均值(Auto/HSMU) 0.467× ===
  name                   n       C_nnz      HSMU      Auto    ratio

=== Auto vs dense:赢 100 / 输 0,几何均值(Auto/dense) 0.134× ===
  name                   n       C_nnz     dense      Auto    ratio
