# 2026-07-13 19:33:48  A/B compare
legacy: suitesparse_crawl/profile_aa_legacy.csv (100 matrices/method)
pool  : suitesparse_crawl/profile_aa_pool.csv
==========================================================================
方法                             d2h                   h2d              合计
                     legacy → pool         legacy → pool   legacy → pool
--------------------------------------------------------------------------
cuSPARSE            0.275 (  -88%)        0.269 (  +17%)  1.280 (  -61%)
Gustavson           0.154 (  -93%)        0.301 (  +32%)  1.806 (  -51%)
外积                  0.149 (  -93%)        0.288 (  +27%)  1.810 (  -52%)
列向                  0.158 (  -92%)        0.294 (  +25%)  1.826 (  -52%)
内积                  0.158 (  -92%)        0.293 (  +30%)  1.982 (  -49%)
==========================================================================
说明:负百分比 = pool 比 legacy 快;cell 只显示 pool 值时为 NaN/0 边界。

# 2026-07-13 19:39:26  A/B compare
legacy: suitesparse_crawl/profile_aa_legacy.csv (100 matrices/method)
pool  : suitesparse_crawl/profile_aa_pool.csv
==========================================================================
方法                             d2h                   h2d              合计
                     legacy → pool         legacy → pool   legacy → pool
--------------------------------------------------------------------------
cuSPARSE            0.275 (  -88%)        0.269 (  +17%)  1.280 (  -61%)
Gustavson           0.154 (  -93%)        0.301 (  +32%)  1.806 (  -51%)
外积                  0.149 (  -93%)        0.288 (  +27%)  1.810 (  -52%)
列向                  0.158 (  -92%)        0.294 (  +25%)  1.826 (  -52%)
内积                  0.158 (  -92%)        0.293 (  +30%)  1.982 (  -49%)
==========================================================================
说明:负百分比 = pool 比 legacy 快;cell 只显示 pool 值时为 NaN/0 边界。

# 2026-07-13 19:53:34  A/B compare
legacy: suitesparse_crawl/profile_aa_legacy.csv (100 matrices/method)
pool  : suitesparse_crawl/profile_aa_pool.csv
==========================================================================
方法                             d2h                   h2d              合计
                     legacy → pool         legacy → pool   legacy → pool
--------------------------------------------------------------------------
cuSPARSE            0.275 (  -87%)        0.269 (  +23%)  1.281 (  -59%)
Gustavson           0.153 (  -92%)        0.295 (  +38%)  1.790 (  -50%)
外积                  0.153 (  -92%)        0.289 (  +37%)  1.804 (  -50%)
列向                  0.153 (  -92%)        0.284 (  +31%)  1.800 (  -50%)
内积                  0.154 (  -92%)        0.281 (  +30%)  1.989 (  -47%)
==========================================================================
说明:负百分比 = pool 比 legacy 快;cell 只显示 pool 值时为 NaN/0 边界。

# 2026-07-13 20:08:53  A/B compare
legacy: suitesparse_crawl/profile_aa_legacy.csv (100 matrices/method)
pool  : suitesparse_crawl/profile_aa_pool.csv
==========================================================================
方法                             d2h                   h2d              合计
                     legacy → pool         legacy → pool   legacy → pool
--------------------------------------------------------------------------
cuSPARSE            0.262 (  -88%)        0.267 (  +21%)  1.280 (  -60%)
Gustavson           0.148 (  -93%)        0.307 (  +42%)  1.821 (  -50%)
外积                  0.149 (  -93%)        0.282 (  +32%)  1.822 (  -50%)
列向                  0.149 (  -93%)        0.291 (  +30%)  1.831 (  -50%)
内积                  0.148 (  -93%)        0.290 (  +32%)  1.986 (  -48%)
==========================================================================
说明:负百分比 = pool 比 legacy 快;cell 只显示 pool 值时为 NaN/0 边界。

# 2026-07-13 20:18:52  A/B compare (中位数)
legacy: suitesparse_crawl/profile_aa_legacy.csv (100 matrices/method)
pool  : suitesparse_crawl/profile_aa_pool.csv
==========================================================================
方法                         d2h 中位数               h2d 中位数          合计 中位数
                     legacy → pool         legacy → pool   legacy → pool
--------------------------------------------------------------------------
cuSPARSE            0.039 (  -96%)        0.094 (  -17%)  0.505 (  -63%)
Gustavson           0.020 (  -98%)        0.095 (  -14%)  0.502 (  -62%)
外积                  0.021 (  -98%)        0.091 (  -17%)  0.577 (  -60%)
列向                  0.020 (  -98%)        0.091 (  -17%)  0.579 (  -59%)
内积                  0.020 (  -98%)        0.087 (  -20%)  0.629 (  -57%)
==========================================================================
说明:数值为中位数(鲁棒于少数大矩阵的 cudaMalloc 单次抖动);负% = pool 更快。
参考——h2d 均值 vs 中位数(看 outlier 怎么把均值拉偏):
  cuSPARSE   均值 0.221→0.267 (+21%) | 中位数 0.113→0.094
  Gustavson  均值 0.216→0.307 (+42%) | 中位数 0.110→0.095
  外积         均值 0.214→0.282 (+32%) | 中位数 0.109→0.091
  列向         均值 0.223→0.291 (+30%) | 中位数 0.110→0.091
  内积         均值 0.219→0.290 (+32%) | 中位数 0.108→0.087

# 2026-07-13 20:28:21  A/B compare (中位数)
legacy: suitesparse_crawl/profile_aa_legacy.csv (100 matrices/method)
pool  : suitesparse_crawl/profile_aa_pool.csv
==========================================================================
方法                         d2h 中位数               h2d 中位数          合计 中位数
                     legacy → pool         legacy → pool   legacy → pool
--------------------------------------------------------------------------
cuSPARSE            0.038 (  -96%)        0.094 (  -14%)  0.510 (  -63%)
Gustavson           0.021 (  -98%)        0.093 (  -13%)  0.497 (  -63%)
外积                  0.021 (  -98%)        0.088 (  -20%)  0.596 (  -59%)
列向                  0.021 (  -98%)        0.091 (  -20%)  0.577 (  -60%)
内积                  0.021 (  -98%)        0.086 (  -21%)  0.628 (  -60%)
==========================================================================
说明:数值为中位数(鲁棒于少数大矩阵的 cudaMalloc 单次抖动);负% = pool 更快。
参考——h2d 均值 vs 中位数(看 outlier 怎么把均值拉偏):
  cuSPARSE   均值 0.213→0.263 (+23%) | 中位数 0.109→0.094
  Gustavson  均值 0.212→0.307 (+45%) | 中位数 0.107→0.093
  外积         均值 0.210→0.294 (+40%) | 中位数 0.110→0.088
  列向         均值 0.245→0.294 (+20%) | 中位数 0.113→0.091
  内积         均值 0.219→0.291 (+33%) | 中位数 0.109→0.086

# 2026-07-13 20:45:32  A/B compare
legacy: suitesparse_crawl/profile_aa_legacy.csv (100 matrices/method)
pool  : suitesparse_crawl/profile_aa_pool.csv
==========================================================================
【均值 mean】聚合视图 —— 含大矩阵真实的 h2d 副作用(负% = pool 更快)
方法                             d2h                   h2d              合计
                     legacy → pool         legacy → pool   legacy → pool
cuSPARSE            0.270 (  -87%)        0.263 (  +23%)  1.290 (  -59%)
Gustavson           0.152 (  -92%)        0.307 (  +45%)  1.839 (  -50%)
外积                  0.153 (  -92%)        0.294 (  +40%)  1.850 (  -50%)
列向                  0.153 (  -92%)        0.294 (  +20%)  1.852 (  -51%)
内积                  0.153 (  -92%)        0.291 (  +33%)  2.014 (  -48%)
==========================================================================
【中位数 median】典型矩阵视图 —— 多为小矩阵,h2d 副作用不显
方法                             d2h                   h2d              合计
                     legacy → pool         legacy → pool   legacy → pool
cuSPARSE            0.038 (  -96%)        0.094 (  -14%)  0.510 (  -63%)
Gustavson           0.021 (  -98%)        0.093 (  -13%)  0.497 (  -63%)
外积                  0.021 (  -98%)        0.088 (  -20%)  0.596 (  -59%)
列向                  0.021 (  -98%)        0.091 (  -20%)  0.577 (  -60%)
内积                  0.021 (  -98%)        0.086 (  -21%)  0.628 (  -60%)
==========================================================================
说明:h2d 在【均值】里偏高是【真实副作用,不是噪声】:锁大块 pinned 拖慢了大
     矩阵(bcsstk30/32)A 的 H2D memcpy;典型小矩阵不受影响,故【中位数】里 h2d≈不变。
     d2h 在两个视图里都是大幅下降(pool 的目标,成立)。

# 2026-07-13 20:52:50  A/B compare
legacy: suitesparse_crawl/profile_aa_legacy.csv (100 matrices/method)
pool  : suitesparse_crawl/profile_aa_pool.csv
==========================================================================
【均值 mean】聚合视图 —— 含大矩阵真实的 h2d 副作用(负% = pool 更快)
方法                             d2h                   h2d              合计
                     legacy → pool         legacy → pool   legacy → pool
cuSPARSE            0.268 (  -87%)        0.270 (  +25%)  1.270 (  -59%)
Gustavson           0.154 (  -92%)        0.297 (  +40%)  1.800 (  -52%)
外积                  0.164 (  -91%)        0.277 (  +35%)  1.808 (  -49%)
列向                  0.154 (  -92%)        0.290 (  +37%)  1.808 (  -49%)
内积                  0.155 (  -92%)        0.279 (  +32%)  1.957 (  -47%)
==========================================================================
【中位数 median】典型矩阵视图 —— 多为小矩阵,h2d 副作用不显
方法                             d2h                   h2d              合计
                     legacy → pool         legacy → pool   legacy → pool
cuSPARSE            0.035 (  -96%)        0.095 (  -14%)  0.471 (  -65%)
Gustavson           0.019 (  -98%)        0.093 (  -12%)  0.462 (  -64%)
外积                  0.033 (  -96%)        0.086 (  -18%)  0.547 (  -61%)
列向                  0.019 (  -98%)        0.087 (  -18%)  0.542 (  -60%)
内积                  0.019 (  -98%)        0.086 (  -20%)  0.570 (  -59%)
==========================================================================
说明:h2d 在【均值】里偏高是【真实副作用,不是噪声】:锁大块 pinned 拖慢了大
     矩阵(bcsstk30/32)A 的 H2D memcpy;典型小矩阵不受影响,故【中位数】里 h2d≈不变。
     d2h 在两个视图里都是大幅下降(pool 的目标,成立)。

# 2026-07-13 21:00:58  A/B compare
legacy: suitesparse_crawl/profile_aa_legacy.csv (100 matrices/method)
pool  : suitesparse_crawl/profile_aa_pool.csv
==========================================================================
【均值 mean】聚合视图 —— 含大矩阵真实的 h2d 副作用(负% = pool 更快)
方法                             d2h                   h2d              合计
                     legacy → pool         legacy → pool   legacy → pool
cuSPARSE            0.259 (  -81%)        0.149 (  +20%)  1.130 (  -49%)
Gustavson           0.148 (  -88%)        0.147 (  +22%)  1.634 (  -38%)
外积                  0.158 (  -87%)        0.137 (  +15%)  1.666 (  -38%)
列向                  0.148 (  -88%)        0.143 (  +13%)  1.657 (  -38%)
内积                  0.148 (  -87%)        0.142 (  +13%)  1.816 (  -35%)
==========================================================================
【中位数 median】典型矩阵视图 —— 多为小矩阵,h2d 副作用不显
方法                             d2h                   h2d              合计
                     legacy → pool         legacy → pool   legacy → pool
cuSPARSE            0.035 (  -11%)        0.091 (   +1%)  0.477 (   +1%)
Gustavson           0.019 (  -17%)        0.087 (   -1%)  0.466 (   +0%)
外积                  0.034 (   -9%)        0.084 (   -1%)  0.582 (   +7%)
列向                  0.019 (  -13%)        0.086 (   +0%)  0.546 (   +3%)
内积                  0.019 (  -13%)        0.082 (   +1%)  0.603 (   +7%)
==========================================================================
说明:h2d 在【均值】里偏高是【真实副作用,不是噪声】:锁大块 pinned 拖慢了大
     矩阵(bcsstk30/32)A 的 H2D memcpy;典型小矩阵不受影响,故【中位数】里 h2d≈不变。
     d2h 在两个视图里都是大幅下降(pool 的目标,成立)。

# 2026-07-14 11:47:01  A/B compare
legacy: suitesparse_crawl/profile_aa_legacy.csv (100 matrices/method)
pool  : suitesparse_crawl/profile_aa_pool.csv
==========================================================================
【均值 mean】聚合视图 —— 含大矩阵真实的 h2d 副作用(负% = pool 更快)
方法                             d2h                   h2d              合计
                     legacy → pool         legacy → pool   legacy → pool
cuSPARSE            0.262 (  -79%)        0.145 (  +20%)  1.116 (  -47%)
Gustavson           0.152 (  -87%)        0.141 (  +20%)  1.620 (  -38%)
外积                  0.163 (  -86%)        0.140 (  +19%)  1.654 (  -37%)
列向                  0.153 (  -87%)        0.143 (  +15%)  1.644 (  -38%)
内积                  0.153 (  -87%)        0.145 (  +18%)  1.802 (  -35%)
==========================================================================
【中位数 median】典型矩阵视图 —— 多为小矩阵,h2d 副作用不显
方法                             d2h                   h2d              合计
                     legacy → pool         legacy → pool   legacy → pool
cuSPARSE            0.036 (   -9%)        0.090 (   +0%)  0.466 (   -1%)
Gustavson           0.019 (  -16%)        0.086 (   -1%)  0.450 (   +0%)
外积                  0.035 (   -5%)        0.083 (   -1%)  0.540 (   -2%)
列向                  0.019 (   -7%)        0.084 (   -0%)  0.516 (   -1%)
内积                  0.019 (  -10%)        0.080 (   -3%)  0.558 (   -2%)
==========================================================================
说明:h2d 在【均值】里偏高是【真实副作用,不是噪声】:锁大块 pinned 拖慢了大
     矩阵(bcsstk30/32)A 的 H2D memcpy;典型小矩阵不受影响,故【中位数】里 h2d≈不变。
     d2h 在两个视图里都是大幅下降(pool 的目标,成立)。

