写出 /home/xueyizhou/spgemm-challenge/suitesparse_crawl/profile_aa_summary.csv

==================================================================================================================
class name                              n     A_nnz  cu_time gustavson    outer  colwise    inner    gap%
------------------------------------------------------------------------------------------------------------------
Dens bcsstk02                         66     4,356     2.06      2.51     2.68     2.66     2.58    0.00
Dens can_24                           24       160     1.43      1.36     1.48     1.40     1.45    0.00
Dens bcsstk04                        132     3,648     2.10      2.17     2.28     2.27     2.21    0.00
Dens bcsstk01                         48       400     1.41      1.34     1.43     1.44     1.48    0.00
Dens can_61                           61       557     1.39      1.37     1.46     1.44     1.49    0.00
Dens bcsstk05                        153     2,423     1.40      1.35     1.45     1.49     1.49    0.00
Mild bcspwr01                         39       131     1.35      1.24     1.33     1.31     1.34    0.00
Mild can_96                           96       768     1.41      1.35     1.44     1.42     1.44    0.00
Mild arc130                          130     1,282     1.14      1.14     1.23     1.21     1.29    0.00
Mild ash85                            85       523     1.42      1.39     1.45     1.45     1.47    0.00
Mild can_73                           73       377     1.41      1.31     1.42     1.38     1.40    0.00
Mild bcspwr02                         49       167     1.41      1.32     1.42     1.36     1.44    0.00
Mild can_144                         144     1,296     1.42      1.38     1.46     1.44     1.50    0.00
Mild can_62                           62       218     1.42      1.31     1.42     1.39     1.42    0.00
Mild can_161                         161     1,377     1.38      1.33     1.44     1.41     1.44    0.00
Mild bcsstk03                        112       640     1.50      1.44     1.54     1.51     1.55    0.00
Mild bcsstk06                        420     7,860     2.15      2.28     2.50     2.48     2.50    0.00
Mild bcsstk07                        420     7,860     1.74      1.83     2.05     2.05     2.02    0.00
Mild can_256                         256     2,916     1.49      1.46     1.57     1.53     1.60    0.00
Mild can_268                         268     3,082     1.42      1.38     1.51     1.47     1.49    0.00
Mild can_187                         187     1,491     1.50      1.44     1.56     1.50     1.55    0.00
Mild bcsstm07                        420     7,252     1.69      1.79     2.00     2.01     1.89    0.00
Mild bcsstk27                      1,224    56,126     2.35      2.97     3.07     3.24     3.23    0.00
Mild bcsstm27                      1,224    56,126     2.34      3.06     3.04     3.04     3.13    0.00
Mild bcsstk22                        138       696     1.36      1.32     1.43     1.39     1.42    0.00
Mild bcspwr03                        118       476     1.41      1.32     1.41     1.38     1.43    0.00
Mild can_229                         229     1,777     1.43      1.37     1.46     1.47     1.46    0.00
Mild can_292                         292     2,540     1.57      1.47     1.59     1.55     1.58    0.00
Mild ash292                          292     2,208     1.45      1.42     1.53     1.48     1.51    0.00
Mild bcspwr04                        274     1,612     1.38      1.33     1.44     1.43     1.43    0.00
Mild bcsstk13                      2,003    83,883     3.60      4.49     4.55     4.59     4.70    0.00
Mild bcsstm01                         48        48     1.35      1.25     1.33     1.31     1.31    0.00
Mild bcsstk14                      1,806    63,454     2.37      2.79     2.96     2.99     2.99    0.00
Mild can_445                         445     3,809     1.54      1.56     1.66     1.58     1.64    0.00
Mild bcsstm10                      1,086    22,092     1.74      2.32     2.38     2.40     2.40    0.00
Mild bcsstk10                      1,086    22,070     1.80      2.33     2.36     2.35     2.39    0.00
Mild can_634                         634     7,228     1.75      1.82     1.90     1.92     1.88    0.00
Mild bcsstk11                      1,473    34,241     2.11      2.54     2.86     2.77     2.78    0.00
Mild bcsstk12                      1,473    34,241     2.06      2.48     2.70     2.71     2.79    0.00
Mild bcsstk09                      1,083    18,437     1.91      2.28     2.32     2.36     2.33    0.00
Mild bcsstm02                         66        66     1.40      1.29     1.38     1.36     1.40    0.00
Mild can_838                         838    10,010     1.79      1.88     2.14     2.18     2.14    0.00
Mild bcsstk20                        485     3,135     1.49      1.47     1.60     1.58     1.59    0.00
Mild can_715                         715     6,665     1.78      1.90     2.08     2.14     2.01    0.00
Mild bcsstk24                      3,562   159,910     4.45      5.37     5.61     5.62     5.66    0.00
Mild bcsstk16                      4,884   290,378     8.17     10.46    10.62    10.55    10.91    0.00
Mild bcsstk28                      4,410   219,024     5.66      6.97     7.16     7.19     7.32    0.00
Mild bcsstk08                      1,074    12,960     2.95      3.43     3.68     3.63     3.83    0.00
Mild can_1054                      1,054    12,196     1.98      2.06     2.20     2.14     2.14    0.00
Mild can_1072                      1,072    12,444     1.98      2.21     2.31     2.33     2.27    0.00
Mild bcsstk19                        817     6,853     1.42      1.39     1.48     1.45     1.49    0.00
High bcsstm12                      1,473    19,659     1.72      2.10     2.33     2.31     2.17    0.00
High bcsstm03                        112       112     1.38      1.27     1.40     1.33     1.38    0.00
High bcspwr05                        443     1,623     1.40      1.35     1.46     1.42     1.44    0.00
High bcsstk26                      1,922    30,336     2.48      2.87     2.94     2.85     2.87    0.00
High bcsstk33                      8,738   591,904    18.33     22.93    22.85    23.02    23.81    0.00
High bcsstm04                        132       132     1.35      1.23     1.35     1.30     1.34    0.00
High bcsstk15                      3,948   117,816     4.59      5.12     5.20     5.23     5.28    0.00
High bcsstm22                        138       138     1.47      1.33     1.44     1.41     1.45    0.00
High bp_1600                         822     4,841     1.51      1.50     1.69     1.61     1.81    0.00
High bp_1400                         822     4,790     1.59      1.63     1.81     1.74     1.97    0.00
High bp_1200                         822     4,726     1.46      1.44     1.64     1.55     1.75    0.00
High 685_bus                         685     3,249     1.43      1.39     1.48     1.47     1.52    0.00
High bp_1000                         822     4,661     1.52      1.50     1.69     1.61     1.85    0.00
High 494_bus                         494     1,666     1.39      1.33     1.42     1.41     1.45    0.00
High bp_800                          822     4,534     1.48      1.47     1.63     1.56     1.78    0.00
High bcsstm05                        153       153     1.35      1.25     1.33     1.32     1.31    0.00
High bp_600                          822     4,172     1.53      1.50     1.72     1.64     1.84    0.00
High bp_400                          822     4,028     1.49      1.44     1.64     1.57     1.77    0.00
High 662_bus                         662     2,474     1.50      1.41     1.52     1.50     1.51    0.00
High bp_200                          822     3,802     1.47      1.42     1.63     1.57     1.74    0.00
High bcsstm13                      2,003    21,943     2.18      2.55     2.76     2.70     2.69    0.00
High bp_0                            822     3,276     1.41      1.39     1.59     1.52     1.67    0.00
High bcsstk23                      3,134    45,178     2.65      3.14     3.27     3.24     3.27    0.00
High bcsstk17                     10,974   428,650    11.51     13.07    13.42    13.33    13.63    0.00
High blckhole                      2,132    14,872     1.75      1.84     1.93     1.92     1.93    0.00
High bcsstk29                     13,992   619,488    14.83     17.41    17.67    17.71    18.05    0.00
High 1138_bus                      1,138     4,054     1.43      1.41     1.50     1.44     1.48    0.00
High bcspwr06                      1,454     5,300     1.48      1.45     1.53     1.49     1.51    0.00
High bcsstk30                     28,924 2,043,492    50.89     66.23    65.79    65.94    67.74    0.00
High bcsstm06                        420       420     1.46      1.34     1.44     1.41     1.46    0.00
High bcspwr08                      1,624     6,050     1.48      1.45     1.52     1.49     1.53    0.00
High bcspwr07                      1,612     5,824     1.52      1.46     1.57     1.55     1.58    0.00
High bcspwr09                      1,723     6,511     1.46      1.45     1.52     1.51     1.53    0.00
High bcsstm20                        485       485     1.40      1.27     1.39     1.34     1.36    0.00
High bcsstk21                      3,600    26,600     2.13      2.36     2.44     2.39     2.37    0.00
High bcsstm19                        817       817     1.46      1.35     1.46     1.42     1.45    0.00
High bcsstk25                     15,439   252,241     8.08     11.55     9.25     9.04     9.23    0.00
High bcsstk18                     11,948   149,090     5.35      5.82     6.09     6.07     6.17    0.00
High bcsstk32                     44,609 2,014,701    38.50     45.42    45.64    45.80    47.45    0.00
Extr bcsstk31                     35,588 1,181,416    24.19     28.45    28.03    28.06    28.81    0.00
Extr bcsstm08                      1,074     1,074     1.48      1.35     1.46     1.44     1.45    0.00
Extr bcsstm09                      1,083     1,083     1.44      1.29     1.39     1.36     1.39    0.00
Extr bcspwr10                      5,300    21,842     1.97      2.07     2.17     2.08     2.02    0.00
Extr bcsstm11                      1,473     1,473     1.42      1.29     1.44     1.35     1.39    0.00
Extr bcsstm26                      1,922     1,922     1.44      1.31     1.42     1.39     1.42    0.00
Extr bcsstm23                      3,134     3,134     1.44      1.38     1.51     1.46     1.48    0.00
Extr bcsstm24                      3,562     3,562     1.49      1.45     1.56     1.52     1.52    0.00
Extr bcsstm21                      3,600     3,600     1.46      1.38     1.50     1.46     1.49    0.00
Extr bcsstm25                     15,439    15,439     1.52      1.45     1.54     1.49     1.56    0.00

========================================================================================
按类别聚合(均值,毫秒)
----------------------------------------------------------------------------------------
class               #  cuSPARSE  gustavson    outer  colwise    inner    gap%
Dense               6       1.6        1.7      1.8      1.8      1.8    0.00
Mildly sparse      45       2.0        2.2      2.3      2.3      2.4    0.00
Highly sparse      39       5.2        6.1      6.2      6.1      6.3    0.00
Extremely sparse   10       3.8        4.1      4.2      4.2      4.3    0.00
  (跳过 profile_cu_breakdown.png:日志无 dbg 阶段时间戳,需 DBG=1 重跑)

================================================================================================================
分阶段构成(各矩阵均值,ms)— 按阶段分组,五法可比
----------------------------------------------------------------------------------------------------------------
方法                 h2d       d2h        符号        计算        排序        去重        收尾      数值归并        打包        合计
cuSPARSE          0.22      2.24    --         0.74    --       --       --       --         0.03      3.24
Gustavson         0.21      2.08      0.10      0.14      0.76      0.14      0.22    --         0.03      3.69
外积                0.21      2.07      0.21      0.11      0.76      0.13      0.17    --         0.04      3.71
列向                0.22      2.04      0.21      0.13      0.76      0.13      0.16    --         0.04      3.69
内积                0.22      2.04      0.21      0.13      0.76      0.13      0.16      0.16      0.04      3.85

分阶段明细: profile_aa.csv ; 图: charts/profile_aa.png

图表在 /home/xueyizhou/spgemm-challenge/suitesparse_crawl/charts
