对比 100 阵 × ['merge3', 'Auto'] + Ocean + HSMU → compare/method_cmp_20260723_200959/methods_cmp.csv

[1/100] 1138_bus       n=1138     Auto→merge3 m3=  0.116 Auto=  0.111 Ocean=  0.208 HSMU=  0.305 (2.6s)
[2/100] 494_bus        n=494      Auto→merge3 m3=  0.097 Auto=  0.089 Ocean=  0.202 HSMU=  0.297 (2.6s)
[3/100] 662_bus        n=662      Auto→merge3 m3=  0.099 Auto=  0.095 Ocean=   0.21 HSMU=  0.294 (2.6s)
[4/100] 685_bus        n=685      Auto→merge3 m3=  0.113 Auto=  0.106 Ocean=  0.181 HSMU=  0.238 (2.5s)
[5/100] arc130         n=130      Auto→hash   m3=   0.14 Auto=  0.255 Ocean=  0.372 HSMU=  0.411 (2.6s)
[6/100] ash292         n=292      Auto→merge3 m3=    0.1 Auto=  0.115 Ocean=  0.205 HSMU=  0.314 (2.6s)
[7/100] ash85          n=85       Auto→merge3 m3=  0.096 Auto=  0.088 Ocean=   0.17 HSMU=  0.285 (2.6s)
[8/100] bcspwr01       n=39       Auto→merge3 m3=  0.079 Auto=  0.094 Ocean=  0.187 HSMU=  0.224 (2.6s)
[9/100] bcspwr02       n=49       Auto→merge3 m3=  0.078 Auto=  0.081 Ocean=  0.187 HSMU=  0.284 (2.6s)
[10/100] bcspwr03       n=118      Auto→merge3 m3=  0.089 Auto=  0.089 Ocean=    0.2 HSMU=  0.298 (2.5s)
[11/100] bcspwr04       n=274      Auto→merge3 m3=  0.105 Auto=  0.103 Ocean=  0.207 HSMU=  0.361 (2.6s)
[12/100] bcspwr05       n=443      Auto→merge3 m3=  0.089 Auto=  0.093 Ocean=  0.205 HSMU=  0.235 (2.6s)
[13/100] bcspwr06       n=1454     Auto→merge3 m3=  0.116 Auto=  0.126 Ocean=  0.181 HSMU=  0.308 (2.6s)
[14/100] bcspwr07       n=1612     Auto→merge3 m3=  0.133 Auto=  0.125 Ocean=  0.209 HSMU=  0.389 (2.6s)
[15/100] bcspwr08       n=1624     Auto→merge3 m3=  0.128 Auto=  0.124 Ocean=  0.211 HSMU=  0.357 (2.6s)
[16/100] bcspwr09       n=1723     Auto→merge3 m3=  0.111 Auto=  0.109 Ocean=  0.215 HSMU=   0.32 (2.6s)
[17/100] bcspwr10       n=5300     Auto→merge3 m3=   0.14 Auto=  0.145 Ocean=  0.226 HSMU=  0.992 (2.6s)
[18/100] bcsstk01       n=48       Auto→merge3 m3=  0.106 Auto=  0.086 Ocean=  0.291 HSMU=   0.32 (2.6s)
[19/100] bcsstk02       n=66       Auto→hash   m3=  0.107 Auto=   0.26 Ocean=  0.814 HSMU=  0.676 (2.6s)
[20/100] bcsstk03       n=112      Auto→merge3 m3=  0.098 Auto=  0.082 Ocean=  0.167 HSMU=  0.289 (2.6s)
[21/100] bcsstk04       n=132      Auto→merge3 m3=  0.135 Auto=  0.123 Ocean=  0.468 HSMU=  0.375 (2.6s)
[22/100] bcsstk05       n=153      Auto→merge3 m3=  0.108 Auto=  0.108 Ocean=  0.315 HSMU=  0.268 (2.6s)
[23/100] bcsstk06       n=420      Auto→merge3 m3=  0.127 Auto=  0.131 Ocean=  0.316 HSMU=  0.361 (2.6s)
[24/100] bcsstk07       n=420      Auto→merge3 m3=  0.127 Auto=  0.128 Ocean=  0.318 HSMU=  0.339 (2.6s)
[25/100] bcsstk08       n=1074     Auto→hash   m3=  0.905 Auto=  0.534 Ocean=  0.423 HSMU=  1.875 (2.6s)
[26/100] bcsstk09       n=1083     Auto→merge3 m3=   0.17 Auto=  0.182 Ocean=  0.268 HSMU=   0.34 (2.6s)
[27/100] bcsstk10       n=1086     Auto→merge3 m3=  0.185 Auto=  0.179 Ocean=  0.451 HSMU=  0.349 (2.6s)
[28/100] bcsstk11       n=1473     Auto→merge3 m3=  0.203 Auto=  0.185 Ocean=  0.547 HSMU=  0.525 (2.7s)
[29/100] bcsstk12       n=1473     Auto→merge3 m3=  0.186 Auto=  0.202 Ocean=   0.51 HSMU=  0.535 (2.6s)
[30/100] bcsstk13       n=2003     Auto→hash   m3=  0.927 Auto=   0.72 Ocean=   0.65 HSMU=  0.971 (2.8s)
[31/100] bcsstk14       n=1806     Auto→hash   m3=  0.353 Auto=  0.445 Ocean=  0.546 HSMU=  0.527 (2.8s)
[32/100] bcsstk15       n=3948     Auto→hash   m3=  0.508 Auto=  0.327 Ocean=  0.416 HSMU=  0.683 (2.8s)
[33/100] bcsstk16       n=4884     Auto→hash   m3=  1.525 Auto=  0.455 Ocean=  0.778 HSMU=  1.446 (2.9s)
[34/100] bcsstk17       n=10974    Auto→hash   m3=  1.507 Auto=  0.593 Ocean=  0.827 HSMU=  1.778 (3.1s)
[35/100] bcsstk18       n=11948    Auto→hash   m3=  0.607 Auto=   0.44 Ocean=  0.433 HSMU=  1.588 (2.8s)
[36/100] bcsstk19       n=817      Auto→merge3 m3=  0.104 Auto=  0.101 Ocean=  0.273 HSMU=  0.316 (2.6s)
[37/100] bcsstk20       n=485      Auto→merge3 m3=  0.101 Auto=  0.097 Ocean=  0.218 HSMU=  0.313 (2.6s)
[38/100] bcsstk21       n=3600     Auto→merge3 m3=  0.165 Auto=  0.164 Ocean=  0.226 HSMU=  0.324 (2.6s)
[39/100] bcsstk22       n=138      Auto→merge3 m3=  0.087 Auto=  0.085 Ocean=  0.203 HSMU=  0.303 (2.6s)
[40/100] bcsstk23       n=3134     Auto→merge3 m3=  0.251 Auto=  0.248 Ocean=  0.289 HSMU=  0.422 (2.7s)
[41/100] bcsstk24       n=3562     Auto→hash   m3=  0.547 Auto=   0.38 Ocean=  0.593 HSMU=  0.756 (2.8s)
[42/100] bcsstk25       n=15439    Auto→hash   m3=   0.89 Auto=  0.438 Ocean=   0.45 HSMU=   1.49 (2.9s)
[43/100] bcsstk26       n=1922     Auto→merge3 m3=  0.193 Auto=  0.173 Ocean=  0.357 HSMU=  0.517 (2.7s)
[44/100] bcsstk27       n=1224     Auto→hash   m3=  0.348 Auto=  0.408 Ocean=  0.492 HSMU=  0.547 (2.7s)
[45/100] bcsstk28       n=4410     Auto→hash   m3=   0.82 Auto=  0.435 Ocean=  0.692 HSMU=  1.213 (2.9s)
[46/100] bcsstk29       n=13992    Auto→hash   m3=  1.772 Auto=  0.726 Ocean=  0.926 HSMU=  1.791 (3.0s)
[47/100] bcsstk30       n=28924    Auto→hash   m3= 15.577 Auto=  2.507 Ocean=  2.288 HSMU=   4.43 (4.1s)
[48/100] bcsstk31       n=35588    Auto→hash   m3=  4.072 Auto=  1.191 Ocean=  1.161 HSMU=  2.841 (3.4s)
[49/100] bcsstk32       n=44609    Auto→hash   m3=  6.868 Auto=  1.799 Ocean=  1.747 HSMU=  3.686 (4.1s)
[50/100] bcsstk33       n=8738     Auto→hash   m3=  3.641 Auto=  0.833 Ocean=  1.536 HSMU=  1.893 (3.0s)
[51/100] bcsstm01       n=48       Auto→merge3 m3=  0.076 Auto=  0.076 Ocean=  0.133 HSMU=  0.287 (2.6s)
[52/100] bcsstm02       n=66       Auto→merge3 m3=  0.075 Auto=  0.074 Ocean=  0.156 HSMU=  0.286 (2.6s)
[53/100] bcsstm03       n=112      Auto→merge3 m3=   0.08 Auto=  0.075 Ocean=  0.157 HSMU=  0.288 (2.5s)
[54/100] bcsstm04       n=132      Auto→merge3 m3=  0.074 Auto=  0.071 Ocean=   0.14 HSMU=  0.272 (2.6s)
[55/100] bcsstm05       n=153      Auto→merge3 m3=  0.074 Auto=  0.073 Ocean=  0.137 HSMU=  0.269 (2.6s)
[56/100] bcsstm06       n=420      Auto→merge3 m3=  0.077 Auto=  0.074 Ocean=  0.161 HSMU=  0.315 (2.6s)
[57/100] bcsstm07       n=420      Auto→merge3 m3=  0.123 Auto=  0.145 Ocean=  0.315 HSMU=  0.349 (2.6s)
[58/100] bcsstm08       n=1074     Auto→merge3 m3=  0.074 Auto=  0.091 Ocean=  0.193 HSMU=  0.289 (2.5s)
[59/100] bcsstm09       n=1083     Auto→merge3 m3=  0.085 Auto=  0.089 Ocean=  0.161 HSMU=  0.286 (2.6s)
[60/100] bcsstm10       n=1086     Auto→merge3 m3=  0.167 Auto=  0.166 Ocean=  0.452 HSMU=  0.353 (2.6s)
[61/100] bcsstm11       n=1473     Auto→merge3 m3=  0.127 Auto=  0.088 Ocean=   0.14 HSMU=  0.299 (2.6s)
[62/100] bcsstm12       n=1473     Auto→merge3 m3=  0.142 Auto=  0.149 Ocean=   0.34 HSMU=  0.279 (2.6s)
[63/100] bcsstm13       n=2003     Auto→hash   m3=  0.316 Auto=  0.347 Ocean=  0.426 HSMU=  0.589 (2.6s)
[64/100] bcsstm19       n=817      Auto→merge3 m3=  0.083 Auto=  0.078 Ocean=  0.159 HSMU=   0.29 (2.6s)
[65/100] bcsstm20       n=485      Auto→merge3 m3=  0.076 Auto=  0.082 Ocean=  0.177 HSMU=  0.293 (2.6s)
[66/100] bcsstm21       n=3600     Auto→merge3 m3=  0.113 Auto=  0.097 Ocean=   0.18 HSMU=  0.484 (2.6s)
[67/100] bcsstm22       n=138      Auto→merge3 m3=  0.079 Auto=  0.077 Ocean=  0.173 HSMU=   0.28 (2.6s)
[68/100] bcsstm23       n=3134     Auto→merge3 m3=  0.097 Auto=  0.094 Ocean=  0.221 HSMU=   0.86 (2.6s)
[69/100] bcsstm24       n=3562     Auto→merge3 m3=  0.107 Auto=    0.1 Ocean=  0.142 HSMU=  0.729 (2.6s)
[70/100] bcsstm25       n=15439    Auto→merge3 m3=  0.181 Auto=  0.192 Ocean=  0.149 HSMU=  0.477 (2.6s)
[71/100] bcsstm26       n=1922     Auto→merge3 m3=  0.086 Auto=  0.086 Ocean=  0.164 HSMU=  0.316 (2.6s)
[72/100] bcsstm27       n=1224     Auto→hash   m3=  0.348 Auto=   0.42 Ocean=  0.492 HSMU=  0.642 (2.7s)
[73/100] blckhole       n=2132     Auto→merge3 m3=  0.149 Auto=  0.168 Ocean=  0.211 HSMU=  0.473 (2.6s)
[74/100] bp_0           n=822      Auto→hash   m3=  0.546 Auto=  0.312 Ocean=  0.234 HSMU=  0.439 (2.6s)
[75/100] bp_1000        n=822      Auto→hash   m3=  0.606 Auto=  0.369 Ocean=  0.483 HSMU=  0.486 (2.6s)
[76/100] bp_1200        n=822      Auto→hash   m3=  0.634 Auto=  0.391 Ocean=  0.224 HSMU=  0.477 (2.6s)
[77/100] bp_1400        n=822      Auto→hash   m3=    0.6 Auto=  0.381 Ocean=  0.296 HSMU=  0.491 (2.6s)
[78/100] bp_1600        n=822      Auto→hash   m3=    0.6 Auto=   0.38 Ocean=  0.265 HSMU=  0.468 (2.6s)
[79/100] bp_200         n=822      Auto→hash   m3=  0.568 Auto=  0.347 Ocean=  0.214 HSMU=  0.456 (2.6s)
[80/100] bp_400         n=822      Auto→hash   m3=  0.619 Auto=  0.343 Ocean=  0.218 HSMU=  0.402 (2.7s)
[81/100] bp_600         n=822      Auto→hash   m3=  0.617 Auto=   0.36 Ocean=  0.262 HSMU=  0.481 (2.6s)
[82/100] bp_800         n=822      Auto→hash   m3=  0.645 Auto=  0.369 Ocean=  0.246 HSMU=  0.481 (2.6s)
[83/100] can_1054       n=1054     Auto→merge3 m3=   0.15 Auto=  0.166 Ocean=  0.333 HSMU=  0.351 (2.7s)
[84/100] can_1072       n=1072     Auto→merge3 m3=  0.169 Auto=  0.173 Ocean=  0.438 HSMU=  0.343 (2.6s)
[85/100] can_144        n=144      Auto→merge3 m3=  0.127 Auto=  0.094 Ocean=  0.296 HSMU=   0.24 (2.6s)
[86/100] can_161        n=161      Auto→merge3 m3=  0.103 Auto=  0.119 Ocean=  0.262 HSMU=  0.315 (2.6s)
[87/100] can_187        n=187      Auto→merge3 m3=   0.09 Auto=  0.088 Ocean=  0.295 HSMU=  0.235 (2.6s)
[88/100] can_229        n=229      Auto→merge3 m3=  0.119 Auto=   0.12 Ocean=   0.36 HSMU=  0.321 (2.6s)
[89/100] can_24         n=24       Auto→merge3 m3=  0.083 Auto=  0.095 Ocean=  0.187 HSMU=   0.28 (2.6s)
[90/100] can_256        n=256      Auto→merge3 m3=  0.178 Auto=  0.176 Ocean=  0.349 HSMU=  0.357 (2.6s)
[91/100] can_268        n=268      Auto→merge3 m3=  0.146 Auto=  0.128 Ocean=  0.312 HSMU=  0.373 (2.6s)
[92/100] can_292        n=292      Auto→merge3 m3=  0.111 Auto=  0.112 Ocean=  0.342 HSMU=  0.322 (2.6s)
[93/100] can_445        n=445      Auto→merge3 m3=  0.097 Auto=  0.104 Ocean=  0.307 HSMU=  0.301 (2.5s)
[94/100] can_61         n=61       Auto→merge3 m3=  0.089 Auto=  0.088 Ocean=  0.333 HSMU=  0.299 (2.6s)
[95/100] can_62         n=62       Auto→merge3 m3=  0.086 Auto=  0.087 Ocean=  0.162 HSMU=  0.275 (2.6s)
[96/100] can_634        n=634      Auto→merge3 m3=  0.136 Auto=  0.128 Ocean=  0.283 HSMU=   0.32 (2.6s)
[97/100] can_715        n=715      Auto→hash   m3=   0.36 Auto=  0.281 Ocean=  0.307 HSMU=  0.366 (2.6s)
[98/100] can_73         n=73       Auto→merge3 m3=  0.095 Auto=  0.093 Ocean=  0.202 HSMU=  0.287 (2.6s)
[99/100] can_838        n=838      Auto→merge3 m3=  0.128 Auto=  0.126 Ocean=  0.331 HSMU=  0.339 (2.6s)
[100/100] can_96         n=96       Auto→merge3 m3=  0.083 Auto=  0.083 Ocean=  0.302 HSMU=  0.294 (2.6s)

完成 → compare/method_cmp_20260723_200959/methods_cmp.csv

=== 几何均值(ms) ===
  merge3      0.200
  Auto        0.171
  Ocean       0.296
  HSMU        0.444

=== Auto 选择(共 100 阵)===  hash 30 / merge3 70
  选 hash 的:arc130, bcsstk02, bcsstk08, bcsstk13, bcsstk14, bcsstk15, bcsstk16, bcsstk17, bcsstk18, bcsstk24, bcsstk25, bcsstk27, bcsstk28, bcsstk29, bcsstk30, bcsstk31, bcsstk32, bcsstk33, bcsstm13, bcsstm27, bp_0, bp_1000, bp_1200, bp_1400, bp_1600, bp_200, bp_400, bp_600, bp_800, can_715
