对比 100 阵 × ['merge3', 'Auto'] + Ocean + HSMU → compare/method_cmp_20260727_000551/methods_cmp.csv

[1/100] 1138_bus       n=1138     Auto→merge3 m3=  0.129 Auto=  0.146 Ocean=  0.221 HSMU=  0.309 opSp=  0.595 (3.9s)
[2/100] 494_bus        n=494      Auto→merge3 m3=  0.123 Auto=   0.12 Ocean=  0.215 HSMU=  0.298 opSp=  0.593 (3.8s)
[3/100] 662_bus        n=662      Auto→merge3 m3=   0.13 Auto=  0.135 Ocean=  0.222 HSMU=  0.313 opSp=  0.875 (3.8s)
[4/100] 685_bus        n=685      Auto→merge3 m3=  0.149 Auto=  0.134 Ocean=  0.222 HSMU=  0.302 opSp=   0.59 (3.8s)
[5/100] arc130         n=130      Auto→merge3 m3=  0.158 Auto=  0.148 Ocean=  0.375 HSMU=  0.412 opSp=   0.66 (3.9s)
[6/100] ash292         n=292      Auto→merge3 m3=  0.143 Auto=  0.143 Ocean=  0.219 HSMU=   0.31 opSp=  0.724 (3.9s)
[7/100] ash85          n=85       Auto→merge3 m3=  0.115 Auto=  0.125 Ocean=  0.209 HSMU=   0.29 opSp=  0.745 (3.8s)
[8/100] bcspwr01       n=39       Auto→merge3 m3=  0.112 Auto=  0.112 Ocean=  0.198 HSMU=  0.277 opSp=  0.536 (3.8s)
[9/100] bcspwr02       n=49       Auto→merge3 m3=  0.155 Auto=  0.116 Ocean=  0.202 HSMU=  0.276 opSp=  0.563 (3.8s)
[10/100] bcspwr03       n=118      Auto→merge3 m3=  0.124 Auto=  0.111 Ocean=  0.199 HSMU=  0.285 opSp=  0.741 (3.8s)
[11/100] bcspwr04       n=274      Auto→merge3 m3=  0.127 Auto=  0.122 Ocean=  0.204 HSMU=  0.313 opSp=  0.708 (3.8s)
[12/100] bcspwr05       n=443      Auto→merge3 m3=  0.121 Auto=  0.149 Ocean=  0.203 HSMU=  0.297 opSp=  0.597 (3.9s)
[13/100] bcspwr06       n=1454     Auto→merge3 m3=  0.138 Auto=  0.146 Ocean=  0.218 HSMU=  0.305 opSp=  0.863 (3.8s)
[14/100] bcspwr07       n=1612     Auto→merge3 m3=  0.135 Auto=  0.142 Ocean=  0.204 HSMU=  0.323 opSp=  0.863 (3.8s)
[15/100] bcspwr08       n=1624     Auto→merge3 m3=  0.146 Auto=  0.161 Ocean=  0.209 HSMU=  0.238 opSp=  0.573 (3.8s)
[16/100] bcspwr09       n=1723     Auto→merge3 m3=  0.142 Auto=  0.145 Ocean=  0.229 HSMU=  0.301 opSp=  0.595 (3.8s)
[17/100] bcspwr10       n=5300     Auto→merge3 m3=  0.178 Auto=  0.186 Ocean=  0.227 HSMU=  0.913 opSp=  0.584 (3.9s)
[18/100] bcsstk01       n=48       Auto→merge3 m3=  0.151 Auto=  0.128 Ocean=  0.293 HSMU=    0.3 opSp=  0.452 (3.9s)
[19/100] bcsstk02       n=66       Auto→merge3 m3=  0.142 Auto=  0.141 Ocean=  0.786 HSMU=   0.67 opSp=  0.583 (3.9s)
[20/100] bcsstk03       n=112      Auto→merge3 m3=  0.117 Auto=  0.124 Ocean=   0.16 HSMU=  0.298 opSp=   0.67 (3.9s)
[21/100] bcsstk04       n=132      Auto→merge3 m3=  0.156 Auto=  0.163 Ocean=  0.511 HSMU=  0.373 opSp=  0.731 (3.8s)
[22/100] bcsstk05       n=153      Auto→merge3 m3=  0.138 Auto=  0.136 Ocean=  0.339 HSMU=  0.327 opSp=  0.587 (3.8s)
[23/100] bcsstk06       n=420      Auto→merge3 m3=  0.173 Auto=  0.149 Ocean=  0.317 HSMU=   0.34 opSp=  0.698 (3.8s)
[24/100] bcsstk07       n=420      Auto→merge3 m3=  0.156 Auto=   0.15 Ocean=  0.308 HSMU=  0.349 opSp=  0.702 (3.9s)
[25/100] bcsstk08       n=1074     Auto→hash   m3=  0.851 Auto=  0.539 Ocean=  0.395 HSMU=  0.782 opSp=  1.034 (3.9s)
[26/100] bcsstk09       n=1083     Auto→merge3 m3=  0.179 Auto=  0.176 Ocean=  0.338 HSMU=  0.338 opSp=  0.584 (3.9s)
[27/100] bcsstk10       n=1086     Auto→merge3 m3=  0.197 Auto=  0.198 Ocean=  0.502 HSMU=  0.369 opSp=  0.722 (3.9s)
[28/100] bcsstk11       n=1473     Auto→merge3 m3=  0.203 Auto=  0.215 Ocean=   0.49 HSMU=  0.545 opSp=  0.602 (3.9s)
[29/100] bcsstk12       n=1473     Auto→merge3 m3=  0.201 Auto=  0.202 Ocean=  0.541 HSMU=  0.539 opSp=  0.777 (4.0s)
[30/100] bcsstk13       n=2003     Auto→hash   m3=  0.616 Auto=  0.841 Ocean=  0.654 HSMU=  0.895 opSp=  1.042 (4.0s)
[31/100] bcsstk14       n=1806     Auto→merge3 m3=  0.319 Auto=  0.331 Ocean=  0.548 HSMU=   0.52 opSp=  0.927 (4.0s)
[32/100] bcsstk15       n=3948     Auto→hash   m3=  0.436 Auto=  0.302 Ocean=  0.409 HSMU=  0.684 opSp=  0.798 (4.0s)
[33/100] bcsstk16       n=4884     Auto→hash   m3=  1.203 Auto=  0.545 Ocean=  0.825 HSMU=  1.452 opSp=  1.148 (4.4s)
[34/100] bcsstk17       n=10974    Auto→hash   m3=  1.224 Auto=  0.715 Ocean=  0.814 HSMU=  1.699 opSp=  1.222 (4.5s)
[35/100] bcsstk18       n=11948    Auto→hash   m3=  0.514 Auto=  0.378 Ocean=  0.418 HSMU=  1.184 opSp=  0.851 (4.1s)
[36/100] bcsstk19       n=817      Auto→merge3 m3=  0.133 Auto=  0.138 Ocean=  0.312 HSMU=  0.305 opSp=  0.601 (3.8s)
[37/100] bcsstk20       n=485      Auto→merge3 m3=  0.138 Auto=  0.116 Ocean=  0.205 HSMU=  0.309 opSp=  0.575 (3.8s)
[38/100] bcsstk21       n=3600     Auto→merge3 m3=  0.207 Auto=  0.186 Ocean=  0.215 HSMU=  0.413 opSp=  0.496 (3.8s)
[39/100] bcsstk22       n=138      Auto→merge3 m3=  0.119 Auto=  0.122 Ocean=  0.219 HSMU=  0.314 opSp=  0.697 (3.8s)
[40/100] bcsstk23       n=3134     Auto→merge3 m3=  0.263 Auto=  0.261 Ocean=  0.289 HSMU=  0.509 opSp=   0.81 (3.9s)
[41/100] bcsstk24       n=3562     Auto→hash   m3=  0.477 Auto=  0.388 Ocean=  0.593 HSMU=  0.955 opSp=  1.078 (4.1s)
[42/100] bcsstk25       n=15439    Auto→hash   m3=  0.754 Auto=  0.434 Ocean=  0.442 HSMU=  1.236 opSp=  0.842 (4.3s)
[43/100] bcsstk26       n=1922     Auto→merge3 m3=  0.187 Auto=  0.198 Ocean=  0.346 HSMU=  0.488 opSp=  0.616 (3.9s)
[44/100] bcsstk27       n=1224     Auto→merge3 m3=  0.305 Auto=  0.316 Ocean=   0.49 HSMU=  0.638 opSp=  0.717 (4.0s)
[45/100] bcsstk28       n=4410     Auto→hash   m3=  0.668 Auto=   0.45 Ocean=  0.756 HSMU=  1.539 opSp=  0.935 (4.1s)
[46/100] bcsstk29       n=13992    Auto→hash   m3=  1.438 Auto=  0.807 Ocean=   0.91 HSMU=  1.763 opSp=  1.273 (4.5s)
[47/100] bcsstk30       n=28924    Auto→hash   m3= 11.328 Auto=  3.139 Ocean=  2.361 HSMU=  4.397 opSp=  3.095 (6.0s)
[48/100] bcsstk31       n=35588    Auto→hash   m3=  3.108 Auto=  1.346 Ocean=   1.24 HSMU=  2.466 opSp=  1.792 (5.0s)
[49/100] bcsstk32       n=44609    Auto→hash   m3=  5.644 Auto=  2.147 Ocean=  1.807 HSMU=  3.654 opSp=  2.312 (5.9s)
[50/100] bcsstk33       n=8738     Auto→hash   m3=  2.758 Auto=  1.024 Ocean=  1.524 HSMU=  1.945 opSp=  1.367 (4.5s)
[51/100] bcsstm01       n=48       Auto→merge3 m3=  0.105 Auto=  0.112 Ocean=  0.171 HSMU=  0.277 opSp=  0.919 (3.9s)
[52/100] bcsstm02       n=66       Auto→merge3 m3=  0.097 Auto=    0.1 Ocean=  0.155 HSMU=  0.221 opSp=  0.634 (3.8s)
[53/100] bcsstm03       n=112      Auto→merge3 m3=  0.101 Auto=  0.094 Ocean=  0.158 HSMU=  0.272 opSp=    0.7 (3.7s)
[54/100] bcsstm04       n=132      Auto→merge3 m3=    0.1 Auto=   0.09 Ocean=  0.156 HSMU=  0.282 opSp=  0.726 (3.8s)
[55/100] bcsstm05       n=153      Auto→merge3 m3=  0.099 Auto=  0.115 Ocean=  0.162 HSMU=  0.291 opSp=  0.533 (3.9s)
[56/100] bcsstm06       n=420      Auto→merge3 m3=  0.117 Auto=  0.113 Ocean=  0.176 HSMU=  0.284 opSp=  0.545 (3.9s)
[57/100] bcsstm07       n=420      Auto→merge3 m3=  0.139 Auto=  0.146 Ocean=  0.313 HSMU=  0.276 opSp=  0.586 (3.8s)
[58/100] bcsstm08       n=1074     Auto→merge3 m3=  0.101 Auto=   0.11 Ocean=  0.162 HSMU=   0.23 opSp=  0.425 (3.7s)
[59/100] bcsstm09       n=1083     Auto→merge3 m3=  0.111 Auto=  0.113 Ocean=  0.161 HSMU=  0.288 opSp=  0.656 (3.9s)
[60/100] bcsstm10       n=1086     Auto→merge3 m3=   0.18 Auto=  0.171 Ocean=  0.457 HSMU=  0.354 opSp=  0.609 (3.8s)
[61/100] bcsstm11       n=1473     Auto→merge3 m3=  0.115 Auto=  0.116 Ocean=  0.166 HSMU=  0.286 opSp=  0.718 (3.8s)
[62/100] bcsstm12       n=1473     Auto→merge3 m3=  0.174 Auto=  0.177 Ocean=  0.372 HSMU=  0.335 opSp=  0.626 (4.0s)
[63/100] bcsstm13       n=2003     Auto→merge3 m3=  0.298 Auto=  0.299 Ocean=  0.454 HSMU=  0.559 opSp=   0.67 (3.9s)
[64/100] bcsstm19       n=817      Auto→merge3 m3=  0.109 Auto=  0.116 Ocean=  0.163 HSMU=  0.283 opSp=  0.652 (3.8s)
[65/100] bcsstm20       n=485      Auto→merge3 m3=  0.105 Auto=  0.109 Ocean=   0.14 HSMU=  0.282 opSp=  0.536 (3.8s)
[66/100] bcsstm21       n=3600     Auto→merge3 m3=  0.131 Auto=  0.136 Ocean=  0.163 HSMU=    1.3 opSp=  0.538 (3.8s)
[67/100] bcsstm22       n=138      Auto→merge3 m3=  0.108 Auto=  0.106 Ocean=  0.157 HSMU=  0.266 opSp=  0.529 (3.9s)
[68/100] bcsstm23       n=3134     Auto→merge3 m3=  0.168 Auto=  0.132 Ocean=  0.168 HSMU=  0.369 opSp=  0.655 (3.9s)
[69/100] bcsstm24       n=3562     Auto→merge3 m3=  0.142 Auto=  0.133 Ocean=   0.17 HSMU=  0.458 opSp=  0.531 (3.8s)
[70/100] bcsstm25       n=15439    Auto→merge3 m3=  0.268 Auto=  0.261 Ocean=   0.15 HSMU=  0.444 opSp=  0.531 (3.8s)
[71/100] bcsstm26       n=1922     Auto→merge3 m3=  0.121 Auto=  0.139 Ocean=  0.164 HSMU=  0.291 opSp=  0.532 (3.8s)
[72/100] bcsstm27       n=1224     Auto→merge3 m3=  0.304 Auto=  0.308 Ocean=  0.488 HSMU=  0.637 opSp=  0.732 (4.0s)
[73/100] blckhole       n=2132     Auto→merge3 m3=  0.172 Auto=  0.174 Ocean=  0.211 HSMU=  0.484 opSp=    0.6 (3.9s)
[74/100] bp_0           n=822      Auto→hash   m3=  0.397 Auto=  0.326 Ocean=  0.246 HSMU=  0.448 opSp=  0.639 (3.8s)
[75/100] bp_1000        n=822      Auto→hash   m3=  0.441 Auto=  0.382 Ocean=   0.26 HSMU=  0.489 opSp=  0.657 (3.8s)
[76/100] bp_1200        n=822      Auto→hash   m3=  0.451 Auto=  0.386 Ocean=  0.262 HSMU=  0.474 opSp=  0.833 (3.9s)
[77/100] bp_1400        n=822      Auto→hash   m3=  0.437 Auto=  0.395 Ocean=  0.263 HSMU=  0.485 opSp=  0.534 (3.9s)
[78/100] bp_1600        n=822      Auto→hash   m3=   0.43 Auto=  0.394 Ocean=   0.25 HSMU=  0.472 opSp=  0.792 (3.8s)
[79/100] bp_200         n=822      Auto→hash   m3=  0.407 Auto=  0.338 Ocean=  0.239 HSMU=  0.463 opSp=  0.653 (3.8s)
[80/100] bp_400         n=822      Auto→hash   m3=  0.443 Auto=  0.361 Ocean=  0.255 HSMU=  0.495 opSp=  0.772 (3.8s)
[81/100] bp_600         n=822      Auto→hash   m3=  0.436 Auto=  0.365 Ocean=  0.258 HSMU=  0.474 opSp=  0.645 (3.8s)
[82/100] bp_800         n=822      Auto→hash   m3=  0.452 Auto=  0.382 Ocean=  0.259 HSMU=  0.474 opSp=   0.81 (3.8s)
[83/100] can_1054       n=1054     Auto→merge3 m3=  0.186 Auto=  0.196 Ocean=  0.361 HSMU=  0.344 opSp=  0.901 (3.9s)
[84/100] can_1072       n=1072     Auto→merge3 m3=  0.183 Auto=  0.181 Ocean=  0.359 HSMU=   0.34 opSp=  0.741 (3.8s)
[85/100] can_144        n=144      Auto→merge3 m3=  0.134 Auto=  0.136 Ocean=  0.326 HSMU=  0.314 opSp=  0.564 (3.8s)
[86/100] can_161        n=161      Auto→merge3 m3=  0.149 Auto=  0.167 Ocean=  0.324 HSMU=  0.309 opSp=  0.694 (3.9s)
[87/100] can_187        n=187      Auto→merge3 m3=  0.289 Auto=  0.117 Ocean=  0.291 HSMU=    0.3 opSp=   0.76 (3.9s)
[88/100] can_229        n=229      Auto→merge3 m3=  0.138 Auto=  0.138 Ocean=  0.291 HSMU=  0.298 opSp=  0.774 (3.9s)
[89/100] can_24         n=24       Auto→merge3 m3=  0.113 Auto=  0.129 Ocean=  0.201 HSMU=  0.285 opSp=  0.598 (3.8s)
[90/100] can_256        n=256      Auto→merge3 m3=  0.173 Auto=   0.17 Ocean=  0.318 HSMU=  0.344 opSp=  0.721 (3.9s)
[91/100] can_268        n=268      Auto→merge3 m3=  0.156 Auto=  0.149 Ocean=  0.312 HSMU=  0.329 opSp=  0.619 (3.8s)
[92/100] can_292        n=292      Auto→merge3 m3=  0.129 Auto=  0.128 Ocean=  0.317 HSMU=  0.326 opSp=  0.748 (3.9s)
[93/100] can_445        n=445      Auto→merge3 m3=  0.137 Auto=  0.135 Ocean=  0.304 HSMU=  0.239 opSp=  0.678 (3.8s)
[94/100] can_61         n=61       Auto→merge3 m3=   0.12 Auto=  0.118 Ocean=  0.295 HSMU=  0.312 opSp=  0.575 (3.8s)
[95/100] can_62         n=62       Auto→merge3 m3=  0.107 Auto=  0.117 Ocean=  0.162 HSMU=  0.283 opSp=  0.585 (3.8s)
[96/100] can_634        n=634      Auto→merge3 m3=  0.138 Auto=  0.155 Ocean=  0.333 HSMU=  0.335 opSp=  0.581 (3.9s)
[97/100] can_715        n=715      Auto→merge3 m3=  0.281 Auto=   0.29 Ocean=  0.345 HSMU=  0.367 opSp=   0.72 (3.9s)
[98/100] can_73         n=73       Auto→merge3 m3=   0.12 Auto=  0.121 Ocean=  0.198 HSMU=  0.291 opSp=  0.707 (3.9s)
[99/100] can_838        n=838      Auto→merge3 m3=  0.153 Auto=  0.168 Ocean=  0.353 HSMU=  0.331 opSp=  0.634 (3.9s)
[100/100] can_96         n=96       Auto→merge3 m3=  0.125 Auto=  0.119 Ocean=  0.323 HSMU=  0.289 opSp=  0.866 (3.8s)

完成 → compare/method_cmp_20260727_000551/methods_cmp.csv

=== 几何均值(ms) ===
  merge3      0.221
  Auto        0.200
  Ocean       0.301
  HSMU        0.437
  opSparse    0.714

=== Auto 选择(共 100 阵)===  hash 23 / merge3 77
  选 hash 的:bcsstk08, bcsstk13, bcsstk15, bcsstk16, bcsstk17, bcsstk18, bcsstk24, bcsstk25, bcsstk28, bcsstk29, bcsstk30, bcsstk31, bcsstk32, bcsstk33, bp_0, bp_1000, bp_1200, bp_1400, bp_1600, bp_200, bp_400, bp_600, bp_800

=== Auto vs Ocean:赢 85 / 输 15,几何均值(Auto/Ocean) 0.666× ===
  name                   n       C_nnz     Ocean      Auto    ratio
  bcsstm25           15439       15439     0.150     0.261    1.74×
  bp_1600              822       23625     0.250     0.394    1.58×
  bp_1400              822       23154     0.263     0.395    1.50×
  bp_800               822       20224     0.259     0.382    1.47×
  bp_1200              822       22313     0.262     0.386    1.47×
  bp_1000              822       21373     0.260     0.382    1.47×
  bp_400               822       15238     0.255     0.361    1.42×
  bp_600               822       16464     0.258     0.365    1.41×
  bp_200               822       13197     0.239     0.338    1.41×
  bcsstk08            1074      305612     0.395     0.539    1.36×
  bcsstk30           28924     8946070     2.361     3.139    1.33×
  bp_0                 822        9384     0.246     0.326    1.33×
  bcsstk13            2003      396773     0.654     0.841    1.29×
  bcsstk32           44609     6819653     1.807     2.147    1.19×
  bcsstk31           35588     4713580     1.240     1.346    1.09×

=== Auto vs opSparse:赢 99 / 输 1,几何均值(Auto/opSparse) 0.280× ===
  name                   n       C_nnz  opSparse      Auto    ratio
  bcsstk30           28924     8946070     3.095     3.139    1.01×

=== Auto vs HSMU:赢 100 / 输 0,几何均值(Auto/HSMU) 0.459× ===
  name                   n       C_nnz      HSMU      Auto    ratio
