对比 100 阵 × ['merge3', 'Auto'] + Ocean + HSMU + spECK → compare/method_cmp_20260724_105850/methods_cmp.csv

[1/100] 1138_bus       n=1138     Auto→merge3 m3=  0.117 Auto=  0.139 Ocean=  0.227 HSMU=  0.307 spECK=  0.086 (4.1s)
[2/100] 494_bus        n=494      Auto→merge3 m3=  0.098 Auto=  0.099 Ocean=  0.224 HSMU=  0.349 spECK=   0.08 (4.0s)
[3/100] 662_bus        n=662      Auto→merge3 m3=  0.099 Auto=  0.096 Ocean=  0.226 HSMU=  0.356 spECK=  0.087 (4.0s)
[4/100] 685_bus        n=685      Auto→merge3 m3=  0.128 Auto=  0.125 Ocean=  0.227 HSMU=  0.358 spECK=  0.085 (4.0s)
[5/100] arc130         n=130      Auto→hash   m3=  0.157 Auto=  0.305 Ocean=  0.382 HSMU=  0.462 spECK=  0.087 (4.0s)
[6/100] ash292         n=292      Auto→merge3 m3=  0.121 Auto=  0.122 Ocean=  0.235 HSMU=  0.382 spECK=  0.076 (4.0s)
[7/100] ash85          n=85       Auto→merge3 m3=  0.113 Auto=  0.104 Ocean=  0.242 HSMU=  0.369 spECK=  0.078 (4.0s)
[8/100] bcspwr01       n=39       Auto→merge3 m3=  0.095 Auto=  0.112 Ocean=  0.205 HSMU=  0.321 spECK=  0.081 (4.0s)
[9/100] bcspwr02       n=49       Auto→merge3 m3=  0.084 Auto=  0.103 Ocean=  0.213 HSMU=  0.339 spECK=  0.081 (4.0s)
[10/100] bcspwr03       n=118      Auto→merge3 m3=  0.111 Auto=  0.099 Ocean=  0.237 HSMU=  0.333 spECK=  0.079 (4.0s)
[11/100] bcspwr04       n=274      Auto→merge3 m3=  0.104 Auto=  0.106 Ocean=  0.226 HSMU=  0.349 spECK=  0.079 (4.0s)
[12/100] bcspwr05       n=443      Auto→merge3 m3=  0.104 Auto=  0.109 Ocean=  0.227 HSMU=  0.364 spECK=   0.08 (4.0s)
[13/100] bcspwr06       n=1454     Auto→merge3 m3=  0.143 Auto=   0.14 Ocean=  0.229 HSMU=   0.34 spECK=  0.084 (4.0s)
[14/100] bcspwr07       n=1612     Auto→merge3 m3=  0.145 Auto=  0.145 Ocean=  0.228 HSMU=  0.353 spECK=   0.09 (4.1s)
[15/100] bcspwr08       n=1624     Auto→merge3 m3=  0.184 Auto=  0.137 Ocean=  0.227 HSMU=   0.34 spECK=  0.088 (4.0s)
[16/100] bcspwr09       n=1723     Auto→merge3 m3=  0.119 Auto=  0.122 Ocean=  0.238 HSMU=  0.371 spECK=  0.089 (4.0s)
[17/100] bcspwr10       n=5300     Auto→merge3 m3=   0.16 Auto=  0.155 Ocean=  0.265 HSMU=  1.185 spECK=    0.1 (4.0s)
[18/100] bcsstk01       n=48       Auto→merge3 m3=  0.102 Auto=  0.106 Ocean=  0.359 HSMU=  0.331 spECK=  0.077 (4.0s)
[19/100] bcsstk02       n=66       Auto→hash   m3=  0.146 Auto=  0.312 Ocean=  0.897 HSMU=  0.713 spECK=  0.087 (4.1s)
[20/100] bcsstk03       n=112      Auto→merge3 m3=  0.092 Auto=  0.161 Ocean=  0.204 HSMU=  0.325 spECK=  0.074 (4.1s)
[21/100] bcsstk04       n=132      Auto→merge3 m3=  0.151 Auto=  0.149 Ocean=  0.531 HSMU=  0.436 spECK=  0.083 (4.0s)
[22/100] bcsstk05       n=153      Auto→merge3 m3=   0.11 Auto=  0.108 Ocean=  0.364 HSMU=  0.399 spECK=  0.077 (4.0s)
[23/100] bcsstk06       n=420      Auto→merge3 m3=  0.148 Auto=  0.137 Ocean=  0.389 HSMU=  0.384 spECK=  0.087 (4.0s)
[24/100] bcsstk07       n=420      Auto→merge3 m3=  0.136 Auto=  0.133 Ocean=  0.358 HSMU=  0.378 spECK=  0.086 (4.0s)
[25/100] bcsstk08       n=1074     Auto→hash   m3=  1.162 Auto=  0.589 Ocean=  0.437 HSMU=  1.041 spECK=  0.136 (4.1s)
[26/100] bcsstk09       n=1083     Auto→merge3 m3=  0.173 Auto=   0.14 Ocean=  0.401 HSMU=  0.372 spECK=  0.089 (4.0s)
[27/100] bcsstk10       n=1086     Auto→merge3 m3=  0.194 Auto=  0.187 Ocean=  0.585 HSMU=  0.427 spECK=  0.092 (4.1s)
[28/100] bcsstk11       n=1473     Auto→merge3 m3=  0.212 Auto=  0.216 Ocean=  0.597 HSMU=   0.68 spECK=  0.098 (4.1s)
[29/100] bcsstk12       n=1473     Auto→merge3 m3=  0.207 Auto=  0.206 Ocean=  0.586 HSMU=  0.697 spECK=  0.098 (4.1s)
[30/100] bcsstk13       n=2003     Auto→hash   m3=  0.833 Auto=  0.871 Ocean=  0.756 HSMU=  0.915 spECK=  0.199 (4.3s)
[31/100] bcsstk14       n=1806     Auto→hash   m3=  0.383 Auto=  0.524 Ocean=  0.679 HSMU=  0.647 spECK=  0.129 (4.1s)
[32/100] bcsstk15       n=3948     Auto→hash   m3=  0.541 Auto=  0.373 Ocean=  0.492 HSMU=  0.896 spECK=  0.177 (4.3s)
[33/100] bcsstk16       n=4884     Auto→hash   m3=  1.699 Auto=  0.594 Ocean=   0.94 HSMU=  1.653 spECK=  0.422 (4.8s)
[34/100] bcsstk17       n=10974    Auto→hash   m3=  1.665 Auto=  0.802 Ocean=  0.873 HSMU=  1.903 spECK=   0.57 (5.2s)
[35/100] bcsstk18       n=11948    Auto→hash   m3=  0.655 Auto=  0.507 Ocean=  0.518 HSMU=  1.461 spECK=  0.198 (4.5s)
[36/100] bcsstk19       n=817      Auto→merge3 m3=  0.137 Auto=  0.113 Ocean=  0.356 HSMU=  0.351 spECK=  0.085 (4.0s)
[37/100] bcsstk20       n=485      Auto→merge3 m3=  0.101 Auto=  0.104 Ocean=  0.287 HSMU=  0.343 spECK=  0.082 (4.1s)
[38/100] bcsstk21       n=3600     Auto→merge3 m3=  0.179 Auto=  0.159 Ocean=  0.238 HSMU=  0.487 spECK=  0.099 (4.0s)
[39/100] bcsstk22       n=138      Auto→merge3 m3=  0.099 Auto=  0.109 Ocean=  0.219 HSMU=  0.356 spECK=  0.075 (4.0s)
[40/100] bcsstk23       n=3134     Auto→merge3 m3=   0.28 Auto=  0.288 Ocean=  0.374 HSMU=  0.647 spECK=  0.121 (4.1s)
[41/100] bcsstk24       n=3562     Auto→hash   m3=  0.577 Auto=  0.448 Ocean=  0.673 HSMU=  1.161 spECK=  0.225 (4.4s)
[42/100] bcsstk25       n=15439    Auto→hash   m3=  0.959 Auto=  0.562 Ocean=  0.524 HSMU=  1.655 spECK=  0.432 (4.6s)
[43/100] bcsstk26       n=1922     Auto→merge3 m3=  0.199 Auto=  0.183 Ocean=  0.394 HSMU=  0.738 spECK=  0.113 (4.1s)
[44/100] bcsstk27       n=1224     Auto→hash   m3=  0.374 Auto=   0.51 Ocean=  0.567 HSMU=  0.794 spECK=  0.126 (4.2s)
[45/100] bcsstk28       n=4410     Auto→hash   m3=  0.857 Auto=    0.5 Ocean=  0.785 HSMU=   1.55 spECK=  0.324 (4.5s)
[46/100] bcsstk29       n=13992    Auto→hash   m3=  1.929 Auto=  0.887 Ocean=   1.13 HSMU=  1.971 spECK=  0.739 (4.9s)
[47/100] bcsstk30       n=28924    Auto→hash   m3= 16.718 Auto=  2.938 Ocean=  2.611 HSMU=  5.076 spECK=  3.425 (6.4s)
[48/100] bcsstk31       n=35588    Auto→hash   m3=  4.164 Auto=  1.382 Ocean=  1.444 HSMU=  2.947 spECK=  1.249 (5.8s)
[49/100] bcsstk32       n=44609    Auto→hash   m3=  7.585 Auto=  2.093 Ocean=  1.917 HSMU=   3.93 spECK=  2.421 (6.9s)
[50/100] bcsstk33       n=8738     Auto→hash   m3=  4.005 Auto=  1.021 Ocean=  1.672 HSMU=  2.185 spECK=  0.917 (4.8s)
[51/100] bcsstm01       n=48       Auto→merge3 m3=  0.079 Auto=  0.074 Ocean=  0.166 HSMU=  0.319 spECK=  0.065 (4.1s)
[52/100] bcsstm02       n=66       Auto→merge3 m3=  0.074 Auto=  0.091 Ocean=  0.177 HSMU=  0.316 spECK=  0.067 (4.0s)
[53/100] bcsstm03       n=112      Auto→merge3 m3=  0.082 Auto=  0.083 Ocean=  0.179 HSMU=  0.325 spECK=   0.07 (4.1s)
[54/100] bcsstm04       n=132      Auto→merge3 m3=  0.095 Auto=  0.095 Ocean=  0.187 HSMU=  0.301 spECK=  0.068 (4.0s)
[55/100] bcsstm05       n=153      Auto→merge3 m3=  0.084 Auto=  0.097 Ocean=  0.209 HSMU=  0.335 spECK=   0.07 (4.1s)
[56/100] bcsstm06       n=420      Auto→merge3 m3=  0.079 Auto=  0.077 Ocean=  0.196 HSMU=  0.325 spECK=  0.073 (4.0s)
[57/100] bcsstm07       n=420      Auto→merge3 m3=  0.127 Auto=  0.136 Ocean=  0.349 HSMU=  0.381 spECK=  0.086 (4.0s)
[58/100] bcsstm08       n=1074     Auto→merge3 m3=  0.084 Auto=  0.083 Ocean=  0.186 HSMU=  0.337 spECK=   0.08 (4.0s)
[59/100] bcsstm09       n=1083     Auto→merge3 m3=  0.086 Auto=  0.097 Ocean=  0.177 HSMU=  0.308 spECK=  0.078 (4.0s)
[60/100] bcsstm10       n=1086     Auto→merge3 m3=  0.185 Auto=   0.18 Ocean=  0.537 HSMU=  0.412 spECK=  0.092 (4.1s)
[61/100] bcsstm11       n=1473     Auto→merge3 m3=  0.091 Auto=  0.113 Ocean=  0.211 HSMU=  0.311 spECK=  0.079 (4.1s)
[62/100] bcsstm12       n=1473     Auto→merge3 m3=  0.163 Auto=  0.165 Ocean=  0.379 HSMU=  0.456 spECK=  0.097 (4.1s)
[63/100] bcsstm13       n=2003     Auto→hash   m3=  0.363 Auto=  0.397 Ocean=  0.477 HSMU=   0.76 spECK=  0.137 (4.1s)
[64/100] bcsstm19       n=817      Auto→merge3 m3=  0.102 Auto=  0.083 Ocean=  0.177 HSMU=  0.327 spECK=  0.077 (4.1s)
[65/100] bcsstm20       n=485      Auto→merge3 m3=  0.074 Auto=  0.104 Ocean=  0.184 HSMU=  0.332 spECK=  0.074 (4.1s)
[66/100] bcsstm21       n=3600     Auto→merge3 m3=  0.112 Auto=  0.113 Ocean=  0.183 HSMU=  0.676 spECK=  0.084 (4.1s)
[67/100] bcsstm22       n=138      Auto→merge3 m3=  0.091 Auto=  0.078 Ocean=  0.197 HSMU=  0.321 spECK=  0.068 (4.0s)
[68/100] bcsstm23       n=3134     Auto→merge3 m3=  0.097 Auto=  0.104 Ocean=   0.18 HSMU=  0.646 spECK=  0.088 (4.1s)
[69/100] bcsstm24       n=3562     Auto→merge3 m3=  0.102 Auto=    0.1 Ocean=  0.179 HSMU=  0.677 spECK=  0.085 (4.0s)
[70/100] bcsstm25       n=15439    Auto→merge3 m3=  0.193 Auto=  0.183 Ocean=  0.189 HSMU=    0.5 spECK=  0.104 (4.1s)
[71/100] bcsstm26       n=1922     Auto→merge3 m3=  0.095 Auto=  0.087 Ocean=  0.188 HSMU=  0.349 spECK=  0.078 (4.0s)
[72/100] bcsstm27       n=1224     Auto→hash   m3=  0.373 Auto=   0.51 Ocean=  0.631 HSMU=  0.789 spECK=  0.124 (4.3s)
[73/100] blckhole       n=2132     Auto→merge3 m3=   0.16 Auto=  0.177 Ocean=   0.23 HSMU=  0.674 spECK=  0.094 (4.0s)
[74/100] bp_0           n=822      Auto→hash   m3=  0.559 Auto=   0.43 Ocean=  0.255 HSMU=   0.52 spECK=  0.118 (4.1s)
[75/100] bp_1000        n=822      Auto→hash   m3=  0.651 Auto=  0.397 Ocean=  0.307 HSMU=  0.524 spECK=  0.141 (4.0s)
[76/100] bp_1200        n=822      Auto→hash   m3=  0.638 Auto=  0.457 Ocean=  0.295 HSMU=  0.531 spECK=  0.132 (4.0s)
[77/100] bp_1400        n=822      Auto→hash   m3=   0.63 Auto=  0.461 Ocean=   0.31 HSMU=  0.519 spECK=  0.139 (4.0s)
[78/100] bp_1600        n=822      Auto→hash   m3=  0.632 Auto=  0.425 Ocean=  0.278 HSMU=  0.545 spECK=  0.178 (4.0s)
[79/100] bp_200         n=822      Auto→hash   m3=  0.601 Auto=  0.367 Ocean=    0.3 HSMU=  0.508 spECK=  0.131 (4.1s)
[80/100] bp_400         n=822      Auto→hash   m3=  0.647 Auto=  0.402 Ocean=  0.277 HSMU=  0.518 spECK=  0.129 (4.0s)
[81/100] bp_600         n=822      Auto→hash   m3=  0.631 Auto=  0.443 Ocean=  0.316 HSMU=   0.52 spECK=  0.131 (4.0s)
[82/100] bp_800         n=822      Auto→hash   m3=  0.655 Auto=  0.467 Ocean=  0.286 HSMU=  0.543 spECK=  0.125 (4.0s)
[83/100] can_1054       n=1054     Auto→merge3 m3=  0.169 Auto=  0.257 Ocean=  0.394 HSMU=  0.385 spECK=  0.098 (4.0s)
[84/100] can_1072       n=1072     Auto→merge3 m3=  0.185 Auto=   0.18 Ocean=  0.393 HSMU=  0.384 spECK=  0.098 (4.0s)
[85/100] can_144        n=144      Auto→merge3 m3=  0.104 Auto=  0.115 Ocean=  0.383 HSMU=   0.35 spECK=  0.083 (3.9s)
[86/100] can_161        n=161      Auto→merge3 m3=  0.124 Auto=  0.126 Ocean=  0.343 HSMU=  0.365 spECK=   0.08 (4.0s)
[87/100] can_187        n=187      Auto→merge3 m3=  0.106 Auto=  0.098 Ocean=  0.375 HSMU=  0.347 spECK=  0.077 (4.0s)
[88/100] can_229        n=229      Auto→merge3 m3=  0.134 Auto=  0.142 Ocean=  0.339 HSMU=  0.342 spECK=  0.083 (4.1s)
[89/100] can_24         n=24       Auto→merge3 m3=  0.084 Auto=  0.092 Ocean=  0.206 HSMU=  0.329 spECK=  0.085 (4.0s)
[90/100] can_256        n=256      Auto→merge3 m3=  0.184 Auto=  0.206 Ocean=  0.369 HSMU=  0.395 spECK=  0.087 (4.1s)
[91/100] can_268        n=268      Auto→merge3 m3=  0.139 Auto=  0.147 Ocean=  0.356 HSMU=  0.378 spECK=  0.083 (4.1s)
[92/100] can_292        n=292      Auto→merge3 m3=  0.119 Auto=  0.123 Ocean=  0.394 HSMU=  0.392 spECK=  0.079 (4.0s)
[93/100] can_445        n=445      Auto→merge3 m3=  0.125 Auto=  0.116 Ocean=  0.345 HSMU=  0.353 spECK=  0.085 (4.0s)
[94/100] can_61         n=61       Auto→merge3 m3=  0.095 Auto=  0.105 Ocean=  0.347 HSMU=  0.359 spECK=  0.078 (4.0s)
[95/100] can_62         n=62       Auto→merge3 m3=  0.107 Auto=  0.099 Ocean=  0.224 HSMU=  0.332 spECK=  0.079 (4.0s)
[96/100] can_634        n=634      Auto→merge3 m3=  0.132 Auto=  0.136 Ocean=  0.421 HSMU=  0.375 spECK=  0.089 (4.0s)
[97/100] can_715        n=715      Auto→hash   m3=  0.373 Auto=  0.343 Ocean=  0.396 HSMU=  0.405 spECK=  0.093 (4.1s)
[98/100] can_73         n=73       Auto→merge3 m3=  0.111 Auto=   0.11 Ocean=  0.208 HSMU=  0.359 spECK=  0.082 (4.0s)
[99/100] can_838        n=838      Auto→merge3 m3=  0.128 Auto=  0.126 Ocean=  0.379 HSMU=  0.404 spECK=  0.089 (4.0s)
[100/100] can_96         n=96       Auto→merge3 m3=  0.095 Auto=  0.122 Ocean=  0.328 HSMU=  0.325 spECK=  0.078 (4.0s)

完成 → compare/method_cmp_20260724_105850/methods_cmp.csv

=== 几何均值(ms) ===
  merge3      0.216
  Auto        0.195
  Ocean       0.342
  HSMU        0.514
  spECK       0.114

=== Auto 选择(共 100 阵)===  hash 30 / merge3 70
  选 hash 的:arc130, bcsstk02, bcsstk08, bcsstk13, bcsstk14, bcsstk15, bcsstk16, bcsstk17, bcsstk18, bcsstk24, bcsstk25, bcsstk27, bcsstk28, bcsstk29, bcsstk30, bcsstk31, bcsstk32, bcsstk33, bcsstm13, bcsstm27, bp_0, bp_1000, bp_1200, bp_1400, bp_1600, bp_200, bp_400, bp_600, bp_800, can_715
