对比 100 阵 × ['merge3', 'Auto'] + Ocean + HSMU → compare/method_cmp_20260723_135412/methods_cmp.csv

[1/100] 1138_bus       n=1138     Auto→merge3 m3=  0.114 Auto=  0.107 Ocean=  0.209 HSMU=  0.305 (3.2s)
[2/100] 494_bus        n=494      Auto→merge3 m3=  0.108 Auto=  0.094 Ocean=  0.218 HSMU=  0.293 (3.1s)
[3/100] 662_bus        n=662      Auto→merge3 m3=  0.099 Auto=  0.098 Ocean=  0.221 HSMU=  0.285 (3.1s)
[4/100] 685_bus        n=685      Auto→merge3 m3=  0.106 Auto=  0.104 Ocean=  0.205 HSMU=  0.301 (3.1s)
[5/100] arc130         n=130      Auto→hash   m3=  0.158 Auto=  0.238 Ocean=  0.305 HSMU=  0.401 (3.2s)
[6/100] ash292         n=292      Auto→merge3 m3=  0.111 Auto=  0.105 Ocean=   0.22 HSMU=  0.327 (3.1s)
[7/100] ash85          n=85       Auto→merge3 m3=  0.095 Auto=  0.089 Ocean=  0.194 HSMU=  0.294 (3.2s)
[8/100] bcspwr01       n=39       Auto→merge3 m3=  0.082 Auto=  0.083 Ocean=  0.195 HSMU=  0.278 (3.2s)
[9/100] bcspwr02       n=49       Auto→merge3 m3=  0.084 Auto=  0.081 Ocean=  0.187 HSMU=  0.272 (3.1s)
[10/100] bcspwr03       n=118      Auto→merge3 m3=  0.086 Auto=  0.097 Ocean=  0.198 HSMU=   0.29 (3.2s)
[11/100] bcspwr04       n=274      Auto→merge3 m3=  0.098 Auto=  0.093 Ocean=  0.301 HSMU=  0.305 (3.2s)
[12/100] bcspwr05       n=443      Auto→merge3 m3=  0.092 Auto=  0.093 Ocean=  0.214 HSMU=  0.296 (3.1s)
[13/100] bcspwr06       n=1454     Auto→merge3 m3=  0.128 Auto=  0.137 Ocean=  0.218 HSMU=  0.344 (3.2s)
[14/100] bcspwr07       n=1612     Auto→merge3 m3=  0.123 Auto=  0.139 Ocean=  0.205 HSMU=  0.336 (3.2s)
[15/100] bcspwr08       n=1624     Auto→merge3 m3=  0.127 Auto=  0.135 Ocean=  0.209 HSMU=  0.309 (3.2s)
[16/100] bcspwr09       n=1723     Auto→merge3 m3=  0.106 Auto=  0.108 Ocean=  0.215 HSMU=  0.311 (3.2s)
[17/100] bcspwr10       n=5300     Auto→merge3 m3=  0.139 Auto=  0.163 Ocean=  0.237 HSMU=  0.918 (3.2s)
[18/100] bcsstk01       n=48       Auto→merge3 m3=  0.084 Auto=  0.085 Ocean=  0.312 HSMU=    0.3 (3.2s)
[19/100] bcsstk02       n=66       Auto→hash   m3=  0.112 Auto=  0.259 Ocean=  0.956 HSMU=  0.664 (7.4s)
[20/100] bcsstk03       n=112      Auto→merge3 m3=  0.092 Auto=  0.088 Ocean=  0.175 HSMU=  0.292 (3.2s)
[21/100] bcsstk04       n=132      Auto→merge3 m3=  0.125 Auto=  0.127 Ocean=  0.527 HSMU=  0.399 (3.2s)
[22/100] bcsstk05       n=153      Auto→merge3 m3=  0.115 Auto=   0.11 Ocean=  0.336 HSMU=   0.33 (3.2s)
[23/100] bcsstk06       n=420      Auto→merge3 m3=  0.128 Auto=  0.128 Ocean=  0.337 HSMU=  0.339 (3.2s)
[24/100] bcsstk07       n=420      Auto→merge3 m3=   0.13 Auto=  0.131 Ocean=  0.344 HSMU=  0.345 (3.2s)
[25/100] bcsstk08       n=1074     Auto→hash   m3=  0.936 Auto=  0.524 Ocean=  0.398 HSMU=  0.803 (3.2s)
[26/100] bcsstk09       n=1083     Auto→merge3 m3=  0.162 Auto=  0.151 Ocean=  0.315 HSMU=  0.335 (3.2s)
[27/100] bcsstk10       n=1086     Auto→merge3 m3=  0.194 Auto=  0.169 Ocean=  0.516 HSMU=  0.381 (3.2s)
[28/100] bcsstk11       n=1473     Auto→merge3 m3=  0.189 Auto=  0.188 Ocean=  0.496 HSMU=  0.522 (3.2s)
[29/100] bcsstk12       n=1473     Auto→merge3 m3=  0.183 Auto=  0.188 Ocean=  0.491 HSMU=  0.427 (3.3s)
[30/100] bcsstk13       n=2003     Auto→hash   m3=  0.787 Auto=  0.717 Ocean=  0.713 HSMU=  0.936 (3.3s)
[31/100] bcsstk14       n=1806     Auto→hash   m3=  0.358 Auto=  0.435 Ocean=  0.592 HSMU=  0.554 (3.3s)
[32/100] bcsstk15       n=3948     Auto→hash   m3=   0.51 Auto=  0.332 Ocean=  0.432 HSMU=  0.685 (3.4s)
[33/100] bcsstk16       n=4884     Auto→hash   m3=  1.519 Auto=  0.469 Ocean=  0.787 HSMU=  1.458 (3.6s)
[34/100] bcsstk17       n=10974    Auto→hash   m3=  1.525 Auto=  0.613 Ocean=  0.694 HSMU=  1.674 (3.8s)
[35/100] bcsstk18       n=11948    Auto→hash   m3=  0.612 Auto=  0.428 Ocean=  0.447 HSMU=  1.242 (3.5s)
[36/100] bcsstk19       n=817      Auto→merge3 m3=  0.113 Auto=  0.111 Ocean=  0.342 HSMU=  0.248 (3.2s)
[37/100] bcsstk20       n=485      Auto→merge3 m3=  0.104 Auto=  0.105 Ocean=  0.205 HSMU=  0.312 (3.2s)
[38/100] bcsstk21       n=3600     Auto→merge3 m3=   0.15 Auto=  0.169 Ocean=  0.229 HSMU=  0.434 (3.3s)
[39/100] bcsstk22       n=138      Auto→merge3 m3=  0.091 Auto=   0.09 Ocean=  0.201 HSMU=    0.3 (3.2s)
[40/100] bcsstk23       n=3134     Auto→merge3 m3=  0.251 Auto=  0.251 Ocean=  0.363 HSMU=  0.525 (3.3s)
[41/100] bcsstk24       n=3562     Auto→hash   m3=  0.532 Auto=  0.342 Ocean=  0.595 HSMU=  0.922 (3.4s)
[42/100] bcsstk25       n=15439    Auto→hash   m3=  0.907 Auto=  0.474 Ocean=  0.449 HSMU=  1.569 (3.6s)
[43/100] bcsstk26       n=1922     Auto→merge3 m3=  0.184 Auto=  0.185 Ocean=  0.376 HSMU=  0.584 (3.2s)
[44/100] bcsstk27       n=1224     Auto→hash   m3=  0.339 Auto=  0.405 Ocean=  0.497 HSMU=  0.673 (3.3s)
[45/100] bcsstk28       n=4410     Auto→hash   m3=   0.83 Auto=  0.456 Ocean=  0.742 HSMU=  1.793 (3.5s)
[46/100] bcsstk29       n=13992    Auto→hash   m3=  1.758 Auto=  0.761 Ocean=  0.967 HSMU=  1.722 (3.7s)
[47/100] bcsstk30       n=28924    Auto→hash   m3= 15.791 Auto=  2.485 Ocean=  2.365 HSMU=  4.742 (4.8s)
[48/100] bcsstk31       n=35588    Auto→hash   m3=  4.074 Auto=  1.171 Ocean=  1.249 HSMU=  2.738 (4.1s)
[49/100] bcsstk32       n=44609    Auto→hash   m3=  6.857 Auto=  1.741 Ocean=  1.736 HSMU=  3.736 (4.7s)
[50/100] bcsstk33       n=8738     Auto→hash   m3=  3.639 Auto=  0.832 Ocean=   1.59 HSMU=  1.917 (3.6s)
[51/100] bcsstm01       n=48       Auto→merge3 m3=  0.096 Auto=  0.072 Ocean=  0.167 HSMU=  0.278 (3.2s)
[52/100] bcsstm02       n=66       Auto→merge3 m3=  0.075 Auto=  0.081 Ocean=  0.153 HSMU=  0.283 (3.1s)
[53/100] bcsstm03       n=112      Auto→merge3 m3=  0.078 Auto=  0.078 Ocean=  0.171 HSMU=  0.216 (3.1s)
[54/100] bcsstm04       n=132      Auto→merge3 m3=  0.071 Auto=  0.072 Ocean=  0.171 HSMU=  0.286 (3.2s)
[55/100] bcsstm05       n=153      Auto→merge3 m3=   0.07 Auto=  0.083 Ocean=  0.172 HSMU=  0.269 (3.2s)
[56/100] bcsstm06       n=420      Auto→merge3 m3=  0.093 Auto=  0.079 Ocean=  0.178 HSMU=  0.284 (3.1s)
[57/100] bcsstm07       n=420      Auto→merge3 m3=  0.127 Auto=  0.126 Ocean=  0.391 HSMU=  0.336 (3.2s)
[58/100] bcsstm08       n=1074     Auto→merge3 m3=  0.092 Auto=  0.085 Ocean=  0.161 HSMU=  0.298 (3.2s)
[59/100] bcsstm09       n=1083     Auto→merge3 m3=  0.085 Auto=  0.085 Ocean=  0.157 HSMU=   0.31 (3.1s)
[60/100] bcsstm10       n=1086     Auto→merge3 m3=  0.168 Auto=   0.17 Ocean=    0.5 HSMU=  0.372 (3.3s)
[61/100] bcsstm11       n=1473     Auto→merge3 m3=  0.091 Auto=  0.085 Ocean=  0.172 HSMU=  0.293 (3.2s)
[62/100] bcsstm12       n=1473     Auto→merge3 m3=  0.145 Auto=  0.147 Ocean=  0.368 HSMU=  0.338 (3.2s)
[63/100] bcsstm13       n=2003     Auto→hash   m3=  0.327 Auto=  0.349 Ocean=  0.423 HSMU=  0.556 (3.2s)
[64/100] bcsstm19       n=817      Auto→merge3 m3=  0.069 Auto=   0.08 Ocean=  0.171 HSMU=  0.287 (3.1s)
[65/100] bcsstm20       n=485      Auto→merge3 m3=  0.089 Auto=  0.083 Ocean=  0.172 HSMU=  0.291 (3.1s)
[66/100] bcsstm21       n=3600     Auto→merge3 m3=  0.098 Auto=    0.1 Ocean=  0.171 HSMU=  0.481 (3.2s)
[67/100] bcsstm22       n=138      Auto→merge3 m3=   0.09 Auto=  0.075 Ocean=  0.162 HSMU=  0.278 (3.2s)
[68/100] bcsstm23       n=3134     Auto→merge3 m3=  0.094 Auto=  0.093 Ocean=  0.174 HSMU=  0.471 (3.2s)
[69/100] bcsstm24       n=3562     Auto→merge3 m3=  0.094 Auto=  0.114 Ocean=   0.18 HSMU=  0.469 (3.2s)
[70/100] bcsstm25       n=15439    Auto→merge3 m3=   0.18 Auto=  0.181 Ocean=  0.191 HSMU=  0.479 (3.2s)
[71/100] bcsstm26       n=1922     Auto→merge3 m3=  0.087 Auto=  0.083 Ocean=  0.166 HSMU=  0.294 (3.2s)
[72/100] bcsstm27       n=1224     Auto→hash   m3=  0.335 Auto=  0.407 Ocean=  0.551 HSMU=  0.672 (3.3s)
[73/100] blckhole       n=2132     Auto→merge3 m3=  0.154 Auto=  0.158 Ocean=  0.228 HSMU=  0.476 (3.2s)
[74/100] bp_0           n=822      Auto→hash   m3=   0.54 Auto=  0.298 Ocean=  0.245 HSMU=  0.438 (3.2s)
[75/100] bp_1000        n=822      Auto→hash   m3=  0.607 Auto=  0.369 Ocean=   0.26 HSMU=  0.486 (3.2s)
[76/100] bp_1200        n=822      Auto→hash   m3=  0.605 Auto=  0.369 Ocean=  0.284 HSMU=  0.478 (3.1s)
[77/100] bp_1400        n=822      Auto→hash   m3=    0.6 Auto=  0.366 Ocean=  0.266 HSMU=  0.791 (3.2s)
[78/100] bp_1600        n=822      Auto→hash   m3=  0.612 Auto=  0.362 Ocean=  0.266 HSMU=  0.483 (3.3s)
[79/100] bp_200         n=822      Auto→hash   m3=  0.559 Auto=  0.337 Ocean=  0.258 HSMU=  0.475 (3.2s)
[80/100] bp_400         n=822      Auto→hash   m3=  0.613 Auto=  0.344 Ocean=  0.261 HSMU=  0.464 (3.2s)
[81/100] bp_600         n=822      Auto→hash   m3=  0.605 Auto=  0.342 Ocean=  0.233 HSMU=  0.455 (3.2s)
[82/100] bp_800         n=822      Auto→hash   m3=  0.618 Auto=  0.325 Ocean=  0.253 HSMU=  0.543 (3.2s)
[83/100] can_1054       n=1054     Auto→merge3 m3=  0.154 Auto=  0.151 Ocean=  0.363 HSMU=  0.337 (3.1s)
[84/100] can_1072       n=1072     Auto→merge3 m3=  0.163 Auto=  0.166 Ocean=  0.371 HSMU=   0.34 (3.1s)
[85/100] can_144        n=144      Auto→merge3 m3=  0.098 Auto=  0.098 Ocean=  0.329 HSMU=  0.364 (3.2s)
[86/100] can_161        n=161      Auto→merge3 m3=  0.102 Auto=   0.13 Ocean=  0.303 HSMU=  0.299 (3.2s)
[87/100] can_187        n=187      Auto→merge3 m3=  0.092 Auto=   0.09 Ocean=  0.299 HSMU=  0.284 (3.2s)
[88/100] can_229        n=229      Auto→merge3 m3=  0.129 Auto=   0.12 Ocean=  0.322 HSMU=  0.293 (3.2s)
[89/100] can_24         n=24       Auto→merge3 m3=  0.079 Auto=  0.082 Ocean=  0.187 HSMU=  0.218 (3.2s)
[90/100] can_256        n=256      Auto→merge3 m3=  0.169 Auto=  0.197 Ocean=  0.328 HSMU=  0.351 (3.2s)
[91/100] can_268        n=268      Auto→merge3 m3=   0.15 Auto=  0.134 Ocean=  0.308 HSMU=   0.34 (3.2s)
[92/100] can_292        n=292      Auto→merge3 m3=  0.106 Auto=  0.123 Ocean=  0.313 HSMU=  0.318 (3.2s)
[93/100] can_445        n=445      Auto→merge3 m3=  0.113 Auto=  0.107 Ocean=  0.342 HSMU=  0.312 (3.3s)
[94/100] can_61         n=61       Auto→merge3 m3=  0.097 Auto=  0.099 Ocean=  0.324 HSMU=  0.296 (3.2s)
[95/100] can_62         n=62       Auto→merge3 m3=  0.081 Auto=  0.085 Ocean=  0.198 HSMU=  0.217 (3.2s)
[96/100] can_634        n=634      Auto→merge3 m3=  0.125 Auto=  0.124 Ocean=  0.342 HSMU=  0.312 (3.2s)
[97/100] can_715        n=715      Auto→hash   m3=  0.344 Auto=  0.258 Ocean=  0.349 HSMU=  0.359 (3.2s)
[98/100] can_73         n=73       Auto→merge3 m3=  0.088 Auto=  0.094 Ocean=  0.203 HSMU=  0.304 (3.2s)
[99/100] can_838        n=838      Auto→merge3 m3=  0.132 Auto=   0.13 Ocean=  0.361 HSMU=  0.336 (3.2s)
[100/100] can_96         n=96       Auto→merge3 m3=  0.094 Auto=  0.087 Ocean=  0.321 HSMU=  0.282 (3.2s)

完成 → compare/method_cmp_20260723_135412/methods_cmp.csv

=== 几何均值(ms) ===
  merge3      0.199
  Auto        0.171
  Ocean       0.309
  HSMU        0.442

=== Auto 选择(共 100 阵)===  hash 30 / merge3 70
  选 hash 的:arc130, bcsstk02, bcsstk08, bcsstk13, bcsstk14, bcsstk15, bcsstk16, bcsstk17, bcsstk18, bcsstk24, bcsstk25, bcsstk27, bcsstk28, bcsstk29, bcsstk30, bcsstk31, bcsstk32, bcsstk33, bcsstm13, bcsstm27, bp_0, bp_1000, bp_1200, bp_1400, bp_1600, bp_200, bp_400, bp_600, bp_800, can_715
