对比 100 阵 × ['merge3', 'Auto'] + Ocean + HSMU + spECK → compare/method_cmp_20260724_144637/methods_cmp.csv

[1/100] 1138_bus       n=1138     Auto→merge3 m3=  0.136 Auto=  0.149 Ocean=  0.212 HSMU=        spECK=  0.082 nsp=    DNF opSp=  0.477 (3.9s)
[2/100] 494_bus        n=494      Auto→merge3 m3=  0.122 Auto=   0.12 Ocean=  0.204 HSMU=        spECK=   0.08 nsp=    DNF opSp=  0.576 (3.8s)
[3/100] 662_bus        n=662      Auto→merge3 m3=  0.129 Auto=  0.119 Ocean=  0.202 HSMU=        spECK=  0.087 nsp=    DNF opSp=   0.78 (3.9s)
[4/100] 685_bus        n=685      Auto→merge3 m3=  0.146 Auto=  0.162 Ocean=  0.207 HSMU=        spECK=  0.086 nsp=    DNF opSp=  0.751 (3.9s)
[5/100] arc130         n=130      Auto→hash   m3=  0.147 Auto=  0.229 Ocean=  0.376 HSMU=        spECK=  0.087 nsp=    DNF opSp=  0.814 (3.9s)
[6/100] ash292         n=292      Auto→merge3 m3=  0.126 Auto=  0.122 Ocean=  0.202 HSMU=        spECK=  0.079 nsp=    DNF opSp=  0.716 (3.8s)
[7/100] ash85          n=85       Auto→merge3 m3=  0.113 Auto=  0.122 Ocean=   0.21 HSMU=        spECK=  0.082 nsp=    DNF opSp=  0.877 (3.9s)
[8/100] bcspwr01       n=39       Auto→merge3 m3=  0.131 Auto=   0.11 Ocean=  0.184 HSMU=        spECK=  0.079 nsp=    DNF opSp=  0.707 (3.9s)
[9/100] bcspwr02       n=49       Auto→merge3 m3=  0.131 Auto=  0.119 Ocean=  0.188 HSMU=        spECK=   0.07 nsp=    DNF opSp=  0.737 (3.9s)
[10/100] bcspwr03       n=118      Auto→merge3 m3=  0.114 Auto=  0.141 Ocean=  0.197 HSMU=        spECK=  0.083 nsp=    DNF opSp=  0.752 (3.9s)
[11/100] bcspwr04       n=274      Auto→merge3 m3=   0.15 Auto=  0.132 Ocean=  0.205 HSMU=        spECK=  0.079 nsp=    DNF opSp=  0.589 (3.9s)
[12/100] bcspwr05       n=443      Auto→merge3 m3=  0.141 Auto=  0.124 Ocean=  0.218 HSMU=        spECK=  0.082 nsp=    DNF opSp=  0.706 (3.9s)
[13/100] bcspwr06       n=1454     Auto→merge3 m3=  0.164 Auto=  0.152 Ocean=  0.204 HSMU=        spECK=  0.083 nsp=    DNF opSp=  0.658 (3.9s)
[14/100] bcspwr07       n=1612     Auto→merge3 m3=  0.155 Auto=  0.153 Ocean=  0.208 HSMU=        spECK=  0.081 nsp=    DNF opSp=  0.748 (3.9s)
[15/100] bcspwr08       n=1624     Auto→merge3 m3=  0.154 Auto=  0.149 Ocean=  0.209 HSMU=        spECK=  0.081 nsp=    DNF opSp=   0.58 (3.9s)
[16/100] bcspwr09       n=1723     Auto→merge3 m3=  0.145 Auto=  0.143 Ocean=  0.212 HSMU=        spECK=  0.082 nsp=    DNF opSp=  0.607 (3.9s)
[17/100] bcspwr10       n=5300     Auto→merge3 m3=  0.184 Auto=  0.198 Ocean=   0.22 HSMU=        spECK=  0.087 nsp=    DNF opSp=  0.686 (3.9s)
[18/100] bcsstk01       n=48       Auto→merge3 m3=  0.119 Auto=  0.135 Ocean=  0.295 HSMU=        spECK=  0.078 nsp=    DNF opSp=  0.786 (3.9s)
[19/100] bcsstk02       n=66       Auto→hash   m3=  0.141 Auto=  0.263 Ocean=  0.789 HSMU=        spECK=  0.086 nsp=    DNF opSp=  0.769 (3.9s)
[20/100] bcsstk03       n=112      Auto→merge3 m3=  0.117 Auto=   0.12 Ocean=  0.182 HSMU=        spECK=  0.082 nsp=    DNF opSp=   0.63 (3.9s)
[21/100] bcsstk04       n=132      Auto→merge3 m3=  0.161 Auto=  0.156 Ocean=   0.52 HSMU=        spECK=  0.086 nsp=    DNF opSp=    0.6 (3.9s)
[22/100] bcsstk05       n=153      Auto→merge3 m3=  0.144 Auto=  0.135 Ocean=  0.311 HSMU=        spECK=  0.085 nsp=    DNF opSp=  1.079 (3.8s)
[23/100] bcsstk06       n=420      Auto→merge3 m3=  0.199 Auto=  0.151 Ocean=  0.345 HSMU=        spECK=  0.087 nsp=    DNF opSp=  0.778 (3.9s)
[24/100] bcsstk07       n=420      Auto→merge3 m3=  0.155 Auto=  0.157 Ocean=  0.346 HSMU=        spECK=  0.089 nsp=    DNF opSp=  1.058 (3.9s)
[25/100] bcsstk08       n=1074     Auto→hash   m3=  0.866 Auto=  0.558 Ocean=  0.431 HSMU=        spECK=  0.135 nsp=    DNF opSp=  0.986 (4.0s)
[26/100] bcsstk09       n=1083     Auto→merge3 m3=  0.171 Auto=   0.18 Ocean=  0.315 HSMU=        spECK=  0.084 nsp=    DNF opSp=  0.599 (3.9s)
[27/100] bcsstk10       n=1086     Auto→merge3 m3=  0.182 Auto=  0.176 Ocean=  0.453 HSMU=        spECK=  0.086 nsp=    DNF opSp=  1.568 (3.9s)
[28/100] bcsstk11       n=1473     Auto→merge3 m3=    0.2 Auto=  0.209 Ocean=  0.561 HSMU=        spECK=  0.096 nsp=    DNF opSp=  0.595 (4.0s)
[29/100] bcsstk12       n=1473     Auto→merge3 m3=  0.235 Auto=  0.204 Ocean=  0.551 HSMU=        spECK=  0.096 nsp=    DNF opSp=  0.765 (3.9s)
[30/100] bcsstk13       n=2003     Auto→hash   m3=  0.626 Auto=  0.824 Ocean=  0.708 HSMU=        spECK=   0.19 nsp=    DNF opSp=  1.002 (4.0s)
[31/100] bcsstk14       n=1806     Auto→hash   m3=   0.32 Auto=  0.494 Ocean=    0.6 HSMU=        spECK=  0.122 nsp=    DNF opSp=  0.968 (4.0s)
[32/100] bcsstk15       n=3948     Auto→hash   m3=    0.4 Auto=  0.312 Ocean=  0.407 HSMU=        spECK=  0.163 nsp=    DNF opSp=  0.812 (4.0s)
[33/100] bcsstk16       n=4884     Auto→hash   m3=  1.187 Auto=  0.526 Ocean=   0.84 HSMU=        spECK=  0.397 nsp=    DNF opSp=  1.628 (4.3s)
[34/100] bcsstk17       n=10974    Auto→hash   m3=   1.17 Auto=  0.613 Ocean=  0.761 HSMU=        spECK=  0.511 nsp=    DNF opSp=  1.189 (4.5s)
[35/100] bcsstk18       n=11948    Auto→hash   m3=  0.527 Auto=  0.373 Ocean=  0.461 HSMU=        spECK=  0.186 nsp=    DNF opSp=   0.83 (4.1s)
[36/100] bcsstk19       n=817      Auto→merge3 m3=  0.137 Auto=  0.139 Ocean=  0.347 HSMU=        spECK=  0.087 nsp=    DNF opSp=  0.588 (4.0s)
[37/100] bcsstk20       n=485      Auto→merge3 m3=  0.171 Auto=  0.128 Ocean=  0.224 HSMU=        spECK=  0.079 nsp=    DNF opSp=  0.584 (4.0s)
[38/100] bcsstk21       n=3600     Auto→merge3 m3=  0.184 Auto=  0.193 Ocean=  0.227 HSMU=        spECK=  0.092 nsp=    DNF opSp=  0.611 (4.0s)
[39/100] bcsstk22       n=138      Auto→merge3 m3=  0.132 Auto=  0.111 Ocean=  0.174 HSMU=        spECK=  0.078 nsp=    DNF opSp=  0.572 (3.8s)
[40/100] bcsstk23       n=3134     Auto→merge3 m3=  0.246 Auto=  0.243 Ocean=  0.331 HSMU=        spECK=  0.114 nsp=    DNF opSp=  0.889 (3.9s)
[41/100] bcsstk24       n=3562     Auto→hash   m3=  0.452 Auto=  0.336 Ocean=  0.591 HSMU=        spECK=  0.211 nsp=    DNF opSp=  1.116 (4.1s)
[42/100] bcsstk25       n=15439    Auto→hash   m3=  0.731 Auto=  0.431 Ocean=  0.397 HSMU=        spECK=  0.367 nsp=    DNF opSp=  1.158 (4.2s)
[43/100] bcsstk26       n=1922     Auto→merge3 m3=   0.19 Auto=   0.19 Ocean=  0.381 HSMU=        spECK=  0.102 nsp=    DNF opSp=  0.645 (3.9s)
[44/100] bcsstk27       n=1224     Auto→hash   m3=  0.311 Auto=  0.454 Ocean=  0.487 HSMU=        spECK=  0.113 nsp=    DNF opSp=  0.902 (4.0s)
[45/100] bcsstk28       n=4410     Auto→hash   m3=  0.649 Auto=  0.434 Ocean=  0.694 HSMU=        spECK=  0.313 nsp=    DNF opSp=  1.194 (4.2s)
[46/100] bcsstk29       n=13992    