对比 100 阵 × ['merge3', 'Auto'] + Ocean + HSMU + spECK → compare/method_cmp_20260724_094758/methods_cmp.csv

[1/100] 1138_bus       n=1138     Auto→merge3 m3=    0.1 Auto=  0.101 Ocean=  0.256 HSMU=  0.305 spECK=  0.088 (4.1s)
[2/100] 494_bus        n=494      Auto→merge3 m3=  0.081 Auto=  0.081 Ocean=  0.175 HSMU=  0.283 spECK=  0.069 (3.9s)
[3/100] 662_bus        n=662      Auto→merge3 m3=  0.087 Auto=  0.086 Ocean=  0.222 HSMU=    0.3 spECK=  0.086 (3.9s)
[4/100] 685_bus        n=685      Auto→merge3 m3=  0.103 Auto=  0.089 Ocean=  0.208 HSMU=  0.292 spECK=  0.085 (3.8s)
[5/100] arc130         n=130      Auto→hash   m3=  0.141 Auto=   0.24 Ocean=  0.366 HSMU=  0.339 spECK=  0.082 (3.9s)
[6/100] ash292         n=292      Auto→merge3 m3=  0.118 Auto=  0.099 Ocean=  0.216 HSMU=  0.312 spECK=  0.069 (3.9s)
[7/100] ash85          n=85       Auto→merge3 m3=  0.081 Auto=   0.08 Ocean=  0.205 HSMU=  0.312 spECK=  0.085 (3.9s)
[8/100] bcspwr01       n=39       Auto→merge3 m3=  0.075 Auto=  0.074 Ocean=  0.196 HSMU=   0.29 spECK=  0.081 (3.9s)
[9/100] bcspwr02       n=49       Auto→merge3 m3=  0.075 Auto=  0.069 Ocean=  0.184 HSMU=  0.278 spECK=  0.078 (3.9s)
[10/100] bcspwr03       n=118      Auto→merge3 m3=  0.077 Auto=  0.075 Ocean=  0.216 HSMU=  0.316 spECK=  0.083 (3.9s)
[11/100] bcspwr04       n=274      Auto→merge3 m3=  0.124 Auto=  0.105 Ocean=  0.221 HSMU=  0.323 spECK=  0.084 (3.9s)
[12/100] bcspwr05       n=443      Auto→merge3 m3=  0.088 Auto=  0.083 Ocean=  0.217 HSMU=  0.308 spECK=  0.086 (3.8s)
[13/100] bcspwr06       n=1454     Auto→merge3 m3=   0.11 Auto=   0.11 Ocean=  0.219 HSMU=  0.315 spECK=  0.088 (3.9s)
[14/100] bcspwr07       n=1612     Auto→merge3 m3=  0.124 Auto=  0.117 Ocean=  0.225 HSMU=  0.309 spECK=  0.086 (3.9s)
[15/100] bcspwr08       n=1624     Auto→merge3 m3=  0.126 Auto=  0.119 Ocean=  0.213 HSMU=  0.296 spECK=  0.083 (3.9s)
[16/100] bcspwr09       n=1723     Auto→merge3 m3=  0.093 Auto=  0.102 Ocean=  0.226 HSMU=   0.31 spECK=  0.087 (3.9s)
[17/100] bcspwr10       n=5300     Auto→merge3 m3=  0.133 Auto=  0.134 Ocean=  0.193 HSMU=  0.882 spECK=  0.098 (3.9s)
[18/100] bcsstk01       n=48       Auto→merge3 m3=  0.072 Auto=  0.074 Ocean=  0.291 HSMU=  0.284 spECK=  0.083 (3.9s)
[19/100] bcsstk02       n=66       Auto→hash   m3=  0.099 Auto=  0.242 Ocean=  0.842 HSMU=  0.671 spECK=  0.084 (3.9s)
[20/100] bcsstk03       n=112      Auto→merge3 m3=  0.072 Auto=  0.072 Ocean=  0.175 HSMU=  0.293 spECK=  0.075 (3.9s)
[21/100] bcsstk04       n=132      Auto→merge3 m3=  0.128 Auto=  0.113 Ocean=  0.453 HSMU=  0.317 spECK=  0.084 (3.9s)
[22/100] bcsstk05       n=153      Auto→merge3 m3=  0.104 Auto=  0.104 Ocean=   0.31 HSMU=  0.328 spECK=  0.083 (3.9s)
[23/100] bcsstk06       n=420      Auto→merge3 m3=  0.148 Auto=  0.121 Ocean=  0.337 HSMU=  0.348 spECK=  0.088 (3.9s)
[24/100] bcsstk07       n=420      Auto→merge3 m3=  0.121 Auto=  0.124 Ocean=  0.347 HSMU=   0.35 spECK=  0.089 (3.9s)
[25/100] bcsstk08       n=1074     Auto→hash   m3=   0.89 Auto=  0.526 Ocean=  0.432 HSMU=  0.809 spECK=  0.165 (3.9s)
[26/100] bcsstk09       n=1083     Auto→merge3 m3=  0.141 Auto=  0.146 Ocean=  0.342 HSMU=  0.336 spECK=  0.091 (3.9s)
[27/100] bcsstk10       n=1086     Auto→merge3 m3=  0.161 Auto=  0.161 Ocean=  0.451 HSMU=  0.364 spECK=  0.091 (4.0s)
[28/100] bcsstk11       n=1473     Auto→merge3 m3=  0.191 Auto=  0.175 Ocean=  0.554 HSMU=  0.525 spECK=  0.089 (4.0s)
[29/100] bcsstk12       n=1473     Auto→merge3 m3=   0.17 Auto=   0.17 Ocean=  0.552 HSMU=  0.522 spECK=  0.094 (4.0s)
[30/100] bcsstk13       n=2003     Auto→hash   m3=  0.766 Auto=  0.701 Ocean=  0.645 HSMU=  0.915 spECK=  0.196 (4.1s)
[31/100] bcsstk14       n=1806     Auto→hash   m3=  0.338 Auto=  0.437 Ocean=  0.553 HSMU=  0.529 spECK=  0.109 (4.1s)
[32/100] bcsstk15       n=3948     Auto→hash   m3=  0.485 Auto=  0.289 Ocean=  0.436 HSMU=  0.712 spECK=  0.179 (4.1s)
[33/100] bcsstk16       n=4884     Auto→hash   m3=  1.514 Auto=  0.506 Ocean=  0.842 HSMU=   1.43 spECK=  0.366 (4.4s)
[34/100] bcsstk17       n=10974    Auto→hash   m3=  1.516 Auto=  0.595 Ocean=  0.833 HSMU=  1.744 spECK=  0.464 (4.6s)
[35/100] bcsstk18       n=11948    Auto→hash   m3=  0.584 Auto=  0.428 Ocean=  0.461 HSMU=  1.263 spECK=  0.189 (4.2s)
[36/100] bcsstk19       n=817      Auto→merge3 m3=  0.095 Auto=  0.096 Ocean=  0.349 HSMU=  0.326 spECK=   0.08 (3.9s)
[37/100] bcsstk20       n=485      Auto→merge3 m3=  0.094 Auto=  0.086 Ocean=  0.207 HSMU=  0.319 spECK=  0.083 (3.9s)
[38/100] bcsstk21       n=3600     Auto→merge3 m3=  0.158 Auto=  0.161 Ocean=  0.213 HSMU=  0.415 spECK=  0.093 (4.1s)
[39/100] bcsstk22       n=138      Auto→merge3 m3=   0.08 Auto=  0.082 Ocean=  0.216 HSMU=  0.292 spECK=  0.085 (3.9s)
[40/100] bcsstk23       n=3134     Auto→merge3 m3=  0.242 Auto=  0.236 Ocean=  0.364 HSMU=  0.516 spECK=  0.119 (3.9s)
[41/100] bcsstk24       n=3562     Auto→hash   m3=  0.591 Auto=   0.35 Ocean=  0.682 HSMU=  0.966 spECK=  0.208 (4.2s)
[42/100] bcsstk25       n=15439    Auto→hash   m3=  0.882 Auto=  0.464 Ocean=  0.511 HSMU=  1.483 spECK=  0.255 (4.4s)
[43/100] bcsstk26       n=1922     Auto→merge3 m3=  0.208 Auto=  0.168 Ocean=  0.388 HSMU=  0.541 spECK=    0.1 (4.0s)
[44/100] bcsstk27       n=1224     Auto→hash   m3=  0.339 Auto=  0.383 Ocean=   0.55 HSMU=  1.081 spECK=  0.114 (4.0s)
[45/100] bcsstk28       n=4410     Auto→hash   m3=  0.775 Auto=   0.41 Ocean=  0.752 HSMU=  1.353 spECK=  0.285 (4.2s)
[46/100] bcsstk29       n=13992    Auto→hash   m3=  1.736 Auto=  0.723 Ocean=  0.985 HSMU=   1.76 spECK=  0.681 (4.5s)
[47/100] bcsstk30       n=28924    Auto→hash   m3= 15.641 Auto=  2.403 Ocean=  2.429 HSMU=  4.764 spECK=  2.903 (5.6s)
[48/100] bcsstk31       n=35588    Auto→hash   m3=  3.943 Auto=  1.164 Ocean=  1.287 HSMU=  2.776 spECK=  1.047 (5.1s)
[49/100] bcsstk32       n=44609    Auto→hash   m3=  6.801 Auto=  1.726 Ocean=  1.808 HSMU=  3.777 spECK=   1.93 (6.0s)
[50/100] bcsstk33       n=8738     Auto→hash   m3=  3.601 Auto=  0.798 Ocean=   1.57 HSMU=  1.992 spECK=  0.842 (4.5s)
[51/100] bcsstm01       n=48       Auto→merge3 m3=  0.068 Auto=  0.066 Ocean=  0.164 HSMU=   0.28 spECK=  0.067 (3.9s)
[52/100] bcsstm02       n=66       Auto→merge3 m3=  0.068 Auto=  0.062 Ocean=  0.168 HSMU=  0.289 spECK=  0.067 (3.9s)
[53/100] bcsstm03       n=112      Auto→merge3 m3=  0.081 Auto=  0.063 Ocean=  0.155 HSMU=  0.272 spECK=  0.071 (3.9s)
[54/100] bcsstm04       n=132      Auto→merge3 m3=   0.07 Auto=  0.066 Ocean=  0.176 HSMU=  0.283 spECK=  0.072 (3.9s)
[55/100] bcsstm05       n=153      Auto→merge3 m3=  0.072 Auto=  0.067 Ocean=  0.157 HSMU=  0.209 spECK=  0.072 (3.9s)
[56/100] bcsstm06       n=420      Auto→merge3 m3=  0.065 Auto=   0.06 Ocean=  0.157 HSMU=  0.278 spECK=  0.077 (3.8s)
[57/100] bcsstm07       n=420      Auto→merge3 m3=  0.119 Auto=  0.119 Ocean=  0.342 HSMU=  0.338 spECK=  0.088 (4.0s)
[58/100] bcsstm08       n=1074     Auto→merge3 m3=  0.073 Auto=  0.073 Ocean=  0.177 HSMU=   0.29 spECK=  0.079 (3.9s)
[59/100] bcsstm09       n=1083     Auto→merge3 m3=  0.072 Auto=  0.069 Ocean=  0.161 HSMU=  0.278 spECK=   0.08 (3.9s)
[60/100] bcsstm10       n=1086     Auto→merge3 m3=   0.16 Auto=  0.168 Ocean=  0.502 HSMU=  0.357 spECK=  0.083 (4.0s)
[61/100] bcsstm11       n=1473     Auto→merge3 m3=   0.07 Auto=  0.073 Ocean=  0.176 HSMU=  0.291 spECK=  0.079 (3.9s)
[62/100] bcsstm12       n=1473     Auto→merge3 m3=  0.136 Auto=  0.135 Ocean=  0.364 HSMU=  0.344 spECK=  0.091 (3.9s)
[63/100] bcsstm13       n=2003     Auto→hash   m3=  0.316 Auto=  0.338 Ocean=  0.424 HSMU=  0.574 spECK=   0.12 (3.9s)
[64/100] bcsstm19       n=817      Auto→merge3 m3=  0.079 Auto=  0.072 Ocean=  0.163 HSMU=  0.287 spECK=  0.077 (3.9s)
[65/100] bcsstm20       n=485      Auto→merge3 m3=  0.072 Auto=  0.079 Ocean=  0.173 HSMU=  0.287 spECK=  0.066 (3.8s)
[66/100] bcsstm21       n=3600     Auto→merge3 m3=  0.089 Auto=  0.094 Ocean=  0.176 HSMU=  0.465 spECK=  0.085 (3.9s)
[67/100] bcsstm22       n=138      Auto→merge3 m3=  0.063 Auto=  0.064 Ocean=   0.16 HSMU=  0.278 spECK=  0.075 (3.8s)
[68/100] bcsstm23       n=3134     Auto→merge3 m3=  0.088 Auto=  0.092 Ocean=  0.175 HSMU=  0.472 spECK=  0.078 (3.9s)
[69/100] bcsstm24       n=3562     Auto→merge3 m3=  0.082 Auto=  0.105 Ocean=  0.165 HSMU=  0.468 spECK=  0.078 (3.9s)
[70/100] bcsstm25       n=15439    Auto→merge3 m3=  0.163 Auto=  0.162 Ocean=  0.174 HSMU=  0.462 spECK=  0.104 (4.0s)
[71/100] bcsstm26       n=1922     Auto→merge3 m3=  0.079 Auto=   0.09 Ocean=  0.177 HSMU=  0.233 spECK=  0.077 (3.8s)
[72/100] bcsstm27       n=1224     Auto→hash   m3=  0.316 Auto=  0.375 Ocean=  0.491 HSMU=  0.559 spECK=  0.107 (3.9s)
[73/100] blckhole       n=2132     Auto→merge3 m3=   0.14 Auto=  0.145 Ocean=  0.211 HSMU=  0.498 spECK=  0.086 (3.8s)
[74/100] bp_0           n=822      Auto→hash   m3=  0.556 Auto=  0.307 Ocean=  0.232 HSMU=  0.438 spECK=   0.11 (3.8s)
[75/100] bp_1000        n=822      Auto→hash   m3=  0.594 Auto=  0.354 Ocean=  0.258 HSMU=  0.496 spECK=  0.136 (3.9s)
[76/100] bp_1200        n=822      Auto→hash   m3=  0.605 Auto=  0.393 Ocean=  0.258 HSMU=  0.475 spECK=  0.129 (3.9s)
[77/100] bp_1400        n=822      Auto→hash   m3=  0.586 Auto=   0.38 Ocean=  0.247 HSMU=  0.472 spECK=   0.13 (3.9s)
[78/100] bp_1600        n=822      Auto→hash   m3=  0.594 Auto=  0.361 Ocean=  0.256 HSMU=  0.466 spECK=  0.176 (3.9s)
[79/100] bp_200         n=822      Auto→hash   m3=  0.551 Auto=   0.32 Ocean=  0.251 HSMU=  0.458 spECK=   0.12 (3.8s)
[80/100] bp_400         n=822      Auto→hash   m3=  0.616 Auto=  0.348 Ocean=   0.24 HSMU=  0.398 spECK=  0.122 (3.8s)
[81/100] bp_600         n=822      Auto→hash   m3=  0.591 Auto=   0.33 Ocean=  0.254 HSMU=  0.457 spECK=  0.127 (3.9s)
[82/100] bp_800         n=822      Auto→hash   m3=  0.616 Auto=  0.369 Ocean=  0.259 HSMU=  0.456 spECK=  0.119 (3.9s)
[83/100] can_1054       n=1054     Auto→merge3 m3=  0.141 Auto=  0.149 Ocean=  0.361 HSMU=  0.346 spECK=  0.089 (3.9s)
[84/100] can_1072       n=1072     Auto→merge3 m3=   0.15 Auto=  0.162 Ocean=   0.33 HSMU=  0.327 spECK=  0.093 (3.9s)
[85/100] can_144        n=144      Auto→merge3 m3=  0.092 Auto=  0.081 Ocean=  0.294 HSMU=  0.302 spECK=  0.089 (3.9s)
[86/100] can_161        n=161      Auto→merge3 m3=  0.095 Auto=  0.109 Ocean=  0.294 HSMU=  0.327 spECK=  0.087 (3.9s)
[87/100] can_187        n=187      Auto→merge3 m3=  0.078 Auto=  0.079 Ocean=  0.326 HSMU=  0.297 spECK=  0.085 (3.9s)
[88/100] can_229        n=229      Auto→merge3 m3=  0.119 Auto=  0.136 Ocean=  0.292 HSMU=  0.294 spECK=  0.087 (3.9s)
[89/100] can_24         n=24       Auto→merge3 m3=  0.075 Auto=  0.077 Ocean=    0.2 HSMU=  0.296 spECK=  0.082 (3.8s)
[90/100] can_256        n=256      Auto→merge3 m3=   0.18 Auto=  0.169 Ocean=  0.349 HSMU=  0.345 spECK=  0.085 (3.9s)
[91/100] can_268        n=268      Auto→merge3 m3=  0.127 Auto=  0.126 Ocean=   0.35 HSMU=   0.33 spECK=  0.087 (3.9s)
[92/100] can_292        n=292      Auto→merge3 m3=  0.102 Auto=  0.112 Ocean=  0.344 HSMU=  0.325 spECK=  0.082 (3.9s)
[93/100] can_445        n=445      Auto→merge3 m3=  0.101 Auto=  0.113 Ocean=  0.301 HSMU=  0.301 spECK=  0.081 (3.9s)
[94/100] can_61         n=61       Auto→merge3 m3=  0.088 Auto=  0.082 Ocean=  0.297 HSMU=  0.304 spECK=   0.08 (3.8s)
[95/100] can_62         n=62       Auto→merge3 m3=  0.096 Auto=  0.072 Ocean=  0.187 HSMU=  0.284 spECK=  0.079 (3.9s)
[96/100] can_634        n=634      Auto→merge3 m3=  0.126 Auto=  0.125 Ocean=  0.359 HSMU=  0.329 spECK=  0.087 (3.9s)
[97/100] can_715        n=715      Auto→hash   m3=  0.335 Auto=  0.268 Ocean=  0.415 HSMU=  0.366 spECK=  0.094 (3.9s)
[98/100] can_73         n=73       Auto→merge3 m3=  0.094 Auto=   0.08 Ocean=  0.207 HSMU=  0.226 spECK=  0.084 (3.9s)
[99/100] can_838        n=838      Auto→merge3 m3=  0.119 Auto=  0.127 Ocean=  0.363 HSMU=  0.341 spECK=  0.082 (3.9s)
[100/100] can_96         n=96       Auto→merge3 m3=  0.074 Auto=  0.074 Ocean=  0.298 HSMU=  0.275 spECK=  0.082 (3.9s)

完成 → compare/method_cmp_20260724_094758/methods_cmp.csv

=== 几何均值(ms) ===
  merge3      0.186
  Auto        0.158
  Ocean       0.308
  HSMU        0.437
  spECK       0.111

=== Auto 选择(共 100 阵)===  hash 30 / merge3 70
  选 hash 的:arc130, bcsstk02, bcsstk08, bcsstk13, bcsstk14, bcsstk15, bcsstk16, bcsstk17, bcsstk18, bcsstk24, bcsstk25, bcsstk27, bcsstk28, bcsstk29, bcsstk30, bcsstk31, bcsstk32, bcsstk33, bcsstm13, bcsstm27, bp_0, bp_1000, bp_1200, bp_1400, bp_1600, bp_200, bp_400, bp_600, bp_800, can_715
