对比 100 阵 × ['merge3', 'Auto'] + Ocean + HSMU → compare/method_cmp_20260723_212546/methods_cmp.csv

[1/100] 1138_bus       n=1138     Auto→merge3 m3=  0.123 Auto=  0.123 Ocean=  0.226 HSMU=  0.347 (2.7s)
[2/100] 494_bus        n=494      Auto→merge3 m3=  0.103 Auto=  0.092 Ocean=  0.217 HSMU=  0.336 (2.7s)
[3/100] 662_bus        n=662      Auto→merge3 m3=  0.127 Auto=  0.104 Ocean=  0.224 HSMU=  0.337 (2.7s)
[4/100] 685_bus        n=685      Auto→merge3 m3=  0.119 Auto=   0.13 Ocean=  0.226 HSMU=  0.346 (2.7s)
[5/100] arc130         n=130      Auto→hash   m3=   0.15 Auto=  0.282 Ocean=  0.383 HSMU=  0.445 (2.7s)
[6/100] ash292         n=292      Auto→merge3 m3=  0.123 Auto=   0.11 Ocean=  0.232 HSMU=  0.349 (2.6s)
[7/100] ash85          n=85       Auto→merge3 m3=  0.093 Auto=  0.109 Ocean=  0.235 HSMU=  0.316 (2.6s)
[8/100] bcspwr01       n=39       Auto→merge3 m3=  0.095 Auto=  0.089 Ocean=  0.199 HSMU=  0.313 (2.7s)
[9/100] bcspwr02       n=49       Auto→merge3 m3=  0.091 Auto=  0.094 Ocean=  0.201 HSMU=  0.336 (2.7s)
[10/100] bcspwr03       n=118      Auto→merge3 m3=   0.09 Auto=  0.102 Ocean=  0.214 HSMU=  0.317 (2.7s)
[11/100] bcspwr04       n=274      Auto→merge3 m3=  0.106 Auto=  0.146 Ocean=  0.228 HSMU=  0.354 (2.7s)
[12/100] bcspwr05       n=443      Auto→merge3 m3=  0.098 Auto=  0.089 Ocean=  0.251 HSMU=  0.331 (2.6s)
[13/100] bcspwr06       n=1454     Auto→merge3 m3=  0.125 Auto=  0.122 Ocean=  0.237 HSMU=  0.366 (2.7s)
[14/100] bcspwr07       n=1612     Auto→merge3 m3=  0.134 Auto=   0.14 Ocean=  0.222 HSMU=  0.355 (2.6s)
[15/100] bcspwr08       n=1624     Auto→merge3 m3=  0.124 Auto=  0.132 Ocean=  0.247 HSMU=  0.346 (2.7s)
[16/100] bcspwr09       n=1723     Auto→merge3 m3=  0.107 Auto=  0.118 Ocean=  0.237 HSMU=  0.362 (2.7s)
[17/100] bcspwr10       n=5300     Auto→merge3 m3=  0.147 Auto=   0.15 Ocean=  0.241 HSMU=  1.136 (2.7s)
[18/100] bcsstk01       n=48       Auto→merge3 m3=  0.099 Auto=  0.114 Ocean=  0.328 HSMU=  0.327 (2.7s)
[19/100] bcsstk02       n=66       Auto→hash   m3=  0.114 Auto=  0.275 Ocean=   0.88 HSMU=  0.729 (2.7s)
[20/100] bcsstk03       n=112      Auto→merge3 m3=  0.098 Auto=  0.084 Ocean=   0.19 HSMU=  0.323 (2.7s)
[21/100] bcsstk04       n=132      Auto→merge3 m3=  0.131 Auto=  0.135 Ocean=  0.564 HSMU=  0.445 (2.7s)
[22/100] bcsstk05       n=153      