对比 100 阵 × ['merge3', 'Auto'] + Ocean + HSMU + spECK → compare/method_cmp_20260724_145121/methods_cmp.csv

[1/100] 1138_bus       n=1138     Auto→merge3 m3=  0.164 Auto=  0.177 Ocean=  0.221 HSMU=  0.313 spECK=  0.088 nsp=        opSp=  0.777 (4.7s)
[2/100] 494_bus        n=494      Auto→merge3 m3=  0.126 Auto=   0.15 Ocean=  0.213 HSMU=  0.297 spECK=  0.082 nsp=        opSp=  0.721 (4.6s)
[3/100] 662_bus        n=662      Auto→merge3 m3=  0.127 Auto=  0.126 Ocean=  0.202 HSMU=  0.293 spECK=  0.081 nsp=        opSp=  0.715 (4.6s)
[4/100] 685_bus        n=685      Auto→merge3 m3=  0.129 Auto=  0.137 Ocean=  0.203 HSMU=  0.303 spECK=   0.08 nsp=        opSp=  0.713 (4.6s)
[5/100] arc130         n=130      Auto→hash   m3=  0.145 Auto=  0.229 Ocean=  0.374 HSMU=  0.412 spECK=  0.086 nsp=        opSp=  1.056 (4.6s)
[6/100] ash292         n=292      Auto→merge3 m3=  0.129 Auto=  0.132 Ocean=  0.199 HSMU=  0.291 spECK=  0.078 nsp=        opSp=  0.743 (4.5s)
[7/100] ash85          n=85       Auto→merge3 m3=  0.112 Auto=  0.126 Ocean=  0.209 HSMU=   0.29 spECK=  0.079 nsp=        opSp=  0.707 (4.6s)
[8/100] bcspwr01       n=39       Auto→merge3 m3=   0.13 Auto=  0.124 Ocean=  0.182 HSMU=  0.213 spECK=  0.077 nsp=        opSp=  0.541 (4.6s)
[9/100] bcspwr02       n=49       Auto→merge3 m3=  0.113 Auto=  0.138 Ocean=  0.201 HSMU=  0.273 spECK=  0.076 nsp=        opSp=  0.683 (4.6s)
[10/100] bcspwr03       n=118      Auto→merge3 m3=  0.112 Auto=  0.111 Ocean=  0.201 HSMU=  0.296 spECK=  0.081 nsp=        opSp=  0.648 (4.5s)
[11/100] bcspwr04       n=274      Auto→merge3 m3=   0.13 Auto=  0.129 Ocean=  0.217 HSMU=   0.31 spECK=  0.081 nsp=        opSp=  0.576 (4.6s)
[12/100] bcspwr05       n=443      Auto→merge3 m3=  0.112 Auto=  0.124 Ocean=  0.218 HSMU=  0.385 spECK=  0.086 nsp=        opSp=  0.582 (4.6s)
[13/100] bcspwr06       n=1454     Auto→merge3 m3=  0.144 Auto=  0.151 Ocean=  0.222 HSMU=  0.314 spECK=  0.081 nsp=        opSp=  0.597 (4.5s)
[14/100] bcspwr07       n=1612     Auto→merge3 m3=  0.145 Auto=  0.154 Ocean=  0.208 HSMU=  0.318 spECK=  0.087 nsp=        opSp=  0.717 (4.5s)
[15/100] bcspwr08       n=1624     Auto→merge3 m3=  0.153 Auto=  0.145 Ocean=  0.208 HSMU=  0.295 spECK=  0.081 nsp=        opSp=  0.707 (4.6s)
[16/100] bcspwr09       n=1723     Auto→merge3 m3=  0.141 Auto=  0.142 Ocean=  0.188 HSMU=  0.298 spECK=  0.084 nsp=        opSp=  1.091 (4.6s)
[17/100] bcspwr10       n=5300     Auto→merge3 m3=  0.181 Auto=  0.195 Ocean=  0.235 HSMU=  0.916 spECK=  0.098 nsp=        opSp=  1.375 (4.7s)
[18/100] bcsstk01       n=48       Auto→merge3 m3=  0.109 Auto=  0.118 Ocean=  0.321 HSMU=  0.294 spECK=  0.084 nsp=        opSp=  0.632 (4.5s)
[19/100] bcsstk02       n=66       Auto→hash   m3=  0.142 Auto=  0.266 Ocean=  0.846 HSMU=  0.657 spECK=  0.085 nsp=        opSp=  0.622 (4.6s)
[20/100] bcsstk03       n=112      Auto→merge3 m3=   0.11 Auto=  0.111 Ocean=  0.161 HSMU=  0.296 spECK=  0.075 nsp=        opSp=  0.745 (4.6s)
[21/100] bcsstk04       n=132      Auto→merge3 m3=  0.158 Auto=  0.167 Ocean=  0.509 HSMU=  0.375 spECK=  0.084 nsp=        opSp=  0.733 (4.6s)
[22/100] bcsstk05       n=153      Auto→merge3 m3=  0.132 Auto=  0.153 Ocean=  0.345 HSMU=   0.32 spECK=  0.087 nsp=        opSp=  0.584 (4.5s)
[23/100] bcsstk06       n=420      Auto→merge3 m3=  0.155 Auto=  0.155 Ocean=  0.341 HSMU=  0.343 spECK=  0.089 nsp=        opSp=  0.589 (4.5s)
[24/100] bcsstk07       n=420      Auto→merge3 m3=  0.166 Auto=  0.154 Ocean=   0.34 HSMU=  0.362 spECK=  0.089 nsp=        opSp=  0.592 (4.6s)
[25/100] bcsstk08       n=1074     Auto→hash   m3=  0.855 Auto=  0.573 Ocean=  0.423 HSMU=  0.795 spECK=  0.135 nsp=        opSp=  0.918 (4.5s)
[26/100] bcsstk09       n=1083     Auto→merge3 m3=  0.178 Auto=  0.175 Ocean=  0.304 HSMU=  0.328 spECK=  0.084 nsp=        opSp=  0.573 (4.6s)
[27/100] bcsstk10       n=1086     Auto→merge3 m3=  0.177 Auto=  0.179 Ocean=    0.5 HSMU=   0.37 spECK=  0.087 nsp=        opSp=  0.591 (4.7s)
[28/100] bcsstk11       n=1473     Auto→merge3 m3=  0.201 Auto=  0.218 Ocean=  0.552 HSMU=  0.545 spECK=  0.097 nsp=        opSp=  0.483 (4.6s)
[29/100] bcsstk12       n=1473     Auto→merge3 m3=  0.195 Auto=  0.217 Ocean=  0.552 HSMU=  0.528 spECK=  0.102 nsp=        opSp=  1.052 (4.7s)
[30/100] bcsstk13       n=2003     Auto→hash   m3=  0.614 Auto=  0.844 Ocean=  0.708 HSMU=   0.96 spECK=  0.188 nsp=        opSp=  0.852 (4.8s)
[31/100] bcsstk14       n=1806     Auto→hash   m3=   0.32 Auto=  0.474 Ocean=  0.592 HSMU=  0.526 spECK=  0.116 nsp=        opSp=  0.928 (4.7s)
[32/100] bcsstk15       n=3948     Auto→hash   m3=  0.396 Auto=  0.321 Ocean=  0.436 HSMU=  0.684 spECK=   0.17 nsp=        opSp=  0.842 (4.8s)
[33/100] bcsstk16       n=4884     Auto→hash   m3=  1.193 Auto=  0.533 Ocean=   0.84 HSMU=   1.45 spECK=    0.4 nsp=        opSp=  1.032 (5.1s)
[34/100] bcsstk17       n=10974    Auto→hash   m3=  1.239 Auto=  0.648 Ocean=  0.818 HSMU=  1.769 spECK=  0.519 nsp=        opSp=  1.398 (5.3s)
[35/100] bcsstk18       n=11948    Auto→hash   m3=  0.534 Auto=  0.425 Ocean=  0.466 HSMU=  1.286 spECK=  0.186 nsp=        opSp=  0.846 (4.8s)
[36/100] bcsstk19       n=817      Auto→merge3 m3=  0.137 Auto=   0.14 Ocean=  0.349 HSMU=  0.308 spECK=  0.081 nsp=        opSp=  0.757 (4.7s)
[37/100] bcsstk20       n=485      Auto→merge3 m3=  0.129 Auto=  0.127 Ocean=  0.209 HSMU=  0.242 spECK=  0.079 nsp=        opSp=   0.59 (4.5s)
[38/100] bcsstk21       n=3600     Auto→merge3 m3=  0.187 Auto=  0.185 Ocean=  0.211 HSMU=  0.424 spECK=  0.088 nsp=        opSp=  0.707 (4.6s)
[39/100] bcsstk22       n=138      Auto→merge3 m3=   0.11 Auto=  0.118 Ocean=  0.198 HSMU=   0.29 spECK=   0.08 nsp=        opSp=  0.694 (4.5s)
[40/100] bcsstk23       n=3134     Auto→merge3 m3=  0.252 Auto=  0.246 Ocean=   0.37 HSMU=  0.526 spECK=   0.12 nsp=        opSp=   0.71 (4.7s)
[41/100] bcsstk24       n=3562     Auto→hash   m3=  0.451 Auto=  0.366 Ocean=  0.607 HSMU=  0.935 spECK=  0.201 nsp=        opSp=  0.847 (4.9s)
[42/100] bcsstk25       n=15439    Auto→hash   m3=  0.743 Auto=  0.469 Ocean=  0.415 HSMU=  1.465 spECK=  0.338 nsp=        opSp=  1.716 (5.1s)
[43/100] bcsstk26       n=1922     Auto→merge3 m3=  0.198 Auto=  0.196 Ocean=  0.346 HSMU=  0.509 spECK=  0.099 nsp=        opSp=  0.718 (4.6s)
[44/100] bcsstk27       n=1224     Auto→hash   m3=  0.358 Auto=  0.462 Ocean=  0.547 HSMU=  0.647 spECK=  0.118 nsp=        opSp=  0.984 (4.8s)
[45/100] bcsstk28       n=4410     Auto→hash   m3=  0.656 Auto=   0.43 Ocean=  0.677 HSMU=  1.558 spECK=  0.314 nsp=        opSp=  1.054 (5.1s)
[46/100] bcsstk29       n=13992    Auto→hash   m3=  1.402 Auto=  0.767 Ocean=  1.032 HSMU=  1.764 spECK=  0.694 nsp=        opSp=   1.41 (5.3s)
[47/100] bcsstk30       n=28924    Auto→hash   m3=  11.29 Auto=  2.703 Ocean=  2.354 HSMU=  4.636 spECK=  3.292 nsp=        opSp=  3.251 (6.8s)
[48/100] bcsstk31       n=35588    Auto→hash   m3=  3.065 Auto=  1.247 Ocean=    1.3 HSMU=  2.802 spECK=  1.176 nsp=        opSp=  2.074 (5.8s)
[49/100] bcsstk32       n=44609    Auto→hash   m3=   5.58 Auto=  1.924 Ocean=  1.799 HSMU=  3.676 spECK=  2.103 nsp=        opSp=  3.126 (6.6s)
[50/100] bcsstk33       n=8738     Auto→hash   m3=  2.726 Auto=  0.898 Ocean=  1.578 HSMU=  1.936 spECK=  0.872 nsp=        opSp=  1.397 (5.2s)
[51/100] bcsstm01       n=48       Auto→merge3 m3=  0.114 Auto=  0.113 Ocean=  0.172 HSMU=  0.281 spECK=  0.066 nsp=        opSp=  1.229 (4.6s)
[52/100] bcsstm02       n=66       Auto→merge3 m3=  0.111 Auto=  0.116 Ocean=  0.173 HSMU=  0.291 spECK=  0.069 nsp=        opSp=  1.531 (4.5s)
[53/100] bcsstm03       n=112      Auto→merge3 m3=  0.181 Auto=  0.111 Ocean=  0.174 HSMU=   0.28 spECK=  0.073 nsp=        opSp=  1.616 (4.6s)
[54/100] bcsstm04       n=132      Auto→merge3 m3=  0.111 Auto=  0.114 Ocean=  0.177 HSMU=    0.3 spECK=  0.071 nsp=        opSp=  1.228 (4.5s)
[55/100] bcsstm05       n=153      Auto→merge3 m3=  0.113 Auto=  0.121 Ocean=  0.175 HSMU=  0.289 spECK=  0.071 nsp=        opSp=  1.021 (4.5s)
[56/100] bcsstm06       n=420      Auto→merge3 m3=  0.116 Auto=  0.119 Ocean=  0.174 HSMU=  0.298 spECK=  0.078 nsp=        opSp=  1.052 (4.6s)
[57/100] bcsstm07       n=420      Auto→merge3 m3=  0.155 Auto=  0.158 Ocean=   0.34 HSMU=  0.347 spECK=  0.088 nsp=        opSp=  0.716 (4.6s)
[58/100] bcsstm08       n=1074     Auto→merge3 m3=  0.136 Auto=  0.122 Ocean=  0.177 HSMU=  0.307 spECK=  0.082 nsp=        opSp=  0.708 (4.6s)
[59/100] bcsstm09       n=1083     Auto→merge3 m3=  0.121 Auto=  0.128 Ocean=   0.18 HSMU=  0.305 spECK=  0.076 nsp=        opSp=  1.406 (4.5s)
[60/100] bcsstm10       n=1086     Auto→merge3 m3=  0.209 Auto=  0.192 Ocean=  0.515 HSMU=  0.367 spECK=  0.093 nsp=        opSp=  1.125 (4.6s)
[61/100] bcsstm11       n=1473     Auto→merge3 m3=  0.174 Auto=  0.124 Ocean=  0.175 HSMU=  0.306 spECK=  0.077 nsp=        opSp=  0.625 (4.7s)
[62/100] bcsstm12       n=1473     Auto→merge3 m3=  0.176 Auto=  0.186 Ocean=  0.367 HSMU=  0.336 spECK=  0.093 nsp=        opSp=  0.891 (4.7s)
[63/100] bcsstm13       n=2003     Auto→hash   m3=  0.308 Auto=  0.368 Ocean=  0.454 HSMU=  0.581 spECK=   0.13 nsp=        opSp=  0.998 (4.6s)
[64/100] bcsstm19       n=817      Auto→merge3 m3=  0.116 Auto=   0.12 Ocean=  0.177 HSMU=  0.284 spECK=  0.077 nsp=        opSp=  1.107 (4.6s)
[65/100] bcsstm20       n=485      Auto→merge3 m3=  0.124 Auto=  0.158 Ocean=  0.176 HSMU=  0.287 spECK=  0.075 nsp=        opSp=   1.56 (4.5s)
[66/100] bcsstm21       n=3600     Auto→merge3 m3=  0.159 Auto=  0.148 Ocean=  0.179 HSMU=  0.473 spECK=  0.086 nsp=        opSp=  0.996 (4.5s)
[67/100] bcsstm22       n=138      Auto→merge3 m3=   0.12 Auto=  0.111 Ocean=  0.175 HSMU=  0.277 spECK=  0.071 nsp=        opSp=  1.618 (4.6s)
[68/100] bcsstm23       n=3134     Auto→merge3 m3=  0.135 Auto=  0.133 Ocean=  0.165 HSMU=  0.447 spECK=  0.087 nsp=        opSp=  0.717 (4.5s)
[69/100] bcsstm24       n=3562     Auto→merge3 m3=  0.145 Auto=   0.15 Ocean=  0.176 HSMU=  0.497 spECK=  0.086 nsp=        opSp=  1.613 (4.5s)
[70/100] bcsstm25       n=15439    Auto→merge3 m3=  0.271 Auto=  0.267 Ocean=  0.189 HSMU=  0.497 spECK=  0.104 nsp=        opSp=  0.758 (4.6s)
[71/100] bcsstm26       n=1922     Auto→merge3 m3=   0.13 Auto=  0.132 Ocean=  0.178 HSMU=  0.298 spECK=  0.078 nsp=        opSp=   0.76 (4.5s)
[72/100] bcsstm27       n=1224     Auto→hash   m3=  0.313 Auto=  0.445 Ocean=  0.555 HSMU=  0.671 spECK=  0.119 nsp=        opSp=  0.875 (4.7s)
[73/100] blckhole       n=2132     Auto→merge3 m3=  0.192 Auto=  0.187 Ocean=  0.228 HSMU=  0.475 spECK=  0.094 nsp=        opSp=  0.906 (4.6s)
[74/100] bp_0           n=822      Auto→hash   m3=  0.399 Auto=  0.323 Ocean=  0.247 HSMU=  0.442 spECK=  0.117 nsp=        opSp=  0.867 (4.5s)
[75/100] bp_1000        n=822      Auto→hash   m3=  0.453 Auto=  0.383 Ocean=  0.259 HSMU=  0.494 spECK=  0.138 nsp=        opSp=  0.665 (4.6s)
[76/100] bp_1200        n=822      Auto→hash   m3=  0.439 Auto=  0.397 Ocean=  0.264 HSMU=  0.489 spECK=   0.13 nsp=        opSp=  0.802 (4.6s)
[77/100] bp_1400        n=822      Auto→hash   m3=  0.441 Auto=  0.399 Ocean=  0.263 HSMU=  0.476 spECK=  0.139 nsp=        opSp=    0.8 (4.6s)
[78/100] bp_1600        n=822      Auto→hash   m3=   0.44 Auto=  0.391 Ocean=  0.289 HSMU=  0.491 spECK=  0.172 nsp=        opSp=   1.73 (4.6s)
[79/100] bp_200         n=822      Auto→hash   m3=  0.414 Auto=  0.351 Ocean=  0.258 HSMU=  0.458 spECK=  0.122 nsp=        opSp=  1.026 (4.6s)
[80/100] bp_400         n=822      Auto→hash   m3=  0.456 Auto=  0.376 Ocean=  0.258 HSMU=  0.474 spECK=  0.128 nsp=        opSp=  0.971 (4.6s)
[81/100] bp_600         n=822      Auto→hash   m3=  0.447 Auto=   0.38 Ocean=   0.26 HSMU=  0.477 spECK=  0.141 nsp=        opSp=  1.517 (4.5s)
[82/100] bp_800         n=822      Auto→hash   m3=  0.464 Auto=  0.386 Ocean=   0.27 HSMU=  0.484 spECK=  0.126 nsp=        opSp=  1.785 (4.6s)
[83/100] can_1054       n=1054     Auto→merge3 m3=  0.201 Auto=  0.173 Ocean=  0.367 HSMU=  0.339 spECK=  0.095 nsp=        opSp=  0.875 (4.6s)
[84/100] can_1072       n=1072     Auto→merge3 m3=  0.216 Auto=  0.179 Ocean=  0.367 HSMU=  0.433 spECK=  0.096 nsp=        opSp=   1.53 (4.6s)
[85/100] can_144        n=144      Auto→merge3 m3=  0.131 Auto=  0.126 Ocean=   0.33 HSMU=  0.316 spECK=  0.084 nsp=        opSp=  1.027 (4.6s)
[86/100] can_161        n=161      Auto→merge3 m3=  0.133 Auto=  0.133 Ocean=  0.336 HSMU=  0.313 spECK=  0.085 nsp=        opSp=  0.998 (4.5s)
[87/100] can_187        n=187      Auto→merge3 m3=  0.115 Auto=  0.112 Ocean=  0.301 HSMU=   0.29 spECK=  0.069 nsp=        opSp=  0.474 (4.6s)
[88/100] can_229        n=229      Auto→merge3 m3=  0.132 Auto=  0.145 Ocean=  0.299 HSMU=  0.311 spECK=  0.084 nsp=        opSp=  0.584 (4.6s)
[89/100] can_24         n=24       Auto→merge3 m3=  0.115 Auto=  0.125 Ocean=  0.204 HSMU=  0.284 spECK=  0.082 nsp=        opSp=  0.875 (4.5s)
[90/100] can_256        n=256      Auto→merge3 m3=  0.177 Auto=  0.183 Ocean=  0.429 HSMU=  0.694 spECK=  0.088 nsp=        opSp=  0.992 (4.6s)
[91/100] can_268        n=268      Auto→merge3 m3=  0.153 Auto=  0.155 Ocean=  0.345 HSMU=  0.347 spECK=  0.094 nsp=        opSp=  0.743 (4.6s)
[92/100] can_292        n=292      Auto→merge3 m3=   0.14 Auto=   0.14 Ocean=  0.347 HSMU=  0.321 spECK=  0.087 nsp=        opSp=  0.969 (4.6s)
[93/100] can_445        n=445      Auto→merge3 m3=  0.136 Auto=  0.134 Ocean=  0.337 HSMU=  0.308 spECK=  0.088 nsp=        opSp=  0.847 (4.5s)
[94/100] can_61         n=61       Auto→merge3 m3=  0.138 Auto=  0.126 Ocean=  0.334 HSMU=   0.31 spECK=  0.081 nsp=        opSp=  0.677 (4.5s)
[95/100] can_62         n=62       Auto→merge3 m3=  0.132 Auto=  0.119 Ocean=  0.202 HSMU=  0.288 spECK=  0.081 nsp=        opSp=  1.587 (4.5s)
[96/100] can_634        n=634      Auto→merge3 m3=  0.148 Auto=  0.158 Ocean=  0.366 HSMU=  0.338 spECK=  0.088 nsp=        opSp=  1.072 (4.5s)
[97/100] can_715        n=715      Auto→hash   m3=  0.284 Auto=  0.278 Ocean=  0.386 HSMU=  0.373 spECK=  0.095 nsp=        opSp=  1.093 (4.6s)
[98/100] can_73         n=73       Auto→merge3 m3=  0.143 Auto=  0.121 Ocean=  0.207 HSMU=  0.291 spECK=  0.085 nsp=        opSp=  1.802 (4.6s)
[99/100] can_838        n=838      Auto→merge3 m3=  0.145 Auto=  0.156 Ocean=   0.36 HSMU=  0.335 spECK=   0.09 nsp=        opSp=    1.1 (4.6s)
[100/100] can_96         n=96       Auto→merge3 m3=  0.139 Auto=  0.115 Ocean=  0.326 HSMU=  0.301 spECK=  0.083 nsp=        opSp=   1.26 (4.5s)

完成 → compare/method_cmp_20260724_145121/methods_cmp.csv

=== 几何均值(ms) ===
  merge3      0.225
  Auto        0.209
  Ocean       0.314
  HSMU        0.448
  spECK       0.113
  opSparse    0.929

=== Auto 选择(共 100 阵)===  hash 30 / merge3 70
  选 hash 的:arc130, bcsstk02, bcsstk08, bcsstk13, bcsstk14, bcsstk15, bcsstk16, bcsstk17, bcsstk18, bcsstk24, bcsstk25, bcsstk27, bcsstk28, bcsstk29, bcsstk30, bcsstk31, bcsstk32, bcsstk33, bcsstm13, bcsstm27, bp_0, bp_1000, bp_1200, bp_1400, bp_1600, bp_200, bp_400, bp_600, bp_800, can_715

=== Auto vs Ocean:赢 85 / 输 15,几何均值(Auto/Ocean) 0.665× ===
  name                   n       C_nnz     Ocean      Auto    ratio
  bp_1400              822       23154     0.263     0.399    1.52×
  bp_1200              822       22313     0.264     0.397    1.50×
  bp_1000              822       21373     0.259     0.383    1.48×
  bp_600               822       16464     0.260     0.380    1.46×
  bp_400               822       15238     0.258     0.376    1.46×
  bp_800               822       20224     0.270     0.386    1.43×
  bcsstm25           15439       15439     0.189     0.267    1.41×
  bp_200               822       13197     0.258     0.351    1.36×
  bcsstk08            1074      305612     0.423     0.573    1.35×
  bp_1600              822       23625     0.289     0.391    1.35×
  bp_0                 822        9384     0.247     0.323    1.31×
  bcsstk13            2003      396773     0.708     0.844    1.19×
  bcsstk30           28924     8946070     2.354     2.703    1.15×
  bcsstk25           15439     1168919     0.415     0.469    1.13×
  bcsstk32           44609     6819653     1.799     1.924    1.07×

=== Auto vs opSparse:赢 100 / 输 0,几何均值(Auto/opSparse) 0.225× ===
  name                   n       C_nnz  opSparse      Auto    ratio

=== Auto vs HSMU:赢 100 / 输 0,几何均值(Auto/HSMU) 0.467× ===
  name                   n       C_nnz      HSMU      Auto    ratio
