对比 100 阵 × ['cu', 'serial', 'merge3', 'Auto'] + Ocean + HSMU → compare/method_cmp_20260722_120453/methods_cmp.csv

[1/100] 1138_bus       n=1138     Auto→merge3 cu=  0.641 serial=  0.321 m3=  0.175 Auto=  0.286 Ocean=  0.222 HSMU=  0.342 (5.2s)
[2/100] 494_bus        n=494      Auto→merge3 cu=  0.612 serial=  0.282 m3=  0.163 Auto=  0.289 Ocean=  0.229 HSMU=  0.322 (5.1s)
[3/100] 662_bus        n=662      Auto→merge3 cu=  0.516 serial=  0.262 m3=  0.162 Auto=  0.285 Ocean=  0.222 HSMU=  0.321 (5.0s)
[4/100] 685_bus        n=685      Auto→merge3 cu=  0.664 serial=  0.511 m3=  0.313 Auto=  0.154 Ocean=  0.226 HSMU=   0.33 (5.1s)
[5/100] arc130         n=130      Auto→merge3 cu=  0.647 serial=  1.633 m3=  0.347 Auto=  0.339 Ocean=  0.395 HSMU=  0.468 (5.1s)
[6/100] ash292         n=292      Auto→merge3 cu=  0.459 serial=  0.295 m3=  0.214 Auto=  0.308 Ocean=  0.219 HSMU=  0.356 (5.1s)
[7/100] ash85          n=85       Auto→merge3 cu=  0.608 serial=  0.267 m3=  0.139 Auto=  0.291 Ocean=  0.216 HSMU=  0.352 (5.1s)
[8/100] bcspwr01       n=39       Auto→merge3 cu=  0.603 serial=  0.435 m3=  0.279 Auto=  0.286 Ocean=  0.193 HSMU=  0.319 (5.1s)
[9/100] bcspwr02       n=49       Auto→merge3 cu=  0.633 serial=  0.231 m3=  0.136 Auto=  0.264 Ocean=  0.208 HSMU=  0.314 (5.1s)
[10/100] bcspwr03       n=118      Auto→merge3 cu=   0.61 serial=  0.256 m3=  0.302 Auto=  0.275 Ocean=  0.226 HSMU=  0.326 (5.1s)
[11/100] bcspwr04       n=274      Auto→merge3 cu=  0.625 serial=  0.559 m3=  0.254 Auto=   0.15 Ocean=  0.224 HSMU=  0.336 (5.1s)
[12/100] bcspwr05       n=443      Auto→merge3 cu=  0.449 serial=  0.256 m3=  0.256 Auto=  0.146 Ocean=  0.229 HSMU=  0.311 (5.1s)
[13/100] bcspwr06       n=1454     Auto→merge3 cu=  0.657 serial=  0.517 m3=  0.331 Auto=  0.327 Ocean=  0.239 HSMU=  0.335 (5.2s)
[14/100] bcspwr07       n=1612     Auto→merge3 cu=  0.602 serial=  0.552 m3=  0.257 Auto=  0.188 Ocean=  0.234 HSMU=  0.352 (5.1s)
[15/100] bcspwr08       n=1624     Auto→merge3 cu=  0.438 serial=  0.517 m3=  0.198 Auto=  0.195 Ocean=  0.221 HSMU=  0.335 (5.1s)
[16/100] bcspwr09       n=1723     Auto→merge3 cu=   0.65 serial=  0.308 m3=  0.193 Auto=  0.317 Ocean=  0.255 HSMU=  0.348 (5.1s)
[17/100] bcspwr10       n=5300     Auto→merge3 cu=  0.756 serial=  0.805 m3=  0.353 Auto=  0.352 Ocean=   0.25 HSMU=  1.052 (5.2s)
[18/100] bcsstk01       n=48       Auto→merge3 cu=  0.641 serial=  0.276 m3=  0.186 Auto=  0.141 Ocean=  0.337 HSMU=  0.337 (5.2s)
[19/100] bcsstk02       n=66       Auto→merge3 cu=  0.719 serial=  2.337 m3=  0.313 Auto=  0.328 Ocean=  0.848 HSMU=  0.715 (5.1s)
[20/100] bcsstk03       n=112      Auto→merge3 cu=  0.595 serial=   0.44 m3=  0.142 Auto=  0.137 Ocean=  0.188 HSMU=   0.34 (5.1s)
[21/100] bcsstk04       n=132      Auto→merge3 cu=  0.742 serial=  1.565 m3=  0.317 Auto=  0.186 Ocean=  0.509 HSMU=  0.411 (5.1s)
[22/100] bcsstk05       n=153      Auto→merge3 cu=  0.614 serial=  0.647 m3=  0.311 Auto=  0.321 Ocean=  0.364 HSMU=  0.364 (5.1s)
[23/100] bcsstk06       n=420      Auto→merge3 cu=  0.764 serial=  0.734 m3=   0.33 Auto=  0.197 Ocean=   0.35 HSMU=  0.376 (5.1s)
[24/100] bcsstk07       n=420      Auto→merge3 cu=   0.74 serial=  0.926 m3=  0.339 Auto=  0.201 Ocean=  0.338 HSMU=  0.392 (5.1s)
[25/100] bcsstk08       n=1074     Auto→hash   cu=  1.012 serial= 22.008 m3=   1.36 Auto=  2.537 Ocean=  0.453 HSMU=  0.955 (5.2s)
[26/100] bcsstk09       n=1083     Auto→merge3 cu=  0.766 serial=  1.323 m3=  0.223 Auto=  0.356 Ocean=   0.37 HSMU=  0.363 (5.2s)
[27/100] bcsstk10       n=1086     Auto→merge3 cu=  0.599 serial=   1.32 m3=  0.359 Auto=  0.385 Ocean=   0.54 HSMU=  0.387 (5.1s)
[28/100] bcsstk11       n=1473     Auto→merge3 cu=  0.976 serial=  1.548 m3=  0.373 Auto=  0.254 Ocean=  0.566 HSMU=  0.629 (5.2s)
[29/100] bcsstk12       n=1473     Auto→merge3 cu=  0.926 serial=  1.593 m3=  0.371 Auto=   0.37 Ocean=  0.574 HSMU=  0.668 (5.2s)
[30/100] bcsstk13       n=2003     Auto→merge3 cu=  1.497 serial=  7.315 m3=  1.203 Auto=   1.31 Ocean=  0.733 HSMU=  1.129 (5.3s)
[31/100] bcsstk14       n=1806     Auto→merge3 cu=  1.257 serial=  2.638 m3=  0.805 Auto=  0.663 Ocean=  0.592 HSMU=  0.586 (5.3s)
[32/100] bcsstk15       n=3948     Auto→merge3 cu=  1.713 serial=  3.237 m3=  0.896 Auto=  1.063 Ocean=  0.453 HSMU=  0.819 (5.4s)
[33/100] bcsstk16       n=4884     Auto→merge3 cu=  2.537 serial= 10.021 m3=  2.313 Auto=  2.303 Ocean=  0.873 HSMU=  1.526 (5.9s)
[34/100] bcsstk17       n=10974    Auto→hash   cu=  3.329 serial= 11.169 m3=  2.332 Auto=  3.112 Ocean=  0.853 HSMU=  1.795 (6.3s)
[35/100] bcsstk18       n=11948    Auto→hash   cu=  1.511 serial=   3.29 m3=  1.166 Auto=  2.457 Ocean=  0.476 HSMU=  1.323 (5.6s)
[36/100] bcsstk19       n=817      Auto→merge3 cu=  0.655 serial=  0.486 m3=  0.154 Auto=  0.298 Ocean=  0.365 HSMU=  0.327 (5.1s)
[37/100] bcsstk20       n=485      Auto→merge3 cu=  0.624 serial=  0.507 m3=  0.153 Auto=  0.288 Ocean=  0.221 HSMU=   0.35 (5.1s)
[38/100] bcsstk21       n=3600     Auto→merge3 cu=  0.736 serial=  0.855 m3=  0.215 Auto=  0.219 Ocean=  0.238 HSMU=  0.488 (5.2s)
[39/100] bcsstk22       n=138      Auto→merge3 cu=  0.631 serial=   0.23 m3=  0.284 Auto=  0.288 Ocean=  0.221 HSMU=  0.326 (5.1s)
[40/100] bcsstk23       n=3134     Auto→merge3 cu=  1.066 serial=  2.067 m3=  0.689 Auto=  0.688 Ocean=  0.372 HSMU=   0.63 (5.2s)
[41/100] bcsstk24       n=3562     Auto→merge3 cu=  1.791 serial=   4.16 m3=   1.04 Auto=  1.059 Ocean=  0.645 HSMU=  1.152 (5.5s)
[42/100] bcsstk25       n=15439    Auto→hash   cu=  1.851 serial=  4.687 m3=  1.679 Auto=  2.714 Ocean=  0.475 HSMU=   1.63 (5.8s)
[43/100] bcsstk26       n=1922     Auto→merge3 cu=  0.922 serial=   1.64 m3=  0.238 Auto=  0.377 Ocean=  0.384 HSMU=  0.657 (5.2s)
[44/100] bcsstk27       n=1224     Auto→merge3 cu=  1.144 serial=   2.87 m3=  0.633 Auto=  0.528 Ocean=  0.568 HSMU=  0.768 (5.3s)
[45/100] bcsstk28       n=4410     Auto→merge3 cu=   2.13 serial=   6.32 m3=  1.365 Auto=   1.37 Ocean=  0.737 HSMU=   1.47 (5.7s)
[46/100] bcsstk29       n=13992    Auto→hash   cu=  4.219 serial= 10.876 m3=  2.605 Auto=  3.552 Ocean=  0.993 HSMU=  1.862 (6.0s)
[47/100] bcsstk30       n=28924    Auto→hash   cu= 11.084 serial= 91.082 m3= 17.126 Auto= 12.631 Ocean=  2.534 HSMU=  5.054 (8.3s)
[48/100] bcsstk31       n=35588    Auto→hash   cu=  6.558 serial= 21.953 m3=  5.251 Auto=  5.894 Ocean=  1.383 HSMU=  2.858 (6.8s)
[49/100] bcsstk32       n=44609    Auto→hash   cu= 10.365 serial= 39.296 m3=  8.403 Auto=  8.286 Ocean=  1.914 HSMU=   3.91 (8.0s)
[50/100] bcsstk33       n=8738     Auto→hash   cu=  4.042 serial= 22.341 m3=  4.572 Auto=  3.922 Ocean=  1.631 HSMU=  2.057 (6.0s)
[51/100] bcsstm01       n=48       Auto→merge3 cu=  0.636 serial=  0.465 m3=  0.276 Auto=  0.264 Ocean=  0.204 HSMU=  0.316 (5.0s)
[52/100] bcsstm02       n=66       Auto→merge3 cu=  0.377 serial=  0.428 m3=  0.284 Auto=  0.126 Ocean=  0.171 HSMU=  0.312 (5.1s)
[53/100] bcsstm03       n=112      Auto→merge3 cu=  0.633 serial=  0.437 m3=  0.238 Auto=  0.261 Ocean=  0.185 HSMU=  0.326 (5.0s)
[54/100] bcsstm04       n=132      Auto→merge3 cu=  0.617 serial=  0.457 m3=  0.272 Auto=  0.268 Ocean=  0.186 HSMU=  0.318 (5.1s)
[55/100] bcsstm05       n=153      Auto→merge3 cu=    0.4 serial=  0.438 m3=  0.273 Auto=  0.263 Ocean=  0.181 HSMU=  0.319 (5.1s)
[56/100] bcsstm06       n=420      Auto→merge3 cu=  0.414 serial=  0.477 m3=  0.126 Auto=  0.279 Ocean=  0.187 HSMU=  0.331 (5.1s)
[57/100] bcsstm07       n=420      Auto→merge3 cu=  0.738 serial=  1.015 m3=  0.196 Auto=  0.341 Ocean=  0.359 HSMU=    0.4 (5.1s)
[58/100] bcsstm08       n=1074     Auto→merge3 cu=  0.623 serial=  0.433 m3=  0.286 Auto=  0.244 Ocean=  0.188 HSMU=  0.337 (5.0s)
[59/100] bcsstm09       n=1083     Auto→merge3 cu=  0.613 serial=  0.423 m3=   0.28 Auto=   0.28 Ocean=  0.187 HSMU=  0.342 (5.0s)
[60/100] bcsstm10       n=1086     Auto→merge3 cu=  0.792 serial=  1.483 m3=  0.378 Auto=  0.385 Ocean=  0.538 HSMU=  0.388 (5.1s)
[61/100] bcsstm11       n=1473     Auto→merge3 cu=  0.437 serial=  0.212 m3=  0.253 Auto=  0.283 Ocean=  0.185 HSMU=  0.322 (5.0s)
[62/100] bcsstm12       n=1473     Auto→merge3 cu=  0.795 serial=  1.193 m3=  0.357 Auto=   0.34 Ocean=  0.391 HSMU=  0.385 (5.1s)
[63/100] bcsstm13       n=2003     Auto→merge3 cu=  0.881 serial=  3.481 m3=  0.396 Auto=  0.399 Ocean=  0.479 HSMU=  0.728 (5.2s)
[64/100] bcsstm19       n=817      Auto→merge3 cu=  0.637 serial=  0.433 m3=  0.275 Auto=  0.271 Ocean=  0.189 HSMU=  0.337 (5.0s)
[65/100] bcsstm20       n=485      Auto→merge3 cu=  0.636 serial=  0.218 m3=  0.129 Auto=  0.133 Ocean=  0.196 HSMU=  0.312 (5.1s)
[66/100] bcsstm21       n=3600     Auto→merge3 cu=   0.52 serial=  0.227 m3=  0.157 Auto=  0.159 Ocean=  0.187 HSMU=  0.612 (5.1s)
[67/100] bcsstm22       n=138      Auto→merge3 cu=  0.397 serial=  0.212 m3=  0.166 Auto=  0.268 Ocean=  0.172 HSMU=  0.313 (5.1s)
[68/100] bcsstm23       n=3134     Auto→merge3 cu=  0.686 serial=  0.218 m3=  0.299 Auto=  0.285 Ocean=  0.189 HSMU=  0.658 (5.1s)
[69/100] bcsstm24       n=3562     Auto→merge3 cu=  0.637 serial=   0.43 m3=  0.286 Auto=  0.294 Ocean=  0.181 HSMU=  0.537 (5.1s)
[70/100] bcsstm25       n=15439    Auto→hash   cu=  0.642 serial=   0.49 m3=  0.247 Auto=  1.556 Ocean=  0.194 HSMU=  0.484 (5.2s)
[71/100] bcsstm26       n=1922     Auto→merge3 cu=  0.633 serial=   0.44 m3=  0.297 Auto=  0.146 Ocean=  0.195 HSMU=  0.347 (5.1s)
[72/100] bcsstm27       n=1224     Auto→merge3 cu=  0.881 serial=  2.888 m3=  0.698 Auto=  0.663 Ocean=   0.55 HSMU=  0.814 (5.3s)
[73/100] blckhole       n=2132     Auto→merge3 cu=  0.752 serial=   0.85 m3=  0.228 Auto=  0.341 Ocean=  0.231 HSMU=  0.625 (5.2s)
[74/100] bp_0           n=822      Auto→hash   cu=  0.662 serial= 11.645 m3=  0.789 Auto=  1.007 Ocean=  0.284 HSMU=  0.496 (5.2s)
[75/100] bp_1000        n=822      Auto→hash   cu=  0.471 serial= 17.969 m3=  0.699 Auto=    1.3 Ocean=  0.264 HSMU=  0.509 (5.2s)
[76/100] bp_1200        n=822      Auto→hash   cu=  0.668 serial= 18.245 m3=  0.859 Auto=  1.234 Ocean=   0.28 HSMU=   0.52 (5.2s)
[77/100] bp_1400        n=822      Auto→hash   cu=  0.653 serial= 18.083 m3=  0.702 Auto=  1.188 Ocean=  0.269 HSMU=  0.516 (5.3s)
[78/100] bp_1600        n=822      Auto→hash   cu=  0.637 serial= 17.738 m3=  0.866 Auto=  1.393 Ocean=  0.292 HSMU=  0.515 (5.2s)
[79/100] bp_200         n=822      Auto→hash   cu=  0.619 serial= 14.347 m3=  0.663 Auto=  1.255 Ocean=   0.26 HSMU=  0.503 (5.2s)
[80/100] bp_400         n=822      Auto→hash   cu=  0.437 serial= 15.696 m3=  0.889 Auto=  1.279 Ocean=  0.273 HSMU=   0.51 (5.2s)
[81/100] bp_600         n=822      Auto→hash   cu=  0.655 serial= 16.792 m3=  0.686 Auto=   1.34 Ocean=  0.276 HSMU=  0.517 (5.3s)
[82/100] bp_800         n=822      Auto→hash   cu=  0.639 serial= 17.391 m3=  0.801 Auto=  1.365 Ocean=  0.264 HSMU=  0.495 (5.2s)
[83/100] can_1054       n=1054     Auto→merge3 cu=  0.559 serial=  1.243 m3=   0.36 Auto=  0.364 Ocean=  0.377 HSMU=  0.375 (5.2s)
[84/100] can_1072       n=1072     Auto→merge3 cu=  0.757 serial=  1.211 m3=  0.386 Auto=   0.22 Ocean=  0.361 HSMU=  0.362 (5.2s)
[85/100] can_144        n=144      Auto→merge3 cu=  0.569 serial=  0.286 m3=  0.293 Auto=  0.147 Ocean=  0.328 HSMU=   0.33 (5.1s)
[86/100] can_161        n=161      Auto→merge3 cu=  0.632 serial=  0.524 m3=  0.164 Auto=  0.168 Ocean=  0.351 HSMU=  0.345 (5.2s)
[87/100] can_187        n=187      Auto→merge3 cu=  0.526 serial=  0.429 m3=  0.141 Auto=  0.269 Ocean=  0.341 HSMU=  0.331 (5.2s)
[88/100] can_229        n=229      Auto→merge3 cu=  0.405 serial=  0.308 m3=   0.17 Auto=  0.175 Ocean=  0.328 HSMU=   0.34 (5.2s)
[89/100] can_24         n=24       Auto→merge3 cu=   0.65 serial=  0.476 m3=  0.269 Auto=  0.136 Ocean=  0.199 HSMU=  0.313 (5.1s)
[90/100] can_256        n=256      Auto→merge3 cu=  0.639 serial=  2.246 m3=  0.227 Auto=  0.233 Ocean=  0.355 HSMU=  0.377 (5.1s)
[91/100] can_268        n=268      Auto→merge3 cu=  0.643 serial=  0.755 m3=  0.341 Auto=  0.332 Ocean=  0.386 HSMU=  0.356 (5.1s)
[92/100] can_292        n=292      Auto→merge3 cu=  0.433 serial=  0.806 m3=  0.304 Auto=   0.16 Ocean=  0.345 HSMU=  0.364 (5.1s)
[93/100] can_445        n=445      Auto→merge3 cu=  0.633 serial=  0.552 m3=  0.296 Auto=  0.164 Ocean=  0.331 HSMU=  0.338 (5.1s)
[94/100] can_61         n=61       Auto→merge3 cu=  0.428 serial=  0.621 m3=  0.284 Auto=  0.277 Ocean=  0.328 HSMU=  0.354 (5.1s)
[95/100] can_62         n=62       Auto→merge3 cu=  0.415 serial=  0.228 m3=  0.287 Auto=  0.124 Ocean=  0.211 HSMU=  0.304 (5.2s)
[96/100] can_634        n=634      Auto→merge3 cu=  0.737 serial=  0.747 m3=  0.326 Auto=  0.279 Ocean=  0.382 HSMU=  0.382 (5.2s)
[97/100] can_715        n=715      Auto→merge3 cu=   0.49 serial=  2.155 m3=  0.415 Auto=  0.561 Ocean=  0.414 HSMU=  0.413 (5.1s)
[98/100] can_73         n=73       Auto→merge3 cu=  0.638 serial=  0.505 m3=  0.292 Auto=  0.288 Ocean=  0.214 HSMU=  0.323 (5.1s)
[99/100] can_838        n=838      Auto→merge3 cu=  0.759 serial=  0.867 m3=  0.184 Auto=  0.186 Ocean=  0.382 HSMU=   0.37 (5.2s)
[100/100] can_96         n=96       Auto→merge3 cu=  0.625 serial=  0.463 m3=  0.285 Auto=  0.274 Ocean=  0.326 HSMU=  0.325 (5.2s)

完成 → compare/method_cmp_20260722_120453/methods_cmp.csv

=== 几何均值(ms) ===
  cu          0.779
  serial      1.237
  merge3      0.395
  Auto        0.426
  Ocean       0.331
  HSMU        0.496

=== Auto 选择(共 100 阵)===  hash 19 / merge3 81
  选 hash 的:bcsstk08, bcsstk17, bcsstk18, bcsstk25, bcsstk29, bcsstk30, bcsstk31, bcsstk32, bcsstk33, bcsstm25, bp_0, bp_1000, bp_1200, bp_1400, bp_1600, bp_200, bp_400, bp_600, bp_800
