对比 100 阵 × ['merge3', 'Auto'] + Ocean + HSMU → compare/method_cmp_20260723_213417/methods_cmp.csv

[1/100] 1138_bus       n=1138     Auto→merge3 m3=  0.132 Auto=  0.121 Ocean=  0.227 HSMU=  0.359 (2.7s)
[2/100] 494_bus        n=494      Auto→merge3 m3=  0.102 Auto=  0.095 Ocean=  0.228 HSMU=  0.347 (2.6s)
[3/100] 662_bus        n=662      Auto→merge3 m3=  0.088 Auto=    0.1 Ocean=  0.226 HSMU=  0.345 (2.6s)
[4/100] 685_bus        n=685      Auto→merge3 m3=  0.126 Auto=  0.105 Ocean=  0.227 HSMU=  0.369 (2.7s)
[5/100] arc130         n=130      Auto→hash   m3=   0.15 Auto=  0.299 Ocean=  0.386 HSMU=  0.447 (2.7s)
[6/100] ash292         n=292      Auto→merge3 m3=  0.129 Auto=   0.13 Ocean=  0.224 HSMU=  0.378 (2.7s)
[7/100] ash85          n=85       Auto→merge3 m3=  0.109 Auto=  0.099 Ocean=  0.207 HSMU=  0.348 (2.7s)
[8/100] bcspwr01       n=39       Auto→merge3 m3=    0.1 Auto=  0.088 Ocean=    0.2 HSMU=   0.33 (2.6s)
[9/100] bcspwr02       n=49       Auto→merge3 m3=  0.093 Auto=  0.091 Ocean=  0.201 HSMU=  0.307 (2.6s)
[10/100] bcspwr03       n=118      Auto→merge3 m3=  0.091 Auto=    0.1 Ocean=   0.21 HSMU=  0.335 (2.7s)
[11/100] bcspwr04       n=274      Auto→merge3 m3=  0.109 Auto=    0.1 Ocean=  0.243 HSMU=  0.327 (2.7s)
[12/100] bcspwr05       n=443      Auto→merge3 m3=  0.102 Auto=    0.1 Ocean=  0.229 HSMU=  0.343 (2.7s)
[13/100] bcspwr06       n=1454     Auto→merge3 m3=  0.126 Auto=   0.13 Ocean=  0.247 HSMU=  0.353 (2.7s)
[14/100] bcspwr07       n=1612     Auto→merge3 m3=   0.14 Auto=  0.126 Ocean=  0.225 HSMU=  0.386 (2.6s)
[15/100] bcspwr08       n=1624     Auto→merge3 m3=   0.14 Auto=  0.137 Ocean=  0.227 HSMU=  0.344 (2.7s)
[16/100] bcspwr09       n=1723     Auto→merge3 m3=  0.115 Auto=  0.114 Ocean=  0.244 HSMU=  0.355 (2.6s)
[17/100] bcspwr10       n=5300     Auto→merge3 m3=  0.147 Auto=   0.16 Ocean=  0.243 HSMU=  1.088 (2.7s)
[18/100] bcsstk01       n=48       Auto→merge3 m3=  0.088 Auto=   0.08 Ocean=  0.328 HSMU=  0.326 (2.7s)
[19/100] bcsstk02       n=66       Auto→hash   m3=  0.117 Auto=  0.258 Ocean=  0.969 HSMU=  0.709 (2.7s)
[20/100] bcsstk03       n=112      Auto→merge3 m3=  0.094 Auto=  0.091 Ocean=   0.18 HSMU=  0.333 (2.7s)
[21/100] bcsstk04       n=132      Auto→merge3 m3=  0.125 Auto=  0.138 Ocean=  0.509 HSMU=  0.412 (2.7s)
[22/100] bcsstk05       n=153      Auto→merge3 m3=   0.13 Auto=  0.132 Ocean=  0.369 HSMU=  0.382 (2.7s)
[23/100] bcsstk06       n=420      Auto→merge3 m3=  0.148 Auto=   0.14 Ocean=  0.381 HSMU=  0.393 (2.7s)
[24/100] bcsstk07       n=420      Auto→merge3 m3=  0.183 Auto=  0.151 Ocean=  0.352 HSMU=  0.395 (2.7s)
[25/100] bcsstk08       n=1074     Auto→hash   m3=  0.928 Auto=  0.572 Ocean=   0.44 HSMU=  0.876 (2.7s)
[26/100] bcsstk09       n=1083     Auto→merge3 m3=  0.153 Auto=  0.173 Ocean=  0.355 HSMU=  0.389 (2.7s)
[27/100] bcsstk10       n=1086     Auto→merge3 m3=  0.184 Auto=  0.186 Ocean=  0.514 HSMU=  0.481 (2.7s)
[28/100] bcsstk11       n=1473     Auto→merge3 m3=   0.19 Auto=  0.204 Ocean=  0.579 HSMU=  0.664 (2.7s)
[29/100] bcsstk12       n=1473     Auto→merge3 m3=    0.2 Auto=    0.2 Ocean=   0.57 HSMU=  0.709 (2.8s)
[30/100] bcsstk13       n=2003     Auto→hash   m3=  0.814 Auto=  0.727 Ocean=  0.752 HSMU=  1.189 (2.8s)
[31/100] bcsstk14       n=1806     Auto→hash   m3=  0.375 Auto=   0.45 Ocean=  0.682 HSMU=  0.643 (2.8s)
[32/100] bcsstk15       n=3948     Auto→hash   m3=  0.517 Auto=  0.356 Ocean=  0.451 HSMU=  0.846 (3.0s)
[33/100] bcsstk16       n=4884     Auto→hash   m3=  1.566 Auto=  0.561 Ocean=  0.955 HSMU=  1.609 (3.2s)
[34/100] bcsstk17       n=10974    Auto→hash   m3=  1.582 Auto=  0.646 Ocean=  0.864 HSMU=  1.892 (3.5s)
[35/100] bcsstk18       n=11948    Auto→hash   m3=  0.626 Auto=  0.479 Ocean=  0.464 HSMU=  1.374 (3.0s)
[36/100] bcsstk19       n=817      Auto→merge3 m3=  0.111 Auto=  0.106 Ocean=  0.371 HSMU=   0.36 (2.7s)
[37/100] bcsstk20       n=485      Auto→merge3 m3=  0.116 Auto=  0.123 Ocean=  0.225 HSMU=  0.359 (2.7s)
[38/100] bcsstk21       n=3600     Auto→merge3 m3=  0.154 Auto=  0.166 Ocean=  0.226 HSMU=  0.503 (2.7s)
[39/100] bcsstk22       n=138      Auto→merge3 m3=  0.088 Auto=  0.085 Ocean=  0.221 HSMU=  0.313 (2.7s)
[40/100] bcsstk23       n=3134     Auto→merge3 m3=  0.262 Auto=   0.26 Ocean=  0.371 HSMU=  0.656 (2.7s)
[41/100] bcsstk24       n=3562     Auto→hash   m3=  0.551 Auto=  0.389 Ocean=  0.756 HSMU=  1.181 (3.0s)
[42/100] bcsstk25       n=15439    Auto→hash   m3=  0.935 Auto=  0.536 Ocean=  0.492 HSMU=  1.704 (3.1s)
[43/100] bcsstk26       n=1922     Auto→merge3 m3=  0.192 Auto=    0.2 Ocean=  0.383 HSMU=  0.709 (2.7s)
[44/100] bcsstk27       n=1224     Auto→hash   m3=  0.363 Auto=  0.417 Ocean=  0.568 HSMU=  0.795 (2.8s)
[45/100] bcsstk28       n=4410     Auto→hash   m3=  0.845 Auto=  0.444 Ocean=  0.786 HSMU=  1.491 (3.1s)
[46/100] bcsstk29       n=13992    Auto→hash   m3=  1.816 Auto=  0.835 Ocean=   1.04 HSMU=  1.957 (3.3s)
[47/100] bcsstk30       n=28924    Auto→hash   m3= 15.768 Auto=   2.66 Ocean=   2.55 HSMU=  5.084 (4.8s)
[48/100] bcsstk31       n=35588    Auto→hash   m3=  4.063 Auto=  1.291 Ocean=  1.366 HSMU=  2.922 (3.8s)
[49/100] bcsstk32       n=44609    Auto→hash   m3=   6.85 Auto=  1.873 Ocean=  1.908 HSMU=  4.004 (4.7s)
[50/100] bcsstk33       n=8738     Auto→hash   m3=  3.738 Auto=  0.917 Ocean=  1.674 HSMU=  2.162 (3.3s)
[51/100] bcsstm01       n=48       Auto→merge3 m3=    0.1 Auto=  0.082 Ocean=  0.187 HSMU=  0.345 (2.7s)
[52/100] bcsstm02       n=66       Auto→merge3 m3=  0.092 Auto=  0.116 Ocean=  0.179 HSMU=  0.355 (2.7s)
[53/100] bcsstm03       n=112      Auto→merge3 m3=  0.074 Auto=  0.074 Ocean=  0.185 HSMU=  0.313 (2.6s)
[54/100] bcsstm04       n=132      Auto→merge3 m3=  0.074 Auto=   0.08 Ocean=  0.185 HSMU=  0.315 (2.7s)
[55/100] bcsstm05       n=153      Auto→merge3 m3=  0.093 Auto=  0.081 Ocean=  0.216 HSMU=  0.336 (2.7s)
[56/100] bcsstm06       n=420      Auto→merge3 m3=  0.101 Auto=   0.09 Ocean=  0.206 HSMU=  0.335 (2.6s)
[57/100] bcsstm07       n=420      Auto→merge3 m3=  0.144 Auto=  0.148 Ocean=  0.394 HSMU=  0.399 (2.6s)
[58/100] bcsstm08       n=1074     Auto→merge3 m3=  0.094 Auto=  0.083 Ocean=  0.177 HSMU=  0.346 (2.6s)
[59/100] bcsstm09       n=1083     Auto→merge3 m3=  0.075 Auto=  0.084 Ocean=  0.306 HSMU=  0.317 (2.6s)
[60/100] bcsstm10       n=1086     Auto→merge3 m3=  0.173 Auto=  0.189 Ocean=  0.575 HSMU=  0.436 (2.7s)
[61/100] bcsstm11       n=1473     Auto→merge3 m3=  0.093 Auto=    0.1 Ocean=  0.179 HSMU=  0.347 (2.6s)
[62/100] bcsstm12       n=1473     Auto→merge3 m3=  0.169 Auto=  0.146 Ocean=  0.429 HSMU=  0.392 (2.7s)
[63/100] bcsstm13       n=2003     Auto→hash   m3=  0.339 Auto=  0.408 Ocean=  0.475 HSMU=   0.78 (2.7s)
[64/100] bcsstm19       n=817      Auto→merge3 m3=  0.096 Auto=  0.091 Ocean=  0.177 HSMU=  0.377 (2.7s)
[65/100] bcsstm20       n=485      Auto→merge3 m3=  0.092 Auto=  0.092 Ocean=  0.183 HSMU=  0.311 (2.7s)
[66/100] bcsstm21       n=3600     Auto→merge3 m3=  0.106 Auto=  0.107 Ocean=    0.2 HSMU=  0.547 (2.6s)
[67/100] bcsstm22       n=138      Auto→merge3 m3=  0.076 Auto=  0.075 Ocean=  0.184 HSMU=  0.243 (2.6s)
[68/100] bcsstm23       n=3134     Auto→merge3 m3=  0.099 Auto=  0.102 Ocean=   0.19 HSMU=  0.635 (2.7s)
[69/100] bcsstm24       n=3562     Auto→merge3 m3=  0.111 Auto=  0.119 Ocean=  0.194 HSMU=  0.616 (2.6s)
[70/100] bcsstm25       n=15439    Auto→merge3 m3=   0.19 Auto=  0.189 Ocean=  0.276 HSMU=  0.542 (2.7s)
[71/100] bcsstm26       n=1922     Auto→merge3 m3=  0.091 Auto=    0.1 Ocean=  0.209 HSMU=  0.393 (2.7s)
[72/100] bcsstm27       n=1224     Auto→hash   m3=  0.354 Auto=  0.451 Ocean=  0.568 HSMU=  0.799 (2.8s)
[73/100] blckhole       n=2132     Auto→merge3 m3=  0.143 Auto=  0.171 Ocean=  0.233 HSMU=  0.666 (2.6s)
[74/100] bp_0           n=822      Auto→hash   m3=  0.566 Auto=  0.341 Ocean=   0.28 HSMU=  0.411 (2.7s)
[75/100] bp_1000        n=822      Auto→hash   m3=  0.638 Auto=  0.438 Ocean=  0.292 HSMU=  0.544 (2.7s)
[76/100] bp_1200        n=822      Auto→hash   m3=   0.64 Auto=  0.428 Ocean=  0.295 HSMU=  0.546 (2.7s)
[77/100] bp_1400        n=822      Auto→hash   m3=  0.621 Auto=  0.405 Ocean=  0.273 HSMU=  0.531 (2.7s)
[78/100] bp_1600        n=822      Auto→hash   m3=  0.629 Auto=  0.448 Ocean=  0.279 HSMU=   0.73 (2.7s)
[79/100] bp_200         n=822      Auto→hash   m3=  0.589 Auto=    0.4 Ocean=  0.285 HSMU=  0.529 (2.7s)
[80/100] bp_400         n=822      Auto→hash   m3=  0.655 Auto=   0.41 Ocean=  0.268 HSMU=  0.509 (2.7s)
[81/100] bp_600         n=822      Auto→hash   m3=  0.626 Auto=  0.427 Ocean=  0.267 HSMU=  0.549 (2.7s)
[82/100] bp_800         n=822      Auto→hash   m3=   0.65 Auto=  0.483 Ocean=   0.28 HSMU=   0.53 (2.8s)
[83/100] can_1054       n=1054     Auto→merge3 m3=  0.158 Auto=  0.133 Ocean=   0.38 HSMU=  0.383 (2.6s)
[84/100] can_1072       n=1072     Auto→merge3 m3=  0.174 Auto=  0.168 Ocean=  0.429 HSMU=  0.306 (2.7s)
[85/100] can_144        n=144      Auto→merge3 m3=   0.11 Auto=  0.099 Ocean=  0.345 HSMU=  0.368 (2.6s)
[86/100] can_161        n=161      Auto→merge3 m3=  0.134 Auto=  0.126 Ocean=   0.34 HSMU=  0.342 (2.7s)
[87/100] can_187        n=187      Auto→merge3 m3=  0.087 Auto=  0.101 Ocean=   0.35 HSMU=  0.342 (2.7s)
[88/100] can_229        n=229      Auto→merge3 m3=  0.127 Auto=  0.136 Ocean=  0.381 HSMU=  0.389 (2.7s)
[89/100] can_24         n=24       Auto→merge3 m3=  0.088 Auto=  0.087 Ocean=  0.231 HSMU=  0.335 (2.6s)
[90/100] can_256        n=256      Auto→merge3 m3=  0.177 Auto=  0.192 Ocean=  0.416 HSMU=  0.407 (2.6s)
[91/100] can_268        n=268      Auto→merge3 m3=  0.125 Auto=  0.145 Ocean=  0.368 HSMU=  0.378 (2.6s)
[92/100] can_292        n=292      Auto→merge3 m3=  0.125 Auto=  0.122 Ocean=  0.406 HSMU=  0.353 (2.7s)
[93/100] can_445        n=445      Auto→merge3 m3=  0.121 Auto=  0.118 Ocean=  0.355 HSMU=  0.377 (2.6s)
[94/100] can_61         n=61       Auto→merge3 m3=  0.096 Auto=  0.097 Ocean=  0.369 HSMU=  0.351 (2.7s)
[95/100] can_62         n=62       Auto→merge3 m3=   0.09 Auto=  0.093 Ocean=  0.223 HSMU=  0.334 (2.6s)
[96/100] can_634        n=634      Auto→merge3 m3=  0.139 Auto=  0.113 Ocean=  0.376 HSMU=  0.367 (2.7s)
[97/100] can_715        n=715      Auto→hash   m3=  0.356 Auto=  0.403 Ocean=  0.406 HSMU=  0.432 (2.6s)
[98/100] can_73         n=73       Auto→merge3 m3=  0.088 Auto=  0.104 Ocean=  0.218 HSMU=  0.343 (2.6s)
[99/100] can_838        n=838      Auto→merge3 m3=  0.152 Auto=  0.124 Ocean=  0.419 HSMU=  0.403 (2.7s)
[100/100] can_96         n=96       Auto→merge3 m3=  0.082 Auto=  0.101 Ocean=  0.379 HSMU=  0.315 (2.6s)

完成 → compare/method_cmp_20260723_213417/methods_cmp.csv

=== 几何均值(ms) ===
  merge3      0.210
  Auto        0.185
  Ocean       0.342
  HSMU        0.513

=== Auto 选择(共 100 阵)===  hash 30 / merge3 70
  选 hash 的:arc130, bcsstk02, bcsstk08, bcsstk13, bcsstk14, bcsstk15, bcsstk16, bcsstk17, bcsstk18, bcsstk24, bcsstk25, bcsstk27, bcsstk28, bcsstk29, bcsstk30, bcsstk31, bcsstk32, bcsstk33, bcsstm13, bcsstm27, bp_0, bp_1000, bp_1200, bp_1400, bp_1600, bp_200, bp_400, bp_600, bp_800, can_715
