对比 100 阵 × ['merge3', 'Auto'] + Ocean + HSMU → compare/method_cmp_20260727_001525/methods_cmp.csv

[1/100] 1138_bus       n=1138     Auto→merge3 m3=  0.135 Auto=   0.15 Ocean=  0.212 HSMU=   0.33 opSp=  0.753 (4.0s)
[2/100] 494_bus        n=494      Auto→merge3 m3=  0.145 Auto=  0.122 Ocean=  0.217 HSMU=  0.288 opSp=  0.671 (3.8s)
[3/100] 662_bus        n=662      Auto→merge3 m3=  0.124 Auto=  0.128 Ocean=  0.212 HSMU=   0.29 opSp=  0.709 (3.9s)
[4/100] 685_bus        n=685      Auto→merge3 m3=  0.147 Auto=  0.121 Ocean=  0.208 HSMU=  0.292 opSp=  0.604 (3.8s)
[5/100] arc130         n=130      Auto→merge3 m3=  0.165 Auto=  0.163 Ocean=  0.353 HSMU=  0.407 opSp=  0.788 (3.9s)
[6/100] ash292         n=292      Auto→merge3 m3=   0.14 Auto=  0.132 Ocean=  0.204 HSMU=  0.303 opSp=  0.678 (3.9s)
[7/100] ash85          n=85       Auto→merge3 m3=  0.111 Auto=  0.114 Ocean=  0.194 HSMU=  0.287 opSp=  0.651 (3.9s)
[8/100] bcspwr01       n=39       Auto→merge3 m3=  0.103 Auto=   0.12 Ocean=   0.18 HSMU=  0.282 opSp=  0.642 (3.9s)
[9/100] bcspwr02       n=49       Auto→merge3 m3=  0.116 Auto=  0.148 Ocean=  0.185 HSMU=  0.281 opSp=  0.764 (3.8s)
[10/100] bcspwr03       n=118      Auto→merge3 m3=  0.118 Auto=  0.123 Ocean=  0.197 HSMU=  0.291 opSp=  0.586 (3.9s)
[11/100] bcspwr04       n=274      Auto→merge3 m3=  0.121 Auto=  0.142 Ocean=  0.209 HSMU=  0.292 opSp=  0.764 (3.8s)
[12/100] bcspwr05       n=443      Auto→merge3 m3=  0.131 Auto=  0.145 Ocean=  0.202 HSMU=  0.289 opSp=  0.575 (3.9s)
[13/100] bcspwr06       n=1454     Auto→merge3 m3=  0.141 Auto=  0.171 Ocean=  0.185 HSMU=  0.293 opSp=  0.581 (3.8s)
[14/100] bcspwr07       n=1612     Auto→merge3 m3=  0.145 Auto=  0.146 Ocean=  0.221 HSMU=  0.378 opSp=  1.086 (3.9s)
[15/100] bcspwr08       n=1624     Auto→merge3 m3=  0.151 Auto=  0.163 Ocean=  0.221 HSMU=  0.315 opSp=  0.754 (3.9s)
[16/100] bcspwr09       n=1723     Auto→merge3 m3=  0.137 Auto=  0.132 Ocean=  0.211 HSMU=  0.309 opSp=  0.569 (3.9s)
[17/100] bcspwr10       n=5300     Auto→merge3 m3=  0.183 Auto=  0.188 Ocean=  0.237 HSMU=  0.915 opSp=  0.726 (3.9s)
[18/100] bcsstk01       n=48       Auto→merge3 m3=   0.11 Auto=  0.113 Ocean=  0.325 HSMU=  0.295 opSp=  0.737 (3.9s)
[19/100] bcsstk02       n=66       Auto→merge3 m3=  0.139 Auto=  0.142 Ocean=  0.788 HSMU=  0.674 opSp=  0.796 (3.9s)
[20/100] bcsstk03       n=112      Auto→merge3 m3=  0.147 Auto=  0.265 Ocean=  0.159 HSMU=  0.225 opSp=  0.828 (3.9s)
[21/100] bcsstk04       n=132      Auto→merge3 m3=  0.145 Auto=  0.141 Ocean=  0.395 HSMU=   0.38 opSp=  0.624 (3.8s)
[22/100] bcsstk05       n=153      Auto→merge3 m3=  0.136 Auto=  0.136 Ocean=   0.35 HSMU=  0.342 opSp=   0.74 (4.0s)
[23/100] bcsstk06       n=420      Auto→merge3 m3=  0.167 Auto=  0.147 Ocean=  0.318 HSMU=  0.341 opSp=  1.017 (3.9s)
[24/100] bcsstk07       n=420      Auto→merge3 m3=  0.158 Auto=  0.145 Ocean=  0.347 HSMU=  0.348 opSp=  0.608 (3.9s)
[25/100] bcsstk08       n=1074     Auto→hash   m3=   0.85 Auto=  0.608 Ocean=  0.404 HSMU=  0.806 opSp=  0.603 (3.9s)
[26/100] bcsstk09       n=1083     Auto→merge3 m3=  0.171 Auto=   0.17 Ocean=  0.314 HSMU=  0.336 opSp=  0.754 (3.9s)
[27/100] bcsstk10       n=1086     Auto→merge3 m3=  0.179 Auto=    0.2 Ocean=  0.452 HSMU=   0.36 opSp=  0.801 (4.0s)
[28/100] bcsstk11       n=1473     Auto→merge3 m3=  0.201 Auto=  0.203 Ocean=  0.553 HSMU=  0.521 opSp=  0.612 (4.0s)
[29/100] bcsstk12       n=1473     Auto→merge3 m3=  0.222 Auto=  0.194 Ocean=  0.491 HSMU=  0.431 opSp=  0.616 (3.9s)
[30/100] bcsstk13       n=2003     Auto→hash   m3=  0.633 Auto=  0.813 Ocean=  0.659 HSMU=  0.746 opSp=  0.857 (4.1s)
[31/100] bcsstk14       n=1806     Auto→merge3 m3=  0.339 Auto=  0.319 Ocean=  0.546 HSMU=  0.536 opSp=  0.967 (4.0s)
[32/100] bcsstk15       n=3948     Auto→hash   m3=  0.407 Auto=  0.306 Ocean=  0.357 HSMU=  0.681 opSp=   0.97 (4.0s)
[33/100] bcsstk16       n=4884     Auto→hash   m3=  1.208 Auto=  0.541 Ocean=  0.781 HSMU=  1.423 opSp=  1.017 (4.4s)
[34/100] bcsstk17       n=10974    Auto→hash   m3=  1.192 Auto=  0.674 Ocean=  0.773 HSMU=   1.72 opSp=  1.091 (4.6s)
[35/100] bcsstk18       n=11948    Auto→hash   m3=  0.514 Auto=  0.379 Ocean=  0.434 HSMU=  1.039 opSp=  0.962 (4.1s)
[36/100] bcsstk19       n=817      Auto→merge3 m3=  0.128 Auto=  0.132 Ocean=  0.269 HSMU=  0.308 opSp=  0.626 (3.9s)
[37/100] bcsstk20       n=485      Auto→merge3 m3=  0.125 Auto=  0.139 Ocean=  0.179 HSMU=  0.315 opSp=  0.872 (3.8s)
[38/100] bcsstk21       n=3600     Auto→merge3 m3=  0.185 Auto=  0.186 Ocean=  0.212 HSMU=  0.315 opSp=  0.605 (3.9s)
[39/100] bcsstk22       n=138      Auto→merge3 m3=  0.131 Auto=  0.108 Ocean=  0.198 HSMU=  0.229 opSp=  0.597 (3.8s)
[40/100] bcsstk23       n=3134     Auto→merge3 m3=  0.248 Auto=  0.257 Ocean=  0.332 HSMU=  0.522 opSp=  0.912 (4.0s)
[41/100] bcsstk24       n=3562     Auto→hash   m3=  0.445 Auto=  0.353 Ocean=  0.619 HSMU=  0.937 opSp=  1.422 (4.1s)
[42/100] bcsstk25       n=15439    Auto→hash   m3=  0.752 Auto=  0.442 Ocean=  0.448 HSMU=  1.483 opSp=  1.153 (4.3s)
[43/100] bcsstk26       n=1922     Auto→merge3 m3=  0.191 Auto=  0.187 Ocean=    0.4 HSMU=  0.511 opSp=  0.794 (4.0s)
[44/100] bcsstk27       n=1224     Auto→merge3 m3=  0.308 Auto=  0.311 Ocean=  0.426 HSMU=  0.655 opSp=  0.757 (4.0s)
[45/100] bcsstk28       n=4410     Auto→hash   m3=  0.615 Auto=  0.396 Ocean=  0.759 HSMU=  1.351 opSp=   1.29 (4.2s)
[46/100] bcsstk29       n=13992    Auto→hash   m3=  1.412 Auto=  0.799 Ocean=  0.845 HSMU=  1.747 opSp=  1.302 (4.5s)
[47/100] bcsstk30       n=28924    Auto→hash   m3= 11.358 Auto=  3.113 Ocean=  2.279 HSMU=  4.478 opSp=  2.954 (5.9s)
[48/100] bcsstk31       n=35588    Auto→hash   m3=   3.09 Auto=  1.344 Ocean=  1.246 HSMU=  2.452 opSp=  2.365 (5.1s)
[49/100] bcsstk32       n=44609    Auto→hash   m3=  5.661 Auto=  2.143 Ocean=  1.749 HSMU=   3.69 opSp=  3.125 (5.8s)
[50/100] bcsstk33       n=8738     Auto→hash   m3=   2.77 Auto=  1.039 Ocean=  1.527 HSMU=  1.889 opSp=  2.009 (4.5s)
[51/100] bcsstm01       n=48       Auto→merge3 m3=  0.096 Auto=  0.116 Ocean=  0.132 HSMU=  0.271 opSp=   1.31 (3.8s)
[52/100] bcsstm02       n=66       Auto→merge3 m3=  0.108 Auto=  0.103 Ocean=  0.154 HSMU=  0.277 opSp=  1.096 (3.9s)
[53/100] bcsstm03       n=112      Auto→merge3 m3=  0.096 Auto=  0.101 Ocean=  0.137 HSMU=   0.27 opSp=  1.072 (3.8s)
[54/100] bcsstm04       n=132      Auto→merge3 m3=  0.141 Auto=  0.105 Ocean=  0.161 HSMU=  0.301 opSp=  1.222 (3.9s)
[55/100] bcsstm05       n=153      Auto→merge3 m3=  0.124 Auto=  0.102 Ocean=   0.14 HSMU=  0.288 opSp=  1.221 (3.8s)
[56/100] bcsstm06       n=420      Auto→merge3 m3=  0.108 Auto=  0.142 Ocean=  0.158 HSMU=  0.285 opSp=  0.869 (3.9s)
[57/100] bcsstm07       n=420      Auto→merge3 m3=  0.144 Auto=  0.131 Ocean=  0.309 HSMU=  0.336 opSp=  1.742 (3.8s)
[58/100] bcsstm08       n=1074     Auto→merge3 m3=  0.114 Auto=  0.143 Ocean=  0.172 HSMU=  0.287 opSp=  0.879 (3.8s)
[59/100] bcsstm09       n=1083     Auto→merge3 m3=   0.11 Auto=  0.138 Ocean=  0.162 HSMU=   0.23 opSp=  0.916 (3.8s)
[60/100] bcsstm10       n=1086     Auto→merge3 m3=  0.179 Auto=  0.183 Ocean=  0.459 HSMU=   0.41 opSp=  0.608 (4.0s)
[61/100] bcsstm11       n=1473     Auto→merge3 m3=  0.126 Auto=  0.126 Ocean=   0.19 HSMU=  0.293 opSp=   1.15 (4.0s)
[62/100] bcsstm12       n=1473     Auto→merge3 m3=  0.181 Auto=  0.191 Ocean=   0.34 HSMU=  0.343 opSp=  1.157 (3.9s)
[63/100] bcsstm13       n=2003     Auto→merge3 m3=  0.288 Auto=  0.299 Ocean=  0.428 HSMU=  0.578 opSp=  0.675 (4.0s)
[64/100] bcsstm19       n=817      Auto→merge3 m3=   0.12 Auto=  0.113 Ocean=  0.161 HSMU=  0.293 opSp=  0.875 (3.8s)
[65/100] bcsstm20       n=485      Auto→merge3 m3=  0.121 Auto=  0.107 Ocean=   0.16 HSMU=  0.221 opSp=   0.91 (3.9s)
[66/100] bcsstm21       n=3600     Auto→merge3 m3=  0.138 Auto=  0.157 Ocean=  0.169 HSMU=  0.479 opSp=  1.408 (3.9s)
[67/100] bcsstm22       n=138      Auto→merge3 m3=  0.127 Auto=  0.102 Ocean=  0.161 HSMU=  0.269 opSp=  0.914 (3.3s)
[68/100] bcsstm23       n=3134     Auto→merge3 m3=  0.134 Auto=  0.133 Ocean=  0.167 HSMU=  0.425 opSp=  1.161 (3.1s)
[69/100] bcsstm24       n=3562     Auto→merge3 m3=  0.125 Auto=  0.136 Ocean=  0.145 HSMU=  0.366 opSp=  1.315 (3.1s)
[70/100] bcsstm25       n=15439    Auto→merge3 m3=   0.28 Auto=  0.268 Ocean=  0.176 HSMU=  0.476 opSp=   1.56 (3.2s)
[71/100] bcsstm26       n=1922     Auto→merge3 m3=  0.124 Auto=  0.124 Ocean=  0.168 HSMU=  0.315 opSp=   1.67 (2.5s)
[72/100] bcsstm27       n=1224     Auto→merge3 m3=   0.31 Auto=   0.31 Ocean=  0.496 HSMU=   0.54 opSp=  1.715 (3.8s)
[73/100] blckhole       n=2132     Auto→merge3 m3=  0.178 Auto=  0.237 Ocean=  0.213 HSMU=  0.469 opSp=  1.209 (3.9s)
[74/100] bp_0           n=822      Auto→hash   m3=  0.397 Auto=  0.319 Ocean=  0.233 HSMU=  0.439 opSp=  1.489 (3.9s)
[75/100] bp_1000        n=822      Auto→hash   m3=   0.44 Auto=  0.369 Ocean=  0.248 HSMU=  0.488 opSp=  1.127 (3.9s)
[76/100] bp_1200        n=822      Auto→hash   m3=  0.436 Auto=  0.376 Ocean=  0.248 HSMU=   0.47 opSp=  1.317 (3.9s)
[77/100] bp_1400        n=822      Auto→hash   m3=   0.43 Auto=  0.385 Ocean=  0.226 HSMU=  0.476 opSp=  0.807 (3.9s)
[78/100] bp_1600        n=822      Auto→hash   m3=  0.437 Auto=  0.381 Ocean=  0.256 HSMU=  0.409 opSp=  1.012 (3.9s)
[79/100] bp_200         n=822      Auto→hash   m3=  0.416 Auto=  0.337 Ocean=  0.216 HSMU=  0.456 opSp=  0.673 (3.8s)
[80/100] bp_400         n=822      Auto→hash   m3=  0.421 Auto=  0.343 Ocean=  0.243 HSMU=  0.403 opSp=  0.996 (3.8s)
[81/100] bp_600         n=822      Auto→hash   m3=  0.433 Auto=  0.346 Ocean=  0.219 HSMU=  0.418 opSp=  1.701 (3.8s)
[82/100] bp_800         n=822      Auto→hash   m3=  0.446 Auto=  0.382 Ocean=  0.245 HSMU=  0.413 opSp=  1.113 (3.8s)
[83/100] can_1054       n=1054     Auto→merge3 m3=  0.167 Auto=  0.193 Ocean=   0.42 HSMU=   0.33 opSp=  0.653 (3.9s)
[84/100] can_1072       n=1072     Auto→merge3 m3=  0.165 Auto=  0.163 Ocean=  0.334 HSMU=  0.348 opSp=  1.413 (3.8s)
[85/100] can_144        n=144      Auto→merge3 m3=  0.113 Auto=  0.124 Ocean=  0.303 HSMU=  0.319 opSp=  1.204 (3.8s)
[86/100] can_161        n=161      Auto→merge3 m3=  0.137 Auto=  0.141 Ocean=  0.302 HSMU=  0.295 opSp=  1.431 (3.9s)
[87/100] can_187        n=187      Auto→merge3 m3=  0.121 Auto=  0.122 Ocean=  0.299 HSMU=  0.288 opSp=   1.58 (3.8s)
[88/100] can_229        n=229      Auto→merge3 m3=  0.169 Auto=  0.144 Ocean=  0.302 HSMU=  0.315 opSp=  0.593 (3.9s)
[89/100] can_24         n=24       Auto→merge3 m3=  0.119 Auto=  0.117 Ocean=  0.163 HSMU=  0.272 opSp=  1.476 (3.9s)
[90/100] can_256        n=256      Auto→merge3 m3=  0.172 Auto=  0.193 Ocean=  0.415 HSMU=  0.349 opSp=  0.813 (3.8s)
[91/100] can_268        n=268      Auto→merge3 m3=  0.172 Auto=  0.149 Ocean=  0.273 HSMU=  0.318 opSp=   0.73 (3.8s)
[92/100] can_292        n=292      Auto→merge3 m3=  0.127 Auto=  0.127 Ocean=  0.318 HSMU=  0.314 opSp=  1.014 (3.8s)
[93/100] can_445        n=445      Auto→merge3 m3=  0.134 Auto=   0.14 Ocean=  0.309 HSMU=   0.24 opSp=  1.451 (3.8s)
[94/100] can_61         n=61       Auto→merge3 m3=  0.136 Auto=  0.123 Ocean=  0.302 HSMU=  0.249 opSp=  1.452 (3.8s)
[95/100] can_62         n=62       Auto→merge3 m3=  0.113 Auto=  0.129 Ocean=  0.199 HSMU=  0.278 opSp=  0.683 (3.8s)
[96/100] can_634        n=634      Auto→merge3 m3=  0.132 Auto=  0.139 Ocean=  0.334 HSMU=  0.317 opSp=  0.602 (3.8s)
[97/100] can_715        n=715      Auto→merge3 m3=  0.271 Auto=  0.272 Ocean=  0.358 HSMU=  0.362 opSp=  0.982 (3.9s)
[98/100] can_73         n=73       Auto→merge3 m3=  0.109 Auto=   0.16 Ocean=  0.199 HSMU=  0.284 opSp=  0.736 (3.8s)
[99/100] can_838        n=838      Auto→merge3 m3=  0.148 Auto=   0.15 Ocean=  0.331 HSMU=  0.327 opSp=  0.975 (3.8s)
[100/100] can_96         n=96       Auto→merge3 m3=   0.12 Auto=  0.113 Ocean=    0.3 HSMU=  0.287 opSp=  0.799 (3.9s)

完成 → compare/method_cmp_20260727_001525/methods_cmp.csv

=== 几何均值(ms) ===
  merge3      0.219
  Auto        0.203
  Ocean       0.294
  HSMU        0.425
  opSparse    0.952

=== Auto 选择(共 100 阵)===  hash 23 / merge3 77
  选 hash 的:bcsstk08, bcsstk13, bcsstk15, bcsstk16, bcsstk17, bcsstk18, bcsstk24, bcsstk25, bcsstk28, bcsstk29, bcsstk30, bcsstk31, bcsstk32, bcsstk33, bp_0, bp_1000, bp_1200, bp_1400, bp_1600, bp_200, bp_400, bp_600, bp_800

=== Auto vs Ocean:赢 83 / 输 17,几何均值(Auto/Ocean) 0.691× ===
  name                   n       C_nnz     Ocean      Auto    ratio
  bp_1400              822       23154     0.226     0.385    1.70×
  bcsstk03             112        1072     0.159     0.265    1.67×
  bp_600               822       16464     0.219     0.346    1.58×
  bp_200               822       13197     0.216     0.337    1.56×
  bp_800               822       20224     0.245     0.382    1.56×
  bcsstm25           15439       15439     0.176     0.268    1.52×
  bp_1200              822       22313     0.248     0.376    1.52×
  bcsstk08            1074      305612     0.404     0.608    1.50×
  bp_1600              822       23625     0.256     0.381    1.49×
  bp_1000              822       21373     0.248     0.369    1.49×
  bp_400               822       15238     0.243     0.343    1.41×
  bp_0                 822        9384     0.233     0.319    1.37×
  bcsstk30           28924     8946070     2.279     3.113    1.37×
  bcsstk13            2003      396773     0.659     0.813    1.23×
  bcsstk32           44609     6819653     1.749     2.143    1.23×
  ... 另有 2 个

=== Auto vs opSparse:赢 98 / 输 2,几何均值(Auto/opSparse) 0.213× ===
  name                   n       C_nnz  opSparse      Auto    ratio
  bcsstk30           28924     8946070     2.954     3.113    1.05×
  bcsstk08            1074      305612     0.603     0.608    1.01×

=== Auto vs HSMU:赢 98 / 输 2,几何均值(Auto/HSMU) 0.478× ===
  name                   n       C_nnz      HSMU      Auto    ratio
  bcsstk03             112        1072     0.225     0.265    1.18×
  bcsstk13            2003      396773     0.746     0.813    1.09×
