对比 100 阵 × ['merge3', 'Auto'] + Ocean + HSMU → compare/method_cmp_20260725_193533/methods_cmp.csv

[1/100] 1138_bus       n=1138     Auto→merge3 m3=  0.266 Auto=  0.135 Ocean=  0.241 HSMU=  0.242 opSp=  0.817 (4.1s)
[2/100] 494_bus        n=494      Auto→merge3 m3=  0.127 Auto=  0.114 Ocean=  0.202 HSMU=  0.298 opSp=  0.584 (3.9s)
[3/100] 662_bus        n=662      Auto→merge3 m3=  0.136 Auto=  0.133 Ocean=  0.222 HSMU=  0.303 opSp=  0.761 (3.9s)
[4/100] 685_bus        n=685      Auto→merge3 m3=  0.139 Auto=  0.141 Ocean=  0.223 HSMU=  0.306 opSp=  0.588 (3.8s)
[5/100] arc130         n=130      Auto→merge3 m3=  0.159 Auto=  0.157 Ocean=  0.348 HSMU=   0.41 opSp=  0.625 (3.9s)
[6/100] ash292         n=292      Auto→merge3 m3=  0.151 Auto=  0.144 Ocean=   0.22 HSMU=  0.303 opSp=  0.578 (3.9s)
[7/100] ash85          n=85       Auto→merge3 m3=  0.122 Auto=  0.113 Ocean=  0.194 HSMU=  0.289 opSp=  0.715 (3.8s)
[8/100] bcspwr01       n=39       Auto→merge3 m3=  0.103 Auto=  0.113 Ocean=  0.201 HSMU=  0.272 opSp=  0.535 (3.8s)
[9/100] bcspwr02       n=49       Auto→merge3 m3=  0.119 Auto=  0.136 Ocean=  0.162 HSMU=  0.273 opSp=  0.474 (3.8s)
[10/100] bcspwr03       n=118      Auto→merge3 m3=  0.115 Auto=  0.126 Ocean=  0.214 HSMU=  0.291 opSp=   0.59 (3.8s)
[11/100] bcspwr04       n=274      Auto→merge3 m3=  0.132 Auto=  0.153 Ocean=  0.222 HSMU=  0.314 opSp=  0.579 (3.8s)
[12/100] bcspwr05       n=443      Auto→merge3 m3=  0.133 Auto=  0.128 Ocean=   0.22 HSMU=  0.324 opSp=  0.717 (3.8s)
[13/100] bcspwr06       n=1454     Auto→merge3 m3=  0.172 Auto=   0.15 Ocean=  0.208 HSMU=  0.322 opSp=   0.47 (3.8s)
[14/100] bcspwr07       n=1612     Auto→merge3 m3=  0.153 Auto=   0.16 Ocean=  0.211 HSMU=  0.324 opSp=  0.591 (3.8s)
[15/100] bcspwr08       n=1624     Auto→merge3 m3=  0.145 Auto=  0.154 Ocean=  0.208 HSMU=  0.316 opSp=   0.76 (3.8s)
[16/100] bcspwr09       n=1723     Auto→merge3 m3=  0.136 Auto=  0.158 Ocean=  0.214 HSMU=  0.307 opSp=  0.609 (3.8s)
[17/100] bcspwr10       n=5300     Auto→merge3 m3=  0.192 Auto=  0.196 Ocean=  0.224 HSMU=  0.952 opSp=  0.586 (3.9s)
[18/100] bcsstk01       n=48       Auto→merge3 m3=  0.133 Auto=  0.123 Ocean=  0.321 HSMU=  0.296 opSp=  0.701 (3.9s)
[19/100] bcsstk02       n=66       Auto→merge3 m3=  0.133 Auto=  0.161 Ocean=  0.854 HSMU=  0.681 opSp=  0.595 (3.9s)
[20/100] bcsstk03       n=112      Auto→merge3 m3=  0.123 Auto=   0.12 Ocean=  0.179 HSMU=  0.306 opSp=  0.567 (3.9s)
[21/100] bcsstk04       n=132      Auto→merge3 m3=  0.155 Auto=  0.155 Ocean=  0.461 HSMU=  0.456 opSp=  0.887 (3.8s)
[22/100] bcsstk05       n=153      Auto→merge3 m3=  0.146 Auto=  0.157 Ocean=  0.342 HSMU=  0.349 opSp=  0.578 (3.9s)
[23/100] bcsstk06       n=420      Auto→merge3 m3=  0.187 Auto=  0.144 Ocean=  0.269 HSMU=  0.349 opSp=  0.593 (3.9s)
[24/100] bcsstk07       n=420      Auto→merge3 m3=  0.148 Auto=   0.16 Ocean=  0.318 HSMU=   0.36 opSp=  0.582 (3.9s)
[25/100] bcsstk08       n=1074     Auto→hash   m3=  0.882 Auto=  0.554 Ocean=  0.425 HSMU=  0.812 opSp=  0.751 (4.0s)
[26/100] bcsstk09       n=1083     Auto→merge3 m3=  0.189 Auto=  0.183 Ocean=  0.336 HSMU=  0.333 opSp=  0.713 (3.9s)
[27/100] bcsstk10       n=1086     Auto→merge3 m3=  0.188 Auto=  0.184 Ocean=  0.508 HSMU=  0.362 opSp=  0.488 (3.9s)
[28/100] bcsstk11       n=1473     Auto→merge3 m3=  0.196 Auto=  0.217 Ocean=  0.558 HSMU=  0.542 opSp=  0.758 (3.9s)
[29/100] bcsstk12       n=1473     Auto→merge3 m3=    0.2 Auto=  0.199 Ocean=  0.543 HSMU=  0.536 opSp=   0.61 (3.9s)
[30/100] bcsstk13       n=2003     Auto→hash   m3=  0.624 Auto=  0.851 Ocean=  0.667 HSMU=  0.921 opSp=  0.679 (3.9s)
[31/100] bcsstk14       n=1806     Auto→merge3 m3=  0.316 Auto=  0.326 Ocean=   0.56 HSMU=  0.516 opSp=  0.803 (3.9s)
[32/100] bcsstk15       n=3948     Auto→hash   m3=  0.403 Auto=  0.338 Ocean=  0.432 HSMU=  0.689 opSp=  0.986 (4.1s)
[33/100] bcsstk16       n=4884     Auto→hash   m3=  1.164 Auto=  0.493 Ocean=  0.785 HSMU=  1.407 opSp=  1.035 (4.3s)
[34/100] bcsstk17       n=10974    Auto→hash   m3=  1.193 Auto=  0.616 Ocean=  0.775 HSMU=  1.712 opSp=  1.139 (4.5s)
[35/100] bcsstk18       n=11948    Auto→hash   m3=  0.555 Auto=  0.418 Ocean=  0.428 HSMU=  1.237 opSp=  1.026 (4.2s)
[36/100] bcsstk19       n=817      Auto→merge3 m3=  0.135 Auto=  0.136 Ocean=  0.352 HSMU=  0.314 opSp=  0.596 (3.8s)
[37/100] bcsstk20       n=485      Auto→merge3 m3=  0.137 Auto=  0.158 Ocean=  0.223 HSMU=  0.322 opSp=  0.788 (3.8s)
[38/100] bcsstk21       n=3600     Auto→merge3 m3=  0.189 Auto=  0.192 Ocean=  0.219 HSMU=  0.432 opSp=  0.594 (3.9s)
[39/100] bcsstk22       n=138      Auto→merge3 m3=  0.125 Auto=  0.119 Ocean=  0.213 HSMU=  0.298 opSp=  0.758 (3.8s)
[40/100] bcsstk23       n=3134     Auto→merge3 m3=  0.257 Auto=  0.268 Ocean=  0.341 HSMU=  0.626 opSp=  0.699 (4.0s)
[41/100] bcsstk24       n=3562     Auto→hash   m3=  0.457 Auto=  0.357 Ocean=  0.652 HSMU=  0.974 opSp=  0.856 (4.2s)
[42/100] bcsstk25       n=15439    Auto→hash   m3=  0.782 Auto=  0.472 Ocean=  0.472 HSMU=  1.514 opSp=  1.016 (4.3s)
[43/100] bcsstk26       n=1922     Auto→merge3 m3=  0.198 Auto=  0.197 Ocean=  0.382 HSMU=  0.512 opSp=  0.606 (3.9s)
[44/100] bcsstk27       n=1224     Auto→merge3 m3=  0.305 Auto=   0.31 Ocean=  0.424 HSMU=  0.636 opSp=  0.799 (3.9s)
[45/100] bcsstk28       n=4410     Auto→hash   m3=   0.62 Auto=  0.392 Ocean=  0.693 HSMU=  1.338 opSp=  0.963 (4.2s)
[46/100] bcsstk29       n=13992    Auto→hash   m3=  1.411 Auto=  0.788 Ocean=  0.914 HSMU=  1.555 opSp=  1.115 (4.4s)
[47/100] bcsstk30       n=28924    Auto→hash   m3= 11.331 Auto=  3.276 Ocean=    2.4 HSMU=  4.824 opSp=  3.154 (6.0s)
[48/100] bcsstk31       n=35588    Auto→hash   m3=  3.112 Auto=  1.301 Ocean=  1.237 HSMU=  2.776 opSp=  1.692 (5.1s)
[49/100] bcsstk32       n=44609    Auto→hash   m3=  5.632 Auto=  2.058 Ocean=  1.791 HSMU=  3.821 opSp=  2.257 (5.9s)
[50/100] bcsstk33       n=8738     Auto→hash   m3=  2.749 Auto=  1.087 Ocean=  1.575 HSMU=  1.933 opSp=   1.45 (4.5s)
[51/100] bcsstm01       n=48       Auto→merge3 m3=  0.109 Auto=  0.106 Ocean=  0.162 HSMU=  0.279 opSp=  0.523 (3.9s)
[52/100] bcsstm02       n=66       Auto→merge3 m3=  0.106 Auto=  0.101 Ocean=  0.135 HSMU=  0.284 opSp=  0.817 (3.8s)
[53/100] bcsstm03       n=112      Auto→merge3 m3=  0.105 Auto=  0.112 Ocean=  0.161 HSMU=  0.279 opSp=  0.741 (3.9s)
[54/100] bcsstm04       n=132      Auto→merge3 m3=   0.11 Auto=  0.102 Ocean=  0.174 HSMU=   0.28 opSp=  0.536 (3.9s)
[55/100] bcsstm05       n=153      Auto→merge3 m3=  0.111 Auto=  0.114 Ocean=  0.175 HSMU=  0.279 opSp=  0.734 (3.8s)
[56/100] bcsstm06       n=420      Auto→merge3 m3=   0.12 Auto=   0.11 Ocean=  0.178 HSMU=   0.28 opSp=  0.538 (3.8s)
[57/100] bcsstm07       n=420      Auto→merge3 m3=  0.162 Auto=  0.152 Ocean=  0.341 HSMU=  0.339 opSp=  0.772 (3.9s)
[58/100] bcsstm08       n=1074     Auto→merge3 m3=  0.117 Auto=  0.117 Ocean=  0.175 HSMU=  0.291 opSp=  0.901 (3.8s)
[59/100] bcsstm09       n=1083     Auto→merge3 m3=   0.13 Auto=  0.119 Ocean=  0.142 HSMU=   0.23 opSp=  0.526 (3.8s)
[60/100] bcsstm10       n=1086     Auto→merge3 m3=  0.178 Auto=  0.186 Ocean=  0.503 HSMU=   0.36 opSp=  0.589 (3.9s)
[61/100] bcsstm11       n=1473     Auto→merge3 m3=  0.123 Auto=  0.141 Ocean=  0.159 HSMU=  0.268 opSp=  0.819 (3.9s)
[62/100] bcsstm12       n=1473     Auto→merge3 m3=  0.177 Auto=  0.173 Ocean=  0.338 HSMU=  0.345 opSp=  0.622 (3.9s)
[63/100] bcsstm13       n=2003     Auto→merge3 m3=   0.31 Auto=  0.298 Ocean=  0.428 HSMU=  0.568 opSp=  0.936 (3.9s)
[64/100] bcsstm19       n=817      Auto→merge3 m3=  0.114 Auto=  0.129 Ocean=  0.174 HSMU=  0.302 opSp=  0.821 (3.9s)
[65/100] bcsstm20       n=485      Auto→merge3 m3=   0.11 Auto=  0.133 Ocean=  0.178 HSMU=  0.287 opSp=  0.576 (3.8s)
[66/100] bcsstm21       n=3600     Auto→merge3 m3=  0.164 Auto=   0.14 Ocean=  0.167 HSMU=  0.518 opSp=  0.533 (3.8s)
[67/100] bcsstm22       n=138      Auto→merge3 m3=  0.109 Auto=  0.109 Ocean=  0.176 HSMU=  0.277 opSp=   0.53 (3.9s)
[68/100] bcsstm23       n=3134     Auto→merge3 m3=  0.143 Auto=  0.141 Ocean=  0.176 HSMU=  0.499 opSp=  0.613 (3.9s)
[69/100] bcsstm24       n=3562     Auto→merge3 m3=  0.195 Auto=  0.155 Ocean=  0.178 HSMU=  0.486 opSp=  0.535 (3.9s)
[70/100] bcsstm25       n=15439    Auto→merge3 m3=  0.287 Auto=  0.266 Ocean=  0.188 HSMU=  0.501 opSp=  0.677 (3.8s)
[71/100] bcsstm26       n=1922     Auto→merge3 m3=   0.14 Auto=  0.149 Ocean=  0.166 HSMU=  0.293 opSp=  0.657 (3.9s)
[72/100] bcsstm27       n=1224     Auto→merge3 m3=  0.314 Auto=  0.326 Ocean=  0.421 HSMU=  0.636 opSp=  0.729 (4.0s)
[73/100] blckhole       n=2132     Auto→merge3 m3=  0.161 Auto=  0.174 Ocean=  0.228 HSMU=  0.506 opSp=  0.878 (3.9s)
[74/100] bp_0           n=822      Auto→hash   m3=  0.397 Auto=  0.329 Ocean=  0.246 HSMU=  0.436 opSp=  0.556 (3.9s)
[75/100] bp_1000        n=822      Auto→hash   m3=  0.456 Auto=  0.394 Ocean=  0.249 HSMU=  0.427 opSp=  0.802 (3.9s)
[76/100] bp_1200        n=822      Auto→hash   m3=  0.439 Auto=  0.375 Ocean=   0.25 HSMU=  0.479 opSp=  0.758 (3.8s)
[77/100] bp_1400        n=822      Auto→hash   m3=   0.43 Auto=  0.389 Ocean=  0.226 HSMU=  0.474 opSp=  0.636 (3.8s)
[78/100] bp_1600        n=822      Auto→hash   m3=   0.44 Auto=  0.379 Ocean=  0.264 HSMU=  0.498 opSp=  0.772 (3.8s)
[79/100] bp_200         n=822      Auto→hash   m3=  0.405 Auto=  0.323 Ocean=  0.217 HSMU=   0.45 opSp=  0.659 (3.9s)
[80/100] bp_400         n=822      Auto→hash   m3=   0.46 Auto=  0.362 Ocean=  0.261 HSMU=  0.474 opSp=  0.648 (3.9s)
[81/100] bp_600         n=822      Auto→hash   m3=  0.428 Auto=  0.431 Ocean=  0.239 HSMU=  0.474 opSp=  0.931 (3.8s)
[82/100] bp_800         n=822      Auto→hash   m3=  0.474 Auto=  0.379 Ocean=  0.241 HSMU=  0.458 opSp=  0.733 (3.9s)
[83/100] can_1054       n=1054     Auto→merge3 m3=  0.167 Auto=  0.165 Ocean=  0.288 HSMU=  0.329 opSp=  0.897 (3.9s)
[84/100] can_1072       n=1072     Auto→merge3 m3=  0.176 Auto=  0.174 Ocean=  0.369 HSMU=  0.339 opSp=  0.887 (3.9s)
[85/100] can_144        n=144      Auto→merge3 m3=  0.141 Auto=  0.157 Ocean=  0.331 HSMU=  0.312 opSp=  0.567 (3.9s)
[86/100] can_161        n=161      Auto→merge3 m3=  0.122 Auto=  0.122 Ocean=  0.325 HSMU=  0.304 opSp=  0.757 (3.8s)
[87/100] can_187        n=187      Auto→merge3 m3=  0.118 Auto=  0.121 Ocean=  0.332 HSMU=  0.312 opSp=  0.701 (3.8s)
[88/100] can_229        n=229      Auto→merge3 m3=  0.121 Auto=  0.164 Ocean=  0.327 HSMU=  0.312 opSp=  0.584 (3.8s)
[89/100] can_24         n=24       Auto→merge3 m3=  0.108 Auto=  0.108 Ocean=  0.203 HSMU=  0.286 opSp=   0.71 (3.9s)
[90/100] can_256        n=256      Auto→merge3 m3=  0.176 Auto=  0.174 Ocean=  0.354 HSMU=  0.347 opSp=  0.801 (3.8s)
[91/100] can_268        n=268      Auto→merge3 m3=  0.176 Auto=  0.175 Ocean=  0.344 HSMU=  0.327 opSp=  0.781 (3.9s)
[92/100] can_292        n=292      Auto→merge3 m3=  0.152 Auto=  0.143 Ocean=  0.315 HSMU=  0.323 opSp=  0.721 (3.8s)
[93/100] can_445        n=445      Auto→merge3 m3=  0.142 Auto=  0.143 Ocean=  0.339 HSMU=  0.316 opSp=  0.575 (3.9s)
[94/100] can_61         n=61       Auto→merge3 m3=  0.125 Auto=  0.125 Ocean=  0.332 HSMU=  0.362 opSp=   0.58 (3.8s)
[95/100] can_62         n=62       Auto→merge3 m3=   0.14 Auto=  0.115 Ocean=  0.202 HSMU=  0.288 opSp=  0.695 (3.9s)
[96/100] can_634        n=634      Auto→merge3 m3=  0.147 Auto=  0.151 Ocean=  0.367 HSMU=   0.34 opSp=  0.664 (3.9s)
[97/100] can_715        n=715      Auto→merge3 m3=  0.277 Auto=   0.28 Ocean=  0.387 HSMU=  0.366 opSp=  0.593 (3.8s)
[98/100] can_73         n=73       Auto→merge3 m3=  0.123 Auto=  0.133 Ocean=  0.196 HSMU=  0.293 opSp=    0.6 (3.9s)
[99/100] can_838        n=838      Auto→merge3 m3=  0.147 Auto=  0.156 Ocean=  0.334 HSMU=  0.328 opSp=   0.52 (3.8s)
[100/100] can_96         n=96       Auto→merge3 m3=  0.146 Auto=  0.139 Ocean=  0.332 HSMU=  0.287 opSp=  0.572 (3.9s)

完成 → compare/method_cmp_20260725_193533/methods_cmp.csv

=== 几何均值(ms) ===
  merge3      0.225
  Auto        0.205
  Ocean       0.306
  HSMU        0.444
  opSparse    0.716

=== Auto 选择(共 100 阵)===  hash 23 / merge3 77
  选 hash 的:bcsstk08, bcsstk13, bcsstk15, bcsstk16, bcsstk17, bcsstk18, bcsstk24, bcsstk25, bcsstk28, bcsstk29, bcsstk30, bcsstk31, bcsstk32, bcsstk33, bp_0, bp_1000, bp_1200, bp_1400, bp_1600, bp_200, bp_400, bp_600, bp_800

=== Auto vs Ocean:赢 85 / 输 15,几何均值(Auto/Ocean) 0.671× ===
  name                   n       C_nnz     Ocean      Auto    ratio
  bp_600               822       16464     0.239     0.431    1.80×
  bp_1400              822       23154     0.226     0.389    1.72×
  bp_1000              822       21373     0.249     0.394    1.58×
  bp_800               822       20224     0.241     0.379    1.57×
  bp_1200              822       22313     0.250     0.375    1.50×
  bp_200               822       13197     0.217     0.323    1.49×
  bp_1600              822       23625     0.264     0.379    1.44×
  bcsstm25           15439       15439     0.188     0.266    1.41×
  bp_400               822       15238     0.261     0.362    1.39×
  bcsstk30           28924     8946070     2.400     3.276    1.36×
  bp_0                 822        9384     0.246     0.329    1.34×
  bcsstk08            1074      305612     0.425     0.554    1.30×
  bcsstk13            2003      396773     0.667     0.851    1.28×
  bcsstk32           44609     6819653     1.791     2.058    1.15×
  bcsstk31           35588     4713580     1.237     1.301    1.05×

=== Auto vs opSparse:赢 98 / 输 2,几何均值(Auto/opSparse) 0.287× ===
  name                   n       C_nnz  opSparse      Auto    ratio
  bcsstk13            2003      396773     0.679     0.851    1.25×
  bcsstk30           28924     8946070     3.154     3.276    1.04×

=== Auto vs HSMU:赢 100 / 输 0,几何均值(Auto/HSMU) 0.463× ===
  name                   n       C_nnz      HSMU      Auto    ratio
