  
Mild can_715                   715     0.08    0.30   0.64   0.43    5.40    1.42   <--- 

========================================[bcsstk]========================================
Mild bcsstk13                2,003     0.54    0.56   1.65   1.03    1.92    1.83   <---    
Mild bcsstk24                3,562     2.58    0.50   2.24   0.73    0.28    1.45   <---     
Mild bcsstk16                4,884     6.85    0.69   4.05   1.41    0.21    2.05   <---    
Mild bcsstk28                4,410     5.00    0.61   2.78   1.08    0.22    1.78   <---     
Mild bcsstk08                1,074     0.13    0.39   1.04   1.90   14.75    4.81   <--- *** 重行 
High bcsstk33                8,738    32.54    1.42   8.01   2.97    0.09    2.09   <---      
High bcsstk15                3,948     3.42    0.35   1.59   0.74    0.22    2.10   <---     
High bcsstm22                  138     0.02    0.14   0.37   0.25   13.35    1.85   <---        
High bcsstk23                3,134     1.80    0.28   1.00   0.55    0.31    1.96   <---     
High bcsstk29               13,992   136.12    0.83   6.09   1.64    0.01    1.98   <---     
High bcsstk30               28,924  1171.67    2.26  30.31  11.19    0.01    4.95   <--- ***  大矩阵 重行?
High bcsstk25               15,439   177.48    0.45   1.84   1.01    0.01    2.28   <---   
High bcsstk32               44,609  4383.65    1.65  17.68   5.47    0.00    3.31   <--- ***  大矩阵 重行
Extr bcsstk31               35,588  2297.97    1.14   8.90   3.09    0.00    2.71   <--- ***    
========================================================================================

==========================================[bp]==========================================
High bp_1600                   822     0.07    0.22   0.35   1.40   20.47    6.24   <--- *** 重行 所有的bp类都差不多
High bp_1400                   822     0.09    0.22   0.35   1.38   15.43    6.23   <--- *** 重行
High bp_1200                   822     0.09    0.22   0.35   1.39   15.59    6.33   <--- *** 重行      
High bp_1000                   822     0.07    0.22   0.35   1.37   19.64    6.29   <--- ***     
High bp_800                    822     0.06    0.22   0.35   1.33   23.33    6.18   <--- ***     
High bp_600                    822     0.06    0.22   0.34   1.31   22.45    6.08   <--- ***    
High bp_400                    822     0.06    0.21   0.34   1.26   21.35    5.90   <--- ***     
High bp_200                    822     0.06    0.21   0.33   1.09   17.29    5.11   <--- ***    
High bp_0                      822     0.08    0.21   0.32   0.97   12.67    4.71   <--- *** 
========================================================================================