Paper cmp (all 5 methods): 100 matrices (resume: 100 done) → /home/xueyizhou/spgemm-challenge/compare/paper_cmp.csv


=== Per-matrix timings (ms, compute-only) ===
matrix                n  dens%      Auto   cuSPARSE   opSparse       HSMU      dense
------------------------------------------------------------------------------------
can_24               24  15.97      0.105      0.265      0.751      0.272      0.157
bcspwr01             39   5.59      0.107      0.268      0.705      0.297      0.272
bcsstk01             48   9.72      0.113      0.272      0.834      0.331      0.228
bcsstm01             48   2.08      0.098      0.258      0.716      0.301      0.152
bcspwr02             49   4.50      0.106      0.293      0.555      0.278      0.203
can_61               61   8.30      0.128      0.284      0.592      0.314      0.166
can_62               62   3.64      0.115      0.283      0.692      0.288      0.171
bcsstk02             66  50.76      0.134      0.329      0.718      0.666      0.205
bcsstm02             66   1.52      0.105      0.275      0.614      0.308      0.156
can_73               73   4.22      0.118      0.279      0.609      0.285      0.162
ash85                85   4.21      0.113      0.265      0.488      0.227      0.223
can_96               96   4.69      0.168      0.266      0.694      0.228      0.153
bcsstk03            112   3.00      0.122      0.274      0.560      0.229      0.207
bcsstm03            112   0.89      0.104      0.310      0.543      0.266      0.165
bcspwr03            118   2.13      0.113      0.276      0.466      0.281      0.208
arc130              130   7.59      0.152      0.288      1.002      0.449      0.219
bcsstk04            132  10.85      0.141      0.363      0.532      0.384      0.240
bcsstm04            132   0.76      0.104      0.264      0.897      0.269      0.165
bcsstk22            138   2.19      0.118      0.285      0.703      0.226      0.208
bcsstm22            138   0.72      0.122      0.294      0.715      0.271      0.174
can_144             144   3.47      0.132      0.280      0.697      0.551      0.182
bcsstk05            153   5.50      0.150      0.319      0.482      0.320      0.245
bcsstm05            153   0.65      0.108      0.266      0.555      0.798      0.185
can_161             161   2.97      0.139      0.282      1.081      0.306      0.187
can_187             187   2.40      0.128      0.285      0.572      0.297      0.200
can_229             229   1.91      0.139      0.310      0.601      0.247      0.229
can_256             256   2.42      0.161      0.285      0.621      0.342      0.270
can_268             268   2.33      0.148      0.305      0.785      0.326      0.242
bcspwr04            274   1.26      0.150      0.286      0.614      0.301      0.269
ash292              292   1.47      0.124      0.279      0.705      0.297      0.235
can_292             292   1.66      0.137      0.349      0.611      0.314      0.241
bcsstk06            420   2.35      0.150      0.385      0.647      0.395      0.381
bcsstk07            420   2.35      0.149      0.394      0.858      0.335      0.385
bcsstm06            420   0.24      0.117      0.317      0.653      0.277      0.324
bcsstm07            420   2.17      0.144      0.376      0.708      0.371      0.340
bcspwr05            443   0.53      0.115      0.294      0.700      0.303      0.427
can_445             445   1.07      0.124      0.329      0.713      0.241      0.398
bcsstk20            485   0.77      0.124      0.297      0.710      0.327      0.429
bcsstm20            485   0.21      0.106      0.279      0.660      0.283      0.416
494_bus             494   0.44      0.120      0.288      0.705      0.299      0.409
can_634             634   0.98      0.157      0.344      0.887      0.260      0.634
662_bus             662   0.36      0.130      0.309      0.592      0.296      0.698
685_bus             685   0.42      0.121      0.281      0.584      0.314      0.791
can_715             715   0.72      0.286      0.378      0.612      0.366      0.882
bcsstk19            817   0.57      0.127      0.373      0.714      0.319      1.140
bcsstm19            817   0.12      0.116      0.291      0.532      0.284      1.096
bp_0                822   0.48      0.813      0.284      0.671      0.446      1.062
bp_1000             822   0.69      0.807      0.319      0.652      0.497      1.054
bp_1200             822   0.70      0.729      0.304      0.742      0.497      1.059
bp_1400             822   0.71      0.875      0.310      0.630      0.527      1.058
bp_1600             822   0.72      0.737      0.335      0.689      0.465      1.056
bp_200              822   0.56      0.718      0.317      0.822      0.457      1.062
bp_400              822   0.60      0.715      0.312      0.659      0.464      1.083
bp_600              822   0.62      0.745      0.312      0.647      0.468      1.052
bp_800              822   0.67      0.755      0.300      0.645      0.457      1.065
can_838             838   0.77      0.151      0.384      0.602      0.340      1.078
can_1054           1054   0.60      0.193      0.389      0.771      0.273      1.870
can_1072           1072   0.59      0.198      0.390      0.786      0.348      1.802
bcsstk08           1074   0.61      1.050      0.585      0.620      0.824      2.282
bcsstm08           1074   0.09      0.119      0.318      0.532      0.288      1.985
bcsstk09           1083   0.83      0.170      0.463      0.491      0.322      2.303
bcsstm09           1083   0.09      0.111      0.295      0.776      0.279      2.255
bcsstk10           1086   0.98      0.190      0.408      0.766      0.362      2.215
bcsstm10           1086   0.98      0.181      0.410      0.607      0.364      2.144
1138_bus           1138   0.20      0.139      0.356      0.757      0.309      2.287
bcsstk27           1224   1.91      0.317      0.707      0.894      0.659      2.743
bcsstm27           1224   1.91      0.316      0.829      0.721      0.643      2.677
bcspwr06           1454   0.16      0.150      0.273      0.431      0.311      4.334
bcsstk11           1473   0.82      0.196      0.561      0.789      0.430      4.835
bcsstk12           1473   0.82      0.200      0.554      0.795      0.538      4.807
bcsstm11           1473   0.07      0.153      0.297      0.708      0.295      4.775
bcsstm12           1473   0.49      0.172      0.409      0.654      0.341      4.768
bcspwr07           1612   0.14      0.149      0.320      0.486      0.249      5.714
bcspwr08           1624   0.15      0.152      0.286      1.109      0.304      5.542
bcspwr09           1723   0.14      0.165      0.272      0.706      0.325      7.109
bcsstk14           1806   1.00      0.330      0.697      0.923      0.446      7.792
bcsstk26           1922   0.44      0.205      0.549      0.609      0.514      9.446
bcsstm26           1922   0.05      0.123      0.304      0.423      0.310      9.330
bcsstk13           2003   1.07      1.065      0.774      0.907      0.743     10.895
bcsstm13           2003   0.30      0.301      0.537      0.644      0.562     10.642
blckhole           2132   0.19      0.178      0.377      0.679      0.469     11.998
bcsstk23           3134   0.25      0.246      0.614      0.835      0.412     39.626
bcsstm23           3134   0.03      0.136      0.325      0.429      0.475     39.522
bcsstk24           3562   0.64      0.632      1.068      0.867      0.972     57.026
bcsstm24           3562   0.03      0.132      0.295      0.637      0.480     56.799
bcsstk21           3600   0.12      0.187      0.439      0.491      0.443     48.499
bcsstm21           3600   0.03      0.132      0.291      0.679      0.475     48.510
bcsstk15           3948   0.39      0.595      1.019      1.026      0.575     76.690
bcsstk28           4410   0.57      0.690      1.440      0.948      1.400    107.458
bcsstk16           4884   0.62      0.811      1.666      1.170      1.425    138.788
bcspwr10           5300   0.05      0.205      0.351      0.594      0.737    179.571
bcsstk33           8738   0.39      1.308      2.868      1.669      1.918    813.486
bcsstk17          10974   0.18      0.941      2.162      1.497      1.703   1564.480
bcsstk18          11948   0.06      0.722      0.958      0.907      1.222   1970.420
bcsstk29          13992   0.16      1.119      2.815      1.314      1.747   2994.740
bcsstk25          15439   0.06      0.807      1.289      1.018      1.543   4397.530
bcsstm25          15439   0.01      0.261      0.332      0.659      0.366   4395.130
bcsstk30          28924   0.12      3.450      8.559      3.157      4.755  27724.200
bcsstk31          35588   0.05      1.669      5.074      1.637      2.714  51655.600
bcsstk32          44609   0.05      2.418      8.110      2.233      3.736  106714.000

=== Auto speedup by density class (geomean ×, >1 = Auto faster) ===
  Dense              ( 3):      2.52×      5.25×      3.27×      1.57×
  Mildly sparse      (32):      2.21×      4.56×      2.21×      2.20×
  Highly sparse      (52):      1.64×      2.63×      1.65×     13.57×
  Extremely sparse   (13):      2.13×      2.70×      2.32×    707.10×
   cuSPARSE   opSparse       HSMU      dense

=== Auto speedup (baseline_time / Auto_time, geomean; >1 = we win) ===
  vs cuSPARSE : win  89/lose  11 | geomean speedup 1.89x
  vs dense    : win  99/lose   1 | geomean speedup 11.89x
  vs opSparse : win  88/lose  12 | geomean speedup 3.22x
  vs HSMU     : win  88/lose  12 | geomean speedup 1.93x
