采集 35 阵(已有 0)→ compare/disp_synth.csv
[1/35] band_n128000_x128      n=128000   fp=1297803077 hash=   21.869 merge3=   75.764
[2/35] band_n128000_x16       n=128000   fp=20265727   hash=    1.489 merge3=    3.384
[3/35] band_n1500000_x16      n=1500000  fp=237816340  hash=   15.222 merge3=   38.948
[4/35] band_n2000_x1024       n=2000     fp=719940001  hash=   24.971 merge3=   53.988
[5/35] band_n2000_x128        n=2000     fp=19029274   hash=    0.505 merge3=    1.694
[6/35] band_n2000_x16         n=2000     fp=309905     hash=    0.221 merge3=    0.189
[7/35] band_n32000_x1024      n=32000    fp=20123095044 hash=  841.313 merge3=   23.916
[8/35] band_n32000_x128       n=32000    fp=323234533  hash=    5.653 merge3=   19.492
[9/35] band_n32000_x16        n=32000    fp=5072511    hash=    0.533 merge3=    0.909
[10/35] band_n512000_x16       n=512000   fp=81154737   hash=    5.298 merge3=   13.372
[11/35] band_n8000_x1024       n=8000     fp=4551832402 hash=   183.27 merge3=     FAIL
[12/35] band_n8000_x128: adapt 行缺失/失败
[13/35] band_n8000_x16: adapt 行缺失/失败
[14/35] er_n128000_x16: adapt 行缺失/失败
[15/35] er_n128000_x4: adapt 行缺失/失败
[16/35] er_n128000_x48: adapt 行缺失/失败
[17/35] er_n1500000_x16: adapt 行缺失/失败
[18/35] er_n1500000_x4: adapt 行缺失/失败
[19/35] er_n2000_x16: adapt 行缺失/失败
[20/35] er_n2000_x4: adapt 行缺失/失败
[21/35] er_n2000_x48: adapt 行缺失/失败
[22/35] er_n32000_x16: adapt 行缺失/失败
[23/35] er_n32000_x4: adapt 行缺失/失败
[24/35] er_n32000_x48: adapt 行缺失/失败
[25/35] er_n512000_x16: adapt 行缺失/失败
[26/35] er_n512000_x4: adapt 行缺失/失败
[27/35] er_n512000_x48: adapt 行缺失/失败
[28/35] er_n8000_x16: adapt 行缺失/失败
[29/35] er_n8000_x4: adapt 行缺失/失败
[30/35] er_n8000_x48: adapt 行缺失/失败
[31/35] skew_n128000_x24: adapt 行缺失/失败
[32/35] skew_n2000_x24: adapt 行缺失/失败
[33/35] skew_n32000_x24: adapt 行缺失/失败
[34/35] skew_n512000_x24: adapt 行缺失/失败
[35/35] skew_n8000_x24: adapt 行缺失/失败
完成 → compare/disp_synth.csv
