采集 213 阵(已有 0)→ compare/disp_train.csv
[1/213] G10                    n=800      fp=1838595    hash=    0.346 merge3=    0.462
[2/213] G11                    n=800      fp=12800      hash=    0.135 merge3=    0.099
[3/213] G13                    n=800      fp=12800      hash=    0.134 merge3=    0.098
[4/213] G18                    n=800      fp=110168     hash=    0.301 merge3=    0.373
[5/213] G19                    n=800      fp=108625     hash=    0.344 merge3=    0.381
[6/213] G20                    n=800      fp=109138     hash=    0.295 merge3=    0.386
[7/213] G21                    n=800      fp=108904     hash=    0.314 merge3=    0.374
[8/213] G23                    n=2000     fp=799200     hash=    0.314 merge3=    0.349
[9/213] G25                    n=2000     fp=799200     hash=    0.314 merge3=    0.372
[10/213] G27                    n=2000     fp=799200     hash=    0.314 merge3=    0.353
[11/213] G29                    n=2000     fp=799200     hash=    0.306 merge3=    0.361
[12/213] G3                     n=800      fp=1838595    hash=    0.322 merge3=    0.472
[13/213] G31                    n=2000     fp=799200     hash=    0.351 merge3=    0.384
[14/213] G33                    n=2000     fp=32000      hash=    0.173 merge3=    0.113
[15/213] G39                    n=2000     fp=277443     hash=    0.555 merge3=    0.856
[16/213] G40                    n=2000     fp=276878     hash=     0.59 merge3=    1.298
[17/213] G41                    n=2000     fp=277772     hash=    0.565 merge3=    1.162
[18/213] G42                    n=2000     fp=277490     hash=    0.573 merge3=    1.171
[19/213] G43                    n=1000     fp=399200     hash=    0.208 merge3=    0.238
[20/213] G45                    n=1000     fp=399200     hash=    0.217 merge3=    0.241
[21/213] G48                    n=3000     fp=48000      hash=    0.162 merge3=    0.126
[22/213] G50                    n=3000     fp=48000      hash=    0.182 merge3=    0.126
采集 213 阵(已有 22)→ compare/disp_train.csv
[23/213] G51                    n=1000     fp=139665     hash=    0.326 merge3=    0.444
[24/213] G52                    n=1000     fp=139996     hash=    0.332 merge3=     0.44
[25/213] G55                    n=5000     fp=124960     hash=    0.246 merge3=     0.18
[26/213] G58                    n=5000     fp=699508     hash=    1.071 merge3=     6.55
[27/213] G6                     n=800      fp=1838595    hash=    0.325 merge3=    0.471
[28/213] G61                    n=7000     fp=168031     hash=    0.262 merge3=     0.21
[29/213] G62                    n=7000     fp=112000     hash=    0.196 merge3=    0.172
[30/213] G63                    n=7000     fp=982199     hash=     1.31 merge3=    9.275
[31/213] G65                    n=8000     fp=128000     hash=    0.221 merge3=    0.197
[32/213] G8                     n=800      fp=1838595    hash=    0.336 merge3=    0.481
[33/213] af23560                n=23560    fp=9953475    hash=     0.49 merge3=    1.037
[34/213] b1_ss                  n=7        fp=32         hash=    0.113 merge3=    0.085
[35/213] b2_ss                  n=1089     fp=16415      hash=    0.196 merge3=    0.107
[36/213] b_dyn                  n=1089     fp=16696      hash=     0.19 merge3=    0.105
[37/213] bayer02                n=13935    fp=290995     hash=    0.356 merge3=    0.326
[38/213] bayer05                n=3268     fp=237100     hash=    0.325 merge3=    0.266
[39/213] bayer07                n=3268     fp=237100     hash=    0.303 merge3=     0.28
[40/213] bayer10                n=13436    fp=670657     hash=    0.383 merge3=    0.374
[41/213] bcircuit               n=68902    fp=2047021    hash=     0.81 merge3=    1.109
[42/213] bcsstk34               n=588      fp=780154     hash=    0.227 merge3=    0.187
[43/213] bcsstk38               n=8032     fp=15731052   hash=    1.013 merge3=    7.709
[44/213] bcsstm35               n=30237    fp=14060      hash=    0.379 merge3=    0.383
[45/213] bcsstm36               n=23052    fp=4458971    hash=     0.53 merge3=    0.687
[46/213] bcsstm37               n=25503    fp=9451       hash=    0.344 merge3=    0.344
[47/213] bcsstm38               n=8032     fp=13687      hash=    0.226 merge3=    0.173
[48/213] bcsstm39               n=46772    fp=46772      hash=    0.509 merge3=     0.55
[49/213] bfwa782                n=782      fp=72200      hash=    0.175 merge3=    0.122
[50/213] bfwb62                 n=62       fp=1887       hash=    0.154 merge3=     0.09
[51/213] bfwb782                n=782      fp=45760      hash=    0.166 merge3=    0.112
[52/213] bwm200                 n=200      fp=3168       hash=    0.119 merge3=    0.086
[53/213] can_73                 n=73       fp=1947       hash=    0.144 merge3=    0.091
[54/213] can_838                n=838      fp=119571     hash=    0.154 merge3=    0.124
[55/213] cavity01               n=317      fp=169353     hash=    0.214 merge3=    0.155
[56/213] cavity02               n=317      fp=169353     hash=    0.217 merge3=    0.152
采集 213 阵(已有 56)→ compare/disp_train.csv
[57/213] cavity05               n=1182     fp=907247     hash=    0.267 merge3=    0.215
[58/213] cavity08               n=1182     fp=907247     hash=    0.282 merge3=     0.23
[59/213] cavity10               n=2597     fp=2245637    hash=    0.399 merge3=    0.323
[60/213] cavity13               n=2597     fp=2245637    hash=    0.406 merge3=     0.35
[61/213] cavity14               n=2597     fp=2245637    hash=    0.393 merge3=    0.345
[62/213] cavity17               n=4562     fp=4185806    hash=    0.321 merge3=    0.481
[63/213] cavity20               n=4562     fp=4185806    hash=    0.312 merge3=    0.462
[64/213] cavity21               n=4562     fp=4185806    hash=    0.332 merge3=    0.484
[65/213] cavity24               n=4562     fp=4185806    hash=     0.31 merge3=    0.471
[66/213] cavity25               n=4562     fp=4185806    hash=    0.317 merge3=    0.494
[67/213] cdde2                  n=961      fp=22801      hash=     0.15 merge3=    0.106
[68/213] cdde5                  n=961      fp=22801      hash=    0.149 merge3=    0.101
[69/213] circuit_1              n=2624     fp=489058     hash=    3.105 merge3=   22.649
[70/213] circuit_3              n=12127    fp=191075     hash=    2.906 merge3=   34.483
[71/213] ck104                  n=104      fp=9462       hash=    0.103 merge3=    0.092
[72/213] ck400                  n=400      fp=20449      hash=    0.152 merge3=    0.098
[73/213] ck656                  n=656      fp=22996      hash=    0.159 merge3=    0.093
[74/213] coater1                n=1348     fp=280842     hash=    0.211 merge3=    0.329
[75/213] crystm02               n=13965    fp=7466354    hash=    0.395 merge3=    0.636
[76/213] d_dyn1                 n=87       fp=651        hash=     0.13 merge3=    0.094
[77/213] dw4096                 n=8192     fp=212735     hash=     0.25 merge3=    0.197
[78/213] dwt_1007               n=1007     fp=73019      hash=    0.161 merge3=    0.111
[79/213] dwt_221                n=221      fp=12007      hash=    0.135 merge3=      0.1
[80/213] dwt_245                n=245      fp=8712       hash=    0.158 merge3=    0.111
[81/213] dwt_307                n=307      fp=20735      hash=     0.13 merge3=     0.12
[82/213] dwt_361                n=361      fp=24156      hash=    0.148 merge3=    0.106
[83/213] dwt_419                n=419      fp=30298      hash=    0.141 merge3=    0.123
[84/213] dwt_492                n=492      fp=20245      hash=    0.161 merge3=    0.103
[85/213] dwt_503                n=503      fp=72216      hash=     0.16 merge3=    0.139
[86/213] dwt_512                n=512      fp=23953      hash=    0.171 merge3=    0.121
[87/213] dwt_592                n=592      fp=44005      hash=    0.146 merge3=    0.127
[88/213] dwt_72                 n=72       fp=684        hash=    0.148 merge3=    0.096
[89/213] dwt_87                 n=87       fp=3364       hash=    0.135 merge3=    0.096
[90/213] dwt_992                n=992      fp=282623     hash=    0.163 merge3=    0.124
[91/213] epb0                   n=1794     fp=33601      hash=    0.176 merge3=    0.107
[92/213] epb1                   n=14734    fp=613212     hash=    0.275 merge3=    0.308
[93/213] eris1176               n=1176     fp=292667     hash=    0.398 merge3=    0.302
[94/213] ex1                    n=216      fp=87685      hash=    0.169 merge3=    0.153
[95/213] ex10hs                 n=2548     fp=1288935    hash=     0.33 merge3=    0.308
[96/213] ex12                   n=3973     fp=1619382    hash=    0.228 merge3=    0.346
[97/213] ex18                   n=5773     fp=893116     hash=    0.241 merge3=    0.223
[98/213] ex19                   n=12005    fp=5625747    hash=    0.476 merge3=    0.622
[99/213] ex20                   n=2203     fp=2223032    hash=    0.407 merge3=    0.462
[100/213] ex25                   n=848      fp=714328     hash=    0.258 merge3=      0.2
[101/213] ex27                   n=974      fp=1707568    hash=    0.651 merge3=    0.636
[102/213] ex3                    n=1821     fp=1524277    hash=    0.359 merge3=    0.288
[103/213] ex31                   n=3909     fp=3404256    hash=    0.334 merge3=    0.641
[104/213] ex32                   n=1159     fp=111013     hash=    0.177 merge3=    0.132
[105/213] fs_183_6               n=183      fp=6245       hash=    0.214 merge3=    0.134
[106/213] fs_541_2               n=541      fp=33939      hash=    0.165 merge3=    0.112
[107/213] fs_541_4               n=541      fp=33939      hash=    0.158 merge3=    0.103
[108/213] fs_680_1               n=680      fp=10296      hash=    0.157 merge3=    0.103
[109/213] fs_680_3               n=680      fp=10296      hash=    0.151 merge3=    0.098
[110/213] fs_760_1               n=760      fp=46990      hash=    0.153 merge3=    0.104
[111/213] g7jac010               n=2880     fp=133866     hash=    0.246 merge3=    0.234
[112/213] g7jac020sc             n=5850     fp=353345     hash=    0.307 merge3=    0.309
[113/213] g7jac040               n=11790    fp=1115304    hash=    0.418 merge3=    0.486
[114/213] g7jac060               n=17730    fp=2331494    hash=    0.562 merge3=    0.806
[115/213] g7jac080sc             n=23670    fp=3651115    hash=     0.76 merge3=    1.157
[116/213] g7jac100               n=29610    fp=4996449    hash=    1.036 merge3=    1.522
[117/213] g7jac120sc             n=35550    fp=6354607    hash=    1.301 merge3=    1.855
[118/213] garon1                 n=3175     fp=2490712    hash=    0.409 merge3=     0.29
