Running hash on 100 matrices...
[1/100] 1138_bus         n=1138   m3=0.111 hash=0.199 → merge3
[2/100] 494_bus          n=494    m3=0.109 hash=0.174 → merge3
[3/100] 662_bus          n=662    m3=0.113 hash=0.181 → merge3
[4/100] 685_bus          n=685    m3=0.121 hash=0.189 → merge3
[5/100] arc130           n=130    m3=0.165 hash=0.209 → merge3
[6/100] ash292           n=292    m3=0.103 hash=0.173 → merge3
[7/100] ash85            n=85     m3=0.092 hash=0.171 → merge3
[8/100] bcspwr01         n=39     m3=0.085 hash=0.162 → merge3
[9/100] bcspwr02         n=49     m3=0.087 hash=0.156 → merge3
[10/100] bcspwr03         n=118    m3=0.103 hash=0.177 → merge3
[11/100] bcspwr04         n=274    m3=0.102 hash=0.200 → merge3
[12/100] bcspwr05         n=443    m3=0.087 hash=0.176 → merge3
[13/100] bcspwr06         n=1454   m3=0.124 hash=0.206 → merge3
[14/100] bcspwr07         n=1612   m3=0.127 hash=0.200 → merge3
[15/100] bcspwr08         n=1624   m3=0.131 hash=0.257 → merge3
[16/100] bcspwr09         n=1723   m3=0.109 hash=0.214 → merge3
[17/100] bcspwr10         n=5300   m3=0.158 hash=0.228 → merge3
[18/100] bcsstk01         n=48     m3=0.088 hash=0.204 → merge3
[19/100] bcsstk02         n=66     m3=0.107 hash=0.218 → merge3
[20/100] bcsstk03         n=112    m3=0.085 hash=0.165 → merge3
[21/100] bcsstk04         n=132    m3=0.142 hash=0.182 → merge3
[22/100] bcsstk05         n=153    m3=0.121 hash=0.168 → merge3
[23/100] bcsstk06         n=420    m3=0.132 hash=0.203 → merge3
[24/100] bcsstk07         n=420    m3=0.129 hash=0.185 → merge3
[25/100] bcsstk08         n=1074   m3=0.912 hash=0.467 → hash
[26/100] bcsstk09         n=1083   m3=0.156 hash=0.185 → merge3
[27/100] bcsstk10         n=1086   m3=0.162 hash=0.196 → merge3
[28/100] bcsstk11         n=1473   m3=0.181 hash=0.203 → merge3
[29/100] bcsstk12         n=1473   m3=0.184 hash=0.195 → merge3
[30/100] bcsstk13         n=2003   m3=0.755 hash=0.646 → hash
[31/100] bcsstk14         n=1806   m3=0.342 hash=0.366 → merge3
[32/100] bcsstk15         n=3948   m3=0.504 hash=0.271 → hash
[33/100] bcsstk16         n=4884   m3=1.556 hash=0.465 → hash
[34/100] bcsstk17         n=10974  m3=1.541 hash=0.572 → hash
[35/100] bcsstk18         n=11948  m3=0.606 hash=0.374 → hash
[36/100] bcsstk19         n=817    m3=0.102 hash=0.186 → merge3
[37/100] bcsstk20         n=485    m3=0.096 hash=0.183 → merge3
[38/100] bcsstk21         n=3600   m3=0.155 hash=0.200 → merge3
[39/100] bcsstk22         n=138    m3=0.091 hash=0.170 → merge3
[40/100] bcsstk23         n=3134   m3=0.249 hash=0.258 → merge3
[41/100] bcsstk24         n=3562   m3=0.534 hash=0.298 → hash
[42/100] bcsstk25         n=15439  m3=0.930 hash=0.420 → hash
[43/100] bcsstk26         n=1922   m3=0.168 hash=0.212 → merge3
[44/100] bcsstk27         n=1224   m3=0.338 hash=0.355 → merge3
[45/100] bcsstk28         n=4410   m3=0.811 hash=0.389 → hash
[46/100] bcsstk29         n=13992  m3=1.749 hash=0.699 → hash
[47/100] bcsstk30         n=28924  m3=15.697 hash=2.494 → hash
[48/100] bcsstk31         n=35588  m3=4.109 hash=1.192 → hash
[49/100] bcsstk32         n=44609  m3=6.856 hash=1.765 → hash
[50/100] bcsstk33         n=8738   m3=3.662 hash=0.808 → hash
[51/100] bcsstm01         n=48     m3=0.076 hash=0.136 → merge3
[52/100] bcsstm02         n=66     m3=0.102 hash=0.162 → merge3
[53/100] bcsstm03         n=112    m3=0.085 hash=0.148 → merge3
[54/100] bcsstm04         n=132    m3=0.082 hash=0.138 → merge3
[55/100] bcsstm05         n=153    m3=0.104 hash=0.145 → merge3
[56/100] bcsstm06         n=420    m3=0.081 hash=0.146 → merge3
[57/100] bcsstm07         n=420    m3=0.127 hash=0.192 → merge3
[58/100] bcsstm08         n=1074   m3=0.086 hash=0.164 → merge3
[59/100] bcsstm09         n=1083   m3=0.085 hash=0.153 → merge3
[60/100] bcsstm10         n=1086   m3=0.164 hash=0.181 → merge3
[61/100] bcsstm11         n=1473   m3=0.084 hash=0.177 → merge3
[62/100] bcsstm12         n=1473   m3=0.150 hash=0.193 → merge3
[63/100] bcsstm13         n=2003   m3=0.334 hash=0.307 → hash
[64/100] bcsstm19         n=817    m3=0.090 hash=0.148 → merge3
[65/100] bcsstm20         n=485    m3=0.103 hash=0.147 → merge3
[66/100] bcsstm21         n=3600   m3=0.100 hash=0.190 → merge3
[67/100] bcsstm22         n=138    m3=0.087 hash=0.148 → merge3
[68/100] bcsstm23         n=3134   m3=0.105 hash=0.168 → merge3
[69/100] bcsstm24         n=3562   m3=0.099 hash=0.169 → merge3
[70/100] bcsstm25         n=15439  m3=0.189 hash=0.268 → merge3
[71/100] bcsstm26         n=1922   m3=0.090 hash=0.165 → merge3
[72/100] bcsstm27         n=1224   m3=0.345 hash=0.357 → merge3
[73/100] blckhole         n=2132   m3=0.153 hash=0.215 → merge3
[74/100] bp_0             n=822    m3=0.542 hash=0.275 → hash
[75/100] bp_1000          n=822    m3=0.626 hash=0.323 → hash
[76/100] bp_1200          n=822    m3=0.608 hash=0.324 → hash
[77/100] bp_1400          n=822    m3=0.594 hash=0.328 → hash
[78/100] bp_1600          n=822    m3=0.592 hash=0.331 → hash
[79/100] bp_200           n=822    m3=0.567 hash=0.280 → hash
[80/100] bp_400           n=822    m3=0.618 hash=0.306 → hash
[81/100] bp_600           n=822    m3=0.627 hash=0.299 → hash
[82/100] bp_800           n=822    m3=0.632 hash=0.309 → hash
[83/100] can_1054         n=1054   m3=0.156 hash=0.191 → merge3
[84/100] can_1072         n=1072   m3=0.162 hash=0.207 → merge3
[85/100] can_144          n=144    m3=0.100 hash=0.166 → merge3
[86/100] can_161          n=161    m3=0.104 hash=0.165 → merge3
[87/100] can_187          n=187    m3=0.090 hash=0.175 → merge3
[88/100] can_229          n=229    m3=0.125 hash=0.206 → merge3
[89/100] can_24           n=24     m3=0.080 hash=0.170 → merge3
[90/100] can_256          n=256    m3=0.190 hash=0.232 → merge3
[91/100] can_268          n=268    m3=0.131 hash=0.174 → merge3
[92/100] can_292          n=292    m3=0.123 hash=0.183 → merge3
[93/100] can_445          n=445    m3=0.107 hash=0.163 → merge3
[94/100] can_61           n=61     m3=0.091 hash=0.170 → merge3
[95/100] can_62           n=62     m3=0.100 hash=0.167 → merge3
[96/100] can_634          n=634    m3=0.130 hash=0.196 → merge3
[97/100] can_715          n=715    m3=0.344 hash=0.215 → hash
[98/100] can_73           n=73     m3=0.092 hash=0.170 → merge3
[99/100] can_838          n=838    m3=0.136 hash=0.178 → merge3
[100/100] can_96           n=96     m3=0.102 hash=0.140 → merge3

Saved: compare/hash_vs_merge/hash_vs_merge.csv
hash wins: 25/100, merge3 wins: 75/100
Chart saved: compare/hash_vs_merge/hash_vs_merge.png

Dispatcher model:
  log(hash/merge3) = -0.1403 × log(flop_proxy) + 1.6721
  Crossover (ratio=1): flop_proxy ≈ 1.50e+05
  R² = 0.4995
Chart saved: compare/hash_vs_merge/dispatcher_decision.png

============================================================
PERFORMANCE MODELS (H100 PCIe)
============================================================

hash: T(ms) = 4.58e-02 × flop_proxy^0.107 × n^0.068
  R² = 0.6432

merge3: T(ms) = 7.29e-03 × flop_proxy^0.212 × n^0.152
  R² = 0.6190

Model saved: compare/hash_vs_merge/dispatcher_model.txt
