matrix                        hash    merge3     Ocean |  m3/Oce hash/Oce  m3/hash  cnnz
band_n2000_x16                0.21      0.18      0.36 |    0.50     0.58     0.86  106724
band_n8000_x16                0.30      0.32      0.43 |    0.75     0.71     1.06  429600
band_n2000_x128               0.37      1.73      0.59 |    2.94     0.63     4.68  941258
band_n32000_x16               0.44      0.90      0.48 |    1.88     0.92     2.05  1724036
band_n8000_x128               1.46      5.37      1.06 |    5.08     1.38     3.69  3953290
band_n2000_x1024              3.83     54.17      4.13 |   13.13     0.93    14.16  4000000
band_n128000_x16              1.42      3.36      0.74 |    4.51     1.91     2.36  6889856
band_n32000_x128              4.89     19.45      2.61 |    7.44     1.87     3.98  16002512
band_n8000_x1024             22.62      6.42     20.64 |    0.31     1.10     0.28  28514400
band_n512000_x16              4.44     13.35      1.86 |    7.17     2.38     3.01  27578078
band_n128000_x128            61.41    171.08     45.74 |    3.74     1.34     2.79  64200302
band_n1500000_x16            42.44     86.38     38.33 |    2.25     1.11     2.04  80797144
band_n32000_x1024           163.28     23.66     91.45 |    0.26     1.79     0.14  126579084

merge3/Ocean 可比 13/13:
  band_n32000_x1024            23.66 vs     91.45 =   0.26×  ★ merge3 胜 Ocean
  band_n8000_x1024              6.42 vs     20.64 =   0.31×  ★ merge3 胜 Ocean
  band_n2000_x16                0.18 vs      0.36 =   0.50×  ★ merge3 胜 Ocean
  band_n8000_x16                0.32 vs      0.43 =   0.75×  ★ merge3 胜 Ocean
  band_n32000_x16               0.90 vs      0.48 =   1.88×  
  band_n1500000_x16            86.38 vs     38.33 =   2.25×  
  band_n2000_x128               1.73 vs      0.59 =   2.94×  
  band_n128000_x128           171.08 vs     45.74 =   3.74×  
  band_n128000_x16              3.36 vs      0.74 =   4.51×  
  band_n8000_x128               5.37 vs      1.06 =   5.08×  
  band_n512000_x16             13.35 vs      1.86 =   7.17×  
  band_n32000_x128             19.45 vs      2.61 =   7.44×  
  band_n2000_x1024             54.17 vs      4.13 =  13.13×  
